Archive member included to satisfy reference by file (symbol)

c:/mchatoolchainwindows/toolchain/gcc-arm-none-eabi/bin/../lib/gcc/arm-none-eabi/11.2.1/thumb/v7e-m+fp/hard\libm.a(lib_a-s_fmax.o)
                              build/mod_dcm_driver.o (fmax)
c:/mchatoolchainwindows/toolchain/gcc-arm-none-eabi/bin/../lib/gcc/arm-none-eabi/11.2.1/thumb/v7e-m+fp/hard\libm.a(lib_a-s_fmin.o)
                              build/mod_dcm_driver.o (fmin)
c:/mchatoolchainwindows/toolchain/gcc-arm-none-eabi/bin/../lib/gcc/arm-none-eabi/11.2.1/thumb/v7e-m+fp/hard\libm.a(lib_a-s_fpclassify.o)
                              c:/mchatoolchainwindows/toolchain/gcc-arm-none-eabi/bin/../lib/gcc/arm-none-eabi/11.2.1/thumb/v7e-m+fp/hard\libm.a(lib_a-s_fmax.o) (__fpclassifyd)
c:/mchatoolchainwindows/toolchain/gcc-arm-none-eabi/bin/../lib/gcc/arm-none-eabi/11.2.1/thumb/v7e-m+fp/hard\libm.a(lib_a-sf_sin.o)
                              build/mod_data_logger.o (sinf)
c:/mchatoolchainwindows/toolchain/gcc-arm-none-eabi/bin/../lib/gcc/arm-none-eabi/11.2.1/thumb/v7e-m+fp/hard\libm.a(lib_a-w_atan2.o)
                              build/mod_mpu6050.o (atan2)
c:/mchatoolchainwindows/toolchain/gcc-arm-none-eabi/bin/../lib/gcc/arm-none-eabi/11.2.1/thumb/v7e-m+fp/hard\libm.a(lib_a-w_sqrt.o)
                              build/mod_mpu6050.o (sqrt)
c:/mchatoolchainwindows/toolchain/gcc-arm-none-eabi/bin/../lib/gcc/arm-none-eabi/11.2.1/thumb/v7e-m+fp/hard\libm.a(lib_a-e_atan2.o)
                              c:/mchatoolchainwindows/toolchain/gcc-arm-none-eabi/bin/../lib/gcc/arm-none-eabi/11.2.1/thumb/v7e-m+fp/hard\libm.a(lib_a-w_atan2.o) (__ieee754_atan2)
c:/mchatoolchainwindows/toolchain/gcc-arm-none-eabi/bin/../lib/gcc/arm-none-eabi/11.2.1/thumb/v7e-m+fp/hard\libm.a(lib_a-ef_rem_pio2.o)
                              c:/mchatoolchainwindows/toolchain/gcc-arm-none-eabi/bin/../lib/gcc/arm-none-eabi/11.2.1/thumb/v7e-m+fp/hard\libm.a(lib_a-sf_sin.o) (__ieee754_rem_pio2f)
c:/mchatoolchainwindows/toolchain/gcc-arm-none-eabi/bin/../lib/gcc/arm-none-eabi/11.2.1/thumb/v7e-m+fp/hard\libm.a(lib_a-e_sqrt.o)
                              c:/mchatoolchainwindows/toolchain/gcc-arm-none-eabi/bin/../lib/gcc/arm-none-eabi/11.2.1/thumb/v7e-m+fp/hard\libm.a(lib_a-w_sqrt.o) (__ieee754_sqrt)
c:/mchatoolchainwindows/toolchain/gcc-arm-none-eabi/bin/../lib/gcc/arm-none-eabi/11.2.1/thumb/v7e-m+fp/hard\libm.a(lib_a-kf_cos.o)
                              c:/mchatoolchainwindows/toolchain/gcc-arm-none-eabi/bin/../lib/gcc/arm-none-eabi/11.2.1/thumb/v7e-m+fp/hard\libm.a(lib_a-sf_sin.o) (__kernel_cosf)
c:/mchatoolchainwindows/toolchain/gcc-arm-none-eabi/bin/../lib/gcc/arm-none-eabi/11.2.1/thumb/v7e-m+fp/hard\libm.a(lib_a-kf_rem_pio2.o)
                              c:/mchatoolchainwindows/toolchain/gcc-arm-none-eabi/bin/../lib/gcc/arm-none-eabi/11.2.1/thumb/v7e-m+fp/hard\libm.a(lib_a-ef_rem_pio2.o) (__kernel_rem_pio2f)
c:/mchatoolchainwindows/toolchain/gcc-arm-none-eabi/bin/../lib/gcc/arm-none-eabi/11.2.1/thumb/v7e-m+fp/hard\libm.a(lib_a-kf_sin.o)
                              c:/mchatoolchainwindows/toolchain/gcc-arm-none-eabi/bin/../lib/gcc/arm-none-eabi/11.2.1/thumb/v7e-m+fp/hard\libm.a(lib_a-sf_sin.o) (__kernel_sinf)
c:/mchatoolchainwindows/toolchain/gcc-arm-none-eabi/bin/../lib/gcc/arm-none-eabi/11.2.1/thumb/v7e-m+fp/hard\libm.a(lib_a-s_atan.o)
                              c:/mchatoolchainwindows/toolchain/gcc-arm-none-eabi/bin/../lib/gcc/arm-none-eabi/11.2.1/thumb/v7e-m+fp/hard\libm.a(lib_a-e_atan2.o) (atan)
c:/mchatoolchainwindows/toolchain/gcc-arm-none-eabi/bin/../lib/gcc/arm-none-eabi/11.2.1/thumb/v7e-m+fp/hard\libm.a(lib_a-s_fabs.o)
                              c:/mchatoolchainwindows/toolchain/gcc-arm-none-eabi/bin/../lib/gcc/arm-none-eabi/11.2.1/thumb/v7e-m+fp/hard\libm.a(lib_a-e_atan2.o) (fabs)
c:/mchatoolchainwindows/toolchain/gcc-arm-none-eabi/bin/../lib/gcc/arm-none-eabi/11.2.1/thumb/v7e-m+fp/hard\libm.a(lib_a-sf_fabs.o)
                              c:/mchatoolchainwindows/toolchain/gcc-arm-none-eabi/bin/../lib/gcc/arm-none-eabi/11.2.1/thumb/v7e-m+fp/hard\libm.a(lib_a-ef_rem_pio2.o) (fabsf)
c:/mchatoolchainwindows/toolchain/gcc-arm-none-eabi/bin/../lib/gcc/arm-none-eabi/11.2.1/thumb/v7e-m+fp/hard\libm.a(lib_a-sf_floor.o)
                              c:/mchatoolchainwindows/toolchain/gcc-arm-none-eabi/bin/../lib/gcc/arm-none-eabi/11.2.1/thumb/v7e-m+fp/hard\libm.a(lib_a-kf_rem_pio2.o) (floorf)
c:/mchatoolchainwindows/toolchain/gcc-arm-none-eabi/bin/../lib/gcc/arm-none-eabi/11.2.1/thumb/v7e-m+fp/hard\libm.a(lib_a-sf_scalbn.o)
                              c:/mchatoolchainwindows/toolchain/gcc-arm-none-eabi/bin/../lib/gcc/arm-none-eabi/11.2.1/thumb/v7e-m+fp/hard\libm.a(lib_a-kf_rem_pio2.o) (scalbnf)
c:/mchatoolchainwindows/toolchain/gcc-arm-none-eabi/bin/../lib/gcc/arm-none-eabi/11.2.1/thumb/v7e-m+fp/hard\libgcc.a(_arm_muldf3.o)
                              build/mod_manager.o (__aeabi_dmul)
[...]
Memory Configuration

Name             Origin             Length             Attributes
FLASH            0x08000000         0x00080000         xr
RAM              0x20000000         0x00020000         xrw
*default*        0x00000000         0xffffffff

Linker script and memory map

LOAD c:/mchatoolchainwindows/toolchain/gcc-arm-none-eabi/bin/../lib/gcc/arm-none-eabi/11.2.1/thumb/v7e-m+fp/hard/crti.o
LOAD c:/mchatoolchainwindows/toolchain/gcc-arm-none-eabi/bin/../lib/gcc/arm-none-eabi/11.2.1/thumb/v7e-m+fp/hard/crtbegin.o
LOAD c:/mchatoolchainwindows/toolchain/gcc-arm-none-eabi/bin/../lib/gcc/arm-none-eabi/11.2.1/thumb/v7e-m+fp/hard/crt0.o
LOAD build/cmd_line_buffer.o
LOAD build/cmd_parser.o
LOAD build/heartbeat_task.o
LOAD build/stm32f4xx_hal_msp.o
LOAD build/mod_dcm_driver.o
LOAD build/mod_mpu6050.o
LOAD build/mod_PID_control.o
LOAD build/mod_LQR_control.o
LOAD build/mod_MPC_control.o
LOAD build/mod_manager.o
LOAD build/mod_data_logger.o
LOAD build/mod_adc.o
LOAD build/mod_enc.o
LOAD build/main.o
LOAD build/stm32f4xx_it.o
LOAD build/system_stm32f4xx.o
LOAD build/uart.o
LOAD build/uart_bt.o
LOAD build/cmd_task.o
LOAD build/startup_stm32f446xx.o
LOAD build/stm32f4_HAL/stm32f4xx_hal.o
LOAD build/stm32f4_HAL/stm32f4xx_hal_dma.o
LOAD build/stm32f4_HAL/stm32f4xx_hal_adc.o
LOAD build/stm32f4_HAL/stm32f4xx_hal_adc_ex.o
LOAD build/stm32f4_HAL/stm32f4xx_hal_gpio.o
LOAD build/stm32f4_HAL/stm32f4xx_ll_gpio.o
LOAD build/stm32f4_HAL/stm32f4xx_ll_usart.o
LOAD build/stm32f4_HAL/stm32f4xx_ll_dma.o
LOAD build/stm32f4_HAL/stm32f4xx_ll_rcc.o
LOAD build/stm32f4_HAL/stm32f4xx_hal_i2c.o
LOAD build/stm32f4_HAL/stm32f4xx_hal_i2c_ex.o
LOAD build/stm32f4_HAL/stm32f4xx_hal_tim.o
LOAD build/stm32f4_HAL/stm32f4xx_hal_tim_ex.o
LOAD build/stm32f4_HAL/stm32f4xx_hal_rtc.o
LOAD build/stm32f4_HAL/stm32f4xx_hal_rcc.o
LOAD build/stm32f4_HAL/stm32f4xx_hal_rcc_ex.o
LOAD build/stm32f4_HAL/stm32f4xx_hal_pwr.o
LOAD build/stm32f4_HAL/stm32f4xx_hal_pwr_ex.o
LOAD build/stm32f4_HAL/stm32f4xx_hal_cortex.o
LOAD build/stm32f4_HAL/stm32f4xx_hal_spi.o
LOAD build/FreeRTOS/croutine.o
LOAD build/FreeRTOS/event_groups.o
LOAD build/FreeRTOS/list.o
LOAD build/FreeRTOS/queue.o
LOAD build/FreeRTOS/tasks.o
LOAD build/FreeRTOS/timers.o
LOAD build/FreeRTOS/stream_buffer.o
LOAD build/FreeRTOS/cmsis_os2.o
LOAD build/FreeRTOS/clib_arm.o
LOAD build/FreeRTOS/os_systick.o
LOAD build/FreeRTOS/heap_useNewlib.o
LOAD build/FreeRTOS/port.o
LOAD c:/mchatoolchainwindows/toolchain/gcc-arm-none-eabi/bin/../lib/gcc/arm-none-eabi/11.2.1/thumb/v7e-m+fp/hard\libm.a
LOAD ../libraries/STM32Cube_F4_FW/Drivers/CMSIS/Lib/GCC/libarm_cortexM4lf_math.a
START GROUP
LOAD c:/mchatoolchainwindows/toolchain/gcc-arm-none-eabi/bin/../lib/gcc/arm-none-eabi/11.2.1/thumb/v7e-m+fp/hard\libgcc.a
LOAD c:/mchatoolchainwindows/toolchain/gcc-arm-none-eabi/bin/../lib/gcc/arm-none-eabi/11.2.1/thumb/v7e-m+fp/hard\libc_nano.a
END GROUP
START GROUP
LOAD c:/mchatoolchainwindows/toolchain/gcc-arm-none-eabi/bin/../lib/gcc/arm-none-eabi/11.2.1/thumb/v7e-m+fp/hard\libgcc.a
LOAD c:/mchatoolchainwindows/toolchain/gcc-arm-none-eabi/bin/../lib/gcc/arm-none-eabi/11.2.1/thumb/v7e-m+fp/hard\libc_nano.a
LOAD c:/mchatoolchainwindows/toolchain/gcc-arm-none-eabi/bin/../lib/gcc/arm-none-eabi/11.2.1/thumb/v7e-m+fp/hard\libnosys.a
END GROUP
START GROUP
LOAD c:/mchatoolchainwindows/toolchain/gcc-arm-none-eabi/bin/../lib/gcc/arm-none-eabi/11.2.1/thumb/v7e-m+fp/hard\libgcc.a
LOAD c:/mchatoolchainwindows/toolchain/gcc-arm-none-eabi/bin/../lib/gcc/arm-none-eabi/11.2.1/thumb/v7e-m+fp/hard\libc_nano.a
LOAD c:/mchatoolchainwindows/toolchain/gcc-arm-none-eabi/bin/../lib/gcc/arm-none-eabi/11.2.1/thumb/v7e-m+fp/hard\libnosys.a
END GROUP
LOAD c:/mchatoolchainwindows/toolchain/gcc-arm-none-eabi/bin/../lib/gcc/arm-none-eabi/11.2.1/thumb/v7e-m+fp/hard/crtend.o
LOAD c:/mchatoolchainwindows/toolchain/gcc-arm-none-eabi/bin/../lib/gcc/arm-none-eabi/11.2.1/thumb/v7e-m+fp/hard/crtn.o
                0x20020000                _estack = 0x20020000
                0x00008000                _Min_Heap_Size = 0x8000
                0x00002000                _Min_Stack_Size = 0x2000

.isr_vector     0x08000000      0x1c4
                0x08000000                . = ALIGN (0x4)
 *(.isr_vector)
 .isr_vector    0x08000000      0x1c4 build/startup_stm32f446xx.o
                0x08000000                g_pfnVectors
                0x080001c4                . = ALIGN (0x4)

.text           0x080001d0    0x19ac8
                0x080001d0                . = ALIGN (0x4)
 *(.text)
 .text          0x080001d0        0x0 c:/mchatoolchainwindows/toolchain/gcc-arm-none-eabi/bin/../lib/gcc/arm-none-eabi/11.2.1/thumb/v7e-m+fp/hard/crti.o
 .text          0x080001d0        0x0 c:/mchatoolchainwindows/toolchain/gcc-arm-none-eabi/bin/../lib/gcc/arm-none-eabi/11.2.1/thumb/v7e-m+fp/hard/crtbegin.o
 .text          0x080001d0       0x7c c:/mchatoolchainwindows/toolchain/gcc-arm-none-eabi/bin/../lib/gcc/arm-none-eabi/11.2.1/thumb/v7e-m+fp/hard/crt0.o
                0x080001d0                _stack_init
                0x080001d8                _start
                0x080001d8                _mainCRTStartup
 .text          0x0800024c      0x104 build/cmd_line_buffer.o
                0x0800024c                clb_init
                0x08000256                clb_is_empty
                0x08000260                clb_is_full
                0x0800026e                clb_delc
                0x08000278                clb_is_cmd_ready
                0x08000290                clb_putc
                0x080002b0                clb_consume_char
                0x080002d8                clb_consume_str
                0x080002f2                clb_gets_at
                0x0800030a                clb_gets
                0x08000310                clb_process
 .text          0x08000350      0x5ec build/cmd_parser.o
                0x08000896                cmd_parse
 .text          0x0800093c      0x130 build/heartbeat_task.o
                0x080009a8                heartbeat_task_start
                0x080009c8                heartbeat_task_init
                0x08000a30                heartbeat_task_stop
                0x08000a4c                heartbeat_task_is_running
                0x08000a58                heartbeat_task_deinit
 .text          0x08000a6c      0x198 build/stm32f4xx_hal_msp.o
                0x08000a6c                HAL_TIM_PWM_MspInit
                0x08000b3c                HAL_ADC_MspInit
                0x08000bf8                DMA2_Stream0_IRQHandler
 *fill*         0x08000c04        0x4 
 .text          0x08000c08      0x4e8 build/mod_dcm_driver.o
                0x08000c08                left_forward
                0x08000c2c                left_reverse
                0x08000c50                left_halt
                0x08000c74                right_forward
                0x08000c98                right_reverse
                0x08000cbc                right_halt
                0x08000ce0                mod_dcm_set_PWM
                0x08000dfc                mod_dcm_set_voltage
                0x08000e48                mod_dcm_set_voltageLeft
                0x08000f14                mod_dcm_set_voltage_log
                0x08000f18                mod_dcm_set_voltageRight
                0x08000fec                mod_dcm_configure_hardware
 .text          0x080010f0      0x62c build/mod_mpu6050.o
                0x080010f0                mod_mpu_get_pitch
                0x080010fc                mod_mpu_get_rps
                0x08001108                mod_mpu_update_pitch
                0x08001184                mod_mpu_update_rps
                0x080011a8                mod_mpu_update_kalman
                0x08001434                mod_mpu_get_states
                0x08001448                mod_mpu_read_raw_accel
                0x08001490                mod_mpu_read_raw_gyro
                0x080014d8                mod_mpu_update
                0x08001548                mod_mpu_task
                0x080015a4                mod_mpu_configure_hardware
                0x080016b0                mod_mpu_init
                0x080016e0                mod_mpu_start
                0x08001700                mod_mpu_stop
 *fill*         0x0800171c        0x4 
 .text          0x08001720       0xd4 build/mod_PID_control.o
                0x08001720                mod_PID_compute_control
                0x08001760                mod_PID_run
 .text          0x080017f4       0xe4 build/mod_LQR_control.o
                0x080017f4                mod_LQR_set_states
                0x0800180c                mod_LQR_set_x1
                0x08001818                mod_LQR_set_x2
                0x08001824                mod_LQR_set_x3
                0x08001830                mod_LQR_set_x4
                0x0800183c                mod_LQR_set_y_ref
                0x08001848                mod_LQR_update
                0x080018cc                mod_LQR_get_control
 .text          0x080018d8        0x0 build/mod_MPC_control.o
 .text          0x080018d8      0x2e0 build/mod_manager.o
                0x080018d8                mod_manager_task
                0x080018e4                mod_manager_PID
                0x080018fa                mod_manager_MPC
                0x08001904                mod_manager_LQR
                0x08001b14                mod_manager_init
                0x08001b54                mod_manager_start
                0x08001b9c                mod_manager_stop
 .text          0x08001bb8      0x4a0 build/mod_data_logger.o
                0x08001bb8                mod_log_task
                0x08001bc4                mod_log_init
                0x08001bec                mod_log_start
                0x08001c58                mod_log_stop
                0x08001c70                log_imu
                0x08001d34                log_inertia
                0x08001dec                log_motor
                0x08001f3c                log_motor_freewheel
 .text          0x08002058      0x12c build/mod_adc.o
                0x08002058                mod_adc_update_readings
                0x0800209c                mod_adc_get_voltageA
                0x080020c8                mod_adc_get_voltageB
                0x080020f4                mod_adc_configure_hardware
                0x08002180                HAL_ADC_ConvCpltCallback
 .text          0x08002184      0x1c0 build/mod_enc.o
                0x08002184                mod_enc_get_countA
                0x08002190                mod_enc_get_countB
                0x0800219c                mod_enc_reset_countA
                0x080021a8                mod_enc_reset_countB
                0x080021b4                mod_enc_configure_hardware
                0x08002264                handle_encoderA_interrupt
                0x080022b4                EXTI4_IRQHandler
                0x080022c4                EXTI9_5_IRQHandler
                0x080022d4                handle_encoderB_interrupt
                0x08002324                EXTI0_IRQHandler
                0x08002334                EXTI1_IRQHandler
 .text          0x08002344        0x0 build/main.o
 .text          0x08002344        0xc build/stm32f4xx_it.o
                0x08002344                NMI_Handler
                0x08002346                HardFault_Handler
                0x08002348                MemManage_Handler
                0x0800234a                BusFault_Handler
                0x0800234c                UsageFault_Handler
                0x0800234e                DebugMon_Handler
 .text          0x08002350       0xb8 build/system_stm32f4xx.o
                0x08002350                SystemInit
                0x0800239c                SystemCoreClockUpdate
 .text          0x08002408      0x47c build/uart.o
                0x08002408                uart_init
                0x080026d8                __wrap_printf
                0x08002710                __io_putchar
                0x08002740                __io_getchar
                0x0800275c                _write
                0x0800277a                _read
                0x0800278e                _uart_rxne_isr
                0x080027b8                _uart_txe_isr
                0x080027f0                _uart_error
                0x08002848                USART2_IRQHandler
 .text          0x08002884      0x400 build/uart_bt.o
                0x08002884                uart_bt_init
                0x08002b5c                __wrap_printf_bt
                0x08002b94                _uart_bt_rxne_isr
                0x08002bbc                _uart_bt_txe_isr
                0x08002bf4                _uart_bt_error
                0x08002c4c                USART1_IRQHandler
 .text          0x08002c84       0x44 build/cmd_task.o
                0x08002c9c                cmd_task_init
 .text          0x08002cc8       0x14 build/startup_stm32f446xx.o
 .text          0x08002cdc      0x210 build/stm32f4_HAL/stm32f4xx_hal.o
                0x08002cdc                HAL_MspInit
                0x08002cde                HAL_MspDeInit
                0x08002ce0                HAL_DeInit
                0x08002d0c                HAL_InitTick
                0x08002d50                HAL_Init
                0x08002d84                HAL_IncTick
                0x08002d9c                HAL_GetTick
                0x08002da8                HAL_GetTickPrio
                0x08002db4                HAL_SetTickFreq
                0x08002dd4                HAL_GetTickFreq
                0x08002de0                HAL_Delay
                0x08002e08                HAL_SuspendTick
                0x08002e16                HAL_ResumeTick
                0x08002e24                HAL_GetHalVersion
                0x08002e2c                HAL_GetREVID
                0x08002e38                HAL_GetDEVID
                0x08002e48                HAL_DBGMCU_EnableDBGSleepMode
                0x08002e58                HAL_DBGMCU_DisableDBGSleepMode
                0x08002e68                HAL_DBGMCU_EnableDBGStopMode
                0x08002e78                HAL_DBGMCU_DisableDBGStopMode
                0x08002e88                HAL_DBGMCU_EnableDBGStandbyMode
                0x08002e98                HAL_DBGMCU_DisableDBGStandbyMode
                0x08002ea8                HAL_EnableCompensationCell
                0x08002eb8                HAL_DisableCompensationCell
                0x08002ec8                HAL_GetUIDw0
                0x08002ed4                HAL_GetUIDw1
                0x08002ee0                HAL_GetUIDw2
 .text          0x08002eec      0x62c build/stm32f4_HAL/stm32f4xx_hal_dma.o
                0x08002f18                HAL_DMA_Init
                0x08003014                HAL_DMA_DeInit
                0x08003068                HAL_DMA_Start
                0x080030bc                HAL_DMA_Start_IT
                0x08003130                HAL_DMA_Abort
                0x080031b8                HAL_DMA_Abort_IT
                0x080031dc                HAL_DMA_PollForTransfer
                0x080032ea                HAL_DMA_IRQHandler
                0x08003464                HAL_DMA_RegisterCallback
                0x080034ac                HAL_DMA_UnRegisterCallback
                0x0800350e                HAL_DMA_GetState
                0x08003514                HAL_DMA_GetError
 .text          0x08003518      0x9c4 build/stm32f4_HAL/stm32f4xx_hal_adc.o
                0x0800351a                HAL_ADC_Init
                0x08003668                HAL_ADC_MspDeInit
                0x0800366a                HAL_ADC_DeInit
                0x0800369e                HAL_ADC_Start
                0x08003788                HAL_ADC_Stop
                0x080037be                HAL_ADC_PollForConversion
                0x0800385c                HAL_ADC_PollForEvent
                0x080038c2                HAL_ADC_Start_IT
                0x080039b8                HAL_ADC_Stop_IT
                0x08003a00                HAL_ADC_Start_DMA
                0x08003b24                HAL_ADC_Stop_DMA
                0x08003b7e                HAL_ADC_GetValue
                0x08003b86                HAL_ADC_ConvHalfCpltCallback
                0x08003b92                HAL_ADC_LevelOutOfWindowCallback
                0x08003b94                HAL_ADC_ErrorCallback
                0x08003b96                HAL_ADC_IRQHandler
                0x08003d40                HAL_ADC_ConfigChannel
                0x08003e74                HAL_ADC_AnalogWDGConfig
                0x08003ed4                HAL_ADC_GetState
                0x08003ed8                HAL_ADC_GetError
 .text          0x08003edc      0x6b0 build/stm32f4_HAL/stm32f4xx_hal_adc_ex.o
                0x08003f4c                HAL_ADCEx_InjectedStart
                0x08004000                HAL_ADCEx_InjectedStart_IT
                0x080040bc                HAL_ADCEx_InjectedStop
                0x08004116                HAL_ADCEx_InjectedPollForConversion
                0x0800419e                HAL_ADCEx_InjectedStop_IT
                0x08004200                HAL_ADCEx_InjectedGetValue
                0x08004232                HAL_ADCEx_MultiModeStart_DMA
                0x0800432c                HAL_ADCEx_MultiModeStop_DMA
                0x0800438c                HAL_ADCEx_MultiModeGetValue
                0x08004398                HAL_ADCEx_InjectedConvCpltCallback
                0x0800439a                HAL_ADCEx_InjectedConfigChannel
                0x0800453c                HAL_ADCEx_MultiModeConfigChannel
 .text          0x0800458c      0x33c build/stm32f4_HAL/stm32f4xx_hal_gpio.o
                0x0800458c                HAL_GPIO_Init
                0x08004748                HAL_GPIO_DeInit
                0x08004860                HAL_GPIO_ReadPin
                0x0800486c                HAL_GPIO_WritePin
                0x08004876                HAL_GPIO_TogglePin
                0x08004884                HAL_GPIO_LockPin
                0x080048ae                HAL_GPIO_EXTI_Callback
                0x080048b0                HAL_GPIO_EXTI_IRQHandler
 .text          0x080048c8      0x220 build/stm32f4_HAL/stm32f4xx_ll_gpio.o
                0x080048e8                LL_GPIO_DeInit
                0x08004994                LL_GPIO_Init
                0x08004ad0                LL_GPIO_StructInit
 .text          0x08004ae8      0x21c build/stm32f4_HAL/stm32f4xx_ll_usart.o
                0x08004ae8                LL_USART_DeInit
                0x08004ba8                LL_USART_Init
                0x08004ca4                LL_USART_StructInit
                0x08004cbc                LL_USART_ClockInit
                0x08004cf6                LL_USART_ClockStructInit
 .text          0x08004d04      0x22c build/stm32f4_HAL/stm32f4xx_ll_dma.o
                0x08004d04                LL_DMA_DeInit
                0x08004e88                LL_DMA_Init
                0x08004f0c                LL_DMA_StructInit
 .text          0x08004f30      0x60c build/stm32f4_HAL/stm32f4xx_ll_rcc.o
                0x08004f40                LL_RCC_DeInit
                0x08004ff0                LL_RCC_GetCECClockFreq
                0x0800501c                RCC_GetHCLKClockFreq
                0x08005034                RCC_GetPCLK1ClockFreq
                0x0800504c                RCC_GetPCLK2ClockFreq
                0x08005064                RCC_PLL_GetFreqDomain_SYS
                0x080050ac                RCC_GetSystemClockFreq
                0x080050dc                LL_RCC_GetSystemClocksFreq
                0x080050fe                LL_RCC_GetFMPI2CClockFreq
                0x08005150                RCC_PLL_GetFreqDomain_48M
                0x0800518c                RCC_PLL_GetFreqDomain_I2S
                0x080051c8                RCC_PLL_GetFreqDomain_SPDIFRX
                0x080051cc                RCC_PLL_GetFreqDomain_SAI
                0x080051d0                RCC_PLLSAI_GetFreqDomain_SAI
                0x08005220                RCC_PLLSAI_GetFreqDomain_48M
                0x08005264                LL_RCC_GetSDIOClockFreq
                0x080052ac                LL_RCC_GetUSBClockFreq
                0x080052e0                RCC_PLLI2S_GetFreqDomain_SAI
                0x08005330                LL_RCC_GetSAIClockFreq
                0x080053e8                RCC_PLLI2S_GetFreqDomain_SPDIFRX
                0x0800542c                LL_RCC_GetSPDIFRXClockFreq
                0x08005460                RCC_PLLI2S_GetFreqDomain_I2S
                0x080054a4                LL_RCC_GetI2SClockFreq
 .text          0x0800553c     0x3208 build/stm32f4_HAL/stm32f4xx_hal_i2c.o
                0x08005960                HAL_I2C_MspInit
                0x08005962                HAL_I2C_Init
                0x08005ab0                HAL_I2C_MspDeInit
                0x08005ab2                HAL_I2C_DeInit
                0x08005ae4                HAL_I2C_Master_Transmit
                0x08005c94                HAL_I2C_Master_Receive
                0x08005f74                HAL_I2C_Slave_Transmit
                0x080060d4                HAL_I2C_Slave_Receive
                0x08006250                HAL_I2C_Master_Transmit_IT
                0x08006300                HAL_I2C_Master_Receive_IT
                0x080063b8                HAL_I2C_Slave_Transmit_IT
                0x08006428                HAL_I2C_Slave_Receive_IT
                0x08006498                HAL_I2C_Master_Transmit_DMA
                0x080065c4                HAL_I2C_Master_Receive_DMA
                0x080066ec                HAL_I2C_Slave_Transmit_DMA
                0x080067ac                HAL_I2C_Slave_Receive_DMA
                0x0800686c                HAL_I2C_Mem_Write
                0x0800698c                HAL_I2C_Mem_Read
                0x08006b9c                HAL_I2C_Mem_Write_IT
                0x08006c58                HAL_I2C_Mem_Read_IT
                0x08006d24                HAL_I2C_Mem_Write_DMA
                0x08006e78                HAL_I2C_Mem_Read_DMA
                0x08007004                HAL_I2C_IsDeviceReady
                0x08007164                HAL_I2C_Master_Seq_Transmit_IT
                0x08007234                HAL_I2C_Master_Seq_Transmit_DMA
                0x080073ac                HAL_I2C_Master_Seq_Receive_IT
                0x080074b8                HAL_I2C_Master_Seq_Receive_DMA
                0x08007684                HAL_I2C_Slave_Seq_Transmit_IT
                0x080076fa                HAL_I2C_Slave_Seq_Transmit_DMA
                0x08007838                HAL_I2C_Slave_Seq_Receive_IT
                0x080078ae                HAL_I2C_Slave_Seq_Receive_DMA
                0x080079ec                HAL_I2C_EnableListen_IT
                0x08007a22                HAL_I2C_DisableListen_IT
                0x08007a60                HAL_I2C_MasterTxCpltCallback
                0x08007a62                HAL_I2C_MasterRxCpltCallback
                0x08007a64                HAL_I2C_SlaveTxCpltCallback
                0x08007a66                HAL_I2C_SlaveRxCpltCallback
                0x08007a68                HAL_I2C_AddrCallback
                0x08007a6a                HAL_I2C_ListenCpltCallback
                0x08007a6c                HAL_I2C_MemTxCpltCallback
                0x08007a6e                HAL_I2C_MemRxCpltCallback
                0x08007a70                HAL_I2C_ErrorCallback
                0x08007bbe                HAL_I2C_AbortCpltCallback
                0x08007d90                HAL_I2C_Master_Abort_IT
                0x08007ddc                HAL_I2C_EV_IRQHandler
                0x08008604                HAL_I2C_ER_IRQHandler
                0x08008734                HAL_I2C_GetState
                0x0800873a                HAL_I2C_GetMode
                0x08008740                HAL_I2C_GetError
 .text          0x08008744       0x7c build/stm32f4_HAL/stm32f4xx_hal_i2c_ex.o
                0x08008744                HAL_I2CEx_ConfigAnalogFilter
                0x08008782                HAL_I2CEx_ConfigDigitalFilter
 .text          0x080087c0     0x1db4 build/stm32f4_HAL/stm32f4xx_hal_tim.o
                0x080088dc                HAL_TIM_Base_MspInit
                0x080088de                HAL_TIM_Base_MspDeInit
                0x080088e0                HAL_TIM_Base_DeInit
                0x0800891a                HAL_TIM_Base_Start
                0x0800893e                HAL_TIM_Base_Stop
                0x0800896c                HAL_TIM_Base_Start_IT
                0x0800898c                HAL_TIM_Base_Stop_IT
                0x080089b6                HAL_TIM_Base_Start_DMA
                0x08008a20                HAL_TIM_Base_Stop_DMA
                0x08008a5c                HAL_TIM_OC_MspInit
                0x08008a5e                HAL_TIM_OC_MspDeInit
                0x08008a60                HAL_TIM_OC_DeInit
                0x08008a9c                HAL_TIM_PWM_MspDeInit
                0x08008a9e                HAL_TIM_PWM_DeInit
                0x08008ad8                HAL_TIM_IC_MspInit
                0x08008ada                HAL_TIM_IC_MspDeInit
                0x08008adc                HAL_TIM_IC_DeInit
                0x08008b16                HAL_TIM_OnePulse_MspInit
                0x08008b18                HAL_TIM_OnePulse_MspDeInit
                0x08008b1a                HAL_TIM_OnePulse_DeInit
                0x08008b54                HAL_TIM_OnePulse_Start
                0x08008b94                HAL_TIM_OnePulse_Stop
                0x08008bfc                HAL_TIM_OnePulse_Start_IT
                0x08008c4c                HAL_TIM_OnePulse_Stop_IT
                0x08008cc4                HAL_TIM_Encoder_MspInit
                0x08008cc6                HAL_TIM_Encoder_MspDeInit
                0x08008cc8                HAL_TIM_Encoder_DeInit
                0x08008d02                HAL_TIM_Encoder_Start
                0x08008d46                HAL_TIM_Encoder_Stop
                0x08008d8e                HAL_TIM_Encoder_Start_IT
                0x08008dfc                HAL_TIM_Encoder_Stop_IT
                0x08008e70                HAL_TIM_Encoder_Start_DMA
                0x08008fb4                HAL_TIM_Encoder_Stop_DMA
                0x08009046                HAL_TIM_DMABurst_WriteStart
                0x08009124                HAL_TIM_DMABurst_WriteStop
                0x08009188                HAL_TIM_DMABurst_ReadStart
                0x0800926c                HAL_TIM_DMABurst_ReadStop
                0x08009270                HAL_TIM_GenerateEvent
                0x08009294                HAL_TIM_ConfigTI1Input
                0x080092a4                HAL_TIM_ReadCapturedValue
                0x080092d0                HAL_TIM_PeriodElapsedCallback
                0x080092e2                HAL_TIM_PeriodElapsedHalfCpltCallback
                0x080092f4                HAL_TIM_OC_DelayElapsedCallback
                0x080092f6                HAL_TIM_IC_CaptureCallback
                0x080092f8                TIM_DMACaptureCplt
                0x08009334                HAL_TIM_IC_CaptureHalfCpltCallback
                0x08009336                TIM_DMACaptureHalfCplt
                0x08009372                HAL_TIM_PWM_PulseFinishedCallback
                0x08009374                TIM_DMADelayPulseCplt
                0x080093b0                HAL_TIM_PWM_PulseFinishedHalfCpltCallback
                0x080093b2                TIM_DMADelayPulseHalfCplt
                0x080093ee                HAL_TIM_TriggerCallback
                0x080093f0                HAL_TIM_IRQHandler
                0x08009544                HAL_TIM_TriggerHalfCpltCallback
                0x08009556                HAL_TIM_ErrorCallback
                0x08009558                TIM_DMAError
                0x08009568                HAL_TIM_Base_GetState
                0x0800956e                HAL_TIM_OC_GetState
                0x08009574                HAL_TIM_PWM_GetState
                0x0800957a                HAL_TIM_IC_GetState
                0x08009580                HAL_TIM_OnePulse_GetState
                0x08009586                HAL_TIM_Encoder_GetState
                0x0800958c                TIM_Base_SetConfig
                0x08009658                HAL_TIM_Base_Init
                0x0800968c                HAL_TIM_OC_Init
                0x080096c0                HAL_TIM_PWM_Init
                0x080096f4                HAL_TIM_IC_Init
                0x08009728                HAL_TIM_OnePulse_Init
                0x0800976e                HAL_TIM_Encoder_Init
                0x08009802                TIM_OC2_SetConfig
                0x08009870                HAL_TIM_OC_ConfigChannel
                0x080098c2                HAL_TIM_PWM_ConfigChannel
                0x08009974                TIM_TI1_SetConfig
                0x080099e8                HAL_TIM_IC_ConfigChannel
                0x08009afa                HAL_TIM_OnePulse_ConfigChannel
                0x08009c00                TIM_ETR_SetConfig
                0x08009c14                HAL_TIM_ConfigOCrefClear
                0x08009cd8                HAL_TIM_ConfigClockSource
                0x08009ea0                HAL_TIM_SlaveConfigSynchro_IT
                0x08009eee                HAL_TIM_SlaveConfigSynchro
                0x08009f3c                TIM_CCxChannelCmd
                0x08009f58                HAL_TIM_OC_Start
                0x08009f94                HAL_TIM_PWM_Start
                0x08009f98                HAL_TIM_OC_Stop
                0x08009ff0                HAL_TIM_OC_Start_IT
                0x0800a05c                HAL_TIM_PWM_Start_IT
                0x0800a060                HAL_TIM_OC_Stop_IT
                0x0800a0ec                HAL_TIM_PWM_Stop_IT
                0x0800a0f0                HAL_TIM_OC_Start_DMA
                0x0800a1fc                HAL_TIM_PWM_Start_DMA
                0x0800a200                HAL_TIM_OC_Stop_DMA
                0x0800a2ac                HAL_TIM_PWM_Stop_DMA
                0x0800a2b0                HAL_TIM_PWM_Stop
                0x0800a310                HAL_TIM_IC_Start
                0x0800a330                HAL_TIM_IC_Stop
                0x0800a35a                HAL_TIM_IC_Start_IT
                0x0800a3ac                HAL_TIM_IC_Stop_IT
                0x0800a408                HAL_TIM_IC_Start_DMA
                0x0800a4f8                HAL_TIM_IC_Stop_DMA
 .text          0x0800a574      0x800 build/stm32f4_HAL/stm32f4xx_hal_tim_ex.o
                0x0800a590                HAL_TIMEx_HallSensor_MspInit
                0x0800a592                HAL_TIMEx_HallSensor_Init
                0x0800a640                HAL_TIMEx_HallSensor_MspDeInit
                0x0800a642                HAL_TIMEx_HallSensor_DeInit
                0x0800a67c                HAL_TIMEx_HallSensor_Start
                0x0800a6a2                HAL_TIMEx_HallSensor_Stop
                0x0800a6d2                HAL_TIMEx_HallSensor_Start_IT
                0x0800a700                HAL_TIMEx_HallSensor_Stop_IT
                0x0800a738                HAL_TIMEx_HallSensor_Start_DMA
                0x0800a7b8                HAL_TIMEx_HallSensor_Stop_DMA
                0x0800a7f8                HAL_TIMEx_OCN_Start
                0x0800a820                HAL_TIMEx_OCN_Stop
                0x0800a866                HAL_TIMEx_OCN_Start_IT
                0x0800a8b8                HAL_TIMEx_OCN_Stop_IT
                0x0800a932                HAL_TIMEx_OCN_Start_DMA
                0x0800aa00                HAL_TIMEx_OCN_Stop_DMA
                0x0800aa84                HAL_TIMEx_PWMN_Start
                0x0800aa88                HAL_TIMEx_PWMN_Stop
                0x0800aa8c                HAL_TIMEx_PWMN_Start_IT
                0x0800aa90                HAL_TIMEx_PWMN_Stop_IT
                0x0800aa94                HAL_TIMEx_PWMN_Start_DMA
                0x0800aa98                HAL_TIMEx_PWMN_Stop_DMA
                0x0800aa9c                HAL_TIMEx_OnePulseN_Start
                0x0800aab2                HAL_TIMEx_OnePulseN_Stop
                0x0800aab6                HAL_TIMEx_OnePulseN_Start_IT
                0x0800aadc                HAL_TIMEx_OnePulseN_Stop_IT
                0x0800ab32                HAL_TIMEx_ConfigCommutEvent
                0x0800ab8c                HAL_TIMEx_ConfigCommutEvent_IT
                0x0800abe6                HAL_TIMEx_ConfigCommutEvent_DMA
                0x0800ac5c                HAL_TIMEx_MasterConfigSynchronization
                0x0800acdc                HAL_TIMEx_ConfigBreakDeadTime
                0x0800ad2e                HAL_TIMEx_RemapConfig
                0x0800ad48                HAL_TIMEx_CommutCallback
                0x0800ad4a                TIMEx_DMACommutationCplt
                0x0800ad5a                HAL_TIMEx_CommutHalfCpltCallback
                0x0800ad5c                TIMEx_DMACommutationHalfCplt
                0x0800ad6c                HAL_TIMEx_BreakCallback
                0x0800ad6e                HAL_TIMEx_HallSensor_GetState
 .text          0x0800ad74        0x0 build/stm32f4_HAL/stm32f4xx_hal_rtc.o
 .text          0x0800ad74      0x6b4 build/stm32f4_HAL/stm32f4xx_hal_rcc.o
                0x0800b0c0                HAL_RCC_MCOConfig
                0x0800b158                HAL_RCC_EnableCSS
                0x0800b164                HAL_RCC_DisableCSS
                0x0800b1cc                HAL_RCC_ClockConfig
                0x0800b300                HAL_RCC_GetHCLKFreq
                0x0800b30c                HAL_RCC_GetPCLK1Freq
                0x0800b32c                HAL_RCC_GetPCLK2Freq
                0x0800b3d0                HAL_RCC_GetClockConfig
                0x0800b40c                HAL_RCC_CSSCallback
                0x0800b40e                HAL_RCC_NMI_IRQHandler
 .text          0x0800b428      0xdb8 build/stm32f4_HAL/stm32f4xx_hal_rcc_ex.o
                0x0800b428                HAL_RCCEx_PeriphCLKConfig
                0x0800b830                HAL_RCCEx_GetPeriphCLKConfig
                0x0800b92c                HAL_RCCEx_GetPeriphCLKFreq
                0x0800bad4                HAL_RCCEx_SelectLSEMode
                0x0800baec                HAL_RCCEx_EnablePLLI2S
                0x0800bb60                HAL_RCCEx_DisablePLLI2S
                0x0800bb94                HAL_RCCEx_EnablePLLSAI
                0x0800bc04                HAL_RCCEx_DisablePLLSAI
                0x0800bc38                HAL_RCC_GetSysClockFreq
                0x0800bcc8                HAL_RCC_DeInit
                0x0800be1c                HAL_RCC_OscConfig
                0x0800c154                HAL_RCC_GetOscConfig
 .text          0x0800c1e0      0x1ac build/stm32f4_HAL/stm32f4xx_hal_pwr.o
                0x0800c1e0                HAL_PWR_DeInit
                0x0800c1f8                HAL_PWR_EnableBkUpAccess
                0x0800c204                HAL_PWR_DisableBkUpAccess
                0x0800c210                HAL_PWR_ConfigPVD
                0x0800c280                HAL_PWR_EnablePVD
                0x0800c28c                HAL_PWR_DisablePVD
                0x0800c298                HAL_PWR_EnableWakeUpPin
                0x0800c2a8                HAL_PWR_DisableWakeUpPin
                0x0800c2b8                HAL_PWR_EnterSLEEPMode
                0x0800c2d8                HAL_PWR_EnterSTOPMode
                0x0800c310                HAL_PWR_EnterSTANDBYMode
                0x0800c330                HAL_PWR_PVDCallback
                0x0800c332                HAL_PWR_PVD_IRQHandler
                0x0800c34c                HAL_PWR_EnableSleepOnExit
                0x0800c35c                HAL_PWR_DisableSleepOnExit
                0x0800c36c                HAL_PWR_EnableSEVOnPend
                0x0800c37c                HAL_PWR_DisableSEVOnPend
 .text          0x0800c38c      0x294 build/stm32f4_HAL/stm32f4xx_hal_pwr_ex.o
                0x0800c38c                HAL_PWREx_EnableBkUpReg
                0x0800c3c0                HAL_PWREx_DisableBkUpReg
                0x0800c3f8                HAL_PWREx_EnableFlashPowerDown
                0x0800c404                HAL_PWREx_DisableFlashPowerDown
                0x0800c410                HAL_PWREx_GetVoltageRange
                0x0800c420                HAL_PWREx_ControlVoltageScaling
                0x0800c4d0                HAL_PWREx_EnableOverDrive
                0x0800c544                HAL_PWREx_DisableOverDrive
                0x0800c5b8                HAL_PWREx_EnterUnderDriveSTOPMode
 .text          0x0800c620      0x2bc build/stm32f4_HAL/stm32f4xx_hal_cortex.o
                0x0800c620                HAL_NVIC_SetPriorityGrouping
                0x0800c644                HAL_NVIC_SetPriority
                0x0800c6a8                HAL_NVIC_EnableIRQ
                0x0800c6c4                HAL_NVIC_DisableIRQ
                0x0800c6e8                HAL_NVIC_SystemReset
                0x0800c70c                HAL_SYSTICK_Config
                0x0800c734                HAL_MPU_Disable
                0x0800c750                HAL_MPU_Enable
                0x0800c770                HAL_MPU_ConfigRegion
                0x0800c7d4                HAL_NVIC_GetPriorityGrouping
                0x0800c7e4                HAL_NVIC_GetPriority
                0x0800c83c                HAL_NVIC_SetPendingIRQ
                0x0800c858                HAL_NVIC_GetPendingIRQ
                0x0800c87c                HAL_NVIC_ClearPendingIRQ
                0x0800c898                HAL_NVIC_GetActive
                0x0800c8bc                HAL_SYSTICK_CLKSourceConfig
                0x0800c8d2                HAL_SYSTICK_Callback
                0x0800c8d4                HAL_SYSTICK_IRQHandler
 .text          0x0800c8dc     0x1824 build/stm32f4_HAL/stm32f4xx_hal_spi.o
                0x0800ca80                HAL_SPI_MspInit
                0x0800ca82                HAL_SPI_Init
                0x0800cb06                HAL_SPI_MspDeInit
                0x0800cb08                HAL_SPI_DeInit
                0x0800cb34                HAL_SPI_Transmit
                0x0800ccae                HAL_SPI_TransmitReceive
                0x0800cf32                HAL_SPI_Receive
                0x0800d0f0                HAL_SPI_Transmit_IT
                0x0800d198                HAL_SPI_TransmitReceive_IT
                0x0800d264                HAL_SPI_Receive_IT
                0x0800d32c                HAL_SPI_Transmit_DMA
                0x0800d404                HAL_SPI_TransmitReceive_DMA
                0x0800d52c                HAL_SPI_Receive_DMA
                0x0800d630                HAL_SPI_Abort
                0x0800d758                HAL_SPI_DMAPause
                0x0800d778                HAL_SPI_DMAResume
                0x0800d798                HAL_SPI_DMAStop
                0x0800d7de                HAL_SPI_TxCpltCallback
                0x0800d7e0                HAL_SPI_RxCpltCallback
                0x0800d7e2                HAL_SPI_TxRxCpltCallback
                0x0800d7e4                HAL_SPI_TxHalfCpltCallback
                0x0800d7f0                HAL_SPI_RxHalfCpltCallback
                0x0800d7fc                HAL_SPI_TxRxHalfCpltCallback
                0x0800d808                HAL_SPI_ErrorCallback
                0x0800ddca                HAL_SPI_IRQHandler
                0x0800ded4                HAL_SPI_AbortCpltCallback
                0x0800ded6                HAL_SPI_Abort_IT
                0x0800e0f4                HAL_SPI_GetState
                0x0800e0fa                HAL_SPI_GetError
 .text          0x0800e100        0x0 build/FreeRTOS/croutine.o
 .text          0x0800e100      0x264 build/FreeRTOS/event_groups.o
                0x0800e100                xEventGroupCreateStatic
                0x0800e118                xEventGroupCreate
                0x0800e134                xEventGroupWaitBits
                0x0800e1ea                xEventGroupClearBits
                0x0800e204                vEventGroupClearBitsCallback
                0x0800e208                xEventGroupClearBitsFromISR
                0x0800e218                xEventGroupGetBitsFromISR
                0x0800e234                xEventGroupSetBits
                0x0800e290                xEventGroupSync
                0x0800e31a                vEventGroupSetBitsCallback
                0x0800e31e                vEventGroupDelete
                0x0800e348                xEventGroupSetBitsFromISR
                0x0800e358                uxEventGroupGetNumber
                0x0800e35e                vEventGroupSetNumber
 .text          0x0800e364       0x82 build/FreeRTOS/list.o
                0x0800e364                vListInitialise
                0x0800e37a                vListInitialiseItem
                0x0800e380                vListInsertEnd
                0x0800e398                vListInsert
                0x0800e3c6                uxListRemove
 .text          0x0800e3e6      0x8f2 build/FreeRTOS/queue.o
                0x0800e502                xQueueGenericReset
                0x0800e56c                xQueueGenericCreateStatic
                0x0800e598                xQueueGenericCreate
                0x0800e5d2                xQueueGetMutexHolder
                0x0800e5ec                xQueueGetMutexHolderFromISR
                0x0800e5f8                xQueueCreateCountingSemaphoreStatic
                0x0800e612                xQueueCreateCountingSemaphore
                0x0800e624                xQueueGenericSend
                0x0800e728                xQueueCreateMutexStatic
                0x0800e752                xQueueGiveMutexRecursive
                0x0800e77a                xQueueCreateMutex
                0x0800e79e                xQueueGenericSendFromISR
                0x0800e808                xQueueGiveFromISR
                0x0800e864                xQueueReceive
                0x0800e952                xQueueSemaphoreTake
                0x0800ea78                xQueueTakeMutexRecursive
                0x0800eaa8                xQueuePeek
                0x0800eb96                xQueueReceiveFromISR
                0x0800ebfe                xQueuePeekFromISR
                0x0800ec2e                uxQueueMessagesWaiting
                0x0800ec44                uxQueueSpacesAvailable
                0x0800ec5e                uxQueueMessagesWaitingFromISR
                0x0800ec62                vQueueDelete
                0x0800ec6e                uxQueueGetQueueNumber
                0x0800ec72                vQueueSetQueueNumber
                0x0800ec76                ucQueueGetQueueType
                0x0800ec7c                xQueueIsQueueEmptyFromISR
                0x0800ec86                xQueueIsQueueFullFromISR
                0x0800ec92                vQueueWaitForMessageRestricted
 .text          0x0800ecd8     0x12c0 build/FreeRTOS/tasks.o
                0x0800ef98                xTaskCreateStatic
                0x0800efcc                xTaskCreate
                0x0800f028                vTaskDelete
                0x0800f0ac                eTaskGetState
                0x0800f114                uxTaskPriorityGet
                0x0800f134                uxTaskPriorityGetFromISR
                0x0800f15c                vTaskPrioritySet
                0x0800f20c                vTaskResume
                0x0800f290                xTaskResumeFromISR
                0x0800f318                vTaskStartScheduler
                0x0800f394                vTaskEndScheduler
                0x0800f3b4                vTaskSuspendAll
                0x0800f3c8                xTaskGetTickCount
                0x0800f3d4                xTaskGetTickCountFromISR
                0x0800f3e0                uxTaskGetNumberOfTasks
                0x0800f3ec                pcTaskGetName
                0x0800f3fc                xTaskIncrementTick
                0x0800f4dc                xTaskResumeAll
                0x0800f5a0                vTaskDelayUntil
                0x0800f5f0                vTaskDelay
                0x0800f61e                xTaskCatchUpTicks
                0x0800f63c                vTaskSwitchContext
                0x0800f6a0                vTaskSuspend
                0x0800f730                vTaskPlaceOnEventList
                0x0800f750                vTaskPlaceOnUnorderedEventList
                0x0800f778                vTaskPlaceOnEventListRestricted
                0x0800f7a0                xTaskRemoveFromEventList
                0x0800f808                vTaskRemoveFromUnorderedEventList
                0x0800f85c                vTaskSetTimeOutState
                0x0800f880                vTaskInternalSetTimeOutState
                0x0800f894                xTaskCheckForTimeOut
                0x0800f8e4                vTaskMissedYield
                0x0800f8f4                uxTaskGetTaskNumber
                0x0800f8fa                vTaskSetTaskNumber
                0x0800f900                vTaskGetInfo
                0x0800f9d6                uxTaskGetSystemState
                0x0800fa70                uxTaskGetStackHighWaterMark
                0x0800fa90                xTaskGetCurrentTaskHandle
                0x0800fa9c                xTaskGetSchedulerState
                0x0800fabc                xTaskPriorityInherit
                0x0800fb3c                xTaskPriorityDisinherit
                0x0800fb98                vTaskPriorityDisinheritAfterTimeout
                0x0800fc08                uxTaskResetEventItemValue
                0x0800fc20                pvTaskIncrementMutexHeldCount
                0x0800fc38                ulTaskNotifyTake
                0x0800fca4                xTaskNotifyWait
                0x0800fd38                xTaskGenericNotify
                0x0800fde8                xTaskGenericNotifyFromISR
                0x0800fea8                vTaskNotifyGiveFromISR
                0x0800ff38                xTaskNotifyStateClear
                0x0800ff64                ulTaskNotifyValueClear
 .text          0x0800ff98      0x4a8 build/FreeRTOS/timers.o
                0x08010014                xTimerCreateTimerTask
                0x08010064                xTimerCreate
                0x080100aa                xTimerCreateStatic
                0x080100ea                xTimerGenericCommand
                0x08010348                xTimerGetTimerDaemonTaskHandle
                0x08010354                xTimerGetPeriod
                0x08010358                vTimerSetReloadMode
                0x0801037e                uxTimerGetReloadMode
                0x0801039a                xTimerGetExpiryTime
                0x0801039e                pcTimerGetName
                0x080103a2                xTimerIsTimerActive
                0x080103be                pvTimerGetTimerID
                0x080103d4                vTimerSetTimerID
                0x080103e8                xTimerPendFunctionCallFromISR
                0x08010410                xTimerPendFunctionCall
                0x08010438                uxTimerGetTimerNumber
                0x0801043c                vTimerSetTimerNumber
 .text          0x08010440      0x52a build/FreeRTOS/stream_buffer.o
                0x080104e0                xStreamBufferGenericCreate
                0x0801051c                xStreamBufferGenericCreateStatic
                0x0801055c                vStreamBufferDelete
                0x0801056e                xStreamBufferReset
                0x080105b4                xStreamBufferSetTriggerLevel
                0x080105c8                xStreamBufferSpacesAvailable
                0x080105dc                xStreamBufferBytesAvailable
                0x080105de                xStreamBufferSend
                0x080106bc                xStreamBufferSendFromISR
                0x08010754                xStreamBufferReceive
                0x08010808                xStreamBufferNextMessageLengthBytes
                0x08010836                xStreamBufferReceiveFromISR
                0x080108c6                xStreamBufferIsEmpty
                0x080108d2                xStreamBufferIsFull
                0x080108ea                xStreamBufferSendCompletedFromISR
                0x08010922                xStreamBufferReceiveCompletedFromISR
                0x0801095a                uxStreamBufferGetStreamBufferNumber
                0x0801095e                vStreamBufferSetStreamBufferNumber
                0x08010962                ucStreamBufferGetStreamBufferType
 *fill*         0x0801096a        0x2 
 .text          0x0801096c     0x1140 build/FreeRTOS/cmsis_os2.o
                0x080109aa                SysTick_Handler
                0x080109c4                osKernelInitialize
                0x080109f0                osKernelGetInfo
                0x08010a1c                osKernelGetState
                0x08010a3c                osKernelStart
                0x08010a7c                osKernelLock
                0x08010aa8                osKernelUnlock
                0x08010ae0                osKernelRestoreLock
                0x08010b24                osKernelGetTickCount
                0x08010b3c                osKernelGetTickFreq
                0x08010b42                osKernelGetSysTimerCount
                0x08010b82                osKernelGetSysTimerFreq
                0x08010b8c                osThreadNew
                0x08010c20                osThreadGetName
                0x08010c3a                osThreadGetId
                0x08010c3e                osThreadGetState
                0x08010c68                osThreadGetStackSpace
                0x08010c82                osThreadSetPriority
                0x08010cb0                osThreadGetPriority
                0x08010ccc                osThreadYield
                0x08010cf0                osThreadSuspend
                0x08010d14                osThreadResume
                0x08010d38                osThreadExit
                0x08010d42                osThreadTerminate
                0x08010d76                osThreadGetCount
                0x08010d8a                osThreadEnumerate
                0x08010df4                osThreadFlagsSet
                0x08010e72                osThreadFlagsClear
                0x08010ec2                osThreadFlagsGet
                0x08010ef0                osThreadFlagsWait
                0x08010f8a                osDelay
                0x08010fa8                osDelayUntil
                0x08010fd8                osTimerNew
                0x08011050                osTimerGetName
                0x0801106a                osTimerStart
                0x080110a0                osTimerStop
                0x080110e2                osTimerIsRunning
                0x080110fc                osTimerDelete
                0x08011142                osEventFlagsNew
                0x0801116e                osEventFlagsSet
                0x080111c8                osEventFlagsClear
                0x0801120e                osEventFlagsGet
                0x08011230                osEventFlagsWait
                0x08011294                osEventFlagsDelete
                0x080112b8                osMutexNew
                0x08011310                osMutexAcquire
                0x08011356                osMutexRelease
                0x08011396                osMutexGetOwner
                0x080113b2                osMutexDelete
                0x080113d8                osSemaphoreNew
                0x08011466                osSemaphoreAcquire
                0x080114c8                osSemaphoreRelease
                0x08011520                osSemaphoreGetCount
                0x08011542                osSemaphoreDelete
                0x08011566                osMessageQueueNew
                0x080115ca                osMessageQueuePut
                0x08011638                osMessageQueueGet
                0x080116a2                osMessageQueueGetCapacity
                0x080116a8                osMessageQueueGetMsgSize
                0x080116ae                osMessageQueueGetCount
                0x080116b2                osMessageQueueGetSpace
                0x080116e8                osMessageQueueReset
                0x0801170e                osMessageQueueDelete
                0x08011712                osMemoryPoolNew
                0x08011800                osMemoryPoolGetName
                0x08011816                osMemoryPoolAlloc
                0x080118cc                osMemoryPoolFree
                0x08011988                osMemoryPoolGetCapacity
                0x080119a0                osMemoryPoolGetBlockSize
                0x080119b8                osMemoryPoolGetCount
                0x080119e8                osMemoryPoolGetSpace
                0x08011a18                osMemoryPoolDelete
                0x08011a74                vApplicationGetIdleTaskMemory
                0x08011a90                vApplicationGetTimerTaskMemory
 .text          0x08011aac        0x2 build/FreeRTOS/clib_arm.o
                0x08011aac                software_init_hook
 *fill*         0x08011aae        0x2 
 .text          0x08011ab0       0xd0 build/FreeRTOS/os_systick.o
                0x08011ab0                OS_Tick_Setup
                0x08011af0                OS_Tick_Enable
                0x08011b18                OS_Tick_Disable
                0x08011b44                OS_Tick_AcknowledgeIRQ
                0x08011b4c                OS_Tick_GetIRQn
                0x08011b52                OS_Tick_GetClock
                0x08011b5c                OS_Tick_GetInterval
                0x08011b66                OS_Tick_GetCount
                0x08011b72                OS_Tick_GetOverflow
 .text          0x08011b80       0x8c build/FreeRTOS/heap_useNewlib.o
                0x08011b80                sbrk
                0x08011bd0                _sbrk
                0x08011bd4                __malloc_lock
                0x08011bd8                __malloc_unlock
                0x08011bdc                __env_lock
                0x08011be0                __env_unlock
                0x08011be4                pvPortMalloc
                0x08011be8                vPortFree
                0x08011bec                xPortGetFreeHeapSize
                0x08011c08                vPortInitialiseBlocks
 *fill*         0x08011c0c        0x4 
 .text          0x08011c10      0x1ec build/FreeRTOS/port.o
                0x08011c60                pxPortInitialiseStack
                0x08011c8c                SVC_Handler
                0x08011cb4                vPortEndScheduler
                0x08011cb6                vPortEnterCritical
                0x08011cd4                vPortExitCritical
                0x08011ce8                PendSV_Handler
                0x08011d54                xPortSysTickHandler
                0x08011d84                vPortSetupTimerInterrupt
                0x08011da8                xPortStartScheduler
 .text          0x08011dfc        0x0 c:/mchatoolchainwindows/toolchain/gcc-arm-none-eabi/bin/../lib/gcc/arm-none-eabi/11.2.1/thumb/v7e-m+fp/hard\libm.a(lib_a-s_fmax.o)
 .text          0x08011dfc        0x0 c:/mchatoolchainwindows/toolchain/gcc-arm-none-eabi/bin/../lib/gcc/arm-none-eabi/11.2.1/thumb/v7e-m+fp/hard\libm.a(lib_a-s_fmin.o)
 .text          0x08011dfc        0x0 c:/mchatoolchainwindows/toolchain/gcc-arm-none-eabi/bin/../lib/gcc/arm-none-eabi/11.2.1/thumb/v7e-m+fp/hard\libm.a(lib_a-s_fpclassify.o)
 .text          0x08011dfc        0x0 c:/mchatoolchainwindows/toolchain/gcc-arm-none-eabi/bin/../lib/gcc/arm-none-eabi/11.2.1/thumb/v7e-m+fp/hard\libm.a(lib_a-sf_sin.o)
 .text          0x08011dfc        0x0 c:/mchatoolchainwindows/toolchain/gcc-arm-none-eabi/bin/../lib/gcc/arm-none-eabi/11.2.1/thumb/v7e-m+fp/hard\libm.a(lib_a-w_atan2.o)
 .text          0x08011dfc        0x0 c:/mchatoolchainwindows/toolchain/gcc-arm-none-eabi/bin/../lib/gcc/arm-none-eabi/11.2.1/thumb/v7e-m+fp/hard\libm.a(lib_a-w_sqrt.o)
 .text          0x08011dfc        0x0 c:/mchatoolchainwindows/toolchain/gcc-arm-none-eabi/bin/../lib/gcc/arm-none-eabi/11.2.1/thumb/v7e-m+fp/hard\libm.a(lib_a-e_atan2.o)
 .text          0x08011dfc        0x0 c:/mchatoolchainwindows/toolchain/gcc-arm-none-eabi/bin/../lib/gcc/arm-none-eabi/11.2.1/thumb/v7e-m+fp/hard\libm.a(lib_a-ef_rem_pio2.o)
 .text          0x08011dfc        0x0 c:/mchatoolchainwindows/toolchain/gcc-arm-none-eabi/bin/../lib/gcc/arm-none-eabi/11.2.1/thumb/v7e-m+fp/hard\libm.a(lib_a-e_sqrt.o)
 .text          0x08011dfc        0x0 c:/mchatoolchainwindows/toolchain/gcc-arm-none-eabi/bin/../lib/gcc/arm-none-eabi/11.2.1/thumb/v7e-m+fp/hard\libm.a(lib_a-kf_cos.o)
 .text          0x08011dfc        0x0 c:/mchatoolchainwindows/toolchain/gcc-arm-none-eabi/bin/../lib/gcc/arm-none-eabi/11.2.1/thumb/v7e-m+fp/hard\libm.a(lib_a-kf_rem_pio2.o)
 .text          0x08011dfc        0x0 c:/mchatoolchainwindows/toolchain/gcc-arm-none-eabi/bin/../lib/gcc/arm-none-eabi/11.2.1/thumb/v7e-m+fp/hard\libm.a(lib_a-kf_sin.o)
 .text          0x08011dfc        0x0 c:/mchatoolchainwindows/toolchain/gcc-arm-none-eabi/bin/../lib/gcc/arm-none-eabi/11.2.1/thumb/v7e-m+fp/hard\libm.a(lib_a-s_atan.o)
 .text          0x08011dfc        0x0 c:/mchatoolchainwindows/toolchain/gcc-arm-none-eabi/bin/../lib/gcc/arm-none-eabi/11.2.1/thumb/v7e-m+fp/hard\libm.a(lib_a-s_fabs.o)
 .text          0x08011dfc        0x0 c:/mchatoolchainwindows/toolchain/gcc-arm-none-eabi/bin/../lib/gcc/arm-none-eabi/11.2.1/thumb/v7e-m+fp/hard\libm.a(lib_a-sf_fabs.o)
 .text          0x08011dfc        0x0 c:/mchatoolchainwindows/toolchain/gcc-arm-none-eabi/bin/../lib/gcc/arm-none-eabi/11.2.1/thumb/v7e-m+fp/hard\libm.a(lib_a-sf_floor.o)
 .text          0x08011dfc        0x0 c:/mchatoolchainwindows/toolchain/gcc-arm-none-eabi/bin/../lib/gcc/arm-none-eabi/11.2.1/thumb/v7e-m+fp/hard\libm.a(lib_a-sf_scalbn.o)
 .text          0x08011dfc      0x254 c:/mchatoolchainwindows/toolchain/gcc-arm-none-eabi/bin/../lib/gcc/arm-none-eabi/11.2.1/thumb/v7e-m+fp/hard\libgcc.a(_arm_muldf3.o)
 .text          0x08012050      0x378 c:/mchatoolchainwindows/toolchain/gcc-arm-none-eabi/bin/../lib/gcc/arm-none-eabi/11.2.1/thumb/v7e-m+fp/hard\libgcc.a(_arm_addsubdf3.o)
                0x08012050                __aeabi_drsub
                0x08012058                __aeabi_dsub
                0x08012058                __subdf3
                0x0801205c                __aeabi_dadd
                0x0801205c                __adddf3
                0x080122d4                __floatunsidf
                0x080122d4                __aeabi_ui2d
                0x080122f4                __floatsidf
                0x080122f4                __aeabi_i2d
                0x08012318                __aeabi_f2d
                0x08012318                __extendsfdf2
                0x0801235c                __floatundidf
                0x0801235c                __aeabi_ul2d
                0x0801236c                __floatdidf
                0x0801236c                __aeabi_l2d
 .text          0x080123c8      0x424 c:/mchatoolchainwindows/toolchain/gcc-arm-none-eabi/bin/../lib/gcc/arm-none-eabi/11.2.1/thumb/v7e-m+fp/hard\libgcc.a(_arm_muldivdf3.o)
                0x080123c8                __aeabi_dmul
                0x080123c8                __muldf3
                0x0801261c                __divdf3
                0x0801261c                __aeabi_ddiv
 .text          0x080127ec      0x110 c:/mchatoolchainwindows/toolchain/gcc-arm-none-eabi/bin/../lib/gcc/arm-none-eabi/11.2.1/thumb/v7e-m+fp/hard\libgcc.a(_arm_cmpdf2.o)
                0x080127ec                __gtdf2
                0x080127ec                __gedf2
                0x080127f4                __ltdf2
                0x080127f4                __ledf2
                0x080127fc                __nedf2
                0x080127fc                __eqdf2
                0x080127fc                __cmpdf2
                0x08012878                __aeabi_cdrcmple
                0x08012888                __aeabi_cdcmpeq
                0x08012888                __aeabi_cdcmple
                0x08012898                __aeabi_dcmpeq
                0x080128ac                __aeabi_dcmplt
                0x080128c0                __aeabi_dcmple
                0x080128d4                __aeabi_dcmpge
                0x080128e8                __aeabi_dcmpgt
 .text          0x080128fc       0x2c c:/mchatoolchainwindows/toolchain/gcc-arm-none-eabi/bin/../lib/gcc/arm-none-eabi/11.2.1/thumb/v7e-m+fp/hard\libgcc.a(_arm_unorddf2.o)
                0x080128fc                __unorddf2
                0x080128fc                __aeabi_dcmpun
 .text          0x08012928       0xa0 c:/mchatoolchainwindows/toolchain/gcc-arm-none-eabi/bin/../lib/gcc/arm-none-eabi/11.2.1/thumb/v7e-m+fp/hard\libgcc.a(_arm_truncdfsf2.o)
                0x08012928                __truncdfsf2
                0x08012928                __aeabi_d2f
 .text          0x080129c8       0xa0 c:/mchatoolchainwindows/toolchain/gcc-arm-none-eabi/bin/../lib/gcc/arm-none-eabi/11.2.1/thumb/v7e-m+fp/hard\libgcc.a(_aeabi_ldivmod.o)
                0x080129c8                __aeabi_ldivmod
 .text          0x08012a68       0x30 c:/mchatoolchainwindows/toolchain/gcc-arm-none-eabi/bin/../lib/gcc/arm-none-eabi/11.2.1/thumb/v7e-m+fp/hard\libgcc.a(_aeabi_uldivmod.o)
                0x08012a68                __aeabi_uldivmod
 .text          0x08012a98        0x0 c:/mchatoolchainwindows/toolchain/gcc-arm-none-eabi/bin/../lib/gcc/arm-none-eabi/11.2.1/thumb/v7e-m+fp/hard\libgcc.a(_udivmoddi4.o)
 .text          0x08012a98        0x4 c:/mchatoolchainwindows/toolchain/gcc-arm-none-eabi/bin/../lib/gcc/arm-none-eabi/11.2.1/thumb/v7e-m+fp/hard\libgcc.a(_dvmd_tls.o)
                0x08012a98                __aeabi_idiv0
                0x08012a98                __aeabi_ldiv0
 .text          0x08012a9c        0x0 c:/mchatoolchainwindows/toolchain/gcc-arm-none-eabi/bin/../lib/gcc/arm-none-eabi/11.2.1/thumb/v7e-m+fp/hard\libc_nano.a(lib_a-atof.o)
 .text          0x08012a9c        0x0 c:/mchatoolchainwindows/toolchain/gcc-arm-none-eabi/bin/../lib/gcc/arm-none-eabi/11.2.1/thumb/v7e-m+fp/hard\libc_nano.a(lib_a-atoi.o)
 .text          0x08012a9c        0x0 c:/mchatoolchainwindows/toolchain/gcc-arm-none-eabi/bin/../lib/gcc/arm-none-eabi/11.2.1/thumb/v7e-m+fp/hard\libc_nano.a(lib_a-ctype_.o)
 .text          0x08012a9c        0x0 c:/mchatoolchainwindows/toolchain/gcc-arm-none-eabi/bin/../lib/gcc/arm-none-eabi/11.2.1/thumb/v7e-m+fp/hard\libc_nano.a(lib_a-errno.o)
 .text          0x08012a9c        0x0 c:/mchatoolchainwindows/toolchain/gcc-arm-none-eabi/bin/../lib/gcc/arm-none-eabi/11.2.1/thumb/v7e-m+fp/hard\libc_nano.a(lib_a-exit.o)
 .text          0x08012a9c        0x0 c:/mchatoolchainwindows/toolchain/gcc-arm-none-eabi/bin/../lib/gcc/arm-none-eabi/11.2.1/thumb/v7e-m+fp/hard\libc_nano.a(lib_a-getchar.o)
 .text          0x08012a9c        0x0 c:/mchatoolchainwindows/toolchain/gcc-arm-none-eabi/bin/../lib/gcc/arm-none-eabi/11.2.1/thumb/v7e-m+fp/hard\libc_nano.a(lib_a-getc.o)
 .text          0x08012a9c        0x0 c:/mchatoolchainwindows/toolchain/gcc-arm-none-eabi/bin/../lib/gcc/arm-none-eabi/11.2.1/thumb/v7e-m+fp/hard\libc_nano.a(lib_a-impure.o)
 .text          0x08012a9c        0x0 c:/mchatoolchainwindows/toolchain/gcc-arm-none-eabi/bin/../lib/gcc/arm-none-eabi/11.2.1/thumb/v7e-m+fp/hard\libc_nano.a(lib_a-init.o)
 .text          0x08012a9c        0x0 c:/mchatoolchainwindows/toolchain/gcc-arm-none-eabi/bin/../lib/gcc/arm-none-eabi/11.2.1/thumb/v7e-m+fp/hard\libc_nano.a(lib_a-malloc.o)
 .text          0x08012a9c        0x0 c:/mchatoolchainwindows/toolchain/gcc-arm-none-eabi/bin/../lib/gcc/arm-none-eabi/11.2.1/thumb/v7e-m+fp/hard\libc_nano.a(lib_a-memcpy-stub.o)
 .text          0x08012a9c        0x0 c:/mchatoolchainwindows/toolchain/gcc-arm-none-eabi/bin/../lib/gcc/arm-none-eabi/11.2.1/thumb/v7e-m+fp/hard\libc_nano.a(lib_a-memset.o)
 .text          0x08012a9c        0x0 c:/mchatoolchainwindows/toolchain/gcc-arm-none-eabi/bin/../lib/gcc/arm-none-eabi/11.2.1/thumb/v7e-m+fp/hard\libc_nano.a(lib_a-mstats.o)
 .text          0x08012a9c        0x0 c:/mchatoolchainwindows/toolchain/gcc-arm-none-eabi/bin/../lib/gcc/arm-none-eabi/11.2.1/thumb/v7e-m+fp/hard\libc_nano.a(lib_a-nano-freer.o)
 .text          0x08012a9c        0x0 c:/mchatoolchainwindows/toolchain/gcc-arm-none-eabi/bin/../lib/gcc/arm-none-eabi/11.2.1/thumb/v7e-m+fp/hard\libc_nano.a(lib_a-nano-mallinfor.o)
 .text          0x08012a9c        0x0 c:/mchatoolchainwindows/toolchain/gcc-arm-none-eabi/bin/../lib/gcc/arm-none-eabi/11.2.1/thumb/v7e-m+fp/hard\libc_nano.a(lib_a-nano-mallocr.o)
 .text          0x08012a9c        0x0 c:/mchatoolchainwindows/toolchain/gcc-arm-none-eabi/bin/../lib/gcc/arm-none-eabi/11.2.1/thumb/v7e-m+fp/hard\libc_nano.a(lib_a-nano-malloptr.o)
 .text          0x08012a9c        0x0 c:/mchatoolchainwindows/toolchain/gcc-arm-none-eabi/bin/../lib/gcc/arm-none-eabi/11.2.1/thumb/v7e-m+fp/hard\libc_nano.a(lib_a-nano-mallstatsr.o)
 .text          0x08012a9c        0x0 c:/mchatoolchainwindows/toolchain/gcc-arm-none-eabi/bin/../lib/gcc/arm-none-eabi/11.2.1/thumb/v7e-m+fp/hard\libc_nano.a(lib_a-nano-vfprintf_float.o)
 .text          0x08012a9c        0x0 c:/mchatoolchainwindows/toolchain/gcc-arm-none-eabi/bin/../lib/gcc/arm-none-eabi/11.2.1/thumb/v7e-m+fp/hard\libc_nano.a(lib_a-nano-vfprintf_i.o)
 .text          0x08012a9c        0x0 c:/mchatoolchainwindows/toolchain/gcc-arm-none-eabi/bin/../lib/gcc/arm-none-eabi/11.2.1/thumb/v7e-m+fp/hard\libc_nano.a(lib_a-nano-vfscanf_float.o)
 .text          0x08012a9c        0x0 c:/mchatoolchainwindows/toolchain/gcc-arm-none-eabi/bin/../lib/gcc/arm-none-eabi/11.2.1/thumb/v7e-m+fp/hard\libc_nano.a(lib_a-printf.o)
 .text          0x08012a9c        0x0 c:/mchatoolchainwindows/toolchain/gcc-arm-none-eabi/bin/../lib/gcc/arm-none-eabi/11.2.1/thumb/v7e-m+fp/hard\libc_nano.a(lib_a-reent.o)
 .text          0x08012a9c        0x0 c:/mchatoolchainwindows/toolchain/gcc-arm-none-eabi/bin/../lib/gcc/arm-none-eabi/11.2.1/thumb/v7e-m+fp/hard\libc_nano.a(lib_a-rget.o)
 .text          0x08012a9c        0x0 c:/mchatoolchainwindows/toolchain/gcc-arm-none-eabi/bin/../lib/gcc/arm-none-eabi/11.2.1/thumb/v7e-m+fp/hard\libc_nano.a(lib_a-sbrkr.o)
 .text          0x08012a9c        0x0 c:/mchatoolchainwindows/toolchain/gcc-arm-none-eabi/bin/../lib/gcc/arm-none-eabi/11.2.1/thumb/v7e-m+fp/hard\libc_nano.a(lib_a-setvbuf.o)
 .text          0x08012a9c        0x0 c:/mchatoolchainwindows/toolchain/gcc-arm-none-eabi/bin/../lib/gcc/arm-none-eabi/11.2.1/thumb/v7e-m+fp/hard\libc_nano.a(lib_a-sf_nan.o)
 .text          0x08012a9c        0x0 c:/mchatoolchainwindows/toolchain/gcc-arm-none-eabi/bin/../lib/gcc/arm-none-eabi/11.2.1/thumb/v7e-m+fp/hard\libc_nano.a(lib_a-sprintf.o)
 .text          0x08012a9c       0x14 c:/mchatoolchainwindows/toolchain/gcc-arm-none-eabi/bin/../lib/gcc/arm-none-eabi/11.2.1/thumb/v7e-m+fp/hard\libc_nano.a(lib_a-strcmp.o)
                0x08012a9c                strcmp
 .text          0x08012ab0       0x10 c:/mchatoolchainwindows/toolchain/gcc-arm-none-eabi/bin/../lib/gcc/arm-none-eabi/11.2.1/thumb/v7e-m+fp/hard\libc_nano.a(lib_a-strlen.o)
                0x08012ab0                strlen
 .text          0x08012ac0        0x0 c:/mchatoolchainwindows/toolchain/gcc-arm-none-eabi/bin/../lib/gcc/arm-none-eabi/11.2.1/thumb/v7e-m+fp/hard\libc_nano.a(lib_a-strtod.o)
 .text          0x08012ac0        0x0 c:/mchatoolchainwindows/toolchain/gcc-arm-none-eabi/bin/../lib/gcc/arm-none-eabi/11.2.1/thumb/v7e-m+fp/hard\libc_nano.a(lib_a-strtol.o)
 .text          0x08012ac0        0x0 c:/mchatoolchainwindows/toolchain/gcc-arm-none-eabi/bin/../lib/gcc/arm-none-eabi/11.2.1/thumb/v7e-m+fp/hard\libc_nano.a(lib_a-vprintf.o)
 .text          0x08012ac0        0x0 c:/mchatoolchainwindows/toolchain/gcc-arm-none-eabi/bin/../lib/gcc/arm-none-eabi/11.2.1/thumb/v7e-m+fp/hard\libc_nano.a(lib_a-dtoa.o)
 .text          0x08012ac0        0x0 c:/mchatoolchainwindows/toolchain/gcc-arm-none-eabi/bin/../lib/gcc/arm-none-eabi/11.2.1/thumb/v7e-m+fp/hard\libc_nano.a(lib_a-fflush.o)
 .text          0x08012ac0        0x0 c:/mchatoolchainwindows/toolchain/gcc-arm-none-eabi/bin/../lib/gcc/arm-none-eabi/11.2.1/thumb/v7e-m+fp/hard\libc_nano.a(lib_a-findfp.o)
 .text          0x08012ac0        0x0 c:/mchatoolchainwindows/toolchain/gcc-arm-none-eabi/bin/../lib/gcc/arm-none-eabi/11.2.1/thumb/v7e-m+fp/hard\libc_nano.a(lib_a-fprintf.o)
 .text          0x08012ac0        0x0 c:/mchatoolchainwindows/toolchain/gcc-arm-none-eabi/bin/../lib/gcc/arm-none-eabi/11.2.1/thumb/v7e-m+fp/hard\libc_nano.a(lib_a-fwalk.o)
 .text          0x08012ac0        0x0 c:/mchatoolchainwindows/toolchain/gcc-arm-none-eabi/bin/../lib/gcc/arm-none-eabi/11.2.1/thumb/v7e-m+fp/hard\libc_nano.a(lib_a-gdtoa-gethex.o)
 .text          0x08012ac0        0x0 c:/mchatoolchainwindows/toolchain/gcc-arm-none-eabi/bin/../lib/gcc/arm-none-eabi/11.2.1/thumb/v7e-m+fp/hard\libc_nano.a(lib_a-gdtoa-hexnan.o)
 .text          0x08012ac0        0x0 c:/mchatoolchainwindows/toolchain/gcc-arm-none-eabi/bin/../lib/gcc/arm-none-eabi/11.2.1/thumb/v7e-m+fp/hard\libc_nano.a(lib_a-lnumeric.o)
 .text          0x08012ac0        0x0 c:/mchatoolchainwindows/toolchain/gcc-arm-none-eabi/bin/../lib/gcc/arm-none-eabi/11.2.1/thumb/v7e-m+fp/hard\libc_nano.a(lib_a-localeconv.o)
 .text          0x08012ac0        0x0 c:/mchatoolchainwindows/toolchain/gcc-arm-none-eabi/bin/../lib/gcc/arm-none-eabi/11.2.1/thumb/v7e-m+fp/hard\libc_nano.a(lib_a-locale.o)
 .text          0x08012ac0        0x0 c:/mchatoolchainwindows/toolchain/gcc-arm-none-eabi/bin/../lib/gcc/arm-none-eabi/11.2.1/thumb/v7e-m+fp/hard\libc_nano.a(lib_a-makebuf.o)
 .text          0x08012ac0        0x0 c:/mchatoolchainwindows/toolchain/gcc-arm-none-eabi/bin/../lib/gcc/arm-none-eabi/11.2.1/thumb/v7e-m+fp/hard\libc_nano.a(lib_a-mbtowc_r.o)
 .text          0x08012ac0       0xa0 c:/mchatoolchainwindows/toolchain/gcc-arm-none-eabi/bin/../lib/gcc/arm-none-eabi/11.2.1/thumb/v7e-m+fp/hard\libc_nano.a(lib_a-memchr.o)
                0x08012ac0                memchr
 .text          0x08012b60        0x0 c:/mchatoolchainwindows/toolchain/gcc-arm-none-eabi/bin/../lib/gcc/arm-none-eabi/11.2.1/thumb/v7e-m+fp/hard\libc_nano.a(lib_a-mprec.o)
 .text          0x08012b60        0x0 c:/mchatoolchainwindows/toolchain/gcc-arm-none-eabi/bin/../lib/gcc/arm-none-eabi/11.2.1/thumb/v7e-m+fp/hard\libc_nano.a(lib_a-nano-callocr.o)
 .text          0x08012b60        0x0 c:/mchatoolchainwindows/toolchain/gcc-arm-none-eabi/bin/../lib/gcc/arm-none-eabi/11.2.1/thumb/v7e-m+fp/hard\libc_nano.a(lib_a-nano-svfprintf.o)
 .text          0x08012b60        0x0 c:/mchatoolchainwindows/toolchain/gcc-arm-none-eabi/bin/../lib/gcc/arm-none-eabi/11.2.1/thumb/v7e-m+fp/hard\libc_nano.a(lib_a-nano-vfprintf.o)
 .text          0x08012b60        0x0 c:/mchatoolchainwindows/toolchain/gcc-arm-none-eabi/bin/../lib/gcc/arm-none-eabi/11.2.1/thumb/v7e-m+fp/hard\libc_nano.a(lib_a-refill.o)
 .text          0x08012b60        0x0 c:/mchatoolchainwindows/toolchain/gcc-arm-none-eabi/bin/../lib/gcc/arm-none-eabi/11.2.1/thumb/v7e-m+fp/hard\libc_nano.a(lib_a-s_nan.o)
 .text          0x08012b60        0x0 c:/mchatoolchainwindows/toolchain/gcc-arm-none-eabi/bin/../lib/gcc/arm-none-eabi/11.2.1/thumb/v7e-m+fp/hard\libc_nano.a(lib_a-stdio.o)
 .text          0x08012b60        0x0 c:/mchatoolchainwindows/toolchain/gcc-arm-none-eabi/bin/../lib/gcc/arm-none-eabi/11.2.1/thumb/v7e-m+fp/hard\libc_nano.a(lib_a-strncmp.o)
 .text          0x08012b60        0x0 c:/mchatoolchainwindows/toolchain/gcc-arm-none-eabi/bin/../lib/gcc/arm-none-eabi/11.2.1/thumb/v7e-m+fp/hard\libc_nano.a(lib_a-wbuf.o)
 .text          0x08012b60        0x0 c:/mchatoolchainwindows/toolchain/gcc-arm-none-eabi/bin/../lib/gcc/arm-none-eabi/11.2.1/thumb/v7e-m+fp/hard\libc_nano.a(lib_a-wctomb_r.o)
 .text          0x08012b60        0x0 c:/mchatoolchainwindows/toolchain/gcc-arm-none-eabi/bin/../lib/gcc/arm-none-eabi/11.2.1/thumb/v7e-m+fp/hard\libc_nano.a(lib_a-writer.o)
 .text          0x08012b60        0x0 c:/mchatoolchainwindows/toolchain/gcc-arm-none-eabi/bin/../lib/gcc/arm-none-eabi/11.2.1/thumb/v7e-m+fp/hard\libc_nano.a(lib_a-wsetup.o)
 .text          0x08012b60        0x0 c:/mchatoolchainwindows/toolchain/gcc-arm-none-eabi/bin/../lib/gcc/arm-none-eabi/11.2.1/thumb/v7e-m+fp/hard\libc_nano.a(lib_a-assert.o)
 .text          0x08012b60        0x0 c:/mchatoolchainwindows/toolchain/gcc-arm-none-eabi/bin/../lib/gcc/arm-none-eabi/11.2.1/thumb/v7e-m+fp/hard\libc_nano.a(lib_a-closer.o)
 .text          0x08012b60        0x0 c:/mchatoolchainwindows/toolchain/gcc-arm-none-eabi/bin/../lib/gcc/arm-none-eabi/11.2.1/thumb/v7e-m+fp/hard\libc_nano.a(lib_a-fstatr.o)
 .text          0x08012b60        0x0 c:/mchatoolchainwindows/toolchain/gcc-arm-none-eabi/bin/../lib/gcc/arm-none-eabi/11.2.1/thumb/v7e-m+fp/hard\libc_nano.a(lib_a-fvwrite.o)
 .text          0x08012b60        0x0 c:/mchatoolchainwindows/toolchain/gcc-arm-none-eabi/bin/../lib/gcc/arm-none-eabi/11.2.1/thumb/v7e-m+fp/hard\libc_nano.a(lib_a-isattyr.o)
 .text          0x08012b60        0x0 c:/mchatoolchainwindows/toolchain/gcc-arm-none-eabi/bin/../lib/gcc/arm-none-eabi/11.2.1/thumb/v7e-m+fp/hard\libc_nano.a(lib_a-lseekr.o)
 .text          0x08012b60        0x0 c:/mchatoolchainwindows/toolchain/gcc-arm-none-eabi/bin/../lib/gcc/arm-none-eabi/11.2.1/thumb/v7e-m+fp/hard\libc_nano.a(lib_a-memmove.o)
 .text          0x08012b60        0x0 c:/mchatoolchainwindows/toolchain/gcc-arm-none-eabi/bin/../lib/gcc/arm-none-eabi/11.2.1/thumb/v7e-m+fp/hard\libc_nano.a(lib_a-nano-reallocr.o)
 .text          0x08012b60        0x0 c:/mchatoolchainwindows/toolchain/gcc-arm-none-eabi/bin/../lib/gcc/arm-none-eabi/11.2.1/thumb/v7e-m+fp/hard\libc_nano.a(lib_a-readr.o)
 .text          0x08012b60        0x0 c:/mchatoolchainwindows/toolchain/gcc-arm-none-eabi/bin/../lib/gcc/arm-none-eabi/11.2.1/thumb/v7e-m+fp/hard\libc_nano.a(lib_a-abort.o)
 .text          0x08012b60        0x0 c:/mchatoolchainwindows/toolchain/gcc-arm-none-eabi/bin/../lib/gcc/arm-none-eabi/11.2.1/thumb/v7e-m+fp/hard\libc_nano.a(lib_a-nano-msizer.o)
 .text          0x08012b60        0x0 c:/mchatoolchainwindows/toolchain/gcc-arm-none-eabi/bin/../lib/gcc/arm-none-eabi/11.2.1/thumb/v7e-m+fp/hard\libc_nano.a(lib_a-signal.o)
 .text          0x08012b60        0x0 c:/mchatoolchainwindows/toolchain/gcc-arm-none-eabi/bin/../lib/gcc/arm-none-eabi/11.2.1/thumb/v7e-m+fp/hard\libc_nano.a(lib_a-signalr.o)
 .text          0x08012b60       0x50 c:/mchatoolchainwindows/toolchain/gcc-arm-none-eabi/bin/../lib/gcc/arm-none-eabi/11.2.1/thumb/v7e-m+fp/hard\libgcc.a(_arm_fixdfsi.o)
                0x08012b60                __aeabi_d2iz
                0x08012b60                __fixdfsi
 .text          0x08012bb0       0x40 c:/mchatoolchainwindows/toolchain/gcc-arm-none-eabi/bin/../lib/gcc/arm-none-eabi/11.2.1/thumb/v7e-m+fp/hard\libgcc.a(_arm_fixunsdfsi.o)
                0x08012bb0                __aeabi_d2uiz
                0x08012bb0                __fixunsdfsi
 .text          0x08012bf0        0x0 c:/mchatoolchainwindows/toolchain/gcc-arm-none-eabi/bin/../lib/gcc/arm-none-eabi/11.2.1/thumb/v7e-m+fp/hard\libgcc.a(_fixdfdi.o)
 .text          0x08012bf0        0x0 c:/mchatoolchainwindows/toolchain/gcc-arm-none-eabi/bin/../lib/gcc/arm-none-eabi/11.2.1/thumb/v7e-m+fp/hard\libgcc.a(_fixunsdfdi.o)
 .text          0x08012bf0        0x0 c:/mchatoolchainwindows/toolchain/gcc-arm-none-eabi/bin/../lib/gcc/arm-none-eabi/11.2.1/thumb/v7e-m+fp/hard\libnosys.a(close.o)
 .text          0x08012bf0        0x0 c:/mchatoolchainwindows/toolchain/gcc-arm-none-eabi/bin/../lib/gcc/arm-none-eabi/11.2.1/thumb/v7e-m+fp/hard\libnosys.a(fstat.o)
 .text          0x08012bf0        0x0 c:/mchatoolchainwindows/toolchain/gcc-arm-none-eabi/bin/../lib/gcc/arm-none-eabi/11.2.1/thumb/v7e-m+fp/hard\libnosys.a(getpid.o)
 .text          0x08012bf0        0x0 c:/mchatoolchainwindows/toolchain/gcc-arm-none-eabi/bin/../lib/gcc/arm-none-eabi/11.2.1/thumb/v7e-m+fp/hard\libnosys.a(isatty.o)
 .text          0x08012bf0        0x0 c:/mchatoolchainwindows/toolchain/gcc-arm-none-eabi/bin/../lib/gcc/arm-none-eabi/11.2.1/thumb/v7e-m+fp/hard\libnosys.a(kill.o)
 .text          0x08012bf0        0x0 c:/mchatoolchainwindows/toolchain/gcc-arm-none-eabi/bin/../lib/gcc/arm-none-eabi/11.2.1/thumb/v7e-m+fp/hard\libnosys.a(lseek.o)
 .text          0x08012bf0        0x0 c:/mchatoolchainwindows/toolchain/gcc-arm-none-eabi/bin/../lib/gcc/arm-none-eabi/11.2.1/thumb/v7e-m+fp/hard\libnosys.a(_exit.o)
 .text          0x08012bf0        0x0 c:/mchatoolchainwindows/toolchain/gcc-arm-none-eabi/bin/../lib/gcc/arm-none-eabi/11.2.1/thumb/v7e-m+fp/hard/crtend.o
 .text          0x08012bf0        0x0 c:/mchatoolchainwindows/toolchain/gcc-arm-none-eabi/bin/../lib/gcc/arm-none-eabi/11.2.1/thumb/v7e-m+fp/hard/crtn.o
 *(.text*)
 .text.deregister_tm_clones
                0x08012bf0       0x1c c:/mchatoolchainwindows/toolchain/gcc-arm-none-eabi/bin/../lib/gcc/arm-none-eabi/11.2.1/thumb/v7e-m+fp/hard/crtbegin.o
 .text.register_tm_clones
                0x08012c0c       0x24 c:/mchatoolchainwindows/toolchain/gcc-arm-none-eabi/bin/../lib/gcc/arm-none-eabi/11.2.1/thumb/v7e-m+fp/hard/crtbegin.o
 .text.__do_global_dtors_aux
                0x08012c30       0x28 c:/mchatoolchainwindows/toolchain/gcc-arm-none-eabi/bin/../lib/gcc/arm-none-eabi/11.2.1/thumb/v7e-m+fp/hard/crtbegin.o
 .text.frame_dummy
                0x08012c58       0x24 c:/mchatoolchainwindows/toolchain/gcc-arm-none-eabi/bin/../lib/gcc/arm-none-eabi/11.2.1/thumb/v7e-m+fp/hard/crtbegin.o
 .text.startup  0x08012c7c       0xa8 build/main.o
                0x08012c7c                main
 .text.Reset_Handler
                0x08012d24       0x50 build/startup_stm32f446xx.o
                0x08012d24                Reset_Handler
 .text.Default_Handler
                0x08012d74        0x2 build/startup_stm32f446xx.o
                0x08012d74                RTC_Alarm_IRQHandler
                0x08012d74                EXTI2_IRQHandler
                0x08012d74                TIM8_CC_IRQHandler
                0x08012d74                SPI4_IRQHandler
                0x08012d74                TIM1_CC_IRQHandler
                0x08012d74                DMA2_Stream5_IRQHandler
                0x08012d74                DMA1_Stream5_IRQHandler
                0x08012d74                PVD_IRQHandler
                0x08012d74                SDIO_IRQHandler
                0x08012d74                TAMP_STAMP_IRQHandler
                0x08012d74                CAN2_RX1_IRQHandler
                0x08012d74                EXTI3_IRQHandler
                0x08012d74                TIM8_TRG_COM_TIM14_IRQHandler
                0x08012d74                TIM1_UP_TIM10_IRQHandler
                0x08012d74                TIM8_UP_TIM13_IRQHandler
                0x08012d74                I2C3_ER_IRQHandler
                0x08012d74                FMPI2C1_Event_IRQHandler
                0x08012d74                I2C2_EV_IRQHandler
                0x08012d74                DMA1_Stream2_IRQHandler
                0x08012d74                CAN1_RX0_IRQHandler
                0x08012d74                FPU_IRQHandler
                0x08012d74                OTG_HS_WKUP_IRQHandler
                0x08012d74                CAN2_SCE_IRQHandler
                0x08012d74                DMA2_Stream2_IRQHandler
                0x08012d74                SPI1_IRQHandler
                0x08012d74                TIM6_DAC_IRQHandler
                0x08012d74                TIM1_BRK_TIM9_IRQHandler
                0x08012d74                DCMI_IRQHandler
                0x08012d74                CAN2_RX0_IRQHandler
                0x08012d74                DMA2_Stream3_IRQHandler
                0x08012d74                SAI2_IRQHandler
                0x08012d74                USART6_IRQHandler
                0x08012d74                USART3_IRQHandler
                0x08012d74                CAN1_RX1_IRQHandler
                0x08012d74                UART5_IRQHandler
                0x08012d74                TIM4_IRQHandler
                0x08012d74                QUADSPI_IRQHandler
                0x08012d74                I2C1_EV_IRQHandler
                0x08012d74                DMA1_Stream6_IRQHandler
                0x08012d74                DMA1_Stream1_IRQHandler
                0x08012d74                UART4_IRQHandler
                0x08012d74                TIM3_IRQHandler
                0x08012d74                RCC_IRQHandler
                0x08012d74                TIM8_BRK_TIM12_IRQHandler
                0x08012d74                Default_Handler
                0x08012d74                CEC_IRQHandler
                0x08012d74                EXTI15_10_IRQHandler
                0x08012d74                ADC_IRQHandler
                0x08012d74                DMA1_Stream7_IRQHandler
                0x08012d74                TIM7_IRQHandler
                0x08012d74                CAN2_TX_IRQHandler
                0x08012d74                TIM5_IRQHandler
                0x08012d74                DMA2_Stream7_IRQHandler
                0x08012d74                I2C3_EV_IRQHandler
                0x08012d74                RTC_WKUP_IRQHandler
                0x08012d74                SPDIF_RX_IRQHandler
                0x08012d74                SPI2_IRQHandler
                0x08012d74                OTG_HS_EP1_IN_IRQHandler
                0x08012d74                DMA1_Stream0_IRQHandler
                0x08012d74                CAN1_TX_IRQHandler
                0x08012d74                OTG_HS_EP1_OUT_IRQHandler
                0x08012d74                WWDG_IRQHandler
                0x08012d74                TIM2_IRQHandler
                0x08012d74                OTG_FS_WKUP_IRQHandler
                0x08012d74                TIM1_TRG_COM_TIM11_IRQHandler
                0x08012d74                OTG_HS_IRQHandler
                0x08012d74                I2C2_ER_IRQHandler
                0x08012d74                DMA2_Stream1_IRQHandler
                0x08012d74                CAN1_SCE_IRQHandler
                0x08012d74                FLASH_IRQHandler
                0x08012d74                DMA2_Stream4_IRQHandler
                0x08012d74                OTG_FS_IRQHandler
                0x08012d74                SPI3_IRQHandler
                0x08012d74                DMA1_Stream4_IRQHandler
                0x08012d74                I2C1_ER_IRQHandler
                0x08012d74                FMC_IRQHandler
                0x08012d74                DMA2_Stream6_IRQHandler
                0x08012d74                SAI1_IRQHandler
                0x08012d74                DMA1_Stream3_IRQHandler
                0x08012d74                FMPI2C1_Error_IRQHandler
 *fill*         0x08012d76        0x2 
 .text.fmax     0x08012d78       0x50 c:/mchatoolchainwindows/toolchain/gcc-arm-none-eabi/bin/../lib/gcc/arm-none-eabi/11.2.1/thumb/v7e-m+fp/hard\libm.a(lib_a-s_fmax.o)
                0x08012d78                fmax
 .text.fmin     0x08012dc8       0x50 c:/mchatoolchainwindows/toolchain/gcc-arm-none-eabi/bin/../lib/gcc/arm-none-eabi/11.2.1/thumb/v7e-m+fp/hard\libm.a(lib_a-s_fmin.o)
                0x08012dc8                fmin
 .text.__fpclassifyd
                0x08012e18       0x54 c:/mchatoolchainwindows/toolchain/gcc-arm-none-eabi/bin/../lib/gcc/arm-none-eabi/11.2.1/thumb/v7e-m+fp/hard\libm.a(lib_a-s_fpclassify.o)
                0x08012e18                __fpclassifyd
 .text.sinf     0x08012e6c       0x74 c:/mchatoolchainwindows/toolchain/gcc-arm-none-eabi/bin/../lib/gcc/arm-none-eabi/11.2.1/thumb/v7e-m+fp/hard\libm.a(lib_a-sf_sin.o)
                0x08012e6c                sinf
 .text.atan2    0x08012ee0        0x4 c:/mchatoolchainwindows/toolchain/gcc-arm-none-eabi/bin/../lib/gcc/arm-none-eabi/11.2.1/thumb/v7e-m+fp/hard\libm.a(lib_a-w_atan2.o)
                0x08012ee0                atan2
 .text.sqrt     0x08012ee4       0x68 c:/mchatoolchainwindows/toolchain/gcc-arm-none-eabi/bin/../lib/gcc/arm-none-eabi/11.2.1/thumb/v7e-m+fp/hard\libm.a(lib_a-w_sqrt.o)
                0x08012ee4                sqrt
 *fill*         0x08012f4c        0x4 
 .text.__ieee754_atan2
                0x08012f50      0x1b4 c:/mchatoolchainwindows/toolchain/gcc-arm-none-eabi/bin/../lib/gcc/arm-none-eabi/11.2.1/thumb/v7e-m+fp/hard\libm.a(lib_a-e_atan2.o)
                0x08012f50                __ieee754_atan2
 .text.__ieee754_rem_pio2f
                0x08013104      0x260 c:/mchatoolchainwindows/toolchain/gcc-arm-none-eabi/bin/../lib/gcc/arm-none-eabi/11.2.1/thumb/v7e-m+fp/hard\libm.a(lib_a-ef_rem_pio2.o)
                0x08013104                __ieee754_rem_pio2f
 .text.__ieee754_sqrt
                0x08013364      0x194 c:/mchatoolchainwindows/toolchain/gcc-arm-none-eabi/bin/../lib/gcc/arm-none-eabi/11.2.1/thumb/v7e-m+fp/hard\libm.a(lib_a-e_sqrt.o)
                0x08013364                __ieee754_sqrt
 .text.__kernel_cosf
                0x080134f8      0x104 c:/mchatoolchainwindows/toolchain/gcc-arm-none-eabi/bin/../lib/gcc/arm-none-eabi/11.2.1/thumb/v7e-m+fp/hard\libm.a(lib_a-kf_cos.o)
                0x080134f8                __kernel_cosf
 .text.__kernel_rem_pio2f
                0x080135fc      0x664 c:/mchatoolchainwindows/toolchain/gcc-arm-none-eabi/bin/../lib/gcc/arm-none-eabi/11.2.1/thumb/v7e-m+fp/hard\libm.a(lib_a-kf_rem_pio2.o)
                0x080135fc                __kernel_rem_pio2f
 .text.__kernel_sinf
                0x08013c60       0x90 c:/mchatoolchainwindows/toolchain/gcc-arm-none-eabi/bin/../lib/gcc/arm-none-eabi/11.2.1/thumb/v7e-m+fp/hard\libm.a(lib_a-kf_sin.o)
                0x08013c60                __kernel_sinf
 .text.atan     0x08013cf0      0x340 c:/mchatoolchainwindows/toolchain/gcc-arm-none-eabi/bin/../lib/gcc/arm-none-eabi/11.2.1/thumb/v7e-m+fp/hard\libm.a(lib_a-s_atan.o)
                0x08013cf0                atan
 .text.fabs     0x08014030       0x14 c:/mchatoolchainwindows/toolchain/gcc-arm-none-eabi/bin/../lib/gcc/arm-none-eabi/11.2.1/thumb/v7e-m+fp/hard\libm.a(lib_a-s_fabs.o)
                0x08014030                fabs
 .text.fabsf    0x08014044       0x10 c:/mchatoolchainwindows/toolchain/gcc-arm-none-eabi/bin/../lib/gcc/arm-none-eabi/11.2.1/thumb/v7e-m+fp/hard\libm.a(lib_a-sf_fabs.o)
                0x08014044                fabsf
 .text.floorf   0x08014054       0x90 c:/mchatoolchainwindows/toolchain/gcc-arm-none-eabi/bin/../lib/gcc/arm-none-eabi/11.2.1/thumb/v7e-m+fp/hard\libm.a(lib_a-sf_floor.o)
                0x08014054                floorf
 .text.scalbnf  0x080140e4       0xdc c:/mchatoolchainwindows/toolchain/gcc-arm-none-eabi/bin/../lib/gcc/arm-none-eabi/11.2.1/thumb/v7e-m+fp/hard\libm.a(lib_a-sf_scalbn.o)
                0x080140e4                scalbnf
 .text.__udivmoddi4
                0x080141c0      0x2c8 c:/mchatoolchainwindows/toolchain/gcc-arm-none-eabi/bin/../lib/gcc/arm-none-eabi/11.2.1/thumb/v7e-m+fp/hard\libgcc.a(_udivmoddi4.o)
                0x080141c0                __udivmoddi4
 .text.atof     0x08014488        0x6 c:/mchatoolchainwindows/toolchain/gcc-arm-none-eabi/bin/../lib/gcc/arm-none-eabi/11.2.1/thumb/v7e-m+fp/hard\libc_nano.a(lib_a-atof.o)
                0x08014488                atof
 .text.atoi     0x0801448e        0x8 c:/mchatoolchainwindows/toolchain/gcc-arm-none-eabi/bin/../lib/gcc/arm-none-eabi/11.2.1/thumb/v7e-m+fp/hard\libc_nano.a(lib_a-atoi.o)
                0x0801448e                atoi
 .text._atoi_r  0x08014496        0x8 c:/mchatoolchainwindows/toolchain/gcc-arm-none-eabi/bin/../lib/gcc/arm-none-eabi/11.2.1/thumb/v7e-m+fp/hard\libc_nano.a(lib_a-atoi.o)
                0x08014496                _atoi_r
 *fill*         0x0801449e        0x2 
 .text.__errno  0x080144a0        0xc c:/mchatoolchainwindows/toolchain/gcc-arm-none-eabi/bin/../lib/gcc/arm-none-eabi/11.2.1/thumb/v7e-m+fp/hard\libc_nano.a(lib_a-errno.o)
                0x080144a0                __errno
 .text.exit     0x080144ac       0x28 c:/mchatoolchainwindows/toolchain/gcc-arm-none-eabi/bin/../lib/gcc/arm-none-eabi/11.2.1/thumb/v7e-m+fp/hard\libc_nano.a(lib_a-exit.o)
                0x080144ac                exit
 .text._getchar_r
                0x080144d4       0x1a c:/mchatoolchainwindows/toolchain/gcc-arm-none-eabi/bin/../lib/gcc/arm-none-eabi/11.2.1/thumb/v7e-m+fp/hard\libc_nano.a(lib_a-getchar.o)
                0x080144d4                _getchar_r
 *fill*         0x080144ee        0x2 
 .text.getchar  0x080144f0       0x24 c:/mchatoolchainwindows/toolchain/gcc-arm-none-eabi/bin/../lib/gcc/arm-none-eabi/11.2.1/thumb/v7e-m+fp/hard\libc_nano.a(lib_a-getchar.o)
                0x080144f0                getchar
 .text._getc_r  0x08014514       0x58 c:/mchatoolchainwindows/toolchain/gcc-arm-none-eabi/bin/../lib/gcc/arm-none-eabi/11.2.1/thumb/v7e-m+fp/hard\libc_nano.a(lib_a-getc.o)
                0x08014514                _getc_r
 .text.getc     0x0801456c       0x60 c:/mchatoolchainwindows/toolchain/gcc-arm-none-eabi/bin/../lib/gcc/arm-none-eabi/11.2.1/thumb/v7e-m+fp/hard\libc_nano.a(lib_a-getc.o)
                0x0801456c                getc
 .text.__libc_init_array
                0x080145cc       0x48 c:/mchatoolchainwindows/toolchain/gcc-arm-none-eabi/bin/../lib/gcc/arm-none-eabi/11.2.1/thumb/v7e-m+fp/hard\libc_nano.a(lib_a-init.o)
                0x080145cc                __libc_init_array
 .text.malloc   0x08014614       0x10 c:/mchatoolchainwindows/toolchain/gcc-arm-none-eabi/bin/../lib/gcc/arm-none-eabi/11.2.1/thumb/v7e-m+fp/hard\libc_nano.a(lib_a-malloc.o)
                0x08014614                malloc
 .text.free     0x08014624       0x10 c:/mchatoolchainwindows/toolchain/gcc-arm-none-eabi/bin/../lib/gcc/arm-none-eabi/11.2.1/thumb/v7e-m+fp/hard\libc_nano.a(lib_a-malloc.o)
                0x08014624                free
 .text.memcpy   0x08014634       0x1c c:/mchatoolchainwindows/toolchain/gcc-arm-none-eabi/bin/../lib/gcc/arm-none-eabi/11.2.1/thumb/v7e-m+fp/hard\libc_nano.a(lib_a-memcpy-stub.o)
                0x08014634                memcpy
 .text.memset   0x08014650       0x10 c:/mchatoolchainwindows/toolchain/gcc-arm-none-eabi/bin/../lib/gcc/arm-none-eabi/11.2.1/thumb/v7e-m+fp/hard\libc_nano.a(lib_a-memset.o)
                0x08014650                memset
 .text.mallinfo
                0x08014660       0x14 c:/mchatoolchainwindows/toolchain/gcc-arm-none-eabi/bin/../lib/gcc/arm-none-eabi/11.2.1/thumb/v7e-m+fp/hard\libc_nano.a(lib_a-mstats.o)
                0x08014660                mallinfo
 .text.malloc_stats
                0x08014674        0xc c:/mchatoolchainwindows/toolchain/gcc-arm-none-eabi/bin/../lib/gcc/arm-none-eabi/11.2.1/thumb/v7e-m+fp/hard\libc_nano.a(lib_a-mstats.o)
                0x08014674                malloc_stats
 .text.mallopt  0x08014680       0x10 c:/mchatoolchainwindows/toolchain/gcc-arm-none-eabi/bin/../lib/gcc/arm-none-eabi/11.2.1/thumb/v7e-m+fp/hard\libc_nano.a(lib_a-mstats.o)
                0x08014680                mallopt
 .text._mstats_r
                0x08014690       0x2c c:/mchatoolchainwindows/toolchain/gcc-arm-none-eabi/bin/../lib/gcc/arm-none-eabi/11.2.1/thumb/v7e-m+fp/hard\libc_nano.a(lib_a-mstats.o)
                0x08014690                _mstats_r
 .text.mstats   0x080146bc       0x10 c:/mchatoolchainwindows/toolchain/gcc-arm-none-eabi/bin/../lib/gcc/arm-none-eabi/11.2.1/thumb/v7e-m+fp/hard\libc_nano.a(lib_a-mstats.o)
                0x080146bc                mstats
 .text._free_r  0x080146cc       0x98 c:/mchatoolchainwindows/toolchain/gcc-arm-none-eabi/bin/../lib/gcc/arm-none-eabi/11.2.1/thumb/v7e-m+fp/hard\libc_nano.a(lib_a-nano-freer.o)
                0x080146cc                _free_r
 .text._mallinfo_r
                0x08014764       0x68 c:/mchatoolchainwindows/toolchain/gcc-arm-none-eabi/bin/../lib/gcc/arm-none-eabi/11.2.1/thumb/v7e-m+fp/hard\libc_nano.a(lib_a-nano-mallinfor.o)
                0x08014764                _mallinfo_r
 .text.sbrk_aligned
                0x080147cc       0x40 c:/mchatoolchainwindows/toolchain/gcc-arm-none-eabi/bin/../lib/gcc/arm-none-eabi/11.2.1/thumb/v7e-m+fp/hard\libc_nano.a(lib_a-nano-mallocr.o)
 .text._malloc_r
                0x0801480c       0xe8 c:/mchatoolchainwindows/toolchain/gcc-arm-none-eabi/bin/../lib/gcc/arm-none-eabi/11.2.1/thumb/v7e-m+fp/hard\libc_nano.a(lib_a-nano-mallocr.o)
                0x0801480c                _malloc_r
 .text._mallopt_r
                0x080148f4        0x4 c:/mchatoolchainwindows/toolchain/gcc-arm-none-eabi/bin/../lib/gcc/arm-none-eabi/11.2.1/thumb/v7e-m+fp/hard\libc_nano.a(lib_a-nano-malloptr.o)
                0x080148f4                _mallopt_r
 .text._malloc_stats_r
                0x080148f8       0x50 c:/mchatoolchainwindows/toolchain/gcc-arm-none-eabi/bin/../lib/gcc/arm-none-eabi/11.2.1/thumb/v7e-m+fp/hard\libc_nano.a(lib_a-nano-mallstatsr.o)
                0x080148f8                _malloc_stats_r
 .text.__cvt    0x08014948       0xc4 c:/mchatoolchainwindows/toolchain/gcc-arm-none-eabi/bin/../lib/gcc/arm-none-eabi/11.2.1/thumb/v7e-m+fp/hard\libc_nano.a(lib_a-nano-vfprintf_float.o)
                0x08014948                __cvt
 .text.__exponent
                0x08014a0c       0x7c c:/mchatoolchainwindows/toolchain/gcc-arm-none-eabi/bin/../lib/gcc/arm-none-eabi/11.2.1/thumb/v7e-m+fp/hard\libc_nano.a(lib_a-nano-vfprintf_float.o)
                0x08014a0c                __exponent
 .text._printf_float
                0x08014a88      0x46c c:/mchatoolchainwindows/toolchain/gcc-arm-none-eabi/bin/../lib/gcc/arm-none-eabi/11.2.1/thumb/v7e-m+fp/hard\libc_nano.a(lib_a-nano-vfprintf_float.o)
                0x08014a88                _printf_float
 .text._printf_common
                0x08014ef4       0xda c:/mchatoolchainwindows/toolchain/gcc-arm-none-eabi/bin/../lib/gcc/arm-none-eabi/11.2.1/thumb/v7e-m+fp/hard\libc_nano.a(lib_a-nano-vfprintf_i.o)
                0x08014ef4                _printf_common
 *fill*         0x08014fce        0x2 
 .text._printf_i