Archive member included to satisfy reference by file (symbol)

c:/mchatoolchainwindows/toolchain/gcc-arm-none-eabi/bin/../lib/gcc/arm-none-eabi/11.2.1/thumb/v7e-m+fp/hard\libm.a(lib_a-s_fmax.o)
                              build/mod_dcm_driver.o (fmax)
c:/mchatoolchainwindows/toolchain/gcc-arm-none-eabi/bin/../lib/gcc/arm-none-eabi/11.2.1/thumb/v7e-m+fp/hard\libm.a(lib_a-s_fmin.o)
                              build/mod_dcm_driver.o (fmin)
c:/mchatoolchainwindows/toolchain/gcc-arm-none-eabi/bin/../lib/gcc/arm-none-eabi/11.2.1/thumb/v7e-m+fp/hard\libm.a(lib_a-s_fpclassify.o)
                              c:/mchatoolchainwindows/toolchain/gcc-arm-none-eabi/bin/../lib/gcc/arm-none-eabi/11.2.1/thumb/v7e-m+fp/hard\libm.a(lib_a-s_fmax.o) (__fpclassifyd)
c:/mchatoolchainwindows/toolchain/gcc-arm-none-eabi/bin/../lib/gcc/arm-none-eabi/11.2.1/thumb/v7e-m+fp/hard\libm.a(lib_a-sf_sin.o)
                              build/mod_data_logger.o (sinf)
c:/mchatoolchainwindows/toolchain/gcc-arm-none-eabi/bin/../lib/gcc/arm-none-eabi/11.2.1/thumb/v7e-m+fp/hard\libm.a(lib_a-w_atan2.o)
                              build/mod_mpu6050.o (atan2)
c:/mchatoolchainwindows/toolchain/gcc-arm-none-eabi/bin/../lib/gcc/arm-none-eabi/11.2.1/thumb/v7e-m+fp/hard\libm.a(lib_a-w_sqrt.o)
                              build/mod_mpu6050.o (sqrt)
c:/mchatoolchainwindows/toolchain/gcc-arm-none-eabi/bin/../lib/gcc/arm-none-eabi/11.2.1/thumb/v7e-m+fp/hard\libm.a(lib_a-e_atan2.o)
                              c:/mchatoolchainwindows/toolchain/gcc-arm-none-eabi/bin/../lib/gcc/arm-none-eabi/11.2.1/thumb/v7e-m+fp/hard\libm.a(lib_a-w_atan2.o) (__ieee754_atan2)
c:/mchatoolchainwindows/toolchain/gcc-arm-none-eabi/bin/../lib/gcc/arm-none-eabi/11.2.1/thumb/v7e-m+fp/hard\libm.a(lib_a-ef_rem_pio2.o)
                              c:/mchatoolchainwindows/toolchain/gcc-arm-none-eabi/bin/../lib/gcc/arm-none-eabi/11.2.1/thumb/v7e-m+fp/hard\libm.a(lib_a-sf_sin.o) (__ieee754_rem_pio2f)
c:/mchatoolchainwindows/toolchain/gcc-arm-none-eabi/bin/../lib/gcc/arm-none-eabi/11.2.1/thumb/v7e-m+fp/hard\libm.a(lib_a-e_sqrt.o)
                              c:/mchatoolchainwindows/toolchain/gcc-arm-none-eabi/bin/../lib/gcc/arm-none-eabi/11.2.1/thumb/v7e-m+fp/hard\libm.a(lib_a-w_sqrt.o) (__ieee754_sqrt)
c:/mchatoolchainwindows/toolchain/gcc-arm-none-eabi/bin/../lib/gcc/arm-none-eabi/11.2.1/thumb/v7e-m+fp/hard\libm.a(lib_a-kf_cos.o)
                              c:/mchatoolchainwindows/toolchain/gcc-arm-none-eabi/bin/../lib/gcc/arm-none-eabi/11.2.1/thumb/v7e-m+fp/hard\libm.a(lib_a-sf_sin.o) (__kernel_cosf)
c:/mchatoolchainwindows/toolchain/gcc-arm-none-eabi/bin/../lib/gcc/arm-none-eabi/11.2.1/thumb/v7e-m+fp/hard\libm.a(lib_a-kf_rem_pio2.o)
                              c:/mchatoolchainwindows/toolchain/gcc-arm-none-eabi/bin/../lib/gcc/arm-none-eabi/11.2.1/thumb/v7e-m+fp/hard\libm.a(lib_a-ef_rem_pio2.o) (__kernel_rem_pio2f)
c:/mchatoolchainwindows/toolchain/gcc-arm-none-eabi/bin/../lib/gcc/arm-none-eabi/11.2.1/thumb/v7e-m+fp/hard\libm.a(lib_a-kf_sin.o)
                              c:/mchatoolchainwindows/toolchain/gcc-arm-none-eabi/bin/../lib/gcc/arm-none-eabi/11.2.1/thumb/v7e-m+fp/hard\libm.a(lib_a-sf_sin.o) (__kernel_sinf)
c:/mchatoolchainwindows/toolchain/gcc-arm-none-eabi/bin/../lib/gcc/arm-none-eabi/11.2.1/thumb/v7e-m+fp/hard\libm.a(lib_a-s_atan.o)
                              c:/mchatoolchainwindows/toolchain/gcc-arm-none-eabi/bin/../lib/gcc/arm-none-eabi/11.2.1/thumb/v7e-m+fp/hard\libm.a(lib_a-e_atan2.o) (atan)
c:/mchatoolchainwindows/toolchain/gcc-arm-none-eabi/bin/../lib/gcc/arm-none-eabi/11.2.1/thumb/v7e-m+fp/hard\libm.a(lib_a-s_fabs.o)
                              c:/mchatoolchainwindows/toolchain/gcc-arm-none-eabi/bin/../lib/gcc/arm-none-eabi/11.2.1/thumb/v7e-m+fp/hard\libm.a(lib_a-e_atan2.o) (fabs)
c:/mchatoolchainwindows/toolchain/gcc-arm-none-eabi/bin/../lib/gcc/arm-none-eabi/11.2.1/thumb/v7e-m+fp/hard\libm.a(lib_a-sf_fabs.o)
                              c:/mchatoolchainwindows/toolchain/gcc-arm-none-eabi/bin/../lib/gcc/arm-none-eabi/11.2.1/thumb/v7e-m+fp/hard\libm.a(lib_a-ef_rem_pio2.o) (fabsf)
c:/mchatoolchainwindows/toolchain/gcc-arm-none-eabi/bin/../lib/gcc/arm-none-eabi/11.2.1/thumb/v7e-m+fp/hard\libm.a(lib_a-sf_floor.o)
                              c:/mchatoolchainwindows/toolchain/gcc-arm-none-eabi/bin/../lib/gcc/arm-none-eabi/11.2.1/thumb/v7e-m+fp/hard\libm.a(lib_a-kf_rem_pio2.o) (floorf)
c:/mchatoolchainwindows/toolchain/gcc-arm-none-eabi/bin/../lib/gcc/arm-none-eabi/11.2.1/thumb/v7e-m+fp/hard\libm.a(lib_a-sf_scalbn.o)
                              c:/mchatoolchainwindows/toolchain/gcc-arm-none-eabi/bin/../lib/gcc/arm-none-eabi/11.2.1/thumb/v7e-m+fp/hard\libm.a(lib_a-kf_rem_pio2.o) (scalbnf)
c:/mchatoolchainwindows/toolchain/gcc-arm-none-eabi/bin/../lib/gcc/arm-none-eabi/11.2.1/thumb/v7e-m+fp/hard\libgcc.a(_arm_muldf3.o)
                              build/mod_data_logger.o (__aeabi_dmul)
[...]
Memory Configuration

Name             Origin             Length             Attributes
FLASH            0x08000000         0x00080000         xr
RAM              0x20000000         0x00020000         xrw
*default*        0x00000000         0xffffffff

Linker script and memory map

LOAD c:/mchatoolchainwindows/toolchain/gcc-arm-none-eabi/bin/../lib/gcc/arm-none-eabi/11.2.1/thumb/v7e-m+fp/hard/crti.o
LOAD c:/mchatoolchainwindows/toolchain/gcc-arm-none-eabi/bin/../lib/gcc/arm-none-eabi/11.2.1/thumb/v7e-m+fp/hard/crtbegin.o
LOAD c:/mchatoolchainwindows/toolchain/gcc-arm-none-eabi/bin/../lib/gcc/arm-none-eabi/11.2.1/thumb/v7e-m+fp/hard/crt0.o
LOAD build/cmd_line_buffer.o
LOAD build/cmd_parser.o
LOAD build/heartbeat_task.o
LOAD build/stm32f4xx_hal_msp.o
LOAD build/mod_dcm_driver.o
LOAD build/mod_mpu6050.o
LOAD build/mod_observer.o
LOAD build/mod_PID_control.o
LOAD build/mod_LQR_control.o
LOAD build/mod_MPC_control.o
LOAD build/mod_manager.o
LOAD build/mod_data_logger.o
LOAD build/mod_adc.o
LOAD build/mod_enc.o
LOAD build/main.o
LOAD build/stm32f4xx_it.o
LOAD build/system_stm32f4xx.o
LOAD build/uart.o
LOAD build/uart_bt.o
LOAD build/cmd_task.o
LOAD build/startup_stm32f446xx.o
LOAD build/stm32f4_HAL/stm32f4xx_hal.o
LOAD build/stm32f4_HAL/stm32f4xx_hal_dma.o
LOAD build/stm32f4_HAL/stm32f4xx_hal_adc.o
LOAD build/stm32f4_HAL/stm32f4xx_hal_adc_ex.o
LOAD build/stm32f4_HAL/stm32f4xx_hal_gpio.o
LOAD build/stm32f4_HAL/stm32f4xx_ll_gpio.o
LOAD build/stm32f4_HAL/stm32f4xx_ll_usart.o
LOAD build/stm32f4_HAL/stm32f4xx_ll_dma.o
LOAD build/stm32f4_HAL/stm32f4xx_ll_rcc.o
LOAD build/stm32f4_HAL/stm32f4xx_hal_i2c.o
LOAD build/stm32f4_HAL/stm32f4xx_hal_i2c_ex.o
LOAD build/stm32f4_HAL/stm32f4xx_hal_tim.o
LOAD build/stm32f4_HAL/stm32f4xx_hal_tim_ex.o
LOAD build/stm32f4_HAL/stm32f4xx_hal_rtc.o
LOAD build/stm32f4_HAL/stm32f4xx_hal_rcc.o
LOAD build/stm32f4_HAL/stm32f4xx_hal_rcc_ex.o
LOAD build/stm32f4_HAL/stm32f4xx_hal_pwr.o
LOAD build/stm32f4_HAL/stm32f4xx_hal_pwr_ex.o
LOAD build/stm32f4_HAL/stm32f4xx_hal_cortex.o
LOAD build/stm32f4_HAL/stm32f4xx_hal_spi.o
LOAD build/FreeRTOS/croutine.o
LOAD build/FreeRTOS/event_groups.o
LOAD build/FreeRTOS/list.o
LOAD build/FreeRTOS/queue.o
LOAD build/FreeRTOS/tasks.o
LOAD build/FreeRTOS/timers.o
LOAD build/FreeRTOS/stream_buffer.o
LOAD build/FreeRTOS/cmsis_os2.o
LOAD build/FreeRTOS/clib_arm.o
LOAD build/FreeRTOS/os_systick.o
LOAD build/FreeRTOS/heap_useNewlib.o
LOAD build/FreeRTOS/port.o
LOAD c:/mchatoolchainwindows/toolchain/gcc-arm-none-eabi/bin/../lib/gcc/arm-none-eabi/11.2.1/thumb/v7e-m+fp/hard\libm.a
LOAD ../libraries/STM32Cube_F4_FW/Drivers/CMSIS/Lib/GCC/libarm_cortexM4lf_math.a
START GROUP
LOAD c:/mchatoolchainwindows/toolchain/gcc-arm-none-eabi/bin/../lib/gcc/arm-none-eabi/11.2.1/thumb/v7e-m+fp/hard\libgcc.a
LOAD c:/mchatoolchainwindows/toolchain/gcc-arm-none-eabi/bin/../lib/gcc/arm-none-eabi/11.2.1/thumb/v7e-m+fp/hard\libc_nano.a
END GROUP
START GROUP
LOAD c:/mchatoolchainwindows/toolchain/gcc-arm-none-eabi/bin/../lib/gcc/arm-none-eabi/11.2.1/thumb/v7e-m+fp/hard\libgcc.a
LOAD c:/mchatoolchainwindows/toolchain/gcc-arm-none-eabi/bin/../lib/gcc/arm-none-eabi/11.2.1/thumb/v7e-m+fp/hard\libc_nano.a
LOAD c:/mchatoolchainwindows/toolchain/gcc-arm-none-eabi/bin/../lib/gcc/arm-none-eabi/11.2.1/thumb/v7e-m+fp/hard\libnosys.a
END GROUP
START GROUP
LOAD c:/mchatoolchainwindows/toolchain/gcc-arm-none-eabi/bin/../lib/gcc/arm-none-eabi/11.2.1/thumb/v7e-m+fp/hard\libgcc.a
LOAD c:/mchatoolchainwindows/toolchain/gcc-arm-none-eabi/bin/../lib/gcc/arm-none-eabi/11.2.1/thumb/v7e-m+fp/hard\libc_nano.a
LOAD c:/mchatoolchainwindows/toolchain/gcc-arm-none-eabi/bin/../lib/gcc/arm-none-eabi/11.2.1/thumb/v7e-m+fp/hard\libnosys.a
END GROUP
LOAD c:/mchatoolchainwindows/toolchain/gcc-arm-none-eabi/bin/../lib/gcc/arm-none-eabi/11.2.1/thumb/v7e-m+fp/hard/crtend.o
LOAD c:/mchatoolchainwindows/toolchain/gcc-arm-none-eabi/bin/../lib/gcc/arm-none-eabi/11.2.1/thumb/v7e-m+fp/hard/crtn.o
                0x20020000                _estack = 0x20020000
                0x00008000                _Min_Heap_Size = 0x8000
                0x00002000                _Min_Stack_Size = 0x2000

.isr_vector     0x08000000      0x1c4
                0x08000000                . = ALIGN (0x4)
 *(.isr_vector)
 .isr_vector    0x08000000      0x1c4 build/startup_stm32f446xx.o
                0x08000000                g_pfnVectors
                0x080001c4                . = ALIGN (0x4)

.text           0x080001d0    0x196d8
                0x080001d0                . = ALIGN (0x4)
 *(.text)
 .text          0x080001d0        0x0 c:/mchatoolchainwindows/toolchain/gcc-arm-none-eabi/bin/../lib/gcc/arm-none-eabi/11.2.1/thumb/v7e-m+fp/hard/crti.o
 .text          0x080001d0        0x0 c:/mchatoolchainwindows/toolchain/gcc-arm-none-eabi/bin/../lib/gcc/arm-none-eabi/11.2.1/thumb/v7e-m+fp/hard/crtbegin.o
 .text          0x080001d0       0x7c c:/mchatoolchainwindows/toolchain/gcc-arm-none-eabi/bin/../lib/gcc/arm-none-eabi/11.2.1/thumb/v7e-m+fp/hard/crt0.o
                0x080001d0                _stack_init
                0x080001d8                _start
                0x080001d8                _mainCRTStartup
 .text          0x0800024c      0x104 build/cmd_line_buffer.o
                0x0800024c                clb_init
                0x08000256                clb_is_empty
                0x08000260                clb_is_full
                0x0800026e                clb_delc
                0x08000278                clb_is_cmd_ready
                0x08000290                clb_putc
                0x080002b0                clb_consume_char
                0x080002d8                clb_consume_str
                0x080002f2                clb_gets_at
                0x0800030a                clb_gets
                0x08000310                clb_process
 .text          0x08000350      0x584 build/cmd_parser.o
                0x0800082e                cmd_parse
 .text          0x080008d4      0x130 build/heartbeat_task.o
                0x08000940                heartbeat_task_start
                0x08000960                heartbeat_task_init
                0x080009c8                heartbeat_task_stop
                0x080009e4                heartbeat_task_is_running
                0x080009f0                heartbeat_task_deinit
 .text          0x08000a04      0x198 build/stm32f4xx_hal_msp.o
                0x08000a04                HAL_TIM_PWM_MspInit
                0x08000ad4                HAL_ADC_MspInit
                0x08000b90                DMA2_Stream0_IRQHandler
 *fill*         0x08000b9c        0x4 
 .text          0x08000ba0      0x4e8 build/mod_dcm_driver.o
                0x08000ba0                left_forward
                0x08000bc4                left_reverse
                0x08000be8                left_halt
                0x08000c0c                right_forward
                0x08000c30                right_reverse
                0x08000c54                right_halt
                0x08000c78                mod_dcm_set_PWM
                0x08000d94                mod_dcm_set_voltage
                0x08000de0                mod_dcm_set_voltageLeft
                0x08000eac                mod_dcm_set_voltage_log
                0x08000eb0                mod_dcm_set_voltageRight
                0x08000f84                mod_dcm_configure_hardware
 .text          0x08001088      0x4f4 build/mod_mpu6050.o
                0x08001088                mod_mpu_update_pitch
                0x08001104                mod_mpu_update_rps
                0x08001128                mod_mpu_update_kalman
                0x080013b4                mod_mpu_get_states
                0x080013c8                mod_mpu_read_raw_accel
                0x08001410                mod_mpu_read_raw_gyro
                0x08001458                mod_mpu_update
                0x080014d8                mod_mpu_configure_hardware
 .text          0x0800157c        0x0 build/mod_observer.o
 *fill*         0x0800157c        0x4 
 .text          0x08001580       0xd0 build/mod_PID_control.o
                0x08001580                mod_PID_compute_control
                0x080015c0                mod_PID_run
 .text          0x08001650       0xc4 build/mod_LQR_control.o
                0x08001650                mod_LQR_set_states
                0x08001668                mod_LQR_set_x1
                0x08001674                mod_LQR_set_x2
                0x08001680                mod_LQR_set_x3
                0x0800168c                mod_LQR_set_x4
                0x08001698                mod_LQR_update
                0x08001708                mod_LQR_get_control
 .text          0x08001714        0x0 build/mod_MPC_control.o
 .text          0x08001714      0x188 build/mod_manager.o
                0x08001714                mod_manager_task
                0x08001720                mod_manager_PID
                0x08001748                mod_manager_LQR
                0x080017f0                mod_manager_MPC
                0x080017fc                mod_manager_init
                0x0800183c                mod_manager_start
                0x08001880                mod_manager_stop
 *fill*         0x0800189c        0x4 
 .text          0x080018a0      0x3c8 build/mod_data_logger.o
                0x080018a0                log_imu
                0x080018a2                mod_log_task
                0x080018ac                mod_log_init
                0x080018d4                mod_log_start
                0x08001928                mod_log_stop
                0x08001940                log_inertia
                0x080019f8                log_motor
                0x08001b4c                log_motor_freewheel
 .text          0x08001c68      0x12c build/mod_adc.o
                0x08001c68                mod_adc_update_readings
                0x08001cac                mod_adc_get_voltageA
                0x08001cd8                mod_adc_get_voltageB
                0x08001d04                mod_adc_configure_hardware
                0x08001d90                HAL_ADC_ConvCpltCallback
 .text          0x08001d94      0x1c0 build/mod_enc.o
                0x08001d94                mod_enc_get_countA
                0x08001da0                mod_enc_get_countB
                0x08001dac                mod_enc_reset_countA
                0x08001db8                mod_enc_reset_countB
                0x08001dc4                mod_enc_configure_hardware
                0x08001e74                handle_encoderA_interrupt
                0x08001ec4                EXTI4_IRQHandler
                0x08001ed4                EXTI9_5_IRQHandler
                0x08001ee4                handle_encoderB_interrupt
                0x08001f34                EXTI0_IRQHandler
                0x08001f44                EXTI1_IRQHandler
 .text          0x08001f54        0x0 build/main.o
 .text          0x08001f54        0xc build/stm32f4xx_it.o
                0x08001f54                NMI_Handler
                0x08001f56                HardFault_Handler
                0x08001f58                MemManage_Handler
                0x08001f5a                BusFault_Handler
                0x08001f5c                UsageFault_Handler
                0x08001f5e                DebugMon_Handler
 .text          0x08001f60       0xb8 build/system_stm32f4xx.o
                0x08001f60                SystemInit
                0x08001fac                SystemCoreClockUpdate
 .text          0x08002018      0x47c build/uart.o
                0x08002018                uart_init
                0x080022e8                __wrap_printf
                0x08002320                __io_putchar
                0x08002350                __io_getchar
                0x0800236c                _write
                0x0800238a                _read
                0x0800239e                _uart_rxne_isr
                0x080023c8                _uart_txe_isr
                0x08002400                _uart_error
                0x08002458                USART2_IRQHandler
 .text          0x08002494      0x400 build/uart_bt.o
                0x08002494                uart_bt_init
                0x0800276c                __wrap_printf_bt
                0x080027a4                _uart_bt_rxne_isr
                0x080027cc                _uart_bt_txe_isr
                0x08002804                _uart_bt_error
                0x0800285c                USART1_IRQHandler
 .text          0x08002894       0x44 build/cmd_task.o
                0x080028ac                cmd_task_init
 .text          0x080028d8       0x14 build/startup_stm32f446xx.o
 .text          0x080028ec      0x210 build/stm32f4_HAL/stm32f4xx_hal.o
                0x080028ec                HAL_MspInit
                0x080028ee                HAL_MspDeInit
                0x080028f0                HAL_DeInit
                0x0800291c                HAL_InitTick
                0x08002960                HAL_Init
                0x08002994                HAL_IncTick
                0x080029ac                HAL_GetTick
                0x080029b8                HAL_GetTickPrio
                0x080029c4                HAL_SetTickFreq
                0x080029e4                HAL_GetTickFreq
                0x080029f0                HAL_Delay
                0x08002a18                HAL_SuspendTick
                0x08002a26                HAL_ResumeTick
                0x08002a34                HAL_GetHalVersion
                0x08002a3c                HAL_GetREVID
                0x08002a48                HAL_GetDEVID
                0x08002a58                HAL_DBGMCU_EnableDBGSleepMode
                0x08002a68                HAL_DBGMCU_DisableDBGSleepMode
                0x08002a78                HAL_DBGMCU_EnableDBGStopMode
                0x08002a88                HAL_DBGMCU_DisableDBGStopMode
                0x08002a98                HAL_DBGMCU_EnableDBGStandbyMode
                0x08002aa8                HAL_DBGMCU_DisableDBGStandbyMode
                0x08002ab8                HAL_EnableCompensationCell
                0x08002ac8                HAL_DisableCompensationCell
                0x08002ad8                HAL_GetUIDw0
                0x08002ae4                HAL_GetUIDw1
                0x08002af0                HAL_GetUIDw2
 .text          0x08002afc      0x62c build/stm32f4_HAL/stm32f4xx_hal_dma.o
                0x08002b28                HAL_DMA_Init
                0x08002c24                HAL_DMA_DeInit
                0x08002c78                HAL_DMA_Start
                0x08002ccc                HAL_DMA_Start_IT
                0x08002d40                HAL_DMA_Abort
                0x08002dc8                HAL_DMA_Abort_IT
                0x08002dec                HAL_DMA_PollForTransfer
                0x08002efa                HAL_DMA_IRQHandler
                0x08003074                HAL_DMA_RegisterCallback
                0x080030bc                HAL_DMA_UnRegisterCallback
                0x0800311e                HAL_DMA_GetState
                0x08003124                HAL_DMA_GetError
 .text          0x08003128      0x9c4 build/stm32f4_HAL/stm32f4xx_hal_adc.o
                0x0800312a                HAL_ADC_Init
                0x08003278                HAL_ADC_MspDeInit
                0x0800327a                HAL_ADC_DeInit
                0x080032ae                HAL_ADC_Start
                0x08003398                HAL_ADC_Stop
                0x080033ce                HAL_ADC_PollForConversion
                0x0800346c                HAL_ADC_PollForEvent
                0x080034d2                HAL_ADC_Start_IT
                0x080035c8                HAL_ADC_Stop_IT
                0x08003610                HAL_ADC_Start_DMA
                0x08003734                HAL_ADC_Stop_DMA
                0x0800378e                HAL_ADC_GetValue
                0x08003796                HAL_ADC_ConvHalfCpltCallback
                0x080037a2                HAL_ADC_LevelOutOfWindowCallback
                0x080037a4                HAL_ADC_ErrorCallback
                0x080037a6                HAL_ADC_IRQHandler
                0x08003950                HAL_ADC_ConfigChannel
                0x08003a84                HAL_ADC_AnalogWDGConfig
                0x08003ae4                HAL_ADC_GetState
                0x08003ae8                HAL_ADC_GetError
 .text          0x08003aec      0x6b0 build/stm32f4_HAL/stm32f4xx_hal_adc_ex.o
                0x08003b5c                HAL_ADCEx_InjectedStart
                0x08003c10                HAL_ADCEx_InjectedStart_IT
                0x08003ccc                HAL_ADCEx_InjectedStop
                0x08003d26                HAL_ADCEx_InjectedPollForConversion
                0x08003dae                HAL_ADCEx_InjectedStop_IT
                0x08003e10                HAL_ADCEx_InjectedGetValue
                0x08003e42                HAL_ADCEx_MultiModeStart_DMA
                0x08003f3c                HAL_ADCEx_MultiModeStop_DMA
                0x08003f9c                HAL_ADCEx_MultiModeGetValue
                0x08003fa8                HAL_ADCEx_InjectedConvCpltCallback
                0x08003faa                HAL_ADCEx_InjectedConfigChannel
                0x0800414c                HAL_ADCEx_MultiModeConfigChannel
 .text          0x0800419c      0x33c build/stm32f4_HAL/stm32f4xx_hal_gpio.o
                0x0800419c                HAL_GPIO_Init
                0x08004358                HAL_GPIO_DeInit
                0x08004470                HAL_GPIO_ReadPin
                0x0800447c                HAL_GPIO_WritePin
                0x08004486                HAL_GPIO_TogglePin
                0x08004494                HAL_GPIO_LockPin
                0x080044be                HAL_GPIO_EXTI_Callback
                0x080044c0                HAL_GPIO_EXTI_IRQHandler
 .text          0x080044d8      0x220 build/stm32f4_HAL/stm32f4xx_ll_gpio.o
                0x080044f8                LL_GPIO_DeInit
                0x080045a4                LL_GPIO_Init
                0x080046e0                LL_GPIO_StructInit
 .text          0x080046f8      0x21c build/stm32f4_HAL/stm32f4xx_ll_usart.o
                0x080046f8                LL_USART_DeInit
                0x080047b8                LL_USART_Init
                0x080048b4                LL_USART_StructInit
                0x080048cc                LL_USART_ClockInit
                0x08004906                LL_USART_ClockStructInit
 .text          0x08004914      0x22c build/stm32f4_HAL/stm32f4xx_ll_dma.o
                0x08004914                LL_DMA_DeInit
                0x08004a98                LL_DMA_Init
                0x08004b1c                LL_DMA_StructInit
 .text          0x08004b40      0x60c build/stm32f4_HAL/stm32f4xx_ll_rcc.o
                0x08004b50                LL_RCC_DeInit
                0x08004c00                LL_RCC_GetCECClockFreq
                0x08004c2c                RCC_GetHCLKClockFreq
                0x08004c44                RCC_GetPCLK1ClockFreq
                0x08004c5c                RCC_GetPCLK2ClockFreq
                0x08004c74                RCC_PLL_GetFreqDomain_SYS
                0x08004cbc                RCC_GetSystemClockFreq
                0x08004cec                LL_RCC_GetSystemClocksFreq
                0x08004d0e                LL_RCC_GetFMPI2CClockFreq
                0x08004d60                RCC_PLL_GetFreqDomain_48M
                0x08004d9c                RCC_PLL_GetFreqDomain_I2S
                0x08004dd8                RCC_PLL_GetFreqDomain_SPDIFRX
                0x08004ddc                RCC_PLL_GetFreqDomain_SAI
                0x08004de0                RCC_PLLSAI_GetFreqDomain_SAI
                0x08004e30                RCC_PLLSAI_GetFreqDomain_48M
                0x08004e74                LL_RCC_GetSDIOClockFreq
                0x08004ebc                LL_RCC_GetUSBClockFreq
                0x08004ef0                RCC_PLLI2S_GetFreqDomain_SAI
                0x08004f40                LL_RCC_GetSAIClockFreq
                0x08004ff8                RCC_PLLI2S_GetFreqDomain_SPDIFRX
                0x0800503c                LL_RCC_GetSPDIFRXClockFreq
                0x08005070                RCC_PLLI2S_GetFreqDomain_I2S
                0x080050b4                LL_RCC_GetI2SClockFreq
 .text          0x0800514c     0x3208 build/stm32f4_HAL/stm32f4xx_hal_i2c.o
                0x08005570                HAL_I2C_MspInit
                0x08005572                HAL_I2C_Init
                0x080056c0                HAL_I2C_MspDeInit
                0x080056c2                HAL_I2C_DeInit
                0x080056f4                HAL_I2C_Master_Transmit
                0x080058a4                HAL_I2C_Master_Receive
                0x08005b84                HAL_I2C_Slave_Transmit
                0x08005ce4                HAL_I2C_Slave_Receive
                0x08005e60                HAL_I2C_Master_Transmit_IT
                0x08005f10                HAL_I2C_Master_Receive_IT
                0x08005fc8                HAL_I2C_Slave_Transmit_IT
                0x08006038                HAL_I2C_Slave_Receive_IT
                0x080060a8                HAL_I2C_Master_Transmit_DMA
                0x080061d4                HAL_I2C_Master_Receive_DMA
                0x080062fc                HAL_I2C_Slave_Transmit_DMA
                0x080063bc                HAL_I2C_Slave_Receive_DMA
                0x0800647c                HAL_I2C_Mem_Write
                0x0800659c                HAL_I2C_Mem_Read
                0x080067ac                HAL_I2C_Mem_Write_IT
                0x08006868                HAL_I2C_Mem_Read_IT
                0x08006934                HAL_I2C_Mem_Write_DMA
                0x08006a88                HAL_I2C_Mem_Read_DMA
                0x08006c14                HAL_I2C_IsDeviceReady
                0x08006d74                HAL_I2C_Master_Seq_Transmit_IT
                0x08006e44                HAL_I2C_Master_Seq_Transmit_DMA
                0x08006fbc                HAL_I2C_Master_Seq_Receive_IT
                0x080070c8                HAL_I2C_Master_Seq_Receive_DMA
                0x08007294                HAL_I2C_Slave_Seq_Transmit_IT
                0x0800730a                HAL_I2C_Slave_Seq_Transmit_DMA
                0x08007448                HAL_I2C_Slave_Seq_Receive_IT
                0x080074be                HAL_I2C_Slave_Seq_Receive_DMA
                0x080075fc                HAL_I2C_EnableListen_IT
                0x08007632                HAL_I2C_DisableListen_IT
                0x08007670                HAL_I2C_MasterTxCpltCallback
                0x08007672                HAL_I2C_MasterRxCpltCallback
                0x08007674                HAL_I2C_SlaveTxCpltCallback
                0x08007676                HAL_I2C_SlaveRxCpltCallback
                0x08007678                HAL_I2C_AddrCallback
                0x0800767a                HAL_I2C_ListenCpltCallback
                0x0800767c                HAL_I2C_MemTxCpltCallback
                0x0800767e                HAL_I2C_MemRxCpltCallback
                0x08007680                HAL_I2C_ErrorCallback
                0x080077ce                HAL_I2C_AbortCpltCallback
                0x080079a0                HAL_I2C_Master_Abort_IT
                0x080079ec                HAL_I2C_EV_IRQHandler
                0x08008214                HAL_I2C_ER_IRQHandler
                0x08008344                HAL_I2C_GetState
                0x0800834a                HAL_I2C_GetMode
                0x08008350                HAL_I2C_GetError
 .text          0x08008354       0x7c build/stm32f4_HAL/stm32f4xx_hal_i2c_ex.o
                0x08008354                HAL_I2CEx_ConfigAnalogFilter
                0x08008392                HAL_I2CEx_ConfigDigitalFilter
 .text          0x080083d0     0x1db4 build/stm32f4_HAL/stm32f4xx_hal_tim.o
                0x080084ec                HAL_TIM_Base_MspInit
                0x080084ee                HAL_TIM_Base_MspDeInit
                0x080084f0                HAL_TIM_Base_DeInit
                0x0800852a                HAL_TIM_Base_Start
                0x0800854e                HAL_TIM_Base_Stop
                0x0800857c                HAL_TIM_Base_Start_IT
                0x0800859c                HAL_TIM_Base_Stop_IT
                0x080085c6                HAL_TIM_Base_Start_DMA
                0x08008630                HAL_TIM_Base_Stop_DMA
                0x0800866c                HAL_TIM_OC_MspInit
                0x0800866e                HAL_TIM_OC_MspDeInit
                0x08008670                HAL_TIM_OC_DeInit
                0x080086ac                HAL_TIM_PWM_MspDeInit
                0x080086ae                HAL_TIM_PWM_DeInit
                0x080086e8                HAL_TIM_IC_MspInit
                0x080086ea                HAL_TIM_IC_MspDeInit
                0x080086ec                HAL_TIM_IC_DeInit
                0x08008726                HAL_TIM_OnePulse_MspInit
                0x08008728                HAL_TIM_OnePulse_MspDeInit
                0x0800872a                HAL_TIM_OnePulse_DeInit
                0x08008764                HAL_TIM_OnePulse_Start
                0x080087a4                HAL_TIM_OnePulse_Stop
                0x0800880c                HAL_TIM_OnePulse_Start_IT
                0x0800885c                HAL_TIM_OnePulse_Stop_IT
                0x080088d4                HAL_TIM_Encoder_MspInit
                0x080088d6                HAL_TIM_Encoder_MspDeInit
                0x080088d8                HAL_TIM_Encoder_DeInit
                0x08008912                HAL_TIM_Encoder_Start
                0x08008956                HAL_TIM_Encoder_Stop
                0x0800899e                HAL_TIM_Encoder_Start_IT
                0x08008a0c                HAL_TIM_Encoder_Stop_IT
                0x08008a80                HAL_TIM_Encoder_Start_DMA
                0x08008bc4                HAL_TIM_Encoder_Stop_DMA
                0x08008c56                HAL_TIM_DMABurst_WriteStart
                0x08008d34                HAL_TIM_DMABurst_WriteStop
                0x08008d98                HAL_TIM_DMABurst_ReadStart
                0x08008e7c                HAL_TIM_DMABurst_ReadStop
                0x08008e80                HAL_TIM_GenerateEvent
                0x08008ea4                HAL_TIM_ConfigTI1Input
                0x08008eb4                HAL_TIM_ReadCapturedValue
                0x08008ee0                HAL_TIM_PeriodElapsedCallback
                0x08008ef2                HAL_TIM_PeriodElapsedHalfCpltCallback
                0x08008f04                HAL_TIM_OC_DelayElapsedCallback
                0x08008f06                HAL_TIM_IC_CaptureCallback
                0x08008f08                TIM_DMACaptureCplt
                0x08008f44                HAL_TIM_IC_CaptureHalfCpltCallback
                0x08008f46                TIM_DMACaptureHalfCplt
                0x08008f82                HAL_TIM_PWM_PulseFinishedCallback
                0x08008f84                TIM_DMADelayPulseCplt
                0x08008fc0                HAL_TIM_PWM_PulseFinishedHalfCpltCallback
                0x08008fc2                TIM_DMADelayPulseHalfCplt
                0x08008ffe                HAL_TIM_TriggerCallback
                0x08009000                HAL_TIM_IRQHandler
                0x08009154                HAL_TIM_TriggerHalfCpltCallback
                0x08009166                HAL_TIM_ErrorCallback
                0x08009168                TIM_DMAError
                0x08009178                HAL_TIM_Base_GetState
                0x0800917e                HAL_TIM_OC_GetState
                0x08009184                HAL_TIM_PWM_GetState
                0x0800918a                HAL_TIM_IC_GetState
                0x08009190                HAL_TIM_OnePulse_GetState
                0x08009196                HAL_TIM_Encoder_GetState
                0x0800919c                TIM_Base_SetConfig
                0x08009268                HAL_TIM_Base_Init
                0x0800929c                HAL_TIM_OC_Init
                0x080092d0                HAL_TIM_PWM_Init
                0x08009304                HAL_TIM_IC_Init
                0x08009338                HAL_TIM_OnePulse_Init
                0x0800937e                HAL_TIM_Encoder_Init
                0x08009412                TIM_OC2_SetConfig
                0x08009480                HAL_TIM_OC_ConfigChannel
                0x080094d2                HAL_TIM_PWM_ConfigChannel
                0x08009584                TIM_TI1_SetConfig
                0x080095f8                HAL_TIM_IC_ConfigChannel
                0x0800970a                HAL_TIM_OnePulse_ConfigChannel
                0x08009810                TIM_ETR_SetConfig
                0x08009824                HAL_TIM_ConfigOCrefClear
                0x080098e8                HAL_TIM_ConfigClockSource
                0x08009ab0                HAL_TIM_SlaveConfigSynchro_IT
                0x08009afe                HAL_TIM_SlaveConfigSynchro
                0x08009b4c                TIM_CCxChannelCmd
                0x08009b68                HAL_TIM_OC_Start
                0x08009ba4                HAL_TIM_PWM_Start
                0x08009ba8                HAL_TIM_OC_Stop
                0x08009c00                HAL_TIM_OC_Start_IT
                0x08009c6c                HAL_TIM_PWM_Start_IT
                0x08009c70                HAL_TIM_OC_Stop_IT
                0x08009cfc                HAL_TIM_PWM_Stop_IT
                0x08009d00                HAL_TIM_OC_Start_DMA
                0x08009e0c                HAL_TIM_PWM_Start_DMA
                0x08009e10                HAL_TIM_OC_Stop_DMA
                0x08009ebc                HAL_TIM_PWM_Stop_DMA
                0x08009ec0                HAL_TIM_PWM_Stop
                0x08009f20                HAL_TIM_IC_Start
                0x08009f40                HAL_TIM_IC_Stop
                0x08009f6a                HAL_TIM_IC_Start_IT
                0x08009fbc                HAL_TIM_IC_Stop_IT
                0x0800a018                HAL_TIM_IC_Start_DMA
                0x0800a108                HAL_TIM_IC_Stop_DMA
 .text          0x0800a184      0x800 build/stm32f4_HAL/stm32f4xx_hal_tim_ex.o
                0x0800a1a0                HAL_TIMEx_HallSensor_MspInit
                0x0800a1a2                HAL_TIMEx_HallSensor_Init
                0x0800a250                HAL_TIMEx_HallSensor_MspDeInit
                0x0800a252                HAL_TIMEx_HallSensor_DeInit
                0x0800a28c                HAL_TIMEx_HallSensor_Start
                0x0800a2b2                HAL_TIMEx_HallSensor_Stop
                0x0800a2e2                HAL_TIMEx_HallSensor_Start_IT
                0x0800a310                HAL_TIMEx_HallSensor_Stop_IT
                0x0800a348                HAL_TIMEx_HallSensor_Start_DMA
                0x0800a3c8                HAL_TIMEx_HallSensor_Stop_DMA
                0x0800a408                HAL_TIMEx_OCN_Start
                0x0800a430                HAL_TIMEx_OCN_Stop
                0x0800a476                HAL_TIMEx_OCN_Start_IT
                0x0800a4c8                HAL_TIMEx_OCN_Stop_IT
                0x0800a542                HAL_TIMEx_OCN_Start_DMA
                0x0800a610                HAL_TIMEx_OCN_Stop_DMA
                0x0800a694                HAL_TIMEx_PWMN_Start
                0x0800a698                HAL_TIMEx_PWMN_Stop
                0x0800a69c                HAL_TIMEx_PWMN_Start_IT
                0x0800a6a0                HAL_TIMEx_PWMN_Stop_IT
                0x0800a6a4                HAL_TIMEx_PWMN_Start_DMA
                0x0800a6a8                HAL_TIMEx_PWMN_Stop_DMA
                0x0800a6ac                HAL_TIMEx_OnePulseN_Start
                0x0800a6c2                HAL_TIMEx_OnePulseN_Stop
                0x0800a6c6                HAL_TIMEx_OnePulseN_Start_IT
                0x0800a6ec                HAL_TIMEx_OnePulseN_Stop_IT
                0x0800a742                HAL_TIMEx_ConfigCommutEvent
                0x0800a79c                HAL_TIMEx_ConfigCommutEvent_IT
                0x0800a7f6                HAL_TIMEx_ConfigCommutEvent_DMA
                0x0800a86c                HAL_TIMEx_MasterConfigSynchronization
                0x0800a8ec                HAL_TIMEx_ConfigBreakDeadTime
                0x0800a93e                HAL_TIMEx_RemapConfig
                0x0800a958                HAL_TIMEx_CommutCallback
                0x0800a95a                TIMEx_DMACommutationCplt
                0x0800a96a                HAL_TIMEx_CommutHalfCpltCallback
                0x0800a96c                TIMEx_DMACommutationHalfCplt
                0x0800a97c                HAL_TIMEx_BreakCallback
                0x0800a97e                HAL_TIMEx_HallSensor_GetState
 .text          0x0800a984        0x0 build/stm32f4_HAL/stm32f4xx_hal_rtc.o
 .text          0x0800a984      0x6b4 build/stm32f4_HAL/stm32f4xx_hal_rcc.o
                0x0800acd0                HAL_RCC_MCOConfig
                0x0800ad68                HAL_RCC_EnableCSS
                0x0800ad74                HAL_RCC_DisableCSS
                0x0800addc                HAL_RCC_ClockConfig
                0x0800af10                HAL_RCC_GetHCLKFreq
                0x0800af1c                HAL_RCC_GetPCLK1Freq
                0x0800af3c                HAL_RCC_GetPCLK2Freq
                0x0800afe0                HAL_RCC_GetClockConfig
                0x0800b01c                HAL_RCC_CSSCallback
                0x0800b01e                HAL_RCC_NMI_IRQHandler
 .text          0x0800b038      0xdb8 build/stm32f4_HAL/stm32f4xx_hal_rcc_ex.o
                0x0800b038                HAL_RCCEx_PeriphCLKConfig
                0x0800b440                HAL_RCCEx_GetPeriphCLKConfig
                0x0800b53c                HAL_RCCEx_GetPeriphCLKFreq
                0x0800b6e4                HAL_RCCEx_SelectLSEMode
                0x0800b6fc                HAL_RCCEx_EnablePLLI2S
                0x0800b770                HAL_RCCEx_DisablePLLI2S
                0x0800b7a4                HAL_RCCEx_EnablePLLSAI
                0x0800b814                HAL_RCCEx_DisablePLLSAI
                0x0800b848                HAL_RCC_GetSysClockFreq
                0x0800b8d8                HAL_RCC_DeInit
                0x0800ba2c                HAL_RCC_OscConfig
                0x0800bd64                HAL_RCC_GetOscConfig
 .text          0x0800bdf0      0x1ac build/stm32f4_HAL/stm32f4xx_hal_pwr.o
                0x0800bdf0                HAL_PWR_DeInit
                0x0800be08                HAL_PWR_EnableBkUpAccess
                0x0800be14                HAL_PWR_DisableBkUpAccess
                0x0800be20                HAL_PWR_ConfigPVD
                0x0800be90                HAL_PWR_EnablePVD
                0x0800be9c                HAL_PWR_DisablePVD
                0x0800bea8                HAL_PWR_EnableWakeUpPin
                0x0800beb8                HAL_PWR_DisableWakeUpPin
                0x0800bec8                HAL_PWR_EnterSLEEPMode
                0x0800bee8                HAL_PWR_EnterSTOPMode
                0x0800bf20                HAL_PWR_EnterSTANDBYMode
                0x0800bf40                HAL_PWR_PVDCallback
                0x0800bf42                HAL_PWR_PVD_IRQHandler
                0x0800bf5c                HAL_PWR_EnableSleepOnExit
                0x0800bf6c                HAL_PWR_DisableSleepOnExit
                0x0800bf7c                HAL_PWR_EnableSEVOnPend
                0x0800bf8c                HAL_PWR_DisableSEVOnPend
 .text          0x0800bf9c      0x294 build/stm32f4_HAL/stm32f4xx_hal_pwr_ex.o
                0x0800bf9c                HAL_PWREx_EnableBkUpReg
                0x0800bfd0                HAL_PWREx_DisableBkUpReg
                0x0800c008                HAL_PWREx_EnableFlashPowerDown
                0x0800c014                HAL_PWREx_DisableFlashPowerDown
                0x0800c020                HAL_PWREx_GetVoltageRange
                0x0800c030                HAL_PWREx_ControlVoltageScaling
                0x0800c0e0                HAL_PWREx_EnableOverDrive
                0x0800c154                HAL_PWREx_DisableOverDrive
                0x0800c1c8                HAL_PWREx_EnterUnderDriveSTOPMode
 .text          0x0800c230      0x2bc build/stm32f4_HAL/stm32f4xx_hal_cortex.o
                0x0800c230                HAL_NVIC_SetPriorityGrouping
                0x0800c254                HAL_NVIC_SetPriority
                0x0800c2b8                HAL_NVIC_EnableIRQ
                0x0800c2d4                HAL_NVIC_DisableIRQ
                0x0800c2f8                HAL_NVIC_SystemReset
                0x0800c31c                HAL_SYSTICK_Config
                0x0800c344                HAL_MPU_Disable
                0x0800c360                HAL_MPU_Enable
                0x0800c380                HAL_MPU_ConfigRegion
                0x0800c3e4                HAL_NVIC_GetPriorityGrouping
                0x0800c3f4                HAL_NVIC_GetPriority
                0x0800c44c                HAL_NVIC_SetPendingIRQ
                0x0800c468                HAL_NVIC_GetPendingIRQ
                0x0800c48c                HAL_NVIC_ClearPendingIRQ
                0x0800c4a8                HAL_NVIC_GetActive
                0x0800c4cc                HAL_SYSTICK_CLKSourceConfig
                0x0800c4e2                HAL_SYSTICK_Callback
                0x0800c4e4                HAL_SYSTICK_IRQHandler
 .text          0x0800c4ec     0x1824 build/stm32f4_HAL/stm32f4xx_hal_spi.o
                0x0800c690                HAL_SPI_MspInit
                0x0800c692                HAL_SPI_Init
                0x0800c716                HAL_SPI_MspDeInit
                0x0800c718                HAL_SPI_DeInit
                0x0800c744                HAL_SPI_Transmit
                0x0800c8be                HAL_SPI_TransmitReceive
                0x0800cb42                HAL_SPI_Receive
                0x0800cd00                HAL_SPI_Transmit_IT
                0x0800cda8                HAL_SPI_TransmitReceive_IT
                0x0800ce74                HAL_SPI_Receive_IT
                0x0800cf3c                HAL_SPI_Transmit_DMA
                0x0800d014                HAL_SPI_TransmitReceive_DMA
                0x0800d13c                HAL_SPI_Receive_DMA
                0x0800d240                HAL_SPI_Abort
                0x0800d368                HAL_SPI_DMAPause
                0x0800d388                HAL_SPI_DMAResume
                0x0800d3a8                HAL_SPI_DMAStop
                0x0800d3ee                HAL_SPI_TxCpltCallback
                0x0800d3f0                HAL_SPI_RxCpltCallback
                0x0800d3f2                HAL_SPI_TxRxCpltCallback
                0x0800d3f4                HAL_SPI_TxHalfCpltCallback
                0x0800d400                HAL_SPI_RxHalfCpltCallback
                0x0800d40c                HAL_SPI_TxRxHalfCpltCallback
                0x0800d418                HAL_SPI_ErrorCallback
                0x0800d9da                HAL_SPI_IRQHandler
                0x0800dae4                HAL_SPI_AbortCpltCallback
                0x0800dae6                HAL_SPI_Abort_IT
                0x0800dd04                HAL_SPI_GetState
                0x0800dd0a                HAL_SPI_GetError
 .text          0x0800dd10        0x0 build/FreeRTOS/croutine.o
 .text          0x0800dd10      0x264 build/FreeRTOS/event_groups.o
                0x0800dd10                xEventGroupCreateStatic
                0x0800dd28                xEventGroupCreate
                0x0800dd44                xEventGroupWaitBits
                0x0800ddfa                xEventGroupClearBits
                0x0800de14                vEventGroupClearBitsCallback
                0x0800de18                xEventGroupClearBitsFromISR
                0x0800de28                xEventGroupGetBitsFromISR
                0x0800de44                xEventGroupSetBits
                0x0800dea0                xEventGroupSync
                0x0800df2a                vEventGroupSetBitsCallback
                0x0800df2e                vEventGroupDelete
                0x0800df58                xEventGroupSetBitsFromISR
                0x0800df68                uxEventGroupGetNumber
                0x0800df6e                vEventGroupSetNumber
 .text          0x0800df74       0x82 build/FreeRTOS/list.o
                0x0800df74                vListInitialise
                0x0800df8a                vListInitialiseItem
                0x0800df90                vListInsertEnd
                0x0800dfa8                vListInsert
                0x0800dfd6                uxListRemove
 .text          0x0800dff6      0x8f2 build/FreeRTOS/queue.o
                0x0800e112                xQueueGenericReset
                0x0800e17c                xQueueGenericCreateStatic
                0x0800e1a8                xQueueGenericCreate
                0x0800e1e2                xQueueGetMutexHolder
                0x0800e1fc                xQueueGetMutexHolderFromISR
                0x0800e208                xQueueCreateCountingSemaphoreStatic
                0x0800e222                xQueueCreateCountingSemaphore
                0x0800e234                xQueueGenericSend
                0x0800e338                xQueueCreateMutexStatic
                0x0800e362                xQueueGiveMutexRecursive
                0x0800e38a                xQueueCreateMutex
                0x0800e3ae                xQueueGenericSendFromISR
                0x0800e418                xQueueGiveFromISR
                0x0800e474                xQueueReceive
                0x0800e562                xQueueSemaphoreTake
                0x0800e688                xQueueTakeMutexRecursive
                0x0800e6b8                xQueuePeek
                0x0800e7a6                xQueueReceiveFromISR
                0x0800e80e                xQueuePeekFromISR
                0x0800e83e                uxQueueMessagesWaiting
                0x0800e854                uxQueueSpacesAvailable
                0x0800e86e                uxQueueMessagesWaitingFromISR
                0x0800e872                vQueueDelete
                0x0800e87e                uxQueueGetQueueNumber
                0x0800e882                vQueueSetQueueNumber
                0x0800e886                ucQueueGetQueueType
                0x0800e88c                xQueueIsQueueEmptyFromISR
                0x0800e896                xQueueIsQueueFullFromISR
                0x0800e8a2                vQueueWaitForMessageRestricted
 .text          0x0800e8e8     0x12c0 build/FreeRTOS/tasks.o
                0x0800eba8                xTaskCreateStatic
                0x0800ebdc                xTaskCreate
                0x0800ec38                vTaskDelete
                0x0800ecbc                eTaskGetState
                0x0800ed24                uxTaskPriorityGet
                0x0800ed44                uxTaskPriorityGetFromISR
                0x0800ed6c                vTaskPrioritySet
                0x0800ee1c                vTaskResume
                0x0800eea0                xTaskResumeFromISR
                0x0800ef28                vTaskStartScheduler
                0x0800efa4                vTaskEndScheduler
                0x0800efc4                vTaskSuspendAll
                0x0800efd8                xTaskGetTickCount
                0x0800efe4                xTaskGetTickCountFromISR
                0x0800eff0                uxTaskGetNumberOfTasks
                0x0800effc                pcTaskGetName
                0x0800f00c                xTaskIncrementTick
                0x0800f0ec                xTaskResumeAll
                0x0800f1b0                vTaskDelayUntil
                0x0800f200                vTaskDelay
                0x0800f22e                xTaskCatchUpTicks
                0x0800f24c                vTaskSwitchContext
                0x0800f2b0                vTaskSuspend
                0x0800f340                vTaskPlaceOnEventList
                0x0800f360                vTaskPlaceOnUnorderedEventList
                0x0800f388                vTaskPlaceOnEventListRestricted
                0x0800f3b0                xTaskRemoveFromEventList
                0x0800f418                vTaskRemoveFromUnorderedEventList
                0x0800f46c                vTaskSetTimeOutState
                0x0800f490                vTaskInternalSetTimeOutState
                0x0800f4a4                xTaskCheckForTimeOut
                0x0800f4f4                vTaskMissedYield
                0x0800f504                uxTaskGetTaskNumber
                0x0800f50a                vTaskSetTaskNumber
                0x0800f510                vTaskGetInfo
                0x0800f5e6                uxTaskGetSystemState
                0x0800f680                uxTaskGetStackHighWaterMark
                0x0800f6a0                xTaskGetCurrentTaskHandle
                0x0800f6ac                xTaskGetSchedulerState
                0x0800f6cc                xTaskPriorityInherit
                0x0800f74c                xTaskPriorityDisinherit
                0x0800f7a8                vTaskPriorityDisinheritAfterTimeout
                0x0800f818                uxTaskResetEventItemValue
                0x0800f830                pvTaskIncrementMutexHeldCount
                0x0800f848                ulTaskNotifyTake
                0x0800f8b4                xTaskNotifyWait
                0x0800f948                xTaskGenericNotify
                0x0800f9f8                xTaskGenericNotifyFromISR
                0x0800fab8                vTaskNotifyGiveFromISR
                0x0800fb48                xTaskNotifyStateClear
                0x0800fb74                ulTaskNotifyValueClear
 .text          0x0800fba8      0x4a8 build/FreeRTOS/timers.o
                0x0800fc24                xTimerCreateTimerTask
                0x0800fc74                xTimerCreate
                0x0800fcba                xTimerCreateStatic
                0x0800fcfa                xTimerGenericCommand
                0x0800ff58                xTimerGetTimerDaemonTaskHandle
                0x0800ff64                xTimerGetPeriod
                0x0800ff68                vTimerSetReloadMode
                0x0800ff8e                uxTimerGetReloadMode
                0x0800ffaa                xTimerGetExpiryTime
                0x0800ffae                pcTimerGetName
                0x0800ffb2                xTimerIsTimerActive
                0x0800ffce                pvTimerGetTimerID
                0x0800ffe4                vTimerSetTimerID
                0x0800fff8                xTimerPendFunctionCallFromISR
                0x08010020                xTimerPendFunctionCall
                0x08010048                uxTimerGetTimerNumber
                0x0801004c                vTimerSetTimerNumber
 .text          0x08010050      0x52a build/FreeRTOS/stream_buffer.o
                0x080100f0                xStreamBufferGenericCreate
                0x0801012c                xStreamBufferGenericCreateStatic
                0x0801016c                vStreamBufferDelete
                0x0801017e                xStreamBufferReset
                0x080101c4                xStreamBufferSetTriggerLevel
                0x080101d8                xStreamBufferSpacesAvailable
                0x080101ec                xStreamBufferBytesAvailable
                0x080101ee                xStreamBufferSend
                0x080102cc                xStreamBufferSendFromISR
                0x08010364                xStreamBufferReceive
                0x08010418                xStreamBufferNextMessageLengthBytes
                0x08010446                xStreamBufferReceiveFromISR
                0x080104d6                xStreamBufferIsEmpty
                0x080104e2                xStreamBufferIsFull
                0x080104fa                xStreamBufferSendCompletedFromISR
                0x08010532                xStreamBufferReceiveCompletedFromISR
                0x0801056a                uxStreamBufferGetStreamBufferNumber
                0x0801056e                vStreamBufferSetStreamBufferNumber
                0x08010572                ucStreamBufferGetStreamBufferType
 *fill*         0x0801057a        0x2 
 .text          0x0801057c     0x1140 build/FreeRTOS/cmsis_os2.o
                0x080105ba                SysTick_Handler
                0x080105d4                osKernelInitialize
                0x08010600                osKernelGetInfo
                0x0801062c                osKernelGetState
                0x0801064c                osKernelStart
                0x0801068c                osKernelLock
                0x080106b8                osKernelUnlock
                0x080106f0                osKernelRestoreLock
                0x08010734                osKernelGetTickCount
                0x0801074c                osKernelGetTickFreq
                0x08010752                osKernelGetSysTimerCount
                0x08010792                osKernelGetSysTimerFreq
                0x0801079c                osThreadNew
                0x08010830                osThreadGetName
                0x0801084a                osThreadGetId
                0x0801084e                osThreadGetState
                0x08010878                osThreadGetStackSpace
                0x08010892                osThreadSetPriority
                0x080108c0                osThreadGetPriority
                0x080108dc                osThreadYield
                0x08010900                osThreadSuspend
                0x08010924                osThreadResume
                0x08010948                osThreadExit
                0x08010952                osThreadTerminate
                0x08010986                osThreadGetCount
                0x0801099a                osThreadEnumerate
                0x08010a04                osThreadFlagsSet
                0x08010a82                osThreadFlagsClear
                0x08010ad2                osThreadFlagsGet
                0x08010b00                osThreadFlagsWait
                0x08010b9a                osDelay
                0x08010bb8                osDelayUntil
                0x08010be8                osTimerNew
                0x08010c60                osTimerGetName
                0x08010c7a                osTimerStart
                0x08010cb0                osTimerStop
                0x08010cf2                osTimerIsRunning
                0x08010d0c                osTimerDelete
                0x08010d52                osEventFlagsNew
                0x08010d7e                osEventFlagsSet
                0x08010dd8                osEventFlagsClear
                0x08010e1e                osEventFlagsGet
                0x08010e40                osEventFlagsWait
                0x08010ea4                osEventFlagsDelete
                0x08010ec8                osMutexNew
                0x08010f20                osMutexAcquire
                0x08010f66                osMutexRelease
                0x08010fa6                osMutexGetOwner
                0x08010fc2                osMutexDelete
                0x08010fe8                osSemaphoreNew
                0x08011076                osSemaphoreAcquire
                0x080110d8                osSemaphoreRelease
                0x08011130                osSemaphoreGetCount
                0x08011152                osSemaphoreDelete
                0x08011176                osMessageQueueNew
                0x080111da                osMessageQueuePut
                0x08011248                osMessageQueueGet
                0x080112b2                osMessageQueueGetCapacity
                0x080112b8                osMessageQueueGetMsgSize
                0x080112be                osMessageQueueGetCount
                0x080112c2                osMessageQueueGetSpace
                0x080112f8                osMessageQueueReset
                0x0801131e                osMessageQueueDelete
                0x08011322                osMemoryPoolNew
                0x08011410                osMemoryPoolGetName
                0x08011426                osMemoryPoolAlloc
                0x080114dc                osMemoryPoolFree
                0x08011598                osMemoryPoolGetCapacity
                0x080115b0                osMemoryPoolGetBlockSize
                0x080115c8                osMemoryPoolGetCount
                0x080115f8                osMemoryPoolGetSpace
                0x08011628                osMemoryPoolDelete
                0x08011684                vApplicationGetIdleTaskMemory
                0x080116a0                vApplicationGetTimerTaskMemory
 .text          0x080116bc        0x2 build/FreeRTOS/clib_arm.o
                0x080116bc                software_init_hook
 *fill*         0x080116be        0x2 
 .text          0x080116c0       0xd0 build/FreeRTOS/os_systick.o
                0x080116c0                OS_Tick_Setup
                0x08011700                OS_Tick_Enable
                0x08011728                OS_Tick_Disable
                0x08011754                OS_Tick_AcknowledgeIRQ
                0x0801175c                OS_Tick_GetIRQn
                0x08011762                OS_Tick_GetClock
                0x0801176c                OS_Tick_GetInterval
                0x08011776                OS_Tick_GetCount
                0x08011782                OS_Tick_GetOverflow
 .text          0x08011790       0x8c build/FreeRTOS/heap_useNewlib.o
                0x08011790                sbrk
                0x080117e0                _sbrk
                0x080117e4                __malloc_lock
                0x080117e8                __malloc_unlock
                0x080117ec                __env_lock
                0x080117f0                __env_unlock
                0x080117f4                pvPortMalloc
                0x080117f8                vPortFree
                0x080117fc                xPortGetFreeHeapSize
                0x08011818                vPortInitialiseBlocks
 *fill*         0x0801181c        0x4 
 .text          0x08011820      0x1ec build/FreeRTOS/port.o
                0x08011870                pxPortInitialiseStack
                0x0801189c                SVC_Handler
                0x080118c4                vPortEndScheduler
                0x080118c6                vPortEnterCritical
                0x080118e4                vPortExitCritical
                0x080118f8                PendSV_Handler
                0x08011964                xPortSysTickHandler
                0x08011994                vPortSetupTimerInterrupt
                0x080119b8                xPortStartScheduler
 .text          0x08011a0c        0x0 c:/mchatoolchainwindows/toolchain/gcc-arm-none-eabi/bin/../lib/gcc/arm-none-eabi/11.2.1/thumb/v7e-m+fp/hard\libm.a(lib_a-s_fmax.o)
 .text          0x08011a0c        0x0 c:/mchatoolchainwindows/toolchain/gcc-arm-none-eabi/bin/../lib/gcc/arm-none-eabi/11.2.1/thumb/v7e-m+fp/hard\libm.a(lib_a-s_fmin.o)
 .text          0x08011a0c        0x0 c:/mchatoolchainwindows/toolchain/gcc-arm-none-eabi/bin/../lib/gcc/arm-none-eabi/11.2.1/thumb/v7e-m+fp/hard\libm.a(lib_a-s_fpclassify.o)
 .text          0x08011a0c        0x0 c:/mchatoolchainwindows/toolchain/gcc-arm-none-eabi/bin/../lib/gcc/arm-none-eabi/11.2.1/thumb/v7e-m+fp/hard\libm.a(lib_a-sf_sin.o)
 .text          0x08011a0c        0x0 c:/mchatoolchainwindows/toolchain/gcc-arm-none-eabi/bin/../lib/gcc/arm-none-eabi/11.2.1/thumb/v7e-m+fp/hard\libm.a(lib_a-w_atan2.o)
 .text          0x08011a0c        0x0 c:/mchatoolchainwindows/toolchain/gcc-arm-none-eabi/bin/../lib/gcc/arm-none-eabi/11.2.1/thumb/v7e-m+fp/hard\libm.a(lib_a-w_sqrt.o)
 .text          0x08011a0c        0x0 c:/mchatoolchainwindows/toolchain/gcc-arm-none-eabi/bin/../lib/gcc/arm-none-eabi/11.2.1/thumb/v7e-m+fp/hard\libm.a(lib_a-e_atan2.o)
 .text          0x08011a0c        0x0 c:/mchatoolchainwindows/toolchain/gcc-arm-none-eabi/bin/../lib/gcc/arm-none-eabi/11.2.1/thumb/v7e-m+fp/hard\libm.a(lib_a-ef_rem_pio2.o)
 .text          0x08011a0c        0x0 c:/mchatoolchainwindows/toolchain/gcc-arm-none-eabi/bin/../lib/gcc/arm-none-eabi/11.2.1/thumb/v7e-m+fp/hard\libm.a(lib_a-e_sqrt.o)
 .text          0x08011a0c        0x0 c:/mchatoolchainwindows/toolchain/gcc-arm-none-eabi/bin/../lib/gcc/arm-none-eabi/11.2.1/thumb/v7e-m+fp/hard\libm.a(lib_a-kf_cos.o)
 .text          0x08011a0c        0x0 c:/mchatoolchainwindows/toolchain/gcc-arm-none-eabi/bin/../lib/gcc/arm-none-eabi/11.2.1/thumb/v7e-m+fp/hard\libm.a(lib_a-kf_rem_pio2.o)
 .text          0x08011a0c        0x0 c:/mchatoolchainwindows/toolchain/gcc-arm-none-eabi/bin/../lib/gcc/arm-none-eabi/11.2.1/thumb/v7e-m+fp/hard\libm.a(lib_a-kf_sin.o)
 .text          0x08011a0c        0x0 c:/mchatoolchainwindows/toolchain/gcc-arm-none-eabi/bin/../lib/gcc/arm-none-eabi/11.2.1/thumb/v7e-m+fp/hard\libm.a(lib_a-s_atan.o)
 .text          0x08011a0c        0x0 c:/mchatoolchainwindows/toolchain/gcc-arm-none-eabi/bin/../lib/gcc/arm-none-eabi/11.2.1/thumb/v7e-m+fp/hard\libm.a(lib_a-s_fabs.o)
 .text          0x08011a0c        0x0 c:/mchatoolchainwindows/toolchain/gcc-arm-none-eabi/bin/../lib/gcc/arm-none-eabi/11.2.1/thumb/v7e-m+fp/hard\libm.a(lib_a-sf_fabs.o)
 .text          0x08011a0c        0x0 c:/mchatoolchainwindows/toolchain/gcc-arm-none-eabi/bin/../lib/gcc/arm-none-eabi/11.2.1/thumb/v7e-m+fp/hard\libm.a(lib_a-sf_floor.o)
 .text          0x08011a0c        0x0 c:/mchatoolchainwindows/toolchain/gcc-arm-none-eabi/bin/../lib/gcc/arm-none-eabi/11.2.1/thumb/v7e-m+fp/hard\libm.a(lib_a-sf_scalbn.o)
 .text          0x08011a0c      0x254 c:/mchatoolchainwindows/toolchain/gcc-arm-none-eabi/bin/../lib/gcc/arm-none-eabi/11.2.1/thumb/v7e-m+fp/hard\libgcc.a(_arm_muldf3.o)
 .text          0x08011c60      0x378 c:/mchatoolchainwindows/toolchain/gcc-arm-none-eabi/bin/../lib/gcc/arm-none-eabi/11.2.1/thumb/v7e-m+fp/hard\libgcc.a(_arm_addsubdf3.o)
                0x08011c60                __aeabi_drsub
                0x08011c68                __aeabi_dsub
                0x08011c68                __subdf3
                0x08011c6c                __aeabi_dadd
                0x08011c6c                __adddf3
                0x08011ee4                __floatunsidf
                0x08011ee4                __aeabi_ui2d
                0x08011f04                __floatsidf
                0x08011f04                __aeabi_i2d
                0x08011f28                __aeabi_f2d
                0x08011f28                __extendsfdf2
                0x08011f6c                __floatundidf
                0x08011f6c                __aeabi_ul2d
                0x08011f7c                __floatdidf
                0x08011f7c                __aeabi_l2d
 .text          0x08011fd8      0x424 c:/mchatoolchainwindows/toolchain/gcc-arm-none-eabi/bin/../lib/gcc/arm-none-eabi/11.2.1/thumb/v7e-m+fp/hard\libgcc.a(_arm_muldivdf3.o)
                0x08011fd8                __aeabi_dmul
                0x08011fd8                __muldf3
                0x0801222c                __divdf3
                0x0801222c                __aeabi_ddiv
 .text          0x080123fc      0x110 c:/mchatoolchainwindows/toolchain/gcc-arm-none-eabi/bin/../lib/gcc/arm-none-eabi/11.2.1/thumb/v7e-m+fp/hard\libgcc.a(_arm_cmpdf2.o)
                0x080123fc                __gtdf2
                0x080123fc                __gedf2
                0x08012404                __ltdf2
                0x08012404                __ledf2
                0x0801240c                __nedf2
                0x0801240c                __eqdf2
                0x0801240c                __cmpdf2
                0x08012488                __aeabi_cdrcmple
                0x08012498                __aeabi_cdcmpeq
                0x08012498                __aeabi_cdcmple
                0x080124a8                __aeabi_dcmpeq
                0x080124bc                __aeabi_dcmplt
                0x080124d0                __aeabi_dcmple
                0x080124e4                __aeabi_dcmpge
                0x080124f8                __aeabi_dcmpgt
 .text          0x0801250c       0x2c c:/mchatoolchainwindows/toolchain/gcc-arm-none-eabi/bin/../lib/gcc/arm-none-eabi/11.2.1/thumb/v7e-m+fp/hard\libgcc.a(_arm_unorddf2.o)
                0x0801250c                __unorddf2
                0x0801250c                __aeabi_dcmpun
 .text          0x08012538       0xa0 c:/mchatoolchainwindows/toolchain/gcc-arm-none-eabi/bin/../lib/gcc/arm-none-eabi/11.2.1/thumb/v7e-m+fp/hard\libgcc.a(_arm_truncdfsf2.o)
                0x08012538                __truncdfsf2
                0x08012538                __aeabi_d2f
 .text          0x080125d8       0xa0 c:/mchatoolchainwindows/toolchain/gcc-arm-none-eabi/bin/../lib/gcc/arm-none-eabi/11.2.1/thumb/v7e-m+fp/hard\libgcc.a(_aeabi_ldivmod.o)
                0x080125d8                __aeabi_ldivmod
 .text          0x08012678       0x30 c:/mchatoolchainwindows/toolchain/gcc-arm-none-eabi/bin/../lib/gcc/arm-none-eabi/11.2.1/thumb/v7e-m+fp/hard\libgcc.a(_aeabi_uldivmod.o)
                0x08012678                __aeabi_uldivmod
 .text          0x080126a8        0x0 c:/mchatoolchainwindows/toolchain/gcc-arm-none-eabi/bin/../lib/gcc/arm-none-eabi/11.2.1/thumb/v7e-m+fp/hard\libgcc.a(_udivmoddi4.o)
 .text          0x080126a8        0x4 c:/mchatoolchainwindows/toolchain/gcc-arm-none-eabi/bin/../lib/gcc/arm-none-eabi/11.2.1/thumb/v7e-m+fp/hard\libgcc.a(_dvmd_tls.o)
                0x080126a8                __aeabi_idiv0
                0x080126a8                __aeabi_ldiv0
 .text          0x080126ac        0x0 c:/mchatoolchainwindows/toolchain/gcc-arm-none-eabi/bin/../lib/gcc/arm-none-eabi/11.2.1/thumb/v7e-m+fp/hard\libc_nano.a(lib_a-atof.o)
 .text          0x080126ac        0x0 c:/mchatoolchainwindows/toolchain/gcc-arm-none-eabi/bin/../lib/gcc/arm-none-eabi/11.2.1/thumb/v7e-m+fp/hard\libc_nano.a(lib_a-atoi.o)
 .text          0x080126ac        0x0 c:/mchatoolchainwindows/toolchain/gcc-arm-none-eabi/bin/../lib/gcc/arm-none-eabi/11.2.1/thumb/v7e-m+fp/hard\libc_nano.a(lib_a-ctype_.o)
 .text          0x080126ac        0x0 c:/mchatoolchainwindows/toolchain/gcc-arm-none-eabi/bin/../lib/gcc/arm-none-eabi/11.2.1/thumb/v7e-m+fp/hard\libc_nano.a(lib_a-errno.o)
 .text          0x080126ac        0x0 c:/mchatoolchainwindows/toolchain/gcc-arm-none-eabi/bin/../lib/gcc/arm-none-eabi/11.2.1/thumb/v7e-m+fp/hard\libc_nano.a(lib_a-exit.o)
 .text          0x080126ac        0x0 c:/mchatoolchainwindows/toolchain/gcc-arm-none-eabi/bin/../lib/gcc/arm-none-eabi/11.2.1/thumb/v7e-m+fp/hard\libc_nano.a(lib_a-getchar.o)
 .text          0x080126ac        0x0 c:/mchatoolchainwindows/toolchain/gcc-arm-none-eabi/bin/../lib/gcc/arm-none-eabi/11.2.1/thumb/v7e-m+fp/hard\libc_nano.a(lib_a-getc.o)
 .text          0x080126ac        0x0 c:/mchatoolchainwindows/toolchain/gcc-arm-none-eabi/bin/../lib/gcc/arm-none-eabi/11.2.1/thumb/v7e-m+fp/hard\libc_nano.a(lib_a-impure.o)
 .text          0x080126ac        0x0 c:/mchatoolchainwindows/toolchain/gcc-arm-none-eabi/bin/../lib/gcc/arm-none-eabi/11.2.1/thumb/v7e-m+fp/hard\libc_nano.a(lib_a-init.o)
 .text          0x080126ac        0x0 c:/mchatoolchainwindows/toolchain/gcc-arm-none-eabi/bin/../lib/gcc/arm-none-eabi/11.2.1/thumb/v7e-m+fp/hard\libc_nano.a(lib_a-malloc.o)
 .text          0x080126ac        0x0 c:/mchatoolchainwindows/toolchain/gcc-arm-none-eabi/bin/../lib/gcc/arm-none-eabi/11.2.1/thumb/v7e-m+fp/hard\libc_nano.a(lib_a-memcpy-stub.o)
 .text          0x080126ac        0x0 c:/mchatoolchainwindows/toolchain/gcc-arm-none-eabi/bin/../lib/gcc/arm-none-eabi/11.2.1/thumb/v7e-m+fp/hard\libc_nano.a(lib_a-memset.o)
 .text          0x080126ac        0x0 c:/mchatoolchainwindows/toolchain/gcc-arm-none-eabi/bin/../lib/gcc/arm-none-eabi/11.2.1/thumb/v7e-m+fp/hard\libc_nano.a(lib_a-mstats.o)
 .text          0x080126ac        0x0 c:/mchatoolchainwindows/toolchain/gcc-arm-none-eabi/bin/../lib/gcc/arm-none-eabi/11.2.1/thumb/v7e-m+fp/hard\libc_nano.a(lib_a-nano-freer.o)
 .text          0x080126ac        0x0 c:/mchatoolchainwindows/toolchain/gcc-arm-none-eabi/bin/../lib/gcc/arm-none-eabi/11.2.1/thumb/v7e-m+fp/hard\libc_nano.a(lib_a-nano-mallinfor.o)
 .text          0x080126ac        0x0 c:/mchatoolchainwindows/toolchain/gcc-arm-none-eabi/bin/../lib/gcc/arm-none-eabi/11.2.1/thumb/v7e-m+fp/hard\libc_nano.a(lib_a-nano-mallocr.o)
 .text          0x080126ac        0x0 c:/mchatoolchainwindows/toolchain/gcc-arm-none-eabi/bin/../lib/gcc/arm-none-eabi/11.2.1/thumb/v7e-m+fp/hard\libc_nano.a(lib_a-nano-malloptr.o)
 .text          0x080126ac        0x0 c:/mchatoolchainwindows/toolchain/gcc-arm-none-eabi/bin/../lib/gcc/arm-none-eabi/11.2.1/thumb/v7e-m+fp/hard\libc_nano.a(lib_a-nano-mallstatsr.o)
 .text          0x080126ac        0x0 c:/mchatoolchainwindows/toolchain/gcc-arm-none-eabi/bin/../lib/gcc/arm-none-eabi/11.2.1/thumb/v7e-m+fp/hard\libc_nano.a(lib_a-nano-vfprintf_float.o)
 .text          0x080126ac        0x0 c:/mchatoolchainwindows/toolchain/gcc-arm-none-eabi/bin/../lib/gcc/arm-none-eabi/11.2.1/thumb/v7e-m+fp/hard\libc_nano.a(lib_a-nano-vfprintf_i.o)
 .text          0x080126ac        0x0 c:/mchatoolchainwindows/toolchain/gcc-arm-none-eabi/bin/../lib/gcc/arm-none-eabi/11.2.1/thumb/v7e-m+fp/hard\libc_nano.a(lib_a-nano-vfscanf_float.o)
 .text          0x080126ac        0x0 c:/mchatoolchainwindows/toolchain/gcc-arm-none-eabi/bin/../lib/gcc/arm-none-eabi/11.2.1/thumb/v7e-m+fp/hard\libc_nano.a(lib_a-printf.o)
 .text          0x080126ac        0x0 c:/mchatoolchainwindows/toolchain/gcc-arm-none-eabi/bin/../lib/gcc/arm-none-eabi/11.2.1/thumb/v7e-m+fp/hard\libc_nano.a(lib_a-reent.o)
 .text          0x080126ac        0x0 c:/mchatoolchainwindows/toolchain/gcc-arm-none-eabi/bin/../lib/gcc/arm-none-eabi/11.2.1/thumb/v7e-m+fp/hard\libc_nano.a(lib_a-rget.o)
 .text          0x080126ac        0x0 c:/mchatoolchainwindows/toolchain/gcc-arm-none-eabi/bin/../lib/gcc/arm-none-eabi/11.2.1/thumb/v7e-m+fp/hard\libc_nano.a(lib_a-sbrkr.o)
 .text          0x080126ac        0x0 c:/mchatoolchainwindows/toolchain/gcc-arm-none-eabi/bin/../lib/gcc/arm-none-eabi/11.2.1/thumb/v7e-m+fp/hard\libc_nano.a(lib_a-setvbuf.o)
 .text          0x080126ac        0x0 c:/mchatoolchainwindows/toolchain/gcc-arm-none-eabi/bin/../lib/gcc/arm-none-eabi/11.2.1/thumb/v7e-m+fp/hard\libc_nano.a(lib_a-sf_nan.o)
 .text          0x080126ac        0x0 c:/mchatoolchainwindows/toolchain/gcc-arm-none-eabi/bin/../lib/gcc/arm-none-eabi/11.2.1/thumb/v7e-m+fp/hard\libc_nano.a(lib_a-sprintf.o)
 .text          0x080126ac       0x14 c:/mchatoolchainwindows/toolchain/gcc-arm-none-eabi/bin/../lib/gcc/arm-none-eabi/11.2.1/thumb/v7e-m+fp/hard\libc_nano.a(lib_a-strcmp.o)
                0x080126ac                strcmp
 .text          0x080126c0       0x10 c:/mchatoolchainwindows/toolchain/gcc-arm-none-eabi/bin/../lib/gcc/arm-none-eabi/11.2.1/thumb/v7e-m+fp/hard\libc_nano.a(lib_a-strlen.o)
                0x080126c0                strlen
 .text          0x080126d0        0x0 c:/mchatoolchainwindows/toolchain/gcc-arm-none-eabi/bin/../lib/gcc/arm-none-eabi/11.2.1/thumb/v7e-m+fp/hard\libc_nano.a(lib_a-strtod.o)
 .text          0x080126d0        0x0 c:/mchatoolchainwindows/toolchain/gcc-arm-none-eabi/bin/../lib/gcc/arm-none-eabi/11.2.1/thumb/v7e-m+fp/hard\libc_nano.a(lib_a-strtol.o)
 .text          0x080126d0        0x0 c:/mchatoolchainwindows/toolchain/gcc-arm-none-eabi/bin/../lib/gcc/arm-none-eabi/11.2.1/thumb/v7e-m+fp/hard\libc_nano.a(lib_a-vprintf.o)
 .text          0x080126d0        0x0 c:/mchatoolchainwindows/toolchain/gcc-arm-none-eabi/bin/../lib/gcc/arm-none-eabi/11.2.1/thumb/v7e-m+fp/hard\libc_nano.a(lib_a-dtoa.o)
 .text          0x080126d0        0x0 c:/mchatoolchainwindows/toolchain/gcc-arm-none-eabi/bin/../lib/gcc/arm-none-eabi/11.2.1/thumb/v7e-m+fp/hard\libc_nano.a(lib_a-fflush.o)
 .text          0x080126d0        0x0 c:/mchatoolchainwindows/toolchain/gcc-arm-none-eabi/bin/../lib/gcc/arm-none-eabi/11.2.1/thumb/v7e-m+fp/hard\libc_nano.a(lib_a-findfp.o)
 .text          0x080126d0        0x0 c:/mchatoolchainwindows/toolchain/gcc-arm-none-eabi/bin/../lib/gcc/arm-none-eabi/11.2.1/thumb/v7e-m+fp/hard\libc_nano.a(lib_a-fprintf.o)
 .text          0x080126d0        0x0 c:/mchatoolchainwindows/toolchain/gcc-arm-none-eabi/bin/../lib/gcc/arm-none-eabi/11.2.1/thumb/v7e-m+fp/hard\libc_nano.a(lib_a-fwalk.o)
 .text          0x080126d0        0x0 c:/mchatoolchainwindows/toolchain/gcc-arm-none-eabi/bin/../lib/gcc/arm-none-eabi/11.2.1/thumb/v7e-m+fp/hard\libc_nano.a(lib_a-gdtoa-gethex.o)
 .text          0x080126d0        0x0 c:/mchatoolchainwindows/toolchain/gcc-arm-none-eabi/bin/../lib/gcc/arm-none-eabi/11.2.1/thumb/v7e-m+fp/hard\libc_nano.a(lib_a-gdtoa-hexnan.o)
 .text          0x080126d0        0x0 c:/mchatoolchainwindows/toolchain/gcc-arm-none-eabi/bin/../lib/gcc/arm-none-eabi/11.2.1/thumb/v7e-m+fp/hard\libc_nano.a(lib_a-lnumeric.o)
 .text          0x080126d0        0x0 c:/mchatoolchainwindows/toolchain/gcc-arm-none-eabi/bin/../lib/gcc/arm-none-eabi/11.2.1/thumb/v7e-m+fp/hard\libc_nano.a(lib_a-localeconv.o)
 .text          0x080126d0        0x0 c:/mchatoolchainwindows/toolchain/gcc-arm-none-eabi/bin/../lib/gcc/arm-none-eabi/11.2.1/thumb/v7e-m+fp/hard\libc_nano.a(lib_a-locale.o)
 .text          0x080126d0        0x0 c:/mchatoolchainwindows/toolchain/gcc-arm-none-eabi/bin/../lib/gcc/arm-none-eabi/11.2.1/thumb/v7e-m+fp/hard\libc_nano.a(lib_a-makebuf.o)
 .text          0x080126d0        0x0 c:/mchatoolchainwindows/toolchain/gcc-arm-none-eabi/bin/../lib/gcc/arm-none-eabi/11.2.1/thumb/v7e-m+fp/hard\libc_nano.a(lib_a-mbtowc_r.o)
 .text          0x080126d0       0xa0 c:/mchatoolchainwindows/toolchain/gcc-arm-none-eabi/bin/../lib/gcc/arm-none-eabi/11.2.1/thumb/v7e-m+fp/hard\libc_nano.a(lib_a-memchr.o)
                0x080126d0                memchr
 .text          0x08012770        0x0 c:/mchatoolchainwindows/toolchain/gcc-arm-none-eabi/bin/../lib/gcc/arm-none-eabi/11.2.1/thumb/v7e-m+fp/hard\libc_nano.a(lib_a-mprec.o)
 .text          0x08012770        0x0 c:/mchatoolchainwindows/toolchain/gcc-arm-none-eabi/bin/../lib/gcc/arm-none-eabi/11.2.1/thumb/v7e-m+fp/hard\libc_nano.a(lib_a-nano-callocr.o)
 .text          0x08012770        0x0 c:/mchatoolchainwindows/toolchain/gcc-arm-none-eabi/bin/../lib/gcc/arm-none-eabi/11.2.1/thumb/v7e-m+fp/hard\libc_nano.a(lib_a-nano-svfprintf.o)
 .text          0x08012770        0x0 c:/mchatoolchainwindows/toolchain/gcc-arm-none-eabi/bin/../lib/gcc/arm-none-eabi/11.2.1/thumb/v7e-m+fp/hard\libc_nano.a(lib_a-nano-vfprintf.o)
 .text          0x08012770        0x0 c:/mchatoolchainwindows/toolchain/gcc-arm-none-eabi/bin/../lib/gcc/arm-none-eabi/11.2.1/thumb/v7e-m+fp/hard\libc_nano.a(lib_a-refill.o)
 .text          0x08012770        0x0 c:/mchatoolchainwindows/toolchain/gcc-arm-none-eabi/bin/../lib/gcc/arm-none-eabi/11.2.1/thumb/v7e-m+fp/hard\libc_nano.a(lib_a-s_nan.o)
 .text          0x08012770        0x0 c:/mchatoolchainwindows/toolchain/gcc-arm-none-eabi/bin/../lib/gcc/arm-none-eabi/11.2.1/thumb/v7e-m+fp/hard\libc_nano.a(lib_a-stdio.o)
 .text          0x08012770        0x0 c:/mchatoolchainwindows/toolchain/gcc-arm-none-eabi/bin/../lib/gcc/arm-none-eabi/11.2.1/thumb/v7e-m+fp/hard\libc_nano.a(lib_a-strncmp.o)
 .text          0x08012770        0x0 c:/mchatoolchainwindows/toolchain/gcc-arm-none-eabi/bin/../lib/gcc/arm-none-eabi/11.2.1/thumb/v7e-m+fp/hard\libc_nano.a(lib_a-wbuf.o)
 .text          0x08012770        0x0 c:/mchatoolchainwindows/toolchain/gcc-arm-none-eabi/bin/../lib/gcc/arm-none-eabi/11.2.1/thumb/v7e-m+fp/hard\libc_nano.a(lib_a-wctomb_r.o)
 .text          0x08012770        0x0 c:/mchatoolchainwindows/toolchain/gcc-arm-none-eabi/bin/../lib/gcc/arm-none-eabi/11.2.1/thumb/v7e-m+fp/hard\libc_nano.a(lib_a-writer.o)
 .text          0x08012770        0x0 c:/mchatoolchainwindows/toolchain/gcc-arm-none-eabi/bin/../lib/gcc/arm-none-eabi/11.2.1/thumb/v7e-m+fp/hard\libc_nano.a(lib_a-wsetup.o)
 .text          0x08012770        0x0 c:/mchatoolchainwindows/toolchain/gcc-arm-none-eabi/bin/../lib/gcc/arm-none-eabi/11.2.1/thumb/v7e-m+fp/hard\libc_nano.a(lib_a-assert.o)
 .text          0x08012770        0x0 c:/mchatoolchainwindows/toolchain/gcc-arm-none-eabi/bin/../lib/gcc/arm-none-eabi/11.2.1/thumb/v7e-m+fp/hard\libc_nano.a(lib_a-closer.o)
 .text          0x08012770        0x0 c:/mchatoolchainwindows/toolchain/gcc-arm-none-eabi/bin/../lib/gcc/arm-none-eabi/11.2.1/thumb/v7e-m+fp/hard\libc_nano.a(lib_a-fstatr.o)
 .text          0x08012770        0x0 c:/mchatoolchainwindows/toolchain/gcc-arm-none-eabi/bin/../lib/gcc/arm-none-eabi/11.2.1/thumb/v7e-m+fp/hard\libc_nano.a(lib_a-fvwrite.o)
 .text          0x08012770        0x0 c:/mchatoolchainwindows/toolchain/gcc-arm-none-eabi/bin/../lib/gcc/arm-none-eabi/11.2.1/thumb/v7e-m+fp/hard\libc_nano.a(lib_a-isattyr.o)
 .text          0x08012770        0x0 c:/mchatoolchainwindows/toolchain/gcc-arm-none-eabi/bin/../lib/gcc/arm-none-eabi/11.2.1/thumb/v7e-m+fp/hard\libc_nano.a(lib_a-lseekr.o)
 .text          0x08012770        0x0 c:/mchatoolchainwindows/toolchain/gcc-arm-none-eabi/bin/../lib/gcc/arm-none-eabi/11.2.1/thumb/v7e-m+fp/hard\libc_nano.a(lib_a-memmove.o)
 .text          0x08012770        0x0 c:/mchatoolchainwindows/toolchain/gcc-arm-none-eabi/bin/../lib/gcc/arm-none-eabi/11.2.1/thumb/v7e-m+fp/hard\libc_nano.a(lib_a-nano-reallocr.o)
 .text          0x08012770        0x0 c:/mchatoolchainwindows/toolchain/gcc-arm-none-eabi/bin/../lib/gcc/arm-none-eabi/11.2.1/thumb/v7e-m+fp/hard\libc_nano.a(lib_a-readr.o)
 .text          0x08012770        0x0 c:/mchatoolchainwindows/toolchain/gcc-arm-none-eabi/bin/../lib/gcc/arm-none-eabi/11.2.1/thumb/v7e-m+fp/hard\libc_nano.a(lib_a-abort.o)
 .text          0x08012770        0x0 c:/mchatoolchainwindows/toolchain/gcc-arm-none-eabi/bin/../lib/gcc/arm-none-eabi/11.2.1/thumb/v7e-m+fp/hard\libc_nano.a(lib_a-nano-msizer.o)
 .text          0x08012770        0x0 c:/mchatoolchainwindows/toolchain/gcc-arm-none-eabi/bin/../lib/gcc/arm-none-eabi/11.2.1/thumb/v7e-m+fp/hard\libc_nano.a(lib_a-signal.o)
 .text          0x08012770        0x0 c:/mchatoolchainwindows/toolchain/gcc-arm-none-eabi/bin/../lib/gcc/arm-none-eabi/11.2.1/thumb/v7e-m+fp/hard\libc_nano.a(lib_a-signalr.o)
 .text          0x08012770       0x50 c:/mchatoolchainwindows/toolchain/gcc-arm-none-eabi/bin/../lib/gcc/arm-none-eabi/11.2.1/thumb/v7e-m+fp/hard\libgcc.a(_arm_fixdfsi.o)
                0x08012770                __aeabi_d2iz
                0x08012770                __fixdfsi
 .text          0x080127c0       0x40 c:/mchatoolchainwindows/toolchain/gcc-arm-none-eabi/bin/../lib/gcc/arm-none-eabi/11.2.1/thumb/v7e-m+fp/hard\libgcc.a(_arm_fixunsdfsi.o)
                0x080127c0                __aeabi_d2uiz
                0x080127c0                __fixunsdfsi
 .text          0x08012800        0x0 c:/mchatoolchainwindows/toolchain/gcc-arm-none-eabi/bin/../lib/gcc/arm-none-eabi/11.2.1/thumb/v7e-m+fp/hard\libgcc.a(_fixdfdi.o)
 .text          0x08012800        0x0 c:/mchatoolchainwindows/toolchain/gcc-arm-none-eabi/bin/../lib/gcc/arm-none-eabi/11.2.1/thumb/v7e-m+fp/hard\libgcc.a(_fixunsdfdi.o)
 .text          0x08012800        0x0 c:/mchatoolchainwindows/toolchain/gcc-arm-none-eabi/bin/../lib/gcc/arm-none-eabi/11.2.1/thumb/v7e-m+fp/hard\libnosys.a(close.o)
 .text          0x08012800        0x0 c:/mchatoolchainwindows/toolchain/gcc-arm-none-eabi/bin/../lib/gcc/arm-none-eabi/11.2.1/thumb/v7e-m+fp/hard\libnosys.a(fstat.o)
 .text          0x08012800        0x0 c:/mchatoolchainwindows/toolchain/gcc-arm-none-eabi/bin/../lib/gcc/arm-none-eabi/11.2.1/thumb/v7e-m+fp/hard\libnosys.a(getpid.o)
 .text          0x08012800        0x0 c:/mchatoolchainwindows/toolchain/gcc-arm-none-eabi/bin/../lib/gcc/arm-none-eabi/11.2.1/thumb/v7e-m+fp/hard\libnosys.a(isatty.o)
 .text          0x08012800        0x0 c:/mchatoolchainwindows/toolchain/gcc-arm-none-eabi/bin/../lib/gcc/arm-none-eabi/11.2.1/thumb/v7e-m+fp/hard\libnosys.a(kill.o)
 .text          0x08012800        0x0 c:/mchatoolchainwindows/toolchain/gcc-arm-none-eabi/bin/../lib/gcc/arm-none-eabi/11.2.1/thumb/v7e-m+fp/hard\libnosys.a(lseek.o)
 .text          0x08012800        0x0 c:/mchatoolchainwindows/toolchain/gcc-arm-none-eabi/bin/../lib/gcc/arm-none-eabi/11.2.1/thumb/v7e-m+fp/hard\libnosys.a(_exit.o)
 .text          0x08012800        0x0 c:/mchatoolchainwindows/toolchain/gcc-arm-none-eabi/bin/../lib/gcc/arm-none-eabi/11.2.1/thumb/v7e-m+fp/hard/crtend.o
 .text          0x08012800        0x0 c:/mchatoolchainwindows/toolchain/gcc-arm-none-eabi/bin/../lib/gcc/arm-none-eabi/11.2.1/thumb/v7e-m+fp/hard/crtn.o
 *(.text*)
 .text.deregister_tm_clones
                0x08012800       0x1c c:/mchatoolchainwindows/toolchain/gcc-arm-none-eabi/bin/../lib/gcc/arm-none-eabi/11.2.1/thumb/v7e-m+fp/hard/crtbegin.o
 .text.register_tm_clones
                0x0801281c       0x24 c:/mchatoolchainwindows/toolchain/gcc-arm-none-eabi/bin/../lib/gcc/arm-none-eabi/11.2.1/thumb/v7e-m+fp/hard/crtbegin.o
 .text.__do_global_dtors_aux
                0x08012840       0x28 c:/mchatoolchainwindows/toolchain/gcc-arm-none-eabi/bin/../lib/gcc/arm-none-eabi/11.2.1/thumb/v7e-m+fp/hard/crtbegin.o
 .text.frame_dummy
                0x08012868       0x24 c:/mchatoolchainwindows/toolchain/gcc-arm-none-eabi/bin/../lib/gcc/arm-none-eabi/11.2.1/thumb/v7e-m+fp/hard/crtbegin.o
 .text.startup  0x0801288c       0xa8 build/main.o
                0x0801288c                main
 .text.Reset_Handler
                0x08012934       0x50 build/startup_stm32f446xx.o
                0x08012934                Reset_Handler
 .text.Default_Handler
                0x08012984        0x2 build/startup_stm32f446xx.o
                0x08012984                RTC_Alarm_IRQHandler
                0x08012984                EXTI2_IRQHandler
                0x08012984                TIM8_CC_IRQHandler
                0x08012984                SPI4_IRQHandler
                0x08012984                TIM1_CC_IRQHandler
                0x08012984                DMA2_Stream5_IRQHandler
                0x08012984                DMA1_Stream5_IRQHandler
                0x08012984                PVD_IRQHandler
                0x08012984                SDIO_IRQHandler
                0x08012984                TAMP_STAMP_IRQHandler
                0x08012984                CAN2_RX1_IRQHandler
                0x08012984                EXTI3_IRQHandler
                0x08012984                TIM8_TRG_COM_TIM14_IRQHandler
                0x08012984                TIM1_UP_TIM10_IRQHandler
                0x08012984                TIM8_UP_TIM13_IRQHandler
                0x08012984                I2C3_ER_IRQHandler
                0x08012984                FMPI2C1_Event_IRQHandler
                0x08012984                I2C2_EV_IRQHandler
                0x08012984                DMA1_Stream2_IRQHandler
                0x08012984                CAN1_RX0_IRQHandler
                0x08012984                FPU_IRQHandler
                0x08012984                OTG_HS_WKUP_IRQHandler
                0x08012984                CAN2_SCE_IRQHandler
                0x08012984                DMA2_Stream2_IRQHandler
                0x08012984                SPI1_IRQHandler
                0x08012984                TIM6_DAC_IRQHandler
                0x08012984                TIM1_BRK_TIM9_IRQHandler
                0x08012984                DCMI_IRQHandler
                0x08012984                CAN2_RX0_IRQHandler
                0x08012984                DMA2_Stream3_IRQHandler
                0x08012984                SAI2_IRQHandler
                0x08012984                USART6_IRQHandler
                0x08012984                USART3_IRQHandler
                0x08012984                CAN1_RX1_IRQHandler
                0x08012984                UART5_IRQHandler
                0x08012984                TIM4_IRQHandler
                0x08012984                QUADSPI_IRQHandler
                0x08012984                I2C1_EV_IRQHandler
                0x08012984                DMA1_Stream6_IRQHandler
                0x08012984                DMA1_Stream1_IRQHandler
                0x08012984                UART4_IRQHandler
                0x08012984                TIM3_IRQHandler
                0x08012984                RCC_IRQHandler
                0x08012984                TIM8_BRK_TIM12_IRQHandler
                0x08012984                Default_Handler
                0x08012984                CEC_IRQHandler
                0x08012984                EXTI15_10_IRQHandler
                0x08012984                ADC_IRQHandler
                0x08012984                DMA1_Stream7_IRQHandler
                0x08012984                TIM7_IRQHandler
                0x08012984                CAN2_TX_IRQHandler
                0x08012984                TIM5_IRQHandler
                0x08012984                DMA2_Stream7_IRQHandler
                0x08012984                I2C3_EV_IRQHandler
                0x08012984                RTC_WKUP_IRQHandler
                0x08012984                SPDIF_RX_IRQHandler
                0x08012984                SPI2_IRQHandler
                0x08012984                OTG_HS_EP1_IN_IRQHandler
                0x08012984                DMA1_Stream0_IRQHandler
                0x08012984                CAN1_TX_IRQHandler
                0x08012984                OTG_HS_EP1_OUT_IRQHandler
                0x08012984                WWDG_IRQHandler
                0x08012984                TIM2_IRQHandler
                0x08012984                OTG_FS_WKUP_IRQHandler
                0x08012984                TIM1_TRG_COM_TIM11_IRQHandler
                0x08012984                OTG_HS_IRQHandler
                0x08012984                I2C2_ER_IRQHandler
                0x08012984                DMA2_Stream1_IRQHandler
                0x08012984                CAN1_SCE_IRQHandler
                0x08012984                FLASH_IRQHandler
                0x08012984                DMA2_Stream4_IRQHandler
                0x08012984                OTG_FS_IRQHandler
                0x08012984                SPI3_IRQHandler
                0x08012984                DMA1_Stream4_IRQHandler
                0x08012984                I2C1_ER_IRQHandler
                0x08012984                FMC_IRQHandler
                0x08012984                DMA2_Stream6_IRQHandler
                0x08012984                SAI1_IRQHandler
                0x08012984                DMA1_Stream3_IRQHandler
                0x08012984                FMPI2C1_Error_IRQHandler
 *fill*         0x08012986        0x2 
 .text.fmax     0x08012988       0x50 c:/mchatoolchainwindows/toolchain/gcc-arm-none-eabi/bin/../lib/gcc/arm-none-eabi/11.2.1/thumb/v7e-m+fp/hard\libm.a(lib_a-s_fmax.o)
                0x08012988                fmax
 .text.fmin     0x080129d8       0x50 c:/mchatoolchainwindows/toolchain/gcc-arm-none-eabi/bin/../lib/gcc/arm-none-eabi/11.2.1/thumb/v7e-m+fp/hard\libm.a(lib_a-s_fmin.o)
                0x080129d8                fmin
 .text.__fpclassifyd
                0x08012a28       0x54 c:/mchatoolchainwindows/toolchain/gcc-arm-none-eabi/bin/../lib/gcc/arm-none-eabi/11.2.1/thumb/v7e-m+fp/hard\libm.a(lib_a-s_fpclassify.o)
                0x08012a28                __fpclassifyd
 .text.sinf     0x08012a7c       0x74 c:/mchatoolchainwindows/toolchain/gcc-arm-none-eabi/bin/../lib/gcc/arm-none-eabi/11.2.1/thumb/v7e-m+fp/hard\libm.a(lib_a-sf_sin.o)
                0x08012a7c                sinf
 .text.atan2    0x08012af0        0x4 c:/mchatoolchainwindows/toolchain/gcc-arm-none-eabi/bin/../lib/gcc/arm-none-eabi/11.2.1/thumb/v7e-m+fp/hard\libm.a(lib_a-w_atan2.o)
                0x08012af0                atan2
 .text.sqrt     0x08012af4       0x68 c:/mchatoolchainwindows/toolchain/gcc-arm-none-eabi/bin/../lib/gcc/arm-none-eabi/11.2.1/thumb/v7e-m+fp/hard\libm.a(lib_a-w_sqrt.o)
                0x08012af4                sqrt
 *fill*         0x08012b5c        0x4 
 .text.__ieee754_atan2
                0x08012b60      0x1b4 c:/mchatoolchainwindows/toolchain/gcc-arm-none-eabi/bin/../lib/gcc/arm-none-eabi/11.2.1/thumb/v7e-m+fp/hard\libm.a(lib_a-e_atan2.o)
                0x08012b60                __ieee754_atan2
 .text.__ieee754_rem_pio2f
                0x08012d14      0x260 c:/mchatoolchainwindows/toolchain/gcc-arm-none-eabi/bin/../lib/gcc/arm-none-eabi/11.2.1/thumb/v7e-m+fp/hard\libm.a(lib_a-ef_rem_pio2.o)
                0x08012d14                __ieee754_rem_pio2f
 .text.__ieee754_sqrt
                0x08012f74      0x194 c:/mchatoolchainwindows/toolchain/gcc-arm-none-eabi/bin/../lib/gcc/arm-none-eabi/11.2.1/thumb/v7e-m+fp/hard\libm.a(lib_a-e_sqrt.o)
                0x08012f74                __ieee754_sqrt
 .text.__kernel_cosf
                0x08013108      0x104 c:/mchatoolchainwindows/toolchain/gcc-arm-none-eabi/bin/../lib/gcc/arm-none-eabi/11.2.1/thumb/v7e-m+fp/hard\libm.a(lib_a-kf_cos.o)
                0x08013108                __kernel_cosf
 .text.__kernel_rem_pio2f
                0x0801320c      0x664 c:/mchatoolchainwindows/toolchain/gcc-arm-none-eabi/bin/../lib/gcc/arm-none-eabi/11.2.1/thumb/v7e-m+fp/hard\libm.a(lib_a-kf_rem_pio2.o)
                0x0801320c                __kernel_rem_pio2f
 .text.__kernel_sinf
                0x08013870       0x90 c:/mchatoolchainwindows/toolchain/gcc-arm-none-eabi/bin/../lib/gcc/arm-none-eabi/11.2.1/thumb/v7e-m+fp/hard\libm.a(lib_a-kf_sin.o)
                0x08013870                __kernel_sinf
 .text.atan     0x08013900      0x340 c:/mchatoolchainwindows/toolchain/gcc-arm-none-eabi/bin/../lib/gcc/arm-none-eabi/11.2.1/thumb/v7e-m+fp/hard\libm.a(lib_a-s_atan.o)
                0x08013900                atan
 .text.fabs     0x08013c40       0x14 c:/mchatoolchainwindows/toolchain/gcc-arm-none-eabi/bin/../lib/gcc/arm-none-eabi/11.2.1/thumb/v7e-m+fp/hard\libm.a(lib_a-s_fabs.o)
                0x08013c40                fabs
 .text.fabsf    0x08013c54       0x10 c:/mchatoolchainwindows/toolchain/gcc-arm-none-eabi/bin/../lib/gcc/arm-none-eabi/11.2.1/thumb/v7e-m+fp/hard\libm.a(lib_a-sf_fabs.o)
                0x08013c54                fabsf
 .text.floorf   0x08013c64       0x90 c:/mchatoolchainwindows/toolchain/gcc-arm-none-eabi/bin/../lib/gcc/arm-none-eabi/11.2.1/thumb/v7e-m+fp/hard\libm.a(lib_a-sf_floor.o)
                0x08013c64                floorf
 .text.scalbnf  0x08013cf4       0xdc c:/mchatoolchainwindows/toolchain/gcc-arm-none-eabi/bin/../lib/gcc/arm-none-eabi/11.2.1/thumb/v7e-m+fp/hard\libm.a(lib_a-sf_scalbn.o)
                0x08013cf4                scalbnf
 .text.__udivmoddi4
                0x08013dd0      0x2c8 c:/mchatoolchainwindows/toolchain/gcc-arm-none-eabi/bin/../lib/gcc/arm-none-eabi/11.2.1/thumb/v7e-m+fp/hard\libgcc.a(_udivmoddi4.o)
                0x08013dd0                __udivmoddi4
 .text.atof     0x08014098        0x6 c:/mchatoolchainwindows/toolchain/gcc-arm-none-eabi/bin/../lib/gcc/arm-none-eabi/11.2.1/thumb/v7e-m+fp/hard\libc_nano.a(lib_a-atof.o)
                0x08014098                atof
 .text.atoi     0x0801409e        0x8 c:/mchatoolchainwindows/toolchain/gcc-arm-none-eabi/bin/../lib/gcc/arm-none-eabi/11.2.1/thumb/v7e-m+fp/hard\libc_nano.a(lib_a-atoi.o)
                0x0801409e                atoi
 .text._atoi_r  0x080140a6        0x8 c:/mchatoolchainwindows/toolchain/gcc-arm-none-eabi/bin/../lib/gcc/arm-none-eabi/11.2.1/thumb/v7e-m+fp/hard\libc_nano.a(lib_a-atoi.o)
                0x080140a6                _atoi_r
 *fill*         0x080140ae        0x2 
 .text.__errno  0x080140b0        0xc c:/mchatoolchainwindows/toolchain/gcc-arm-none-eabi/bin/../lib/gcc/arm-none-eabi/11.2.1/thumb/v7e-m+fp/hard\libc_nano.a(lib_a-errno.o)
                0x080140b0                __errno
 .text.exit     0x080140bc       0x28 c:/mchatoolchainwindows/toolchain/gcc-arm-none-eabi/bin/../lib/gcc/arm-none-eabi/11.2.1/thumb/v7e-m+fp/hard\libc_nano.a(lib_a-exit.o)
                0x080140bc                exit
 .text._getchar_r
                0x080140e4       0x1a c:/mchatoolchainwindows/toolchain/gcc-arm-none-eabi/bin/../lib/gcc/arm-none-eabi/11.2.1/thumb/v7e-m+fp/hard\libc_nano.a(lib_a-getchar.o)
                0x080140e4                _getchar_r
 *fill*         0x080140fe        0x2 
 .text.getchar  0x08014100       0x24 c:/mchatoolchainwindows/toolchain/gcc-arm-none-eabi/bin/../lib/gcc/arm-none-eabi/11.2.1/thumb/v7e-m+fp/hard\libc_nano.a(lib_a-getchar.o)
                0x08014100                getchar
 .text._getc_r  0x08014124       0x58 c:/mchatoolchainwindows/toolchain/gcc-arm-none-eabi/bin/../lib/gcc/arm-none-eabi/11.2.1/thumb/v7e-m+fp/hard\libc_nano.a(lib_a-getc.o)
                0x08014124                _getc_r
 .text.getc     0x0801417c       0x60 c:/mchatoolchainwindows/toolchain/gcc-arm-none-eabi/bin/../lib/gcc/arm-none-eabi/11.2.1/thumb/v7e-m+fp/hard\libc_nano.a(lib_a-getc.o)
                0x0801417c                getc
 .text.__libc_init_array
                0x080141dc       0x48 c:/mchatoolchainwindows/toolchain/gcc-arm-none-eabi/bin/../lib/gcc/arm-none-eabi/11.2.1/thumb/v7e-m+fp/hard\libc_nano.a(lib_a-init.o)
                0x080141dc                __libc_init_array
 .text.malloc   0x08014224       0x10 c:/mchatoolchainwindows/toolchain/gcc-arm-none-eabi/bin/../lib/gcc/arm-none-eabi/11.2.1/thumb/v7e-m+fp/hard\libc_nano.a(lib_a-malloc.o)
                0x08014224                malloc
 .text.free     0x08014234       0x10 c:/mchatoolchainwindows/toolchain/gcc-arm-none-eabi/bin/../lib/gcc/arm-none-eabi/11.2.1/thumb/v7e-m+fp/hard\libc_nano.a(lib_a-malloc.o)
                0x08014234                free
 .text.memcpy   0x08014244       0x1c c:/mchatoolchainwindows/toolchain/gcc-arm-none-eabi/bin/../lib/gcc/arm-none-eabi/11.2.1/thumb/v7e-m+fp/hard\libc_nano.a(lib_a-memcpy-stub.o)
                0x08014244                memcpy
 .text.memset   0x08014260       0x10 c:/mchatoolchainwindows/toolchain/gcc-arm-none-eabi/bin/../lib/gcc/arm-none-eabi/11.2.1/thumb/v7e-m+fp/hard\libc_nano.a(lib_a-memset.o)
                0x08014260                memset
 .text.mallinfo
                0x08014270       0x14 c:/mchatoolchainwindows/toolchain/gcc-arm-none-eabi/bin/../lib/gcc/arm-none-eabi/11.2.1/thumb/v7e-m+fp/hard\libc_nano.a(lib_a-mstats.o)
                0x08014270                mallinfo
 .text.malloc_stats
                0x08014284        0xc c:/mchatoolchainwindows/toolchain/gcc-arm-none-eabi/bin/../lib/gcc/arm-none-eabi/11.2.1/thumb/v7e-m+fp/hard\libc_nano.a(lib_a-mstats.o)
                0x08014284                malloc_stats
 .text.mallopt  0x08014290       0x10 c:/mchatoolchainwindows/toolchain/gcc-arm-none-eabi/bin/../lib/gcc/arm-none-eabi/11.2.1/thumb/v7e-m+fp/hard\libc_nano.a(lib_a-mstats.o)
                0x08014290                mallopt
 .text._mstats_r
                0x080142a0       0x2c c:/mchatoolchainwindows/toolchain/gcc-arm-none-eabi/bin/../lib/gcc/arm-none-eabi/11.2.1/thumb/v7e-m+fp/hard\libc_nano.a(lib_a-mstats.o)
                0x080142a0                _mstats_r
 .text.mstats   0x080142cc       0x10 c:/mchatoolchainwindows/toolchain/gcc-arm-none-eabi/bin/../lib/gcc/arm-none-eabi/11.2.1/thumb/v7e-m+fp/hard\libc_nano.a(lib_a-mstats.o)
                0x080142cc                mstats
 .text._free_r  0x080142dc       0x98 c:/mchatoolchainwindows/toolchain/gcc-arm-none-eabi/bin/../lib/gcc/arm-none-eabi/11.2.1/thumb/v7e-m+fp/hard\libc_nano.a(lib_a-nano-freer.o)
                0x080142dc                _free_r
 .text._mallinfo_r
                0x08014374       0x68 c:/mchatoolchainwindows/toolchain/gcc-arm-none-eabi/bin/../lib/gcc/arm-none-eabi/11.2.1/thumb/v7e-m+fp/hard\libc_nano.a(lib_a-nano-mallinfor.o)
                0x08014374                _mallinfo_r
 .text.sbrk_aligned
                0x080143dc       0x40 c:/mchatoolchainwindows/toolchain/gcc-arm-none-eabi/bin/../lib/gcc/arm-none-eabi/11.2.1/thumb/v7e-m+fp/hard\libc_nano.a(lib_a-nano-mallocr.o)
 .text._malloc_r
                0x0801441c       0xe8 c:/mchatoolchainwindows/toolchain/gcc-arm-none-eabi/bin/../lib/gcc/arm-none-eabi/11.2.1/thumb/v7e-m+fp/hard\libc_nano.a(lib_a-nano-mallocr.o)
                0x0801441c                _malloc_r
 .text._mallopt_r
                0x08014504        0x4 c:/mchatoolchainwindows/toolchain/gcc-arm-none-eabi/bin/../lib/gcc/arm-none-eabi/11.2.1/thumb/v7e-m+fp/hard\libc_nano.a(lib_a-nano-malloptr.o)
                0x08014504                _mallopt_r
 .text._malloc_stats_r
                0x08014508       0x50 c:/mchatoolchainwindows/toolchain/gcc-arm-none-eabi/bin/../lib/gcc/arm-none-eabi/11.2.1/thumb/v7e-m+fp/hard\libc_nano.a(lib_a-nano-mallstatsr.o)
                0x08014508                _malloc_stats_r
 .text.__cvt    0x08014558       0xc4 c:/mchatoolchainwindows/toolchain/gcc-arm-none-eabi/bin/../lib/gcc/arm-none-eabi/11.2.1/thumb/v7e-m+fp/hard\libc_nano.a(lib_a-nano-vfprintf_float.o)
                0x08014558                __cvt
 .text.__exponent
                0x0801461c       0x7c c:/mchatoolchainwindows/toolchain/gcc-arm-none-eabi/bin/../lib/gcc/arm-none-eabi/11.2.1/thumb/v7e-m+fp/hard\libc_nano.a(lib_a-nano-vfprintf_float.o)
                0x0801461c                __exponent
 .text._printf_float
                0x08014698      0x46c c:/mchatoolchainwindows/toolchain/gcc-arm-none-eabi/bin/../lib/gcc/arm-none-eabi/11.2.1/thumb/v7e-m+fp/hard\libc_nano.a(lib_a-nano-vfprintf_float.o)
                0x08014698                _printf_float
 .text._printf_common
                0x08014b04       0xda c:/mchatoolchainwindows/toolchain/gcc-arm-none-eabi/bin/../lib/gcc/arm-none-eabi/11.2.1/thumb/v7e-m+fp/hard\libc_nano.a(lib_a-nano-vfprintf_i.o)
                0x08014b04                _printf_common
 *fill*         0x08014bde        0x2 
 .text._printf_i
                0x08014be0      0x244 c:/mchatoolchainwindows/toolchain/gcc-arm-none-eabi/bin/../lib/gcc/arm-none-eabi/11.2.1/thumb/v7e-m+fp/hard\libc_nano.a(lib_a-nano-vfprintf_i.o)
                0x08014be0                _printf_i
 .text._scanf_float