Archive member included to satisfy reference by file (symbol)

c:/mchatoolchainwindows/toolchain/gcc-arm-none-eabi/bin/../lib/gcc/arm-none-eabi/11.2.1/thumb/v7e-m+fp/hard\libm.a(lib_a-s_fmax.o)
                              build/mod_dcm_driver.o (fmax)
c:/mchatoolchainwindows/toolchain/gcc-arm-none-eabi/bin/../lib/gcc/arm-none-eabi/11.2.1/thumb/v7e-m+fp/hard\libm.a(lib_a-s_fmin.o)
                              build/mod_dcm_driver.o (fmin)
c:/mchatoolchainwindows/toolchain/gcc-arm-none-eabi/bin/../lib/gcc/arm-none-eabi/11.2.1/thumb/v7e-m+fp/hard\libm.a(lib_a-s_fpclassify.o)
                              c:/mchatoolchainwindows/toolchain/gcc-arm-none-eabi/bin/../lib/gcc/arm-none-eabi/11.2.1/thumb/v7e-m+fp/hard\libm.a(lib_a-s_fmax.o) (__fpclassifyd)
c:/mchatoolchainwindows/toolchain/gcc-arm-none-eabi/bin/../lib/gcc/arm-none-eabi/11.2.1/thumb/v7e-m+fp/hard\libm.a(lib_a-sf_sin.o)
                              build/mod_data_logger.o (sinf)
c:/mchatoolchainwindows/toolchain/gcc-arm-none-eabi/bin/../lib/gcc/arm-none-eabi/11.2.1/thumb/v7e-m+fp/hard\libm.a(lib_a-w_atan2.o)
                              build/mod_mpu6050.o (atan2)
c:/mchatoolchainwindows/toolchain/gcc-arm-none-eabi/bin/../lib/gcc/arm-none-eabi/11.2.1/thumb/v7e-m+fp/hard\libm.a(lib_a-e_atan2.o)
                              c:/mchatoolchainwindows/toolchain/gcc-arm-none-eabi/bin/../lib/gcc/arm-none-eabi/11.2.1/thumb/v7e-m+fp/hard\libm.a(lib_a-w_atan2.o) (__ieee754_atan2)
c:/mchatoolchainwindows/toolchain/gcc-arm-none-eabi/bin/../lib/gcc/arm-none-eabi/11.2.1/thumb/v7e-m+fp/hard\libm.a(lib_a-ef_rem_pio2.o)
                              c:/mchatoolchainwindows/toolchain/gcc-arm-none-eabi/bin/../lib/gcc/arm-none-eabi/11.2.1/thumb/v7e-m+fp/hard\libm.a(lib_a-sf_sin.o) (__ieee754_rem_pio2f)
c:/mchatoolchainwindows/toolchain/gcc-arm-none-eabi/bin/../lib/gcc/arm-none-eabi/11.2.1/thumb/v7e-m+fp/hard\libm.a(lib_a-kf_cos.o)
                              c:/mchatoolchainwindows/toolchain/gcc-arm-none-eabi/bin/../lib/gcc/arm-none-eabi/11.2.1/thumb/v7e-m+fp/hard\libm.a(lib_a-sf_sin.o) (__kernel_cosf)
c:/mchatoolchainwindows/toolchain/gcc-arm-none-eabi/bin/../lib/gcc/arm-none-eabi/11.2.1/thumb/v7e-m+fp/hard\libm.a(lib_a-kf_rem_pio2.o)
                              c:/mchatoolchainwindows/toolchain/gcc-arm-none-eabi/bin/../lib/gcc/arm-none-eabi/11.2.1/thumb/v7e-m+fp/hard\libm.a(lib_a-ef_rem_pio2.o) (__kernel_rem_pio2f)
c:/mchatoolchainwindows/toolchain/gcc-arm-none-eabi/bin/../lib/gcc/arm-none-eabi/11.2.1/thumb/v7e-m+fp/hard\libm.a(lib_a-kf_sin.o)
                              c:/mchatoolchainwindows/toolchain/gcc-arm-none-eabi/bin/../lib/gcc/arm-none-eabi/11.2.1/thumb/v7e-m+fp/hard\libm.a(lib_a-sf_sin.o) (__kernel_sinf)
c:/mchatoolchainwindows/toolchain/gcc-arm-none-eabi/bin/../lib/gcc/arm-none-eabi/11.2.1/thumb/v7e-m+fp/hard\libm.a(lib_a-s_atan.o)
                              c:/mchatoolchainwindows/toolchain/gcc-arm-none-eabi/bin/../lib/gcc/arm-none-eabi/11.2.1/thumb/v7e-m+fp/hard\libm.a(lib_a-e_atan2.o) (atan)
c:/mchatoolchainwindows/toolchain/gcc-arm-none-eabi/bin/../lib/gcc/arm-none-eabi/11.2.1/thumb/v7e-m+fp/hard\libm.a(lib_a-s_fabs.o)
                              c:/mchatoolchainwindows/toolchain/gcc-arm-none-eabi/bin/../lib/gcc/arm-none-eabi/11.2.1/thumb/v7e-m+fp/hard\libm.a(lib_a-e_atan2.o) (fabs)
c:/mchatoolchainwindows/toolchain/gcc-arm-none-eabi/bin/../lib/gcc/arm-none-eabi/11.2.1/thumb/v7e-m+fp/hard\libm.a(lib_a-sf_fabs.o)
                              c:/mchatoolchainwindows/toolchain/gcc-arm-none-eabi/bin/../lib/gcc/arm-none-eabi/11.2.1/thumb/v7e-m+fp/hard\libm.a(lib_a-ef_rem_pio2.o) (fabsf)
c:/mchatoolchainwindows/toolchain/gcc-arm-none-eabi/bin/../lib/gcc/arm-none-eabi/11.2.1/thumb/v7e-m+fp/hard\libm.a(lib_a-sf_floor.o)
                              c:/mchatoolchainwindows/toolchain/gcc-arm-none-eabi/bin/../lib/gcc/arm-none-eabi/11.2.1/thumb/v7e-m+fp/hard\libm.a(lib_a-kf_rem_pio2.o) (floorf)
c:/mchatoolchainwindows/toolchain/gcc-arm-none-eabi/bin/../lib/gcc/arm-none-eabi/11.2.1/thumb/v7e-m+fp/hard\libm.a(lib_a-sf_scalbn.o)
                              c:/mchatoolchainwindows/toolchain/gcc-arm-none-eabi/bin/../lib/gcc/arm-none-eabi/11.2.1/thumb/v7e-m+fp/hard\libm.a(lib_a-kf_rem_pio2.o) (scalbnf)
c:/mchatoolchainwindows/toolchain/gcc-arm-none-eabi/bin/../lib/gcc/arm-none-eabi/11.2.1/thumb/v7e-m+fp/hard\libgcc.a(_arm_muldf3.o)
                              build/mod_manager.o (__aeabi_dmul)
c:/mchatoolchainwindows/toolchain/gcc-arm-none-eabi/bin/../lib/gcc/arm-none-eabi/11.2.1/thumb/v7e-m+fp/hard\libgcc.a(_arm_addsubdf3.o)
                              c:/mchatoolchainwindows/toolchain/gcc-arm-none-eabi/bin/../lib/gcc/arm-none-eabi/11.2.1/thumb/v7e-m+fp/hard\libm.a(lib_a-e_atan2.o) (__aeabi_dsub)
c:/mchatoolchainwindows/toolchain/gcc-arm-none-eabi/bin/../lib/gcc/arm-none-eabi/11.2.1/thumb/v7e-m+fp/hard\libgcc.a(_arm_muldivdf3.o)
                              build/mod_manager.o (__aeabi_ddiv)
[...]
Memory Configuration

Name             Origin             Length             Attributes
FLASH            0x08000000         0x00080000         xr
RAM              0x20000000         0x00020000         xrw
*default*        0x00000000         0xffffffff

Linker script and memory map

LOAD c:/mchatoolchainwindows/toolchain/gcc-arm-none-eabi/bin/../lib/gcc/arm-none-eabi/11.2.1/thumb/v7e-m+fp/hard/crti.o
LOAD c:/mchatoolchainwindows/toolchain/gcc-arm-none-eabi/bin/../lib/gcc/arm-none-eabi/11.2.1/thumb/v7e-m+fp/hard/crtbegin.o
LOAD c:/mchatoolchainwindows/toolchain/gcc-arm-none-eabi/bin/../lib/gcc/arm-none-eabi/11.2.1/thumb/v7e-m+fp/hard/crt0.o
LOAD build/cmd_line_buffer.o
LOAD build/cmd_parser.o
LOAD build/heartbeat_task.o
LOAD build/stm32f4xx_hal_msp.o
LOAD build/mod_dcm_driver.o
LOAD build/mod_mpu6050.o
LOAD build/mod_PID_control.o
LOAD build/mod_LQR_control.o
LOAD build/mod_MPC_control.o
LOAD build/mod_manager.o
LOAD build/mod_data_logger.o
LOAD build/mod_adc.o
LOAD build/mod_enc.o
LOAD build/main.o
LOAD build/stm32f4xx_it.o
LOAD build/system_stm32f4xx.o
LOAD build/uart.o
LOAD build/uart_bt.o
LOAD build/cmd_task.o
LOAD build/startup_stm32f446xx.o
LOAD build/stm32f4_HAL/stm32f4xx_hal.o
LOAD build/stm32f4_HAL/stm32f4xx_hal_dma.o
LOAD build/stm32f4_HAL/stm32f4xx_hal_adc.o
LOAD build/stm32f4_HAL/stm32f4xx_hal_adc_ex.o
LOAD build/stm32f4_HAL/stm32f4xx_hal_gpio.o
LOAD build/stm32f4_HAL/stm32f4xx_ll_gpio.o
LOAD build/stm32f4_HAL/stm32f4xx_ll_usart.o
LOAD build/stm32f4_HAL/stm32f4xx_ll_dma.o
LOAD build/stm32f4_HAL/stm32f4xx_ll_rcc.o
LOAD build/stm32f4_HAL/stm32f4xx_hal_i2c.o
LOAD build/stm32f4_HAL/stm32f4xx_hal_i2c_ex.o
LOAD build/stm32f4_HAL/stm32f4xx_hal_tim.o
LOAD build/stm32f4_HAL/stm32f4xx_hal_tim_ex.o
LOAD build/stm32f4_HAL/stm32f4xx_hal_rtc.o
LOAD build/stm32f4_HAL/stm32f4xx_hal_rcc.o
LOAD build/stm32f4_HAL/stm32f4xx_hal_rcc_ex.o
LOAD build/stm32f4_HAL/stm32f4xx_hal_pwr.o
LOAD build/stm32f4_HAL/stm32f4xx_hal_pwr_ex.o
LOAD build/stm32f4_HAL/stm32f4xx_hal_cortex.o
LOAD build/stm32f4_HAL/stm32f4xx_hal_spi.o
LOAD build/FreeRTOS/croutine.o
LOAD build/FreeRTOS/event_groups.o
LOAD build/FreeRTOS/list.o
LOAD build/FreeRTOS/queue.o
LOAD build/FreeRTOS/tasks.o
LOAD build/FreeRTOS/timers.o
LOAD build/FreeRTOS/stream_buffer.o
LOAD build/FreeRTOS/cmsis_os2.o
LOAD build/FreeRTOS/clib_arm.o
LOAD build/FreeRTOS/os_systick.o
LOAD build/FreeRTOS/heap_useNewlib.o
LOAD build/FreeRTOS/port.o
LOAD c:/mchatoolchainwindows/toolchain/gcc-arm-none-eabi/bin/../lib/gcc/arm-none-eabi/11.2.1/thumb/v7e-m+fp/hard\libm.a
LOAD ../libraries/STM32Cube_F4_FW/Drivers/CMSIS/Lib/GCC/libarm_cortexM4lf_math.a
START GROUP
LOAD c:/mchatoolchainwindows/toolchain/gcc-arm-none-eabi/bin/../lib/gcc/arm-none-eabi/11.2.1/thumb/v7e-m+fp/hard\libgcc.a
LOAD c:/mchatoolchainwindows/toolchain/gcc-arm-none-eabi/bin/../lib/gcc/arm-none-eabi/11.2.1/thumb/v7e-m+fp/hard\libc_nano.a
END GROUP
START GROUP
LOAD c:/mchatoolchainwindows/toolchain/gcc-arm-none-eabi/bin/../lib/gcc/arm-none-eabi/11.2.1/thumb/v7e-m+fp/hard\libgcc.a
LOAD c:/mchatoolchainwindows/toolchain/gcc-arm-none-eabi/bin/../lib/gcc/arm-none-eabi/11.2.1/thumb/v7e-m+fp/hard\libc_nano.a
LOAD c:/mchatoolchainwindows/toolchain/gcc-arm-none-eabi/bin/../lib/gcc/arm-none-eabi/11.2.1/thumb/v7e-m+fp/hard\libnosys.a
END GROUP
START GROUP
LOAD c:/mchatoolchainwindows/toolchain/gcc-arm-none-eabi/bin/../lib/gcc/arm-none-eabi/11.2.1/thumb/v7e-m+fp/hard\libgcc.a
LOAD c:/mchatoolchainwindows/toolchain/gcc-arm-none-eabi/bin/../lib/gcc/arm-none-eabi/11.2.1/thumb/v7e-m+fp/hard\libc_nano.a
LOAD c:/mchatoolchainwindows/toolchain/gcc-arm-none-eabi/bin/../lib/gcc/arm-none-eabi/11.2.1/thumb/v7e-m+fp/hard\libnosys.a
END GROUP
LOAD c:/mchatoolchainwindows/toolchain/gcc-arm-none-eabi/bin/../lib/gcc/arm-none-eabi/11.2.1/thumb/v7e-m+fp/hard/crtend.o
LOAD c:/mchatoolchainwindows/toolchain/gcc-arm-none-eabi/bin/../lib/gcc/arm-none-eabi/11.2.1/thumb/v7e-m+fp/hard/crtn.o
                0x20020000                _estack = 0x20020000
                0x00008000                _Min_Heap_Size = 0x8000
                0x00002000                _Min_Stack_Size = 0x2000

.isr_vector     0x08000000      0x1c4
                0x08000000                . = ALIGN (0x4)
 *(.isr_vector)
 .isr_vector    0x08000000      0x1c4 build/startup_stm32f446xx.o
                0x08000000                g_pfnVectors
                0x080001c4                . = ALIGN (0x4)

.text           0x080001d0    0x19ec8
                0x080001d0                . = ALIGN (0x4)
 *(.text)
 .text          0x080001d0        0x0 c:/mchatoolchainwindows/toolchain/gcc-arm-none-eabi/bin/../lib/gcc/arm-none-eabi/11.2.1/thumb/v7e-m+fp/hard/crti.o
 .text          0x080001d0        0x0 c:/mchatoolchainwindows/toolchain/gcc-arm-none-eabi/bin/../lib/gcc/arm-none-eabi/11.2.1/thumb/v7e-m+fp/hard/crtbegin.o
 .text          0x080001d0       0x7c c:/mchatoolchainwindows/toolchain/gcc-arm-none-eabi/bin/../lib/gcc/arm-none-eabi/11.2.1/thumb/v7e-m+fp/hard/crt0.o
                0x080001d0                _stack_init
                0x080001d8                _start
                0x080001d8                _mainCRTStartup
 .text          0x0800024c      0x104 build/cmd_line_buffer.o
                0x0800024c                clb_init
                0x08000256                clb_is_empty
                0x08000260                clb_is_full
                0x0800026e                clb_delc
                0x08000278                clb_is_cmd_ready
                0x08000290                clb_putc
                0x080002b0                clb_consume_char
                0x080002d8                clb_consume_str
                0x080002f2                clb_gets_at
                0x0800030a                clb_gets
                0x08000310                clb_process
 .text          0x08000350      0x788 build/cmd_parser.o
                0x08000a30                cmd_parse
 .text          0x08000ad8      0x130 build/heartbeat_task.o
                0x08000b44                heartbeat_task_start
                0x08000b64                heartbeat_task_init
                0x08000bcc                heartbeat_task_stop
                0x08000be8                heartbeat_task_is_running
                0x08000bf4                heartbeat_task_deinit
 .text          0x08000c08      0x198 build/stm32f4xx_hal_msp.o
                0x08000c08                HAL_TIM_PWM_MspInit
                0x08000cd8                HAL_ADC_MspInit
                0x08000d94                DMA2_Stream0_IRQHandler
 .text          0x08000da0      0x4e8 build/mod_dcm_driver.o
                0x08000da0                left_forward
                0x08000dc4                left_reverse
                0x08000de8                left_halt
                0x08000e0c                right_forward
                0x08000e30                right_reverse
                0x08000e54                right_halt
                0x08000e78                mod_dcm_set_PWM
                0x08000f94                mod_dcm_set_voltage
                0x08000fe0                mod_dcm_set_voltageLeft
                0x080010ac                mod_dcm_set_voltage_log
                0x080010b0                mod_dcm_set_voltageRight
                0x08001184                mod_dcm_configure_hardware
 .text          0x08001288      0x868 build/mod_mpu6050.o
                0x08001288                mod_mpu_get_pitch
                0x08001294                mod_mpu_get_rps
                0x080012a0                mod_mpu_update_pitch
                0x08001314                mod_mpu_update_rps
                0x08001338                mod_mpu_update_kalman
                0x08001808                mod_mpu_get_states
                0x0800181c                mod_mpu_read_raw_accel
                0x08001864                mod_mpu_read_raw_gyro
                0x080018ac                mod_mpu_update
                0x0800191c                mod_mpu_task
                0x08001978                mod_mpu_configure_hardware
                0x08001a84                mod_mpu_init
                0x08001ab4                mod_mpu_start
                0x08001ad4                mod_mpu_stop
 .text          0x08001af0       0xac build/mod_PID_control.o
                0x08001af0                mod_PID_compute_control
                0x08001b30                mod_PID_run
 .text          0x08001b9c       0xe4 build/mod_LQR_control.o
                0x08001b9c                mod_LQR_set_states
                0x08001bb4                mod_LQR_set_x1
                0x08001bc0                mod_LQR_set_x2
                0x08001bcc                mod_LQR_set_x3
                0x08001bd8                mod_LQR_set_x4
                0x08001be4                mod_LQR_set_y_ref
                0x08001bf0                mod_LQR_update
                0x08001c74                mod_LQR_get_control
 .text          0x08001c80        0x0 build/mod_MPC_control.o
 .text          0x08001c80      0x434 build/mod_manager.o
                0x08001c80                mod_manager_task
                0x08001c8c                mod_manager_PID
                0x08001ce8                mod_manager_MPC
                0x08001cf4                mod_manager_ASS
                0x08001d88                mod_manager_LQR
                0x08001fd4                mod_manager_get_phi
                0x08001fe0                mod_manager_get_theta
                0x08001fec                mod_manager_get_dphi
                0x08001ff8                mod_manager_get_dtheta
                0x08002004                mod_manager_init
                0x08002044                mod_manager_start
                0x08002098                mod_manager_stop
 *fill*         0x080020b4        0x4 
 .text          0x080020b8      0x590 build/mod_data_logger.o
                0x080020b8                mod_log_task
                0x080020c4                mod_log_init
                0x080020ec                mod_log_start
                0x08002160                mod_log_stop
                0x08002178                log_imu
                0x08002268                log_kalman
                0x08002320                log_inertia
                0x080023d8                log_motor
                0x0800252c                log_motor_freewheel
 .text          0x08002648      0x12c build/mod_adc.o
                0x08002648                mod_adc_update_readings
                0x0800268c                mod_adc_get_voltageA
                0x080026b8                mod_adc_get_voltageB
                0x080026e4                mod_adc_configure_hardware
                0x08002770                HAL_ADC_ConvCpltCallback
 .text          0x08002774      0x1c0 build/mod_enc.o
                0x08002774                mod_enc_get_countA
                0x08002780                mod_enc_get_countB
                0x0800278c                mod_enc_reset_countA
                0x08002798                mod_enc_reset_countB
                0x080027a4                mod_enc_configure_hardware
                0x08002854                handle_encoderA_interrupt
                0x080028a4                EXTI4_IRQHandler
                0x080028b4                EXTI9_5_IRQHandler
                0x080028c4                handle_encoderB_interrupt
                0x08002914                EXTI0_IRQHandler
                0x08002924                EXTI1_IRQHandler
 .text          0x08002934        0x0 build/main.o
 .text          0x08002934        0xc build/stm32f4xx_it.o
                0x08002934                NMI_Handler
                0x08002936                HardFault_Handler
                0x08002938                MemManage_Handler
                0x0800293a                BusFault_Handler
                0x0800293c                UsageFault_Handler
                0x0800293e                DebugMon_Handler
 .text          0x08002940       0xb8 build/system_stm32f4xx.o
                0x08002940                SystemInit
                0x0800298c                SystemCoreClockUpdate
 .text          0x080029f8      0x47c build/uart.o
                0x080029f8                uart_init
                0x08002cc8                __wrap_printf
                0x08002d00                __io_putchar
                0x08002d30                __io_getchar
                0x08002d4c                _write
                0x08002d6a                _read
                0x08002d7e                _uart_rxne_isr
                0x08002da8                _uart_txe_isr
                0x08002de0                _uart_error
                0x08002e38                USART2_IRQHandler
 .text          0x08002e74      0x400 build/uart_bt.o
                0x08002e74                uart_bt_init
                0x0800314c                __wrap_printf_bt
                0x08003184                _uart_bt_rxne_isr
                0x080031ac                _uart_bt_txe_isr
                0x080031e4                _uart_bt_error
                0x0800323c                USART1_IRQHandler
 .text          0x08003274       0x44 build/cmd_task.o
                0x0800328c                cmd_task_init
 .text          0x080032b8       0x14 build/startup_stm32f446xx.o
 .text          0x080032cc      0x210 build/stm32f4_HAL/stm32f4xx_hal.o
                0x080032cc                HAL_MspInit
                0x080032ce                HAL_MspDeInit
                0x080032d0                HAL_DeInit
                0x080032fc                HAL_InitTick
                0x08003340                HAL_Init
                0x08003374                HAL_IncTick
                0x0800338c                HAL_GetTick
                0x08003398                HAL_GetTickPrio
                0x080033a4                HAL_SetTickFreq
                0x080033c4                HAL_GetTickFreq
                0x080033d0                HAL_Delay
                0x080033f8                HAL_SuspendTick
                0x08003406                HAL_ResumeTick
                0x08003414                HAL_GetHalVersion
                0x0800341c                HAL_GetREVID
                0x08003428                HAL_GetDEVID
                0x08003438                HAL_DBGMCU_EnableDBGSleepMode
                0x08003448                HAL_DBGMCU_DisableDBGSleepMode
                0x08003458                HAL_DBGMCU_EnableDBGStopMode
                0x08003468                HAL_DBGMCU_DisableDBGStopMode
                0x08003478                HAL_DBGMCU_EnableDBGStandbyMode
                0x08003488                HAL_DBGMCU_DisableDBGStandbyMode
                0x08003498                HAL_EnableCompensationCell
                0x080034a8                HAL_DisableCompensationCell
                0x080034b8                HAL_GetUIDw0
                0x080034c4                HAL_GetUIDw1
                0x080034d0                HAL_GetUIDw2
 .text          0x080034dc      0x62c build/stm32f4_HAL/stm32f4xx_hal_dma.o
                0x08003508                HAL_DMA_Init
                0x08003604                HAL_DMA_DeInit
                0x08003658                HAL_DMA_Start
                0x080036ac                HAL_DMA_Start_IT
                0x08003720                HAL_DMA_Abort
                0x080037a8                HAL_DMA_Abort_IT
                0x080037cc                HAL_DMA_PollForTransfer
                0x080038da                HAL_DMA_IRQHandler
                0x08003a54                HAL_DMA_RegisterCallback
                0x08003a9c                HAL_DMA_UnRegisterCallback
                0x08003afe                HAL_DMA_GetState
                0x08003b04                HAL_DMA_GetError
 .text          0x08003b08      0x9c4 build/stm32f4_HAL/stm32f4xx_hal_adc.o
                0x08003b0a                HAL_ADC_Init
                0x08003c58                HAL_ADC_MspDeInit
                0x08003c5a                HAL_ADC_DeInit
                0x08003c8e                HAL_ADC_Start
                0x08003d78                HAL_ADC_Stop
                0x08003dae                HAL_ADC_PollForConversion
                0x08003e4c                HAL_ADC_PollForEvent
                0x08003eb2                HAL_ADC_Start_IT
                0x08003fa8                HAL_ADC_Stop_IT
                0x08003ff0                HAL_ADC_Start_DMA
                0x08004114                HAL_ADC_Stop_DMA
                0x0800416e                HAL_ADC_GetValue
                0x08004176                HAL_ADC_ConvHalfCpltCallback
                0x08004182                HAL_ADC_LevelOutOfWindowCallback
                0x08004184                HAL_ADC_ErrorCallback
                0x08004186                HAL_ADC_IRQHandler
                0x08004330                HAL_ADC_ConfigChannel
                0x08004464                HAL_ADC_AnalogWDGConfig
                0x080044c4                HAL_ADC_GetState
                0x080044c8                HAL_ADC_GetError
 .text          0x080044cc      0x6b0 build/stm32f4_HAL/stm32f4xx_hal_adc_ex.o
                0x0800453c                HAL_ADCEx_InjectedStart
                0x080045f0                HAL_ADCEx_InjectedStart_IT
                0x080046ac                HAL_ADCEx_InjectedStop
                0x08004706                HAL_ADCEx_InjectedPollForConversion
                0x0800478e                HAL_ADCEx_InjectedStop_IT
                0x080047f0                HAL_ADCEx_InjectedGetValue
                0x08004822                HAL_ADCEx_MultiModeStart_DMA
                0x0800491c                HAL_ADCEx_MultiModeStop_DMA
                0x0800497c                HAL_ADCEx_MultiModeGetValue
                0x08004988                HAL_ADCEx_InjectedConvCpltCallback
                0x0800498a                HAL_ADCEx_InjectedConfigChannel
                0x08004b2c                HAL_ADCEx_MultiModeConfigChannel
 .text          0x08004b7c      0x33c build/stm32f4_HAL/stm32f4xx_hal_gpio.o
                0x08004b7c                HAL_GPIO_Init
                0x08004d38                HAL_GPIO_DeInit
                0x08004e50                HAL_GPIO_ReadPin
                0x08004e5c                HAL_GPIO_WritePin
                0x08004e66                HAL_GPIO_TogglePin
                0x08004e74                HAL_GPIO_LockPin
                0x08004e9e                HAL_GPIO_EXTI_Callback
                0x08004ea0                HAL_GPIO_EXTI_IRQHandler
 .text          0x08004eb8      0x220 build/stm32f4_HAL/stm32f4xx_ll_gpio.o
                0x08004ed8                LL_GPIO_DeInit
                0x08004f84                LL_GPIO_Init
                0x080050c0                LL_GPIO_StructInit
 .text          0x080050d8      0x21c build/stm32f4_HAL/stm32f4xx_ll_usart.o
                0x080050d8                LL_USART_DeInit
                0x08005198                LL_USART_Init
                0x08005294                LL_USART_StructInit
                0x080052ac                LL_USART_ClockInit
                0x080052e6                LL_USART_ClockStructInit
 .text          0x080052f4      0x22c build/stm32f4_HAL/stm32f4xx_ll_dma.o
                0x080052f4                LL_DMA_DeInit
                0x08005478                LL_DMA_Init
                0x080054fc                LL_DMA_StructInit
 .text          0x08005520      0x60c build/stm32f4_HAL/stm32f4xx_ll_rcc.o
                0x08005530                LL_RCC_DeInit
                0x080055e0                LL_RCC_GetCECClockFreq
                0x0800560c                RCC_GetHCLKClockFreq
                0x08005624                RCC_GetPCLK1ClockFreq
                0x0800563c                RCC_GetPCLK2ClockFreq
                0x08005654                RCC_PLL_GetFreqDomain_SYS
                0x0800569c                RCC_GetSystemClockFreq
                0x080056cc                LL_RCC_GetSystemClocksFreq
                0x080056ee                LL_RCC_GetFMPI2CClockFreq
                0x08005740                RCC_PLL_GetFreqDomain_48M
                0x0800577c                RCC_PLL_GetFreqDomain_I2S
                0x080057b8                RCC_PLL_GetFreqDomain_SPDIFRX
                0x080057bc                RCC_PLL_GetFreqDomain_SAI
                0x080057c0                RCC_PLLSAI_GetFreqDomain_SAI
                0x08005810                RCC_PLLSAI_GetFreqDomain_48M
                0x08005854                LL_RCC_GetSDIOClockFreq
                0x0800589c                LL_RCC_GetUSBClockFreq
                0x080058d0                RCC_PLLI2S_GetFreqDomain_SAI
                0x08005920                LL_RCC_GetSAIClockFreq
                0x080059d8                RCC_PLLI2S_GetFreqDomain_SPDIFRX
                0x08005a1c                LL_RCC_GetSPDIFRXClockFreq
                0x08005a50                RCC_PLLI2S_GetFreqDomain_I2S
                0x08005a94                LL_RCC_GetI2SClockFreq
 .text          0x08005b2c     0x3208 build/stm32f4_HAL/stm32f4xx_hal_i2c.o
                0x08005f50                HAL_I2C_MspInit
                0x08005f52                HAL_I2C_Init
                0x080060a0                HAL_I2C_MspDeInit
                0x080060a2                HAL_I2C_DeInit
                0x080060d4                HAL_I2C_Master_Transmit
                0x08006284                HAL_I2C_Master_Receive
                0x08006564                HAL_I2C_Slave_Transmit
                0x080066c4                HAL_I2C_Slave_Receive
                0x08006840                HAL_I2C_Master_Transmit_IT
                0x080068f0                HAL_I2C_Master_Receive_IT
                0x080069a8                HAL_I2C_Slave_Transmit_IT
                0x08006a18                HAL_I2C_Slave_Receive_IT
                0x08006a88                HAL_I2C_Master_Transmit_DMA
                0x08006bb4                HAL_I2C_Master_Receive_DMA
                0x08006cdc                HAL_I2C_Slave_Transmit_DMA
                0x08006d9c                HAL_I2C_Slave_Receive_DMA
                0x08006e5c                HAL_I2C_Mem_Write
                0x08006f7c                HAL_I2C_Mem_Read
                0x0800718c                HAL_I2C_Mem_Write_IT
                0x08007248                HAL_I2C_Mem_Read_IT
                0x08007314                HAL_I2C_Mem_Write_DMA
                0x08007468                HAL_I2C_Mem_Read_DMA
                0x080075f4                HAL_I2C_IsDeviceReady
                0x08007754                HAL_I2C_Master_Seq_Transmit_IT
                0x08007824                HAL_I2C_Master_Seq_Transmit_DMA
                0x0800799c                HAL_I2C_Master_Seq_Receive_IT
                0x08007aa8                HAL_I2C_Master_Seq_Receive_DMA
                0x08007c74                HAL_I2C_Slave_Seq_Transmit_IT
                0x08007cea                HAL_I2C_Slave_Seq_Transmit_DMA
                0x08007e28                HAL_I2C_Slave_Seq_Receive_IT
                0x08007e9e                HAL_I2C_Slave_Seq_Receive_DMA
                0x08007fdc                HAL_I2C_EnableListen_IT
                0x08008012                HAL_I2C_DisableListen_IT
                0x08008050                HAL_I2C_MasterTxCpltCallback
                0x08008052                HAL_I2C_MasterRxCpltCallback
                0x08008054                HAL_I2C_SlaveTxCpltCallback
                0x08008056                HAL_I2C_SlaveRxCpltCallback
                0x08008058                HAL_I2C_AddrCallback
                0x0800805a                HAL_I2C_ListenCpltCallback
                0x0800805c                HAL_I2C_MemTxCpltCallback
                0x0800805e                HAL_I2C_MemRxCpltCallback
                0x08008060                HAL_I2C_ErrorCallback
                0x080081ae                HAL_I2C_AbortCpltCallback
                0x08008380                HAL_I2C_Master_Abort_IT
                0x080083cc                HAL_I2C_EV_IRQHandler
                0x08008bf4                HAL_I2C_ER_IRQHandler
                0x08008d24                HAL_I2C_GetState
                0x08008d2a                HAL_I2C_GetMode
                0x08008d30                HAL_I2C_GetError
 .text          0x08008d34       0x7c build/stm32f4_HAL/stm32f4xx_hal_i2c_ex.o
                0x08008d34                HAL_I2CEx_ConfigAnalogFilter
                0x08008d72                HAL_I2CEx_ConfigDigitalFilter
 .text          0x08008db0     0x1db4 build/stm32f4_HAL/stm32f4xx_hal_tim.o
                0x08008ecc                HAL_TIM_Base_MspInit
                0x08008ece                HAL_TIM_Base_MspDeInit
                0x08008ed0                HAL_TIM_Base_DeInit
                0x08008f0a                HAL_TIM_Base_Start
                0x08008f2e                HAL_TIM_Base_Stop
                0x08008f5c                HAL_TIM_Base_Start_IT
                0x08008f7c                HAL_TIM_Base_Stop_IT
                0x08008fa6                HAL_TIM_Base_Start_DMA
                0x08009010                HAL_TIM_Base_Stop_DMA
                0x0800904c                HAL_TIM_OC_MspInit
                0x0800904e                HAL_TIM_OC_MspDeInit
                0x08009050                HAL_TIM_OC_DeInit
                0x0800908c                HAL_TIM_PWM_MspDeInit
                0x0800908e                HAL_TIM_PWM_DeInit
                0x080090c8                HAL_TIM_IC_MspInit
                0x080090ca                HAL_TIM_IC_MspDeInit
                0x080090cc                HAL_TIM_IC_DeInit
                0x08009106                HAL_TIM_OnePulse_MspInit
                0x08009108                HAL_TIM_OnePulse_MspDeInit
                0x0800910a                HAL_TIM_OnePulse_DeInit
                0x08009144                HAL_TIM_OnePulse_Start
                0x08009184                HAL_TIM_OnePulse_Stop
                0x080091ec                HAL_TIM_OnePulse_Start_IT
                0x0800923c                HAL_TIM_OnePulse_Stop_IT
                0x080092b4                HAL_TIM_Encoder_MspInit
                0x080092b6                HAL_TIM_Encoder_MspDeInit
                0x080092b8                HAL_TIM_Encoder_DeInit
                0x080092f2                HAL_TIM_Encoder_Start
                0x08009336                HAL_TIM_Encoder_Stop
                0x0800937e                HAL_TIM_Encoder_Start_IT
                0x080093ec                HAL_TIM_Encoder_Stop_IT
                0x08009460                HAL_TIM_Encoder_Start_DMA
                0x080095a4                HAL_TIM_Encoder_Stop_DMA
                0x08009636                HAL_TIM_DMABurst_WriteStart
                0x08009714                HAL_TIM_DMABurst_WriteStop
                0x08009778                HAL_TIM_DMABurst_ReadStart
                0x0800985c                HAL_TIM_DMABurst_ReadStop
                0x08009860                HAL_TIM_GenerateEvent
                0x08009884                HAL_TIM_ConfigTI1Input
                0x08009894                HAL_TIM_ReadCapturedValue
                0x080098c0                HAL_TIM_PeriodElapsedCallback
                0x080098d2                HAL_TIM_PeriodElapsedHalfCpltCallback
                0x080098e4                HAL_TIM_OC_DelayElapsedCallback
                0x080098e6                HAL_TIM_IC_CaptureCallback
                0x080098e8                TIM_DMACaptureCplt
                0x08009924                HAL_TIM_IC_CaptureHalfCpltCallback
                0x08009926                TIM_DMACaptureHalfCplt
                0x08009962                HAL_TIM_PWM_PulseFinishedCallback
                0x08009964                TIM_DMADelayPulseCplt
                0x080099a0                HAL_TIM_PWM_PulseFinishedHalfCpltCallback
                0x080099a2                TIM_DMADelayPulseHalfCplt
                0x080099de                HAL_TIM_TriggerCallback
                0x080099e0                HAL_TIM_IRQHandler
                0x08009b34                HAL_TIM_TriggerHalfCpltCallback
                0x08009b46                HAL_TIM_ErrorCallback
                0x08009b48                TIM_DMAError
                0x08009b58                HAL_TIM_Base_GetState
                0x08009b5e                HAL_TIM_OC_GetState
                0x08009b64                HAL_TIM_PWM_GetState
                0x08009b6a                HAL_TIM_IC_GetState
                0x08009b70                HAL_TIM_OnePulse_GetState
                0x08009b76                HAL_TIM_Encoder_GetState
                0x08009b7c                TIM_Base_SetConfig
                0x08009c48                HAL_TIM_Base_Init
                0x08009c7c                HAL_TIM_OC_Init
                0x08009cb0                HAL_TIM_PWM_Init
                0x08009ce4                HAL_TIM_IC_Init
                0x08009d18                HAL_TIM_OnePulse_Init
                0x08009d5e                HAL_TIM_Encoder_Init
                0x08009df2                TIM_OC2_SetConfig
                0x08009e60                HAL_TIM_OC_ConfigChannel
                0x08009eb2                HAL_TIM_PWM_ConfigChannel
                0x08009f64                TIM_TI1_SetConfig
                0x08009fd8                HAL_TIM_IC_ConfigChannel
                0x0800a0ea                HAL_TIM_OnePulse_ConfigChannel
                0x0800a1f0                TIM_ETR_SetConfig
                0x0800a204                HAL_TIM_ConfigOCrefClear
                0x0800a2c8                HAL_TIM_ConfigClockSource
                0x0800a490                HAL_TIM_SlaveConfigSynchro_IT
                0x0800a4de                HAL_TIM_SlaveConfigSynchro
                0x0800a52c                TIM_CCxChannelCmd
                0x0800a548                HAL_TIM_OC_Start
                0x0800a584                HAL_TIM_PWM_Start
                0x0800a588                HAL_TIM_OC_Stop
                0x0800a5e0                HAL_TIM_OC_Start_IT
                0x0800a64c                HAL_TIM_PWM_Start_IT
                0x0800a650                HAL_TIM_OC_Stop_IT
                0x0800a6dc                HAL_TIM_PWM_Stop_IT
                0x0800a6e0                HAL_TIM_OC_Start_DMA
                0x0800a7ec                HAL_TIM_PWM_Start_DMA
                0x0800a7f0                HAL_TIM_OC_Stop_DMA
                0x0800a89c                HAL_TIM_PWM_Stop_DMA
                0x0800a8a0                HAL_TIM_PWM_Stop
                0x0800a900                HAL_TIM_IC_Start
                0x0800a920                HAL_TIM_IC_Stop
                0x0800a94a                HAL_TIM_IC_Start_IT
                0x0800a99c                HAL_TIM_IC_Stop_IT
                0x0800a9f8                HAL_TIM_IC_Start_DMA
                0x0800aae8                HAL_TIM_IC_Stop_DMA
 .text          0x0800ab64      0x800 build/stm32f4_HAL/stm32f4xx_hal_tim_ex.o
                0x0800ab80                HAL_TIMEx_HallSensor_MspInit
                0x0800ab82                HAL_TIMEx_HallSensor_Init
                0x0800ac30                HAL_TIMEx_HallSensor_MspDeInit
                0x0800ac32                HAL_TIMEx_HallSensor_DeInit
                0x0800ac6c                HAL_TIMEx_HallSensor_Start
                0x0800ac92                HAL_TIMEx_HallSensor_Stop
                0x0800acc2                HAL_TIMEx_HallSensor_Start_IT
                0x0800acf0                HAL_TIMEx_HallSensor_Stop_IT
                0x0800ad28                HAL_TIMEx_HallSensor_Start_DMA
                0x0800ada8                HAL_TIMEx_HallSensor_Stop_DMA
                0x0800ade8                HAL_TIMEx_OCN_Start
                0x0800ae10                HAL_TIMEx_OCN_Stop
                0x0800ae56                HAL_TIMEx_OCN_Start_IT
                0x0800aea8                HAL_TIMEx_OCN_Stop_IT
                0x0800af22                HAL_TIMEx_OCN_Start_DMA
                0x0800aff0                HAL_TIMEx_OCN_Stop_DMA
                0x0800b074                HAL_TIMEx_PWMN_Start
                0x0800b078                HAL_TIMEx_PWMN_Stop
                0x0800b07c                HAL_TIMEx_PWMN_Start_IT
                0x0800b080                HAL_TIMEx_PWMN_Stop_IT
                0x0800b084                HAL_TIMEx_PWMN_Start_DMA
                0x0800b088                HAL_TIMEx_PWMN_Stop_DMA
                0x0800b08c                HAL_TIMEx_OnePulseN_Start
                0x0800b0a2                HAL_TIMEx_OnePulseN_Stop
                0x0800b0a6                HAL_TIMEx_OnePulseN_Start_IT
                0x0800b0cc                HAL_TIMEx_OnePulseN_Stop_IT
                0x0800b122                HAL_TIMEx_ConfigCommutEvent
                0x0800b17c                HAL_TIMEx_ConfigCommutEvent_IT
                0x0800b1d6                HAL_TIMEx_ConfigCommutEvent_DMA
                0x0800b24c                HAL_TIMEx_MasterConfigSynchronization
                0x0800b2cc                HAL_TIMEx_ConfigBreakDeadTime
                0x0800b31e                HAL_TIMEx_RemapConfig
                0x0800b338                HAL_TIMEx_CommutCallback
                0x0800b33a                TIMEx_DMACommutationCplt
                0x0800b34a                HAL_TIMEx_CommutHalfCpltCallback
                0x0800b34c                TIMEx_DMACommutationHalfCplt
                0x0800b35c                HAL_TIMEx_BreakCallback
                0x0800b35e                HAL_TIMEx_HallSensor_GetState
 .text          0x0800b364        0x0 build/stm32f4_HAL/stm32f4xx_hal_rtc.o
 .text          0x0800b364      0x6b4 build/stm32f4_HAL/stm32f4xx_hal_rcc.o
                0x0800b6b0                HAL_RCC_MCOConfig
                0x0800b748                HAL_RCC_EnableCSS
                0x0800b754                HAL_RCC_DisableCSS
                0x0800b7bc                HAL_RCC_ClockConfig
                0x0800b8f0                HAL_RCC_GetHCLKFreq
                0x0800b8fc                HAL_RCC_GetPCLK1Freq
                0x0800b91c                HAL_RCC_GetPCLK2Freq
                0x0800b9c0                HAL_RCC_GetClockConfig
                0x0800b9fc                HAL_RCC_CSSCallback
                0x0800b9fe                HAL_RCC_NMI_IRQHandler
 .text          0x0800ba18      0xdb8 build/stm32f4_HAL/stm32f4xx_hal_rcc_ex.o
                0x0800ba18                HAL_RCCEx_PeriphCLKConfig
                0x0800be20                HAL_RCCEx_GetPeriphCLKConfig
                0x0800bf1c                HAL_RCCEx_GetPeriphCLKFreq
                0x0800c0c4                HAL_RCCEx_SelectLSEMode
                0x0800c0dc                HAL_RCCEx_EnablePLLI2S
                0x0800c150                HAL_RCCEx_DisablePLLI2S
                0x0800c184                HAL_RCCEx_EnablePLLSAI
                0x0800c1f4                HAL_RCCEx_DisablePLLSAI
                0x0800c228                HAL_RCC_GetSysClockFreq
                0x0800c2b8                HAL_RCC_DeInit
                0x0800c40c                HAL_RCC_OscConfig
                0x0800c744                HAL_RCC_GetOscConfig
 .text          0x0800c7d0      0x1ac build/stm32f4_HAL/stm32f4xx_hal_pwr.o
                0x0800c7d0                HAL_PWR_DeInit
                0x0800c7e8                HAL_PWR_EnableBkUpAccess
                0x0800c7f4                HAL_PWR_DisableBkUpAccess
                0x0800c800                HAL_PWR_ConfigPVD
                0x0800c870                HAL_PWR_EnablePVD
                0x0800c87c                HAL_PWR_DisablePVD
                0x0800c888                HAL_PWR_EnableWakeUpPin
                0x0800c898                HAL_PWR_DisableWakeUpPin
                0x0800c8a8                HAL_PWR_EnterSLEEPMode
                0x0800c8c8                HAL_PWR_EnterSTOPMode
                0x0800c900                HAL_PWR_EnterSTANDBYMode
                0x0800c920                HAL_PWR_PVDCallback
                0x0800c922                HAL_PWR_PVD_IRQHandler
                0x0800c93c                HAL_PWR_EnableSleepOnExit
                0x0800c94c                HAL_PWR_DisableSleepOnExit
                0x0800c95c                HAL_PWR_EnableSEVOnPend
                0x0800c96c                HAL_PWR_DisableSEVOnPend
 .text          0x0800c97c      0x294 build/stm32f4_HAL/stm32f4xx_hal_pwr_ex.o
                0x0800c97c                HAL_PWREx_EnableBkUpReg
                0x0800c9b0                HAL_PWREx_DisableBkUpReg
                0x0800c9e8                HAL_PWREx_EnableFlashPowerDown
                0x0800c9f4                HAL_PWREx_DisableFlashPowerDown
                0x0800ca00                HAL_PWREx_GetVoltageRange
                0x0800ca10                HAL_PWREx_ControlVoltageScaling
                0x0800cac0                HAL_PWREx_EnableOverDrive
                0x0800cb34                HAL_PWREx_DisableOverDrive
                0x0800cba8                HAL_PWREx_EnterUnderDriveSTOPMode
 .text          0x0800cc10      0x2bc build/stm32f4_HAL/stm32f4xx_hal_cortex.o
                0x0800cc10                HAL_NVIC_SetPriorityGrouping
                0x0800cc34                HAL_NVIC_SetPriority
                0x0800cc98                HAL_NVIC_EnableIRQ
                0x0800ccb4                HAL_NVIC_DisableIRQ
                0x0800ccd8                HAL_NVIC_SystemReset
                0x0800ccfc                HAL_SYSTICK_Config
                0x0800cd24                HAL_MPU_Disable
                0x0800cd40                HAL_MPU_Enable
                0x0800cd60                HAL_MPU_ConfigRegion
                0x0800cdc4                HAL_NVIC_GetPriorityGrouping
                0x0800cdd4                HAL_NVIC_GetPriority
                0x0800ce2c                HAL_NVIC_SetPendingIRQ
                0x0800ce48                HAL_NVIC_GetPendingIRQ
                0x0800ce6c                HAL_NVIC_ClearPendingIRQ
                0x0800ce88                HAL_NVIC_GetActive
                0x0800ceac                HAL_SYSTICK_CLKSourceConfig
                0x0800cec2                HAL_SYSTICK_Callback
                0x0800cec4                HAL_SYSTICK_IRQHandler
 .text          0x0800cecc     0x1824 build/stm32f4_HAL/stm32f4xx_hal_spi.o
                0x0800d070                HAL_SPI_MspInit
                0x0800d072                HAL_SPI_Init
                0x0800d0f6                HAL_SPI_MspDeInit
                0x0800d0f8                HAL_SPI_DeInit
                0x0800d124                HAL_SPI_Transmit
                0x0800d29e                HAL_SPI_TransmitReceive
                0x0800d522                HAL_SPI_Receive
                0x0800d6e0                HAL_SPI_Transmit_IT
                0x0800d788                HAL_SPI_TransmitReceive_IT
                0x0800d854                HAL_SPI_Receive_IT
                0x0800d91c                HAL_SPI_Transmit_DMA
                0x0800d9f4                HAL_SPI_TransmitReceive_DMA
                0x0800db1c                HAL_SPI_Receive_DMA
                0x0800dc20                HAL_SPI_Abort
                0x0800dd48                HAL_SPI_DMAPause
                0x0800dd68                HAL_SPI_DMAResume
                0x0800dd88                HAL_SPI_DMAStop
                0x0800ddce                HAL_SPI_TxCpltCallback
                0x0800ddd0                HAL_SPI_RxCpltCallback
                0x0800ddd2                HAL_SPI_TxRxCpltCallback
                0x0800ddd4                HAL_SPI_TxHalfCpltCallback
                0x0800dde0                HAL_SPI_RxHalfCpltCallback
                0x0800ddec                HAL_SPI_TxRxHalfCpltCallback
                0x0800ddf8                HAL_SPI_ErrorCallback
                0x0800e3ba                HAL_SPI_IRQHandler
                0x0800e4c4                HAL_SPI_AbortCpltCallback
                0x0800e4c6                HAL_SPI_Abort_IT
                0x0800e6e4                HAL_SPI_GetState
                0x0800e6ea                HAL_SPI_GetError
 .text          0x0800e6f0        0x0 build/FreeRTOS/croutine.o
 .text          0x0800e6f0      0x264 build/FreeRTOS/event_groups.o
                0x0800e6f0                xEventGroupCreateStatic
                0x0800e708                xEventGroupCreate
                0x0800e724                xEventGroupWaitBits
                0x0800e7da                xEventGroupClearBits
                0x0800e7f4                vEventGroupClearBitsCallback
                0x0800e7f8                xEventGroupClearBitsFromISR
                0x0800e808                xEventGroupGetBitsFromISR
                0x0800e824                xEventGroupSetBits
                0x0800e880                xEventGroupSync
                0x0800e90a                vEventGroupSetBitsCallback
                0x0800e90e                vEventGroupDelete
                0x0800e938                xEventGroupSetBitsFromISR
                0x0800e948                uxEventGroupGetNumber
                0x0800e94e                vEventGroupSetNumber
 .text          0x0800e954       0x82 build/FreeRTOS/list.o
                0x0800e954                vListInitialise
                0x0800e96a                vListInitialiseItem
                0x0800e970                vListInsertEnd
                0x0800e988                vListInsert
                0x0800e9b6                uxListRemove
 .text          0x0800e9d6      0x8f2 build/FreeRTOS/queue.o
                0x0800eaf2                xQueueGenericReset
                0x0800eb5c                xQueueGenericCreateStatic
                0x0800eb88                xQueueGenericCreate
                0x0800ebc2                xQueueGetMutexHolder
                0x0800ebdc                xQueueGetMutexHolderFromISR
                0x0800ebe8                xQueueCreateCountingSemaphoreStatic
                0x0800ec02                xQueueCreateCountingSemaphore
                0x0800ec14                xQueueGenericSend
                0x0800ed18                xQueueCreateMutexStatic
                0x0800ed42                xQueueGiveMutexRecursive
                0x0800ed6a                xQueueCreateMutex
                0x0800ed8e                xQueueGenericSendFromISR
                0x0800edf8                xQueueGiveFromISR
                0x0800ee54                xQueueReceive
                0x0800ef42                xQueueSemaphoreTake
                0x0800f068                xQueueTakeMutexRecursive
                0x0800f098                xQueuePeek
                0x0800f186                xQueueReceiveFromISR
                0x0800f1ee                xQueuePeekFromISR
                0x0800f21e                uxQueueMessagesWaiting
                0x0800f234                uxQueueSpacesAvailable
                0x0800f24e                uxQueueMessagesWaitingFromISR
                0x0800f252                vQueueDelete
                0x0800f25e                uxQueueGetQueueNumber
                0x0800f262                vQueueSetQueueNumber
                0x0800f266                ucQueueGetQueueType
                0x0800f26c                xQueueIsQueueEmptyFromISR
                0x0800f276                xQueueIsQueueFullFromISR
                0x0800f282                vQueueWaitForMessageRestricted
 .text          0x0800f2c8     0x12c0 build/FreeRTOS/tasks.o
                0x0800f588                xTaskCreateStatic
                0x0800f5bc                xTaskCreate
                0x0800f618                vTaskDelete
                0x0800f69c                eTaskGetState
                0x0800f704                uxTaskPriorityGet
                0x0800f724                uxTaskPriorityGetFromISR
                0x0800f74c                vTaskPrioritySet
                0x0800f7fc                vTaskResume
                0x0800f880                xTaskResumeFromISR
                0x0800f908                vTaskStartScheduler
                0x0800f984                vTaskEndScheduler
                0x0800f9a4                vTaskSuspendAll
                0x0800f9b8                xTaskGetTickCount
                0x0800f9c4                xTaskGetTickCountFromISR
                0x0800f9d0                uxTaskGetNumberOfTasks
                0x0800f9dc                pcTaskGetName
                0x0800f9ec                xTaskIncrementTick
                0x0800facc                xTaskResumeAll
                0x0800fb90                vTaskDelayUntil
                0x0800fbe0                vTaskDelay
                0x0800fc0e                xTaskCatchUpTicks
                0x0800fc2c                vTaskSwitchContext
                0x0800fc90                vTaskSuspend
                0x0800fd20                vTaskPlaceOnEventList
                0x0800fd40                vTaskPlaceOnUnorderedEventList
                0x0800fd68                vTaskPlaceOnEventListRestricted
                0x0800fd90                xTaskRemoveFromEventList
                0x0800fdf8                vTaskRemoveFromUnorderedEventList
                0x0800fe4c                vTaskSetTimeOutState
                0x0800fe70                vTaskInternalSetTimeOutState
                0x0800fe84                xTaskCheckForTimeOut
                0x0800fed4                vTaskMissedYield
                0x0800fee4                uxTaskGetTaskNumber
                0x0800feea                vTaskSetTaskNumber
                0x0800fef0                vTaskGetInfo
                0x0800ffc6                uxTaskGetSystemState
                0x08010060                uxTaskGetStackHighWaterMark
                0x08010080                xTaskGetCurrentTaskHandle
                0x0801008c                xTaskGetSchedulerState
                0x080100ac                xTaskPriorityInherit
                0x0801012c                xTaskPriorityDisinherit
                0x08010188                vTaskPriorityDisinheritAfterTimeout
                0x080101f8                uxTaskResetEventItemValue
                0x08010210                pvTaskIncrementMutexHeldCount
                0x08010228                ulTaskNotifyTake
                0x08010294                xTaskNotifyWait
                0x08010328                xTaskGenericNotify
                0x080103d8                xTaskGenericNotifyFromISR
                0x08010498                vTaskNotifyGiveFromISR
                0x08010528                xTaskNotifyStateClear
                0x08010554                ulTaskNotifyValueClear
 .text          0x08010588      0x4a8 build/FreeRTOS/timers.o
                0x08010604                xTimerCreateTimerTask
                0x08010654                xTimerCreate
                0x0801069a                xTimerCreateStatic
                0x080106da                xTimerGenericCommand
                0x08010938                xTimerGetTimerDaemonTaskHandle
                0x08010944                xTimerGetPeriod
                0x08010948                vTimerSetReloadMode
                0x0801096e                uxTimerGetReloadMode
                0x0801098a                xTimerGetExpiryTime
                0x0801098e                pcTimerGetName
                0x08010992                xTimerIsTimerActive
                0x080109ae                pvTimerGetTimerID
                0x080109c4                vTimerSetTimerID
                0x080109d8                xTimerPendFunctionCallFromISR
                0x08010a00                xTimerPendFunctionCall
                0x08010a28                uxTimerGetTimerNumber
                0x08010a2c                vTimerSetTimerNumber
 .text          0x08010a30      0x52a build/FreeRTOS/stream_buffer.o
                0x08010ad0                xStreamBufferGenericCreate
                0x08010b0c                xStreamBufferGenericCreateStatic
                0x08010b4c                vStreamBufferDelete
                0x08010b5e                xStreamBufferReset
                0x08010ba4                xStreamBufferSetTriggerLevel
                0x08010bb8                xStreamBufferSpacesAvailable
                0x08010bcc                xStreamBufferBytesAvailable
                0x08010bce                xStreamBufferSend
                0x08010cac                xStreamBufferSendFromISR
                0x08010d44                xStreamBufferReceive
                0x08010df8                xStreamBufferNextMessageLengthBytes
                0x08010e26                xStreamBufferReceiveFromISR
                0x08010eb6                xStreamBufferIsEmpty
                0x08010ec2                xStreamBufferIsFull
                0x08010eda                xStreamBufferSendCompletedFromISR
                0x08010f12                xStreamBufferReceiveCompletedFromISR
                0x08010f4a                uxStreamBufferGetStreamBufferNumber
                0x08010f4e                vStreamBufferSetStreamBufferNumber
                0x08010f52                ucStreamBufferGetStreamBufferType
 *fill*         0x08010f5a        0x2 
 .text          0x08010f5c     0x1140 build/FreeRTOS/cmsis_os2.o
                0x08010f9a                SysTick_Handler
                0x08010fb4                osKernelInitialize
                0x08010fe0                osKernelGetInfo
                0x0801100c                osKernelGetState
                0x0801102c                osKernelStart
                0x0801106c                osKernelLock
                0x08011098                osKernelUnlock
                0x080110d0                osKernelRestoreLock
                0x08011114                osKernelGetTickCount
                0x0801112c                osKernelGetTickFreq
                0x08011132                osKernelGetSysTimerCount
                0x08011172                osKernelGetSysTimerFreq
                0x0801117c                osThreadNew
                0x08011210                osThreadGetName
                0x0801122a                osThreadGetId
                0x0801122e                osThreadGetState
                0x08011258                osThreadGetStackSpace
                0x08011272                osThreadSetPriority
                0x080112a0                osThreadGetPriority
                0x080112bc                osThreadYield
                0x080112e0                osThreadSuspend
                0x08011304                osThreadResume
                0x08011328                osThreadExit
                0x08011332                osThreadTerminate
                0x08011366                osThreadGetCount
                0x0801137a                osThreadEnumerate
                0x080113e4                osThreadFlagsSet
                0x08011462                osThreadFlagsClear
                0x080114b2                osThreadFlagsGet
                0x080114e0                osThreadFlagsWait
                0x0801157a                osDelay
                0x08011598                osDelayUntil
                0x080115c8                osTimerNew
                0x08011640                osTimerGetName
                0x0801165a                osTimerStart
                0x08011690                osTimerStop
                0x080116d2                osTimerIsRunning
                0x080116ec                osTimerDelete
                0x08011732                osEventFlagsNew
                0x0801175e                osEventFlagsSet
                0x080117b8                osEventFlagsClear
                0x080117fe                osEventFlagsGet
                0x08011820                osEventFlagsWait
                0x08011884                osEventFlagsDelete
                0x080118a8                osMutexNew
                0x08011900                osMutexAcquire
                0x08011946                osMutexRelease
                0x08011986                osMutexGetOwner
                0x080119a2                osMutexDelete
                0x080119c8                osSemaphoreNew
                0x08011a56                osSemaphoreAcquire
                0x08011ab8                osSemaphoreRelease
                0x08011b10                osSemaphoreGetCount
                0x08011b32                osSemaphoreDelete
                0x08011b56                osMessageQueueNew
                0x08011bba                osMessageQueuePut
                0x08011c28                osMessageQueueGet
                0x08011c92                osMessageQueueGetCapacity
                0x08011c98                osMessageQueueGetMsgSize
                0x08011c9e                osMessageQueueGetCount
                0x08011ca2                osMessageQueueGetSpace
                0x08011cd8                osMessageQueueReset
                0x08011cfe                osMessageQueueDelete
                0x08011d02                osMemoryPoolNew
                0x08011df0                osMemoryPoolGetName
                0x08011e06                osMemoryPoolAlloc
                0x08011ebc                osMemoryPoolFree
                0x08011f78                osMemoryPoolGetCapacity
                0x08011f90                osMemoryPoolGetBlockSize
                0x08011fa8                osMemoryPoolGetCount
                0x08011fd8                osMemoryPoolGetSpace
                0x08012008                osMemoryPoolDelete
                0x08012064                vApplicationGetIdleTaskMemory
                0x08012080                vApplicationGetTimerTaskMemory
 .text          0x0801209c        0x2 build/FreeRTOS/clib_arm.o
                0x0801209c                software_init_hook
 *fill*         0x0801209e        0x2 
 .text          0x080120a0       0xd0 build/FreeRTOS/os_systick.o
                0x080120a0                OS_Tick_Setup
                0x080120e0                OS_Tick_Enable
                0x08012108                OS_Tick_Disable
                0x08012134                OS_Tick_AcknowledgeIRQ
                0x0801213c                OS_Tick_GetIRQn
                0x08012142                OS_Tick_GetClock
                0x0801214c                OS_Tick_GetInterval
                0x08012156                OS_Tick_GetCount
                0x08012162                OS_Tick_GetOverflow
 .text          0x08012170       0x8c build/FreeRTOS/heap_useNewlib.o
                0x08012170                sbrk
                0x080121c0                _sbrk
                0x080121c4                __malloc_lock
                0x080121c8                __malloc_unlock
                0x080121cc                __env_lock
                0x080121d0                __env_unlock
                0x080121d4                pvPortMalloc
                0x080121d8                vPortFree
                0x080121dc                xPortGetFreeHeapSize
                0x080121f8                vPortInitialiseBlocks
 *fill*         0x080121fc        0x4 
 .text          0x08012200      0x1ec build/FreeRTOS/port.o
                0x08012250                pxPortInitialiseStack
                0x0801227c                SVC_Handler
                0x080122a4                vPortEndScheduler
                0x080122a6                vPortEnterCritical
                0x080122c4                vPortExitCritical
                0x080122d8                PendSV_Handler
                0x08012344                xPortSysTickHandler
                0x08012374                vPortSetupTimerInterrupt
                0x08012398                xPortStartScheduler
 .text          0x080123ec        0x0 c:/mchatoolchainwindows/toolchain/gcc-arm-none-eabi/bin/../lib/gcc/arm-none-eabi/11.2.1/thumb/v7e-m+fp/hard\libm.a(lib_a-s_fmax.o)
 .text          0x080123ec        0x0 c:/mchatoolchainwindows/toolchain/gcc-arm-none-eabi/bin/../lib/gcc/arm-none-eabi/11.2.1/thumb/v7e-m+fp/hard\libm.a(lib_a-s_fmin.o)
 .text          0x080123ec        0x0 c:/mchatoolchainwindows/toolchain/gcc-arm-none-eabi/bin/../lib/gcc/arm-none-eabi/11.2.1/thumb/v7e-m+fp/hard\libm.a(lib_a-s_fpclassify.o)
 .text          0x080123ec        0x0 c:/mchatoolchainwindows/toolchain/gcc-arm-none-eabi/bin/../lib/gcc/arm-none-eabi/11.2.1/thumb/v7e-m+fp/hard\libm.a(lib_a-sf_sin.o)
 .text          0x080123ec        0x0 c:/mchatoolchainwindows/toolchain/gcc-arm-none-eabi/bin/../lib/gcc/arm-none-eabi/11.2.1/thumb/v7e-m+fp/hard\libm.a(lib_a-w_atan2.o)
 .text          0x080123ec        0x0 c:/mchatoolchainwindows/toolchain/gcc-arm-none-eabi/bin/../lib/gcc/arm-none-eabi/11.2.1/thumb/v7e-m+fp/hard\libm.a(lib_a-e_atan2.o)
 .text          0x080123ec        0x0 c:/mchatoolchainwindows/toolchain/gcc-arm-none-eabi/bin/../lib/gcc/arm-none-eabi/11.2.1/thumb/v7e-m+fp/hard\libm.a(lib_a-ef_rem_pio2.o)
 .text          0x080123ec        0x0 c:/mchatoolchainwindows/toolchain/gcc-arm-none-eabi/bin/../lib/gcc/arm-none-eabi/11.2.1/thumb/v7e-m+fp/hard\libm.a(lib_a-kf_cos.o)
 .text          0x080123ec        0x0 c:/mchatoolchainwindows/toolchain/gcc-arm-none-eabi/bin/../lib/gcc/arm-none-eabi/11.2.1/thumb/v7e-m+fp/hard\libm.a(lib_a-kf_rem_pio2.o)
 .text          0x080123ec        0x0 c:/mchatoolchainwindows/toolchain/gcc-arm-none-eabi/bin/../lib/gcc/arm-none-eabi/11.2.1/thumb/v7e-m+fp/hard\libm.a(lib_a-kf_sin.o)
 .text          0x080123ec        0x0 c:/mchatoolchainwindows/toolchain/gcc-arm-none-eabi/bin/../lib/gcc/arm-none-eabi/11.2.1/thumb/v7e-m+fp/hard\libm.a(lib_a-s_atan.o)
 .text          0x080123ec        0x0 c:/mchatoolchainwindows/toolchain/gcc-arm-none-eabi/bin/../lib/gcc/arm-none-eabi/11.2.1/thumb/v7e-m+fp/hard\libm.a(lib_a-s_fabs.o)
 .text          0x080123ec        0x0 c:/mchatoolchainwindows/toolchain/gcc-arm-none-eabi/bin/../lib/gcc/arm-none-eabi/11.2.1/thumb/v7e-m+fp/hard\libm.a(lib_a-sf_fabs.o)
 .text          0x080123ec        0x0 c:/mchatoolchainwindows/toolchain/gcc-arm-none-eabi/bin/../lib/gcc/arm-none-eabi/11.2.1/thumb/v7e-m+fp/hard\libm.a(lib_a-sf_floor.o)
 .text          0x080123ec        0x0 c:/mchatoolchainwindows/toolchain/gcc-arm-none-eabi/bin/../lib/gcc/arm-none-eabi/11.2.1/thumb/v7e-m+fp/hard\libm.a(lib_a-sf_scalbn.o)
 .text          0x080123ec      0x254 c:/mchatoolchainwindows/toolchain/gcc-arm-none-eabi/bin/../lib/gcc/arm-none-eabi/11.2.1/thumb/v7e-m+fp/hard\libgcc.a(_arm_muldf3.o)
 .text          0x08012640      0x378 c:/mchatoolchainwindows/toolchain/gcc-arm-none-eabi/bin/../lib/gcc/arm-none-eabi/11.2.1/thumb/v7e-m+fp/hard\libgcc.a(_arm_addsubdf3.o)
                0x08012640                __aeabi_drsub
                0x08012648                __aeabi_dsub
                0x08012648                __subdf3
                0x0801264c                __aeabi_dadd
                0x0801264c                __adddf3
                0x080128c4                __floatunsidf
                0x080128c4                __aeabi_ui2d
                0x080128e4                __floatsidf
                0x080128e4                __aeabi_i2d
                0x08012908                __aeabi_f2d
                0x08012908                __extendsfdf2
                0x0801294c                __floatundidf
                0x0801294c                __aeabi_ul2d
                0x0801295c                __floatdidf
                0x0801295c                __aeabi_l2d
 .text          0x080129b8      0x424 c:/mchatoolchainwindows/toolchain/gcc-arm-none-eabi/bin/../lib/gcc/arm-none-eabi/11.2.1/thumb/v7e-m+fp/hard\libgcc.a(_arm_muldivdf3.o)
                0x080129b8                __aeabi_dmul
                0x080129b8                __muldf3
                0x08012c0c                __divdf3
                0x08012c0c                __aeabi_ddiv
 .text          0x08012ddc      0x110 c:/mchatoolchainwindows/toolchain/gcc-arm-none-eabi/bin/../lib/gcc/arm-none-eabi/11.2.1/thumb/v7e-m+fp/hard\libgcc.a(_arm_cmpdf2.o)
                0x08012ddc                __gtdf2
                0x08012ddc                __gedf2
                0x08012de4                __ltdf2
                0x08012de4                __ledf2
                0x08012dec                __nedf2
                0x08012dec                __eqdf2
                0x08012dec                __cmpdf2
                0x08012e68                __aeabi_cdrcmple
                0x08012e78                __aeabi_cdcmpeq
                0x08012e78                __aeabi_cdcmple
                0x08012e88                __aeabi_dcmpeq
                0x08012e9c                __aeabi_dcmplt
                0x08012eb0                __aeabi_dcmple
                0x08012ec4                __aeabi_dcmpge
                0x08012ed8                __aeabi_dcmpgt
 .text          0x08012eec       0xa0 c:/mchatoolchainwindows/toolchain/gcc-arm-none-eabi/bin/../lib/gcc/arm-none-eabi/11.2.1/thumb/v7e-m+fp/hard\libgcc.a(_arm_truncdfsf2.o)
                0x08012eec                __truncdfsf2
                0x08012eec                __aeabi_d2f
 .text          0x08012f8c       0xa0 c:/mchatoolchainwindows/toolchain/gcc-arm-none-eabi/bin/../lib/gcc/arm-none-eabi/11.2.1/thumb/v7e-m+fp/hard\libgcc.a(_aeabi_ldivmod.o)
                0x08012f8c                __aeabi_ldivmod
 .text          0x0801302c       0x30 c:/mchatoolchainwindows/toolchain/gcc-arm-none-eabi/bin/../lib/gcc/arm-none-eabi/11.2.1/thumb/v7e-m+fp/hard\libgcc.a(_aeabi_uldivmod.o)
                0x0801302c                __aeabi_uldivmod
 .text          0x0801305c        0x0 c:/mchatoolchainwindows/toolchain/gcc-arm-none-eabi/bin/../lib/gcc/arm-none-eabi/11.2.1/thumb/v7e-m+fp/hard\libgcc.a(_udivmoddi4.o)
 .text          0x0801305c        0x4 c:/mchatoolchainwindows/toolchain/gcc-arm-none-eabi/bin/../lib/gcc/arm-none-eabi/11.2.1/thumb/v7e-m+fp/hard\libgcc.a(_dvmd_tls.o)
                0x0801305c                __aeabi_idiv0
                0x0801305c                __aeabi_ldiv0
 .text          0x08013060        0x0 c:/mchatoolchainwindows/toolchain/gcc-arm-none-eabi/bin/../lib/gcc/arm-none-eabi/11.2.1/thumb/v7e-m+fp/hard\libc_nano.a(lib_a-atof.o)
 .text          0x08013060        0x0 c:/mchatoolchainwindows/toolchain/gcc-arm-none-eabi/bin/../lib/gcc/arm-none-eabi/11.2.1/thumb/v7e-m+fp/hard\libc_nano.a(lib_a-atoi.o)
 .text          0x08013060        0x0 c:/mchatoolchainwindows/toolchain/gcc-arm-none-eabi/bin/../lib/gcc/arm-none-eabi/11.2.1/thumb/v7e-m+fp/hard\libc_nano.a(lib_a-ctype_.o)
 .text          0x08013060        0x0 c:/mchatoolchainwindows/toolchain/gcc-arm-none-eabi/bin/../lib/gcc/arm-none-eabi/11.2.1/thumb/v7e-m+fp/hard\libc_nano.a(lib_a-exit.o)
 .text          0x08013060        0x0 c:/mchatoolchainwindows/toolchain/gcc-arm-none-eabi/bin/../lib/gcc/arm-none-eabi/11.2.1/thumb/v7e-m+fp/hard\libc_nano.a(lib_a-getchar.o)
 .text          0x08013060        0x0 c:/mchatoolchainwindows/toolchain/gcc-arm-none-eabi/bin/../lib/gcc/arm-none-eabi/11.2.1/thumb/v7e-m+fp/hard\libc_nano.a(lib_a-getc.o)
 .text          0x08013060        0x0 c:/mchatoolchainwindows/toolchain/gcc-arm-none-eabi/bin/../lib/gcc/arm-none-eabi/11.2.1/thumb/v7e-m+fp/hard\libc_nano.a(lib_a-impure.o)
 .text          0x08013060        0x0 c:/mchatoolchainwindows/toolchain/gcc-arm-none-eabi/bin/../lib/gcc/arm-none-eabi/11.2.1/thumb/v7e-m+fp/hard\libc_nano.a(lib_a-init.o)
 .text          0x08013060        0x0 c:/mchatoolchainwindows/toolchain/gcc-arm-none-eabi/bin/../lib/gcc/arm-none-eabi/11.2.1/thumb/v7e-m+fp/hard\libc_nano.a(lib_a-malloc.o)
 .text          0x08013060        0x0 c:/mchatoolchainwindows/toolchain/gcc-arm-none-eabi/bin/../lib/gcc/arm-none-eabi/11.2.1/thumb/v7e-m+fp/hard\libc_nano.a(lib_a-memcpy-stub.o)
 .text          0x08013060        0x0 c:/mchatoolchainwindows/toolchain/gcc-arm-none-eabi/bin/../lib/gcc/arm-none-eabi/11.2.1/thumb/v7e-m+fp/hard\libc_nano.a(lib_a-memset.o)
 .text          0x08013060        0x0 c:/mchatoolchainwindows/toolchain/gcc-arm-none-eabi/bin/../lib/gcc/arm-none-eabi/11.2.1/thumb/v7e-m+fp/hard\libc_nano.a(lib_a-mstats.o)
 .text          0x08013060        0x0 c:/mchatoolchainwindows/toolchain/gcc-arm-none-eabi/bin/../lib/gcc/arm-none-eabi/11.2.1/thumb/v7e-m+fp/hard\libc_nano.a(lib_a-nano-freer.o)
 .text          0x08013060        0x0 c:/mchatoolchainwindows/toolchain/gcc-arm-none-eabi/bin/../lib/gcc/arm-none-eabi/11.2.1/thumb/v7e-m+fp/hard\libc_nano.a(lib_a-nano-mallinfor.o)
 .text          0x08013060        0x0 c:/mchatoolchainwindows/toolchain/gcc-arm-none-eabi/bin/../lib/gcc/arm-none-eabi/11.2.1/thumb/v7e-m+fp/hard\libc_nano.a(lib_a-nano-mallocr.o)
 .text          0x08013060        0x0 c:/mchatoolchainwindows/toolchain/gcc-arm-none-eabi/bin/../lib/gcc/arm-none-eabi/11.2.1/thumb/v7e-m+fp/hard\libc_nano.a(lib_a-nano-malloptr.o)
 .text          0x08013060        0x0 c:/mchatoolchainwindows/toolchain/gcc-arm-none-eabi/bin/../lib/gcc/arm-none-eabi/11.2.1/thumb/v7e-m+fp/hard\libc_nano.a(lib_a-nano-mallstatsr.o)
 .text          0x08013060        0x0 c:/mchatoolchainwindows/toolchain/gcc-arm-none-eabi/bin/../lib/gcc/arm-none-eabi/11.2.1/thumb/v7e-m+fp/hard\libc_nano.a(lib_a-nano-vfprintf_float.o)
 .text          0x08013060        0x0 c:/mchatoolchainwindows/toolchain/gcc-arm-none-eabi/bin/../lib/gcc/arm-none-eabi/11.2.1/thumb/v7e-m+fp/hard\libc_nano.a(lib_a-nano-vfprintf_i.o)
 .text          0x08013060        0x0 c:/mchatoolchainwindows/toolchain/gcc-arm-none-eabi/bin/../lib/gcc/arm-none-eabi/11.2.1/thumb/v7e-m+fp/hard\libc_nano.a(lib_a-nano-vfscanf_float.o)
 .text          0x08013060        0x0 c:/mchatoolchainwindows/toolchain/gcc-arm-none-eabi/bin/../lib/gcc/arm-none-eabi/11.2.1/thumb/v7e-m+fp/hard\libc_nano.a(lib_a-printf.o)
 .text          0x08013060        0x0 c:/mchatoolchainwindows/toolchain/gcc-arm-none-eabi/bin/../lib/gcc/arm-none-eabi/11.2.1/thumb/v7e-m+fp/hard\libc_nano.a(lib_a-reent.o)
 .text          0x08013060        0x0 c:/mchatoolchainwindows/toolchain/gcc-arm-none-eabi/bin/../lib/gcc/arm-none-eabi/11.2.1/thumb/v7e-m+fp/hard\libc_nano.a(lib_a-rget.o)
 .text          0x08013060        0x0 c:/mchatoolchainwindows/toolchain/gcc-arm-none-eabi/bin/../lib/gcc/arm-none-eabi/11.2.1/thumb/v7e-m+fp/hard\libc_nano.a(lib_a-sbrkr.o)
 .text          0x08013060        0x0 c:/mchatoolchainwindows/toolchain/gcc-arm-none-eabi/bin/../lib/gcc/arm-none-eabi/11.2.1/thumb/v7e-m+fp/hard\libc_nano.a(lib_a-setvbuf.o)
 .text          0x08013060        0x0 c:/mchatoolchainwindows/toolchain/gcc-arm-none-eabi/bin/../lib/gcc/arm-none-eabi/11.2.1/thumb/v7e-m+fp/hard\libc_nano.a(lib_a-sf_nan.o)
 .text          0x08013060        0x0 c:/mchatoolchainwindows/toolchain/gcc-arm-none-eabi/bin/../lib/gcc/arm-none-eabi/11.2.1/thumb/v7e-m+fp/hard\libc_nano.a(lib_a-sprintf.o)
 .text          0x08013060       0x14 c:/mchatoolchainwindows/toolchain/gcc-arm-none-eabi/bin/../lib/gcc/arm-none-eabi/11.2.1/thumb/v7e-m+fp/hard\libc_nano.a(lib_a-strcmp.o)
                0x08013060                strcmp
 .text          0x08013074       0x10 c:/mchatoolchainwindows/toolchain/gcc-arm-none-eabi/bin/../lib/gcc/arm-none-eabi/11.2.1/thumb/v7e-m+fp/hard\libc_nano.a(lib_a-strlen.o)
                0x08013074                strlen
 .text          0x08013084        0x0 c:/mchatoolchainwindows/toolchain/gcc-arm-none-eabi/bin/../lib/gcc/arm-none-eabi/11.2.1/thumb/v7e-m+fp/hard\libc_nano.a(lib_a-strtod.o)
 .text          0x08013084        0x0 c:/mchatoolchainwindows/toolchain/gcc-arm-none-eabi/bin/../lib/gcc/arm-none-eabi/11.2.1/thumb/v7e-m+fp/hard\libc_nano.a(lib_a-strtol.o)
 .text          0x08013084        0x0 c:/mchatoolchainwindows/toolchain/gcc-arm-none-eabi/bin/../lib/gcc/arm-none-eabi/11.2.1/thumb/v7e-m+fp/hard\libc_nano.a(lib_a-vprintf.o)
 .text          0x08013084        0x0 c:/mchatoolchainwindows/toolchain/gcc-arm-none-eabi/bin/../lib/gcc/arm-none-eabi/11.2.1/thumb/v7e-m+fp/hard\libc_nano.a(lib_a-dtoa.o)
 .text          0x08013084        0x0 c:/mchatoolchainwindows/toolchain/gcc-arm-none-eabi/bin/../lib/gcc/arm-none-eabi/11.2.1/thumb/v7e-m+fp/hard\libc_nano.a(lib_a-errno.o)
 .text          0x08013084        0x0 c:/mchatoolchainwindows/toolchain/gcc-arm-none-eabi/bin/../lib/gcc/arm-none-eabi/11.2.1/thumb/v7e-m+fp/hard\libc_nano.a(lib_a-fflush.o)
 .text          0x08013084        0x0 c:/mchatoolchainwindows/toolchain/gcc-arm-none-eabi/bin/../lib/gcc/arm-none-eabi/11.2.1/thumb/v7e-m+fp/hard\libc_nano.a(lib_a-findfp.o)
 .text          0x08013084        0x0 c:/mchatoolchainwindows/toolchain/gcc-arm-none-eabi/bin/../lib/gcc/arm-none-eabi/11.2.1/thumb/v7e-m+fp/hard\libc_nano.a(lib_a-fprintf.o)
 .text          0x08013084        0x0 c:/mchatoolchainwindows/toolchain/gcc-arm-none-eabi/bin/../lib/gcc/arm-none-eabi/11.2.1/thumb/v7e-m+fp/hard\libc_nano.a(lib_a-fwalk.o)
 .text          0x08013084        0x0 c:/mchatoolchainwindows/toolchain/gcc-arm-none-eabi/bin/../lib/gcc/arm-none-eabi/11.2.1/thumb/v7e-m+fp/hard\libc_nano.a(lib_a-gdtoa-gethex.o)
 .text          0x08013084        0x0 c:/mchatoolchainwindows/toolchain/gcc-arm-none-eabi/bin/../lib/gcc/arm-none-eabi/11.2.1/thumb/v7e-m+fp/hard\libc_nano.a(lib_a-gdtoa-hexnan.o)
 .text          0x08013084        0x0 c:/mchatoolchainwindows/toolchain/gcc-arm-none-eabi/bin/../lib/gcc/arm-none-eabi/11.2.1/thumb/v7e-m+fp/hard\libc_nano.a(lib_a-lnumeric.o)
 .text          0x08013084        0x0 c:/mchatoolchainwindows/toolchain/gcc-arm-none-eabi/bin/../lib/gcc/arm-none-eabi/11.2.1/thumb/v7e-m+fp/hard\libc_nano.a(lib_a-localeconv.o)
 .text          0x08013084        0x0 c:/mchatoolchainwindows/toolchain/gcc-arm-none-eabi/bin/../lib/gcc/arm-none-eabi/11.2.1/thumb/v7e-m+fp/hard\libc_nano.a(lib_a-locale.o)
 .text          0x08013084        0x0 c:/mchatoolchainwindows/toolchain/gcc-arm-none-eabi/bin/../lib/gcc/arm-none-eabi/11.2.1/thumb/v7e-m+fp/hard\libc_nano.a(lib_a-makebuf.o)
 .text          0x08013084        0x0 c:/mchatoolchainwindows/toolchain/gcc-arm-none-eabi/bin/../lib/gcc/arm-none-eabi/11.2.1/thumb/v7e-m+fp/hard\libc_nano.a(lib_a-mbtowc_r.o)
 *fill*         0x08013084        0xc 
 .text          0x08013090       0xa0 c:/mchatoolchainwindows/toolchain/gcc-arm-none-eabi/bin/../lib/gcc/arm-none-eabi/11.2.1/thumb/v7e-m+fp/hard\libc_nano.a(lib_a-memchr.o)
                0x08013090                memchr
 .text          0x08013130        0x0 c:/mchatoolchainwindows/toolchain/gcc-arm-none-eabi/bin/../lib/gcc/arm-none-eabi/11.2.1/thumb/v7e-m+fp/hard\libc_nano.a(lib_a-mprec.o)
 .text          0x08013130        0x0 c:/mchatoolchainwindows/toolchain/gcc-arm-none-eabi/bin/../lib/gcc/arm-none-eabi/11.2.1/thumb/v7e-m+fp/hard\libc_nano.a(lib_a-nano-callocr.o)
 .text          0x08013130        0x0 c:/mchatoolchainwindows/toolchain/gcc-arm-none-eabi/bin/../lib/gcc/arm-none-eabi/11.2.1/thumb/v7e-m+fp/hard\libc_nano.a(lib_a-nano-svfprintf.o)
 .text          0x08013130        0x0 c:/mchatoolchainwindows/toolchain/gcc-arm-none-eabi/bin/../lib/gcc/arm-none-eabi/11.2.1/thumb/v7e-m+fp/hard\libc_nano.a(lib_a-nano-vfprintf.o)
 .text          0x08013130        0x0 c:/mchatoolchainwindows/toolchain/gcc-arm-none-eabi/bin/../lib/gcc/arm-none-eabi/11.2.1/thumb/v7e-m+fp/hard\libc_nano.a(lib_a-refill.o)
 .text          0x08013130        0x0 c:/mchatoolchainwindows/toolchain/gcc-arm-none-eabi/bin/../lib/gcc/arm-none-eabi/11.2.1/thumb/v7e-m+fp/hard\libc_nano.a(lib_a-s_nan.o)
 .text          0x08013130        0x0 c:/mchatoolchainwindows/toolchain/gcc-arm-none-eabi/bin/../lib/gcc/arm-none-eabi/11.2.1/thumb/v7e-m+fp/hard\libc_nano.a(lib_a-stdio.o)
 .text          0x08013130        0x0 c:/mchatoolchainwindows/toolchain/gcc-arm-none-eabi/bin/../lib/gcc/arm-none-eabi/11.2.1/thumb/v7e-m+fp/hard\libc_nano.a(lib_a-strncmp.o)
 .text          0x08013130        0x0 c:/mchatoolchainwindows/toolchain/gcc-arm-none-eabi/bin/../lib/gcc/arm-none-eabi/11.2.1/thumb/v7e-m+fp/hard\libc_nano.a(lib_a-wbuf.o)
 .text          0x08013130        0x0 c:/mchatoolchainwindows/toolchain/gcc-arm-none-eabi/bin/../lib/gcc/arm-none-eabi/11.2.1/thumb/v7e-m+fp/hard\libc_nano.a(lib_a-wctomb_r.o)
 .text          0x08013130        0x0 c:/mchatoolchainwindows/toolchain/gcc-arm-none-eabi/bin/../lib/gcc/arm-none-eabi/11.2.1/thumb/v7e-m+fp/hard\libc_nano.a(lib_a-writer.o)
 .text          0x08013130        0x0 c:/mchatoolchainwindows/toolchain/gcc-arm-none-eabi/bin/../lib/gcc/arm-none-eabi/11.2.1/thumb/v7e-m+fp/hard\libc_nano.a(lib_a-wsetup.o)
 .text          0x08013130        0x0 c:/mchatoolchainwindows/toolchain/gcc-arm-none-eabi/bin/../lib/gcc/arm-none-eabi/11.2.1/thumb/v7e-m+fp/hard\libc_nano.a(lib_a-assert.o)
 .text          0x08013130        0x0 c:/mchatoolchainwindows/toolchain/gcc-arm-none-eabi/bin/../lib/gcc/arm-none-eabi/11.2.1/thumb/v7e-m+fp/hard\libc_nano.a(lib_a-closer.o)
 .text          0x08013130        0x0 c:/mchatoolchainwindows/toolchain/gcc-arm-none-eabi/bin/../lib/gcc/arm-none-eabi/11.2.1/thumb/v7e-m+fp/hard\libc_nano.a(lib_a-fstatr.o)
 .text          0x08013130        0x0 c:/mchatoolchainwindows/toolchain/gcc-arm-none-eabi/bin/../lib/gcc/arm-none-eabi/11.2.1/thumb/v7e-m+fp/hard\libc_nano.a(lib_a-fvwrite.o)
 .text          0x08013130        0x0 c:/mchatoolchainwindows/toolchain/gcc-arm-none-eabi/bin/../lib/gcc/arm-none-eabi/11.2.1/thumb/v7e-m+fp/hard\libc_nano.a(lib_a-isattyr.o)
 .text          0x08013130        0x0 c:/mchatoolchainwindows/toolchain/gcc-arm-none-eabi/bin/../lib/gcc/arm-none-eabi/11.2.1/thumb/v7e-m+fp/hard\libc_nano.a(lib_a-lseekr.o)
 .text          0x08013130        0x0 c:/mchatoolchainwindows/toolchain/gcc-arm-none-eabi/bin/../lib/gcc/arm-none-eabi/11.2.1/thumb/v7e-m+fp/hard\libc_nano.a(lib_a-memmove.o)
 .text          0x08013130        0x0 c:/mchatoolchainwindows/toolchain/gcc-arm-none-eabi/bin/../lib/gcc/arm-none-eabi/11.2.1/thumb/v7e-m+fp/hard\libc_nano.a(lib_a-nano-reallocr.o)
 .text          0x08013130        0x0 c:/mchatoolchainwindows/toolchain/gcc-arm-none-eabi/bin/../lib/gcc/arm-none-eabi/11.2.1/thumb/v7e-m+fp/hard\libc_nano.a(lib_a-readr.o)
 .text          0x08013130        0x0 c:/mchatoolchainwindows/toolchain/gcc-arm-none-eabi/bin/../lib/gcc/arm-none-eabi/11.2.1/thumb/v7e-m+fp/hard\libc_nano.a(lib_a-abort.o)
 .text          0x08013130        0x0 c:/mchatoolchainwindows/toolchain/gcc-arm-none-eabi/bin/../lib/gcc/arm-none-eabi/11.2.1/thumb/v7e-m+fp/hard\libc_nano.a(lib_a-nano-msizer.o)
 .text          0x08013130        0x0 c:/mchatoolchainwindows/toolchain/gcc-arm-none-eabi/bin/../lib/gcc/arm-none-eabi/11.2.1/thumb/v7e-m+fp/hard\libc_nano.a(lib_a-signal.o)
 .text          0x08013130        0x0 c:/mchatoolchainwindows/toolchain/gcc-arm-none-eabi/bin/../lib/gcc/arm-none-eabi/11.2.1/thumb/v7e-m+fp/hard\libc_nano.a(lib_a-signalr.o)
 .text          0x08013130       0x2c c:/mchatoolchainwindows/toolchain/gcc-arm-none-eabi/bin/../lib/gcc/arm-none-eabi/11.2.1/thumb/v7e-m+fp/hard\libgcc.a(_arm_unorddf2.o)
                0x08013130                __unorddf2
                0x08013130                __aeabi_dcmpun
 .text          0x0801315c       0x50 c:/mchatoolchainwindows/toolchain/gcc-arm-none-eabi/bin/../lib/gcc/arm-none-eabi/11.2.1/thumb/v7e-m+fp/hard\libgcc.a(_arm_fixdfsi.o)
                0x0801315c                __aeabi_d2iz
                0x0801315c                __fixdfsi
 .text          0x080131ac       0x40 c:/mchatoolchainwindows/toolchain/gcc-arm-none-eabi/bin/../lib/gcc/arm-none-eabi/11.2.1/thumb/v7e-m+fp/hard\libgcc.a(_arm_fixunsdfsi.o)
                0x080131ac                __aeabi_d2uiz
                0x080131ac                __fixunsdfsi
 .text          0x080131ec        0x0 c:/mchatoolchainwindows/toolchain/gcc-arm-none-eabi/bin/../lib/gcc/arm-none-eabi/11.2.1/thumb/v7e-m+fp/hard\libgcc.a(_fixdfdi.o)
 .text          0x080131ec        0x0 c:/mchatoolchainwindows/toolchain/gcc-arm-none-eabi/bin/../lib/gcc/arm-none-eabi/11.2.1/thumb/v7e-m+fp/hard\libgcc.a(_fixunsdfdi.o)
 .text          0x080131ec        0x0 c:/mchatoolchainwindows/toolchain/gcc-arm-none-eabi/bin/../lib/gcc/arm-none-eabi/11.2.1/thumb/v7e-m+fp/hard\libnosys.a(close.o)
 .text          0x080131ec        0x0 c:/mchatoolchainwindows/toolchain/gcc-arm-none-eabi/bin/../lib/gcc/arm-none-eabi/11.2.1/thumb/v7e-m+fp/hard\libnosys.a(fstat.o)
 .text          0x080131ec        0x0 c:/mchatoolchainwindows/toolchain/gcc-arm-none-eabi/bin/../lib/gcc/arm-none-eabi/11.2.1/thumb/v7e-m+fp/hard\libnosys.a(getpid.o)
 .text          0x080131ec        0x0 c:/mchatoolchainwindows/toolchain/gcc-arm-none-eabi/bin/../lib/gcc/arm-none-eabi/11.2.1/thumb/v7e-m+fp/hard\libnosys.a(isatty.o)
 .text          0x080131ec        0x0 c:/mchatoolchainwindows/toolchain/gcc-arm-none-eabi/bin/../lib/gcc/arm-none-eabi/11.2.1/thumb/v7e-m+fp/hard\libnosys.a(kill.o)
 .text          0x080131ec        0x0 c:/mchatoolchainwindows/toolchain/gcc-arm-none-eabi/bin/../lib/gcc/arm-none-eabi/11.2.1/thumb/v7e-m+fp/hard\libnosys.a(lseek.o)
 .text          0x080131ec        0x0 c:/mchatoolchainwindows/toolchain/gcc-arm-none-eabi/bin/../lib/gcc/arm-none-eabi/11.2.1/thumb/v7e-m+fp/hard\libnosys.a(_exit.o)
 .text          0x080131ec        0x0 c:/mchatoolchainwindows/toolchain/gcc-arm-none-eabi/bin/../lib/gcc/arm-none-eabi/11.2.1/thumb/v7e-m+fp/hard/crtend.o
 .text          0x080131ec        0x0 c:/mchatoolchainwindows/toolchain/gcc-arm-none-eabi/bin/../lib/gcc/arm-none-eabi/11.2.1/thumb/v7e-m+fp/hard/crtn.o
 *(.text*)
 .text.deregister_tm_clones
                0x080131ec       0x1c c:/mchatoolchainwindows/toolchain/gcc-arm-none-eabi/bin/../lib/gcc/arm-none-eabi/11.2.1/thumb/v7e-m+fp/hard/crtbegin.o
 .text.register_tm_clones
                0x08013208       0x24 c:/mchatoolchainwindows/toolchain/gcc-arm-none-eabi/bin/../lib/gcc/arm-none-eabi/11.2.1/thumb/v7e-m+fp/hard/crtbegin.o
 .text.__do_global_dtors_aux
                0x0801322c       0x28 c:/mchatoolchainwindows/toolchain/gcc-arm-none-eabi/bin/../lib/gcc/arm-none-eabi/11.2.1/thumb/v7e-m+fp/hard/crtbegin.o
 .text.frame_dummy
                0x08013254       0x24 c:/mchatoolchainwindows/toolchain/gcc-arm-none-eabi/bin/../lib/gcc/arm-none-eabi/11.2.1/thumb/v7e-m+fp/hard/crtbegin.o
 .text.startup  0x08013278       0xa8 build/main.o
                0x08013278                main
 .text.Reset_Handler
                0x08013320       0x50 build/startup_stm32f446xx.o
                0x08013320                Reset_Handler
 .text.Default_Handler
                0x08013370        0x2 build/startup_stm32f446xx.o
                0x08013370                RTC_Alarm_IRQHandler
                0x08013370                EXTI2_IRQHandler
                0x08013370                TIM8_CC_IRQHandler
                0x08013370                SPI4_IRQHandler
                0x08013370                TIM1_CC_IRQHandler
                0x08013370                DMA2_Stream5_IRQHandler
                0x08013370                DMA1_Stream5_IRQHandler
                0x08013370                PVD_IRQHandler
                0x08013370                SDIO_IRQHandler
                0x08013370                TAMP_STAMP_IRQHandler
                0x08013370                CAN2_RX1_IRQHandler
                0x08013370                EXTI3_IRQHandler
                0x08013370                TIM8_TRG_COM_TIM14_IRQHandler
                0x08013370                TIM1_UP_TIM10_IRQHandler
                0x08013370                TIM8_UP_TIM13_IRQHandler
                0x08013370                I2C3_ER_IRQHandler
                0x08013370                FMPI2C1_Event_IRQHandler
                0x08013370                I2C2_EV_IRQHandler
                0x08013370                DMA1_Stream2_IRQHandler
                0x08013370                CAN1_RX0_IRQHandler
                0x08013370                FPU_IRQHandler
                0x08013370                OTG_HS_WKUP_IRQHandler
                0x08013370                CAN2_SCE_IRQHandler
                0x08013370                DMA2_Stream2_IRQHandler
                0x08013370                SPI1_IRQHandler
                0x08013370                TIM6_DAC_IRQHandler
                0x08013370                TIM1_BRK_TIM9_IRQHandler
                0x08013370                DCMI_IRQHandler
                0x08013370                CAN2_RX0_IRQHandler
                0x08013370                DMA2_Stream3_IRQHandler
                0x08013370                SAI2_IRQHandler
                0x08013370                USART6_IRQHandler
                0x08013370                USART3_IRQHandler
                0x08013370                CAN1_RX1_IRQHandler
                0x08013370                UART5_IRQHandler
                0x08013370                TIM4_IRQHandler
                0x08013370                QUADSPI_IRQHandler
                0x08013370                I2C1_EV_IRQHandler
                0x08013370                DMA1_Stream6_IRQHandler
                0x08013370                DMA1_Stream1_IRQHandler
                0x08013370                UART4_IRQHandler
                0x08013370                TIM3_IRQHandler
                0x08013370                RCC_IRQHandler
                0x08013370                TIM8_BRK_TIM12_IRQHandler
                0x08013370                Default_Handler
                0x08013370                CEC_IRQHandler
                0x08013370                EXTI15_10_IRQHandler
                0x08013370                ADC_IRQHandler
                0x08013370                DMA1_Stream7_IRQHandler
                0x08013370                TIM7_IRQHandler
                0x08013370                CAN2_TX_IRQHandler
                0x08013370                TIM5_IRQHandler
                0x08013370                DMA2_Stream7_IRQHandler
                0x08013370                I2C3_EV_IRQHandler
                0x08013370                RTC_WKUP_IRQHandler
                0x08013370                SPDIF_RX_IRQHandler
                0x08013370                SPI2_IRQHandler
                0x08013370                OTG_HS_EP1_IN_IRQHandler
                0x08013370                DMA1_Stream0_IRQHandler
                0x08013370                CAN1_TX_IRQHandler
                0x08013370                OTG_HS_EP1_OUT_IRQHandler
                0x08013370                WWDG_IRQHandler
                0x08013370                TIM2_IRQHandler
                0x08013370                OTG_FS_WKUP_IRQHandler
                0x08013370                TIM1_TRG_COM_TIM11_IRQHandler
                0x08013370                OTG_HS_IRQHandler
                0x08013370                I2C2_ER_IRQHandler
                0x08013370                DMA2_Stream1_IRQHandler
                0x08013370                CAN1_SCE_IRQHandler
                0x08013370                FLASH_IRQHandler
                0x08013370                DMA2_Stream4_IRQHandler
                0x08013370                OTG_FS_IRQHandler
                0x08013370                SPI3_IRQHandler
                0x08013370                DMA1_Stream4_IRQHandler
                0x08013370                I2C1_ER_IRQHandler
                0x08013370                FMC_IRQHandler
                0x08013370                DMA2_Stream6_IRQHandler
                0x08013370                SAI1_IRQHandler
                0x08013370                DMA1_Stream3_IRQHandler
                0x08013370                FMPI2C1_Error_IRQHandler
 *fill*         0x08013372        0x2 
 .text.fmax     0x08013374       0x50 c:/mchatoolchainwindows/toolchain/gcc-arm-none-eabi/bin/../lib/gcc/arm-none-eabi/11.2.1/thumb/v7e-m+fp/hard\libm.a(lib_a-s_fmax.o)
                0x08013374                fmax
 .text.fmin     0x080133c4       0x50 c:/mchatoolchainwindows/toolchain/gcc-arm-none-eabi/bin/../lib/gcc/arm-none-eabi/11.2.1/thumb/v7e-m+fp/hard\libm.a(lib_a-s_fmin.o)
                0x080133c4                fmin
 .text.__fpclassifyd
                0x08013414       0x54 c:/mchatoolchainwindows/toolchain/gcc-arm-none-eabi/bin/../lib/gcc/arm-none-eabi/11.2.1/thumb/v7e-m+fp/hard\libm.a(lib_a-s_fpclassify.o)
                0x08013414                __fpclassifyd
 .text.sinf     0x08013468       0x74 c:/mchatoolchainwindows/toolchain/gcc-arm-none-eabi/bin/../lib/gcc/arm-none-eabi/11.2.1/thumb/v7e-m+fp/hard\libm.a(lib_a-sf_sin.o)
                0x08013468                sinf
 .text.atan2    0x080134dc        0x4 c:/mchatoolchainwindows/toolchain/gcc-arm-none-eabi/bin/../lib/gcc/arm-none-eabi/11.2.1/thumb/v7e-m+fp/hard\libm.a(lib_a-w_atan2.o)
                0x080134dc                atan2
 .text.__ieee754_atan2
                0x080134e0      0x1b4 c:/mchatoolchainwindows/toolchain/gcc-arm-none-eabi/bin/../lib/gcc/arm-none-eabi/11.2.1/thumb/v7e-m+fp/hard\libm.a(lib_a-e_atan2.o)
                0x080134e0                __ieee754_atan2
 .text.__ieee754_rem_pio2f
                0x08013694      0x260 c:/mchatoolchainwindows/toolchain/gcc-arm-none-eabi/bin/../lib/gcc/arm-none-eabi/11.2.1/thumb/v7e-m+fp/hard\libm.a(lib_a-ef_rem_pio2.o)
                0x08013694                __ieee754_rem_pio2f
 .text.__kernel_cosf
                0x080138f4      0x104 c:/mchatoolchainwindows/toolchain/gcc-arm-none-eabi/bin/../lib/gcc/arm-none-eabi/11.2.1/thumb/v7e-m+fp/hard\libm.a(lib_a-kf_cos.o)
                0x080138f4                __kernel_cosf
 .text.__kernel_rem_pio2f
                0x080139f8      0x664 c:/mchatoolchainwindows/toolchain/gcc-arm-none-eabi/bin/../lib/gcc/arm-none-eabi/11.2.1/thumb/v7e-m+fp/hard\libm.a(lib_a-kf_rem_pio2.o)
                0x080139f8                __kernel_rem_pio2f
 .text.__kernel_sinf
                0x0801405c       0x90 c:/mchatoolchainwindows/toolchain/gcc-arm-none-eabi/bin/../lib/gcc/arm-none-eabi/11.2.1/thumb/v7e-m+fp/hard\libm.a(lib_a-kf_sin.o)
                0x0801405c                __kernel_sinf
 *fill*         0x080140ec        0x4 
 .text.atan     0x080140f0      0x340 c:/mchatoolchainwindows/toolchain/gcc-arm-none-eabi/bin/../lib/gcc/arm-none-eabi/11.2.1/thumb/v7e-m+fp/hard\libm.a(lib_a-s_atan.o)
                0x080140f0                atan
 .text.fabs     0x08014430       0x14 c:/mchatoolchainwindows/toolchain/gcc-arm-none-eabi/bin/../lib/gcc/arm-none-eabi/11.2.1/thumb/v7e-m+fp/hard\libm.a(lib_a-s_fabs.o)
                0x08014430                fabs
 .text.fabsf    0x08014444       0x10 c:/mchatoolchainwindows/toolchain/gcc-arm-none-eabi/bin/../lib/gcc/arm-none-eabi/11.2.1/thumb/v7e-m+fp/hard\libm.a(lib_a-sf_fabs.o)
                0x08014444                fabsf
 .text.floorf   0x08014454       0x90 c:/mchatoolchainwindows/toolchain/gcc-arm-none-eabi/bin/../lib/gcc/arm-none-eabi/11.2.1/thumb/v7e-m+fp/hard\libm.a(lib_a-sf_floor.o)
                0x08014454                floorf
 .text.scalbnf  0x080144e4       0xdc c:/mchatoolchainwindows/toolchain/gcc-arm-none-eabi/bin/../lib/gcc/arm-none-eabi/11.2.1/thumb/v7e-m+fp/hard\libm.a(lib_a-sf_scalbn.o)
                0x080144e4                scalbnf
 .text.__udivmoddi4
                0x080145c0      0x2c8 c:/mchatoolchainwindows/toolchain/gcc-arm-none-eabi/bin/../lib/gcc/arm-none-eabi/11.2.1/thumb/v7e-m+fp/hard\libgcc.a(_udivmoddi4.o)
                0x080145c0                __udivmoddi4
 .text.atof     0x08014888        0x6 c:/mchatoolchainwindows/toolchain/gcc-arm-none-eabi/bin/../lib/gcc/arm-none-eabi/11.2.1/thumb/v7e-m+fp/hard\libc_nano.a(lib_a-atof.o)
                0x08014888                atof
 .text.atoi     0x0801488e        0x8 c:/mchatoolchainwindows/toolchain/gcc-arm-none-eabi/bin/../lib/gcc/arm-none-eabi/11.2.1/thumb/v7e-m+fp/hard\libc_nano.a(lib_a-atoi.o)
                0x0801488e                atoi
 .text._atoi_r  0x08014896        0x8 c:/mchatoolchainwindows/toolchain/gcc-arm-none-eabi/bin/../lib/gcc/arm-none-eabi/11.2.1/thumb/v7e-m+fp/hard\libc_nano.a(lib_a-atoi.o)
                0x08014896                _atoi_r
 *fill*         0x0801489e        0x2 
 .text.exit     0x080148a0       0x28 c:/mchatoolchainwindows/toolchain/gcc-arm-none-eabi/bin/../lib/gcc/arm-none-eabi/11.2.1/thumb/v7e-m+fp/hard\libc_nano.a(lib_a-exit.o)
                0x080148a0                exit
 .text._getchar_r
                0x080148c8       0x1a c:/mchatoolchainwindows/toolchain/gcc-arm-none-eabi/bin/../lib/gcc/arm-none-eabi/11.2.1/thumb/v7e-m+fp/hard\libc_nano.a(lib_a-getchar.o)
                0x080148c8                _getchar_r
 *fill*         0x080148e2        0x2 
 .text.getchar  0x080148e4       0x24 c:/mchatoolchainwindows/toolchain/gcc-arm-none-eabi/bin/../lib/gcc/arm-none-eabi/11.2.1/thumb/v7e-m+fp/hard\libc_nano.a(lib_a-getchar.o)
                0x080148e4                getchar
 .text._getc_r  0x08014908       0x58 c:/mchatoolchainwindows/toolchain/gcc-arm-none-eabi/bin/../lib/gcc/arm-none-eabi/11.2.1/thumb/v7e-m+fp/hard\libc_nano.a(lib_a-getc.o)
                0x08014908                _getc_r
 .text.getc     0x08014960       0x60 c:/mchatoolchainwindows/toolchain/gcc-arm-none-eabi/bin/../lib/gcc/arm-none-eabi/11.2.1/thumb/v7e-m+fp/hard\libc_nano.a(lib_a-getc.o)
                0x08014960                getc
 .text.__libc_init_array
                0x080149c0       0x48 c:/mchatoolchainwindows/toolchain/gcc-arm-none-eabi/bin/../lib/gcc/arm-none-eabi/11.2.1/thumb/v7e-m+fp/hard\libc_nano.a(lib_a-init.o)
                0x080149c0                __libc_init_array
 .text.malloc   0x08014a08       0x10 c:/mchatoolchainwindows/toolchain/gcc-arm-none-eabi/bin/../lib/gcc/arm-none-eabi/11.2.1/thumb/v7e-m+fp/hard\libc_nano.a(lib_a-malloc.o)
                0x08014a08                malloc
 .text.free     0x08014a18       0x10 c:/mchatoolchainwindows/toolchain/gcc-arm-none-eabi/bin/../lib/gcc/arm-none-eabi/11.2.1/thumb/v7e-m+fp/hard\libc_nano.a(lib_a-malloc.o)
                0x08014a18                free
 .text.memcpy   0x08014a28       0x1c c:/mchatoolchainwindows/toolchain/gcc-arm-none-eabi/bin/../lib/gcc/arm-none-eabi/11.2.1/thumb/v7e-m+fp/hard\libc_nano.a(lib_a-memcpy-stub.o)
                0x08014a28                memcpy
 .text.memset   0x08014a44       0x10 c:/mchatoolchainwindows/toolchain/gcc-arm-none-eabi/bin/../lib/gcc/arm-none-eabi/11.2.1/thumb/v7e-m+fp/hard\libc_nano.a(lib_a-memset.o)
                0x08014a44                memset
 .text.mallinfo
                0x08014a54       0x14 c:/mchatoolchainwindows/toolchain/gcc-arm-none-eabi/bin/../lib/gcc/arm-none-eabi/11.2.1/thumb/v7e-m+fp/hard\libc_nano.a(lib_a-mstats.o)
                0x08014a54                mallinfo
 .text.malloc_stats
                0x08014a68        0xc c:/mchatoolchainwindows/toolchain/gcc-arm-none-eabi/bin/../lib/gcc/arm-none-eabi/11.2.1/thumb/v7e-m+fp/hard\libc_nano.a(lib_a-mstats.o)
                0x08014a68                malloc_stats
 .text.mallopt  0x08014a74       0x10 c:/mchatoolchainwindows/toolchain/gcc-arm-none-eabi/bin/../lib/gcc/arm-none-eabi/11.2.1/thumb/v7e-m+fp/hard\libc_nano.a(lib_a-mstats.o)
                0x08014a74                mallopt
 .text._mstats_r
                0x08014a84       0x2c c:/mchatoolchainwindows/toolchain/gcc-arm-none-eabi/bin/../lib/gcc/arm-none-eabi/11.2.1/thumb/v7e-m+fp/hard\libc_nano.a(lib_a-mstats.o)
                0x08014a84                _mstats_r
 .text.mstats   0x08014ab0       0x10 c:/mchatoolchainwindows/toolchain/gcc-arm-none-eabi/bin/../lib/gcc/arm-none-eabi/11.2.1/thumb/v7e-m+fp/hard\libc_nano.a(lib_a-mstats.o)
                0x08014ab0                mstats
 .text._free_r  0x08014ac0       0x98 c:/mchatoolchainwindows/toolchain/gcc-arm-none-eabi/bin/../lib/gcc/arm-none-eabi/11.2.1/thumb/v7e-m+fp/hard\libc_nano.a(lib_a-nano-freer.o)
                0x08014ac0                _free_r
 .text._mallinfo_r
                0x08014b58       0x68 c:/mchatoolchainwindows/toolchain/gcc-arm-none-eabi/bin/../lib/gcc/arm-none-eabi/11.2.1/thumb/v7e-m+fp/hard\libc_nano.a(lib_a-nano-mallinfor.o)
                0x08014b58                _mallinfo_r
 .text.sbrk_aligned
                0x08014bc0       0x40 c:/mchatoolchainwindows/toolchain/gcc-arm-none-eabi/bin/../lib/gcc/arm-none-eabi/11.2.1/thumb/v7e-m+fp/hard\libc_nano.a(lib_a-nano-mallocr.o)
 .text._malloc_r
                0x08014c00       0xe8 c:/mchatoolchainwindows/toolchain/gcc-arm-none-eabi/bin/../lib/gcc/arm-none-eabi/11.2.1/thumb/v7e-m+fp/hard\libc_nano.a(lib_a-nano-mallocr.o)
                0x08014c00                _malloc_r
 .text._mallopt_r
                0x08014ce8        0x4 c:/mchatoolchainwindows/toolchain/gcc-arm-none-eabi/bin/../lib/gcc/arm-none-eabi/11.2.1/thumb/v7e-m+fp/hard\libc_nano.a(lib_a-nano-malloptr.o)
                0x08014ce8                _mallopt_r
 .text._malloc_stats_r
                0x08014cec       0x50 c:/mchatoolchainwindows/toolchain/gcc-arm-none-eabi/bin/../lib/gcc/arm-none-eabi/11.2.1/thumb/v7e-m+fp/hard\libc_nano.a(lib_a-nano-mallstatsr.o)
                0x08014cec                _malloc_stats_r
 .text.__cvt    0x08014d3c       0xc4 c:/mchatoolchainwindows/toolchain/gcc-arm-none-eabi/bin/../lib/gcc/arm-none-eabi/11.2.1/thumb/v7e-m+fp/hard\libc_nano.a(lib_a-nano-vfprintf_float.o)
                0x08014d3c                __cvt
 .text.__exponent
                0x08014e00       0x7c c:/mchatoolchainwindows/toolchain/gcc-arm-none-eabi/bin/../lib/gcc/arm-none-eabi/11.2.1/thumb/v7e-m+fp/hard\libc_nano.a(lib_a-nano-vfprintf_float.o)
                0x08014e00                __exponent
 .text._printf_float
                0x08014e7c      0x46c c:/mchatoolchainwindows/toolchain/gcc-arm-none-eabi/bin/../lib/gcc/arm-none-eabi/11.2.1/thumb/v7e-m+fp/hard\libc_nano.a(lib_a-nano-vfprintf_float.o)
                0x08014e7c                _printf_float
 .text._printf_common
                0x080152e8       0xda c:/mchatoolchainwindows/toolchain/gcc-arm-none-eabi/bin/../lib/gcc/arm-none-eabi/11.2.1/thumb/v7e-m+fp/hard\libc_nano.a(lib_a-nano-vfprintf_i.o)
                0x080152e8                _printf_common
 *fill*         0x080153c2        0x2 
 .text._printf_i
                0x080153c4      0x244 c:/mchatoolchainwindows/toolchain/gcc-arm-none-eabi/bin/../lib/gcc/arm-none-eabi/11.2.1/thumb/v7e-m+fp/hard\libc_nano.a(lib_a-nano-vfprintf_i.o)
                0x080153c4                _printf_i
 .text._scanf_float
                0x08015608      0x424 c:/mchatoolchainwindows/toolchain/gcc-arm-none-eabi/bin/../lib/gcc/arm-none-eabi/11.2.1/thumb/v7e-m+fp/hard\libc_nano.a(lib_a-nano-vfscanf_float.o)
                0x08015608                _scanf_float
 .text._printf_r
                0x08015a2c       0x28 c:/mchatoolchainwindows/toolchain/gcc-arm-none-eabi/bin/../lib/gcc/arm-none-eabi/11.2.1/thumb/v7e-m+fp/hard\libc_nano.a(lib_a-printf.o)
                0x08015a2c                _iprintf_r