Archive member included to satisfy reference by file (symbol)

c:/mchatoolchainwindows/toolchain/gcc-arm-none-eabi/bin/../lib/gcc/arm-none-eabi/11.2.1/thumb/v7e-m+fp/hard\libm.a(lib_a-s_fmax.o)
                              build/mod_dcm_driver.o (fmax)
c:/mchatoolchainwindows/toolchain/gcc-arm-none-eabi/bin/../lib/gcc/arm-none-eabi/11.2.1/thumb/v7e-m+fp/hard\libm.a(lib_a-s_fmin.o)
                              build/mod_dcm_driver.o (fmin)
c:/mchatoolchainwindows/toolchain/gcc-arm-none-eabi/bin/../lib/gcc/arm-none-eabi/11.2.1/thumb/v7e-m+fp/hard\libm.a(lib_a-s_fpclassify.o)
                              c:/mchatoolchainwindows/toolchain/gcc-arm-none-eabi/bin/../lib/gcc/arm-none-eabi/11.2.1/thumb/v7e-m+fp/hard\libm.a(lib_a-s_fmax.o) (__fpclassifyd)
c:/mchatoolchainwindows/toolchain/gcc-arm-none-eabi/bin/../lib/gcc/arm-none-eabi/11.2.1/thumb/v7e-m+fp/hard\libm.a(lib_a-sf_sin.o)
                              build/mod_data_logger.o (sinf)
c:/mchatoolchainwindows/toolchain/gcc-arm-none-eabi/bin/../lib/gcc/arm-none-eabi/11.2.1/thumb/v7e-m+fp/hard\libm.a(lib_a-w_atan2.o)
                              build/mod_mpu6050.o (atan2)
c:/mchatoolchainwindows/toolchain/gcc-arm-none-eabi/bin/../lib/gcc/arm-none-eabi/11.2.1/thumb/v7e-m+fp/hard\libm.a(lib_a-w_sqrt.o)
                              build/mod_mpu6050.o (sqrt)
c:/mchatoolchainwindows/toolchain/gcc-arm-none-eabi/bin/../lib/gcc/arm-none-eabi/11.2.1/thumb/v7e-m+fp/hard\libm.a(lib_a-e_atan2.o)
                              c:/mchatoolchainwindows/toolchain/gcc-arm-none-eabi/bin/../lib/gcc/arm-none-eabi/11.2.1/thumb/v7e-m+fp/hard\libm.a(lib_a-w_atan2.o) (__ieee754_atan2)
c:/mchatoolchainwindows/toolchain/gcc-arm-none-eabi/bin/../lib/gcc/arm-none-eabi/11.2.1/thumb/v7e-m+fp/hard\libm.a(lib_a-ef_rem_pio2.o)
                              c:/mchatoolchainwindows/toolchain/gcc-arm-none-eabi/bin/../lib/gcc/arm-none-eabi/11.2.1/thumb/v7e-m+fp/hard\libm.a(lib_a-sf_sin.o) (__ieee754_rem_pio2f)
c:/mchatoolchainwindows/toolchain/gcc-arm-none-eabi/bin/../lib/gcc/arm-none-eabi/11.2.1/thumb/v7e-m+fp/hard\libm.a(lib_a-e_sqrt.o)
                              c:/mchatoolchainwindows/toolchain/gcc-arm-none-eabi/bin/../lib/gcc/arm-none-eabi/11.2.1/thumb/v7e-m+fp/hard\libm.a(lib_a-w_sqrt.o) (__ieee754_sqrt)
c:/mchatoolchainwindows/toolchain/gcc-arm-none-eabi/bin/../lib/gcc/arm-none-eabi/11.2.1/thumb/v7e-m+fp/hard\libm.a(lib_a-kf_cos.o)
                              c:/mchatoolchainwindows/toolchain/gcc-arm-none-eabi/bin/../lib/gcc/arm-none-eabi/11.2.1/thumb/v7e-m+fp/hard\libm.a(lib_a-sf_sin.o) (__kernel_cosf)
c:/mchatoolchainwindows/toolchain/gcc-arm-none-eabi/bin/../lib/gcc/arm-none-eabi/11.2.1/thumb/v7e-m+fp/hard\libm.a(lib_a-kf_rem_pio2.o)
                              c:/mchatoolchainwindows/toolchain/gcc-arm-none-eabi/bin/../lib/gcc/arm-none-eabi/11.2.1/thumb/v7e-m+fp/hard\libm.a(lib_a-ef_rem_pio2.o) (__kernel_rem_pio2f)
c:/mchatoolchainwindows/toolchain/gcc-arm-none-eabi/bin/../lib/gcc/arm-none-eabi/11.2.1/thumb/v7e-m+fp/hard\libm.a(lib_a-kf_sin.o)
                              c:/mchatoolchainwindows/toolchain/gcc-arm-none-eabi/bin/../lib/gcc/arm-none-eabi/11.2.1/thumb/v7e-m+fp/hard\libm.a(lib_a-sf_sin.o) (__kernel_sinf)
c:/mchatoolchainwindows/toolchain/gcc-arm-none-eabi/bin/../lib/gcc/arm-none-eabi/11.2.1/thumb/v7e-m+fp/hard\libm.a(lib_a-s_atan.o)
                              c:/mchatoolchainwindows/toolchain/gcc-arm-none-eabi/bin/../lib/gcc/arm-none-eabi/11.2.1/thumb/v7e-m+fp/hard\libm.a(lib_a-e_atan2.o) (atan)
c:/mchatoolchainwindows/toolchain/gcc-arm-none-eabi/bin/../lib/gcc/arm-none-eabi/11.2.1/thumb/v7e-m+fp/hard\libm.a(lib_a-s_fabs.o)
                              c:/mchatoolchainwindows/toolchain/gcc-arm-none-eabi/bin/../lib/gcc/arm-none-eabi/11.2.1/thumb/v7e-m+fp/hard\libm.a(lib_a-e_atan2.o) (fabs)
c:/mchatoolchainwindows/toolchain/gcc-arm-none-eabi/bin/../lib/gcc/arm-none-eabi/11.2.1/thumb/v7e-m+fp/hard\libm.a(lib_a-sf_fabs.o)
                              c:/mchatoolchainwindows/toolchain/gcc-arm-none-eabi/bin/../lib/gcc/arm-none-eabi/11.2.1/thumb/v7e-m+fp/hard\libm.a(lib_a-ef_rem_pio2.o) (fabsf)
c:/mchatoolchainwindows/toolchain/gcc-arm-none-eabi/bin/../lib/gcc/arm-none-eabi/11.2.1/thumb/v7e-m+fp/hard\libm.a(lib_a-sf_floor.o)
                              c:/mchatoolchainwindows/toolchain/gcc-arm-none-eabi/bin/../lib/gcc/arm-none-eabi/11.2.1/thumb/v7e-m+fp/hard\libm.a(lib_a-kf_rem_pio2.o) (floorf)
c:/mchatoolchainwindows/toolchain/gcc-arm-none-eabi/bin/../lib/gcc/arm-none-eabi/11.2.1/thumb/v7e-m+fp/hard\libm.a(lib_a-sf_scalbn.o)
                              c:/mchatoolchainwindows/toolchain/gcc-arm-none-eabi/bin/../lib/gcc/arm-none-eabi/11.2.1/thumb/v7e-m+fp/hard\libm.a(lib_a-kf_rem_pio2.o) (scalbnf)
c:/mchatoolchainwindows/toolchain/gcc-arm-none-eabi/bin/../lib/gcc/arm-none-eabi/11.2.1/thumb/v7e-m+fp/hard\libgcc.a(_arm_muldf3.o)
                              build/mod_data_logger.o (__aeabi_dmul)
[...]
Memory Configuration

Name             Origin             Length             Attributes
FLASH            0x08000000         0x00080000         xr
RAM              0x20000000         0x00020000         xrw
*default*        0x00000000         0xffffffff

Linker script and memory map

LOAD c:/mchatoolchainwindows/toolchain/gcc-arm-none-eabi/bin/../lib/gcc/arm-none-eabi/11.2.1/thumb/v7e-m+fp/hard/crti.o
LOAD c:/mchatoolchainwindows/toolchain/gcc-arm-none-eabi/bin/../lib/gcc/arm-none-eabi/11.2.1/thumb/v7e-m+fp/hard/crtbegin.o
LOAD c:/mchatoolchainwindows/toolchain/gcc-arm-none-eabi/bin/../lib/gcc/arm-none-eabi/11.2.1/thumb/v7e-m+fp/hard/crt0.o
LOAD build/cmd_line_buffer.o
LOAD build/cmd_parser.o
LOAD build/heartbeat_task.o
LOAD build/stm32f4xx_hal_msp.o
LOAD build/mod_dcm_driver.o
LOAD build/mod_mpu6050.o
LOAD build/mod_observer.o
LOAD build/mod_PID_control.o
LOAD build/mod_LQR_control.o
LOAD build/mod_MPC_control.o
LOAD build/mod_manager.o
LOAD build/mod_data_logger.o
LOAD build/mod_adc.o
LOAD build/mod_enc.o
LOAD build/main.o
LOAD build/stm32f4xx_it.o
LOAD build/system_stm32f4xx.o
LOAD build/uart.o
LOAD build/uart_bt.o
LOAD build/cmd_task.o
LOAD build/startup_stm32f446xx.o
LOAD build/stm32f4_HAL/stm32f4xx_hal.o
LOAD build/stm32f4_HAL/stm32f4xx_hal_dma.o
LOAD build/stm32f4_HAL/stm32f4xx_hal_adc.o
LOAD build/stm32f4_HAL/stm32f4xx_hal_adc_ex.o
LOAD build/stm32f4_HAL/stm32f4xx_hal_gpio.o
LOAD build/stm32f4_HAL/stm32f4xx_ll_gpio.o
LOAD build/stm32f4_HAL/stm32f4xx_ll_usart.o
LOAD build/stm32f4_HAL/stm32f4xx_ll_dma.o
LOAD build/stm32f4_HAL/stm32f4xx_ll_rcc.o
LOAD build/stm32f4_HAL/stm32f4xx_hal_i2c.o
LOAD build/stm32f4_HAL/stm32f4xx_hal_i2c_ex.o
LOAD build/stm32f4_HAL/stm32f4xx_hal_tim.o
LOAD build/stm32f4_HAL/stm32f4xx_hal_tim_ex.o
LOAD build/stm32f4_HAL/stm32f4xx_hal_rtc.o
LOAD build/stm32f4_HAL/stm32f4xx_hal_rcc.o
LOAD build/stm32f4_HAL/stm32f4xx_hal_rcc_ex.o
LOAD build/stm32f4_HAL/stm32f4xx_hal_pwr.o
LOAD build/stm32f4_HAL/stm32f4xx_hal_pwr_ex.o
LOAD build/stm32f4_HAL/stm32f4xx_hal_cortex.o
LOAD build/stm32f4_HAL/stm32f4xx_hal_spi.o
LOAD build/FreeRTOS/croutine.o
LOAD build/FreeRTOS/event_groups.o
LOAD build/FreeRTOS/list.o
LOAD build/FreeRTOS/queue.o
LOAD build/FreeRTOS/tasks.o
LOAD build/FreeRTOS/timers.o
LOAD build/FreeRTOS/stream_buffer.o
LOAD build/FreeRTOS/cmsis_os2.o
LOAD build/FreeRTOS/clib_arm.o
LOAD build/FreeRTOS/os_systick.o
LOAD build/FreeRTOS/heap_useNewlib.o
LOAD build/FreeRTOS/port.o
LOAD c:/mchatoolchainwindows/toolchain/gcc-arm-none-eabi/bin/../lib/gcc/arm-none-eabi/11.2.1/thumb/v7e-m+fp/hard\libm.a
LOAD ../libraries/STM32Cube_F4_FW/Drivers/CMSIS/Lib/GCC/libarm_cortexM4lf_math.a
START GROUP
LOAD c:/mchatoolchainwindows/toolchain/gcc-arm-none-eabi/bin/../lib/gcc/arm-none-eabi/11.2.1/thumb/v7e-m+fp/hard\libgcc.a
LOAD c:/mchatoolchainwindows/toolchain/gcc-arm-none-eabi/bin/../lib/gcc/arm-none-eabi/11.2.1/thumb/v7e-m+fp/hard\libc_nano.a
END GROUP
START GROUP
LOAD c:/mchatoolchainwindows/toolchain/gcc-arm-none-eabi/bin/../lib/gcc/arm-none-eabi/11.2.1/thumb/v7e-m+fp/hard\libgcc.a
LOAD c:/mchatoolchainwindows/toolchain/gcc-arm-none-eabi/bin/../lib/gcc/arm-none-eabi/11.2.1/thumb/v7e-m+fp/hard\libc_nano.a
LOAD c:/mchatoolchainwindows/toolchain/gcc-arm-none-eabi/bin/../lib/gcc/arm-none-eabi/11.2.1/thumb/v7e-m+fp/hard\libnosys.a
END GROUP
START GROUP
LOAD c:/mchatoolchainwindows/toolchain/gcc-arm-none-eabi/bin/../lib/gcc/arm-none-eabi/11.2.1/thumb/v7e-m+fp/hard\libgcc.a
LOAD c:/mchatoolchainwindows/toolchain/gcc-arm-none-eabi/bin/../lib/gcc/arm-none-eabi/11.2.1/thumb/v7e-m+fp/hard\libc_nano.a
LOAD c:/mchatoolchainwindows/toolchain/gcc-arm-none-eabi/bin/../lib/gcc/arm-none-eabi/11.2.1/thumb/v7e-m+fp/hard\libnosys.a
END GROUP
LOAD c:/mchatoolchainwindows/toolchain/gcc-arm-none-eabi/bin/../lib/gcc/arm-none-eabi/11.2.1/thumb/v7e-m+fp/hard/crtend.o
LOAD c:/mchatoolchainwindows/toolchain/gcc-arm-none-eabi/bin/../lib/gcc/arm-none-eabi/11.2.1/thumb/v7e-m+fp/hard/crtn.o
                0x20020000                _estack = 0x20020000
                0x00008000                _Min_Heap_Size = 0x8000
                0x00002000                _Min_Stack_Size = 0x2000

.isr_vector     0x08000000      0x1c4
                0x08000000                . = ALIGN (0x4)
 *(.isr_vector)
 .isr_vector    0x08000000      0x1c4 build/startup_stm32f446xx.o
                0x08000000                g_pfnVectors
                0x080001c4                . = ALIGN (0x4)

.text           0x080001d0    0x18e18
                0x080001d0                . = ALIGN (0x4)
 *(.text)
 .text          0x080001d0        0x0 c:/mchatoolchainwindows/toolchain/gcc-arm-none-eabi/bin/../lib/gcc/arm-none-eabi/11.2.1/thumb/v7e-m+fp/hard/crti.o
 .text          0x080001d0        0x0 c:/mchatoolchainwindows/toolchain/gcc-arm-none-eabi/bin/../lib/gcc/arm-none-eabi/11.2.1/thumb/v7e-m+fp/hard/crtbegin.o
 .text          0x080001d0       0x7c c:/mchatoolchainwindows/toolchain/gcc-arm-none-eabi/bin/../lib/gcc/arm-none-eabi/11.2.1/thumb/v7e-m+fp/hard/crt0.o
                0x080001d0                _stack_init
                0x080001d8                _start
                0x080001d8                _mainCRTStartup
 .text          0x0800024c      0x104 build/cmd_line_buffer.o
                0x0800024c                clb_init
                0x08000256                clb_is_empty
                0x08000260                clb_is_full
                0x0800026e                clb_delc
                0x08000278                clb_is_cmd_ready
                0x08000290                clb_putc
                0x080002b0                clb_consume_char
                0x080002d8                clb_consume_str
                0x080002f2                clb_gets_at
                0x0800030a                clb_gets
                0x08000310                clb_process
 .text          0x08000350      0x3a4 build/cmd_parser.o
                0x0800064c                cmd_parse
 .text          0x080006f4      0x130 build/heartbeat_task.o
                0x08000760                heartbeat_task_start
                0x08000780                heartbeat_task_init
                0x080007e8                heartbeat_task_stop
                0x08000804                heartbeat_task_is_running
                0x08000810                heartbeat_task_deinit
 .text          0x08000824      0x12c build/stm32f4xx_hal_msp.o
                0x08000824                HAL_TIM_PWM_MspInit
                0x080008f4                HAL_ADC_MspInit
 .text          0x08000950      0x410 build/mod_dcm_driver.o
                0x08000950                left_forward
                0x08000974                left_reverse
                0x08000998                left_halt
                0x080009bc                mod_dcm_set_voltage_log
                0x08000a8c                right_forward
                0x08000ab0                right_reverse
                0x08000ad4                right_halt
                0x08000af8                mod_dcm_set_PWM
                0x08000c14                mod_dcm_set_voltage
                0x08000c60                mod_dcm_configure_hardware
 .text          0x08000d60      0x4f4 build/mod_mpu6050.o
                0x08000d60                mod_mpu_update_pitch
                0x08000ddc                mod_mpu_update_rps
                0x08000e00                mod_mpu_update_kalman
                0x0800108c                mod_mpu_get_states
                0x080010a0                mod_mpu_read_raw_accel
                0x080010e8                mod_mpu_read_raw_gyro
                0x08001130                mod_mpu_update
                0x080011b0                mod_mpu_configure_hardware
 .text          0x08001254        0x0 build/mod_observer.o
 *fill*         0x08001254        0x4 
 .text          0x08001258       0xd4 build/mod_PID_control.o
                0x08001258                mod_PID_compute_control
                0x08001298                mod_PID_run
 .text          0x0800132c        0x0 build/mod_LQR_control.o
 .text          0x0800132c        0x0 build/mod_MPC_control.o
 .text          0x0800132c       0xdc build/mod_manager.o
                0x0800132c                mod_manager_task
                0x08001338                mod_manager_PID
                0x08001360                mod_manager_LQR
                0x0800136c                mod_manager_MPC
                0x08001378                mod_manager_init
                0x080013b0                mod_manager_start
                0x080013f0                mod_manager_stop
 .text          0x08001408      0x1a0 build/mod_data_logger.o
                0x08001408                log_imu
                0x0800140a                mod_log_task
                0x08001414                log_inertia
                0x08001416                mod_log_init
                0x0800143c                mod_log_start
                0x08001484                mod_log_stop
                0x0800149c                log_motor
 .text          0x080015a8       0xe8 build/mod_adc.o
                0x080015a8                mod_adc_update_readings
                0x08001620                mod_adc_configure_hardware
 .text          0x08001690        0x0 build/mod_enc.o
 .text          0x08001690        0x0 build/main.o
 .text          0x08001690        0xc build/stm32f4xx_it.o
                0x08001690                NMI_Handler
                0x08001692                HardFault_Handler
                0x08001694                MemManage_Handler
                0x08001696                BusFault_Handler
                0x08001698                UsageFault_Handler
                0x0800169a                DebugMon_Handler
 .text          0x0800169c       0xb8 build/system_stm32f4xx.o
                0x0800169c                SystemInit
                0x080016e8                SystemCoreClockUpdate
 .text          0x08001754      0x47c build/uart.o
                0x08001754                uart_init
                0x08001a24                __wrap_printf
                0x08001a5c                __io_putchar
                0x08001a8c                __io_getchar
                0x08001aa8                _write
                0x08001ac6                _read
                0x08001ada                _uart_rxne_isr
                0x08001b04                _uart_txe_isr
                0x08001b3c                _uart_error
                0x08001b94                USART2_IRQHandler
 .text          0x08001bd0      0x400 build/uart_bt.o
                0x08001bd0                uart_bt_init
                0x08001ea8                __wrap_printf_bt
                0x08001ee0                _uart_bt_rxne_isr
                0x08001f08                _uart_bt_txe_isr
                0x08001f40                _uart_bt_error
                0x08001f98                USART1_IRQHandler
 .text          0x08001fd0       0x44 build/cmd_task.o
                0x08001fe8                cmd_task_init
 .text          0x08002014       0x14 build/startup_stm32f446xx.o
 .text          0x08002028      0x210 build/stm32f4_HAL/stm32f4xx_hal.o
                0x08002028                HAL_MspInit
                0x0800202a                HAL_MspDeInit
                0x0800202c                HAL_DeInit
                0x08002058                HAL_InitTick
                0x0800209c                HAL_Init
                0x080020d0                HAL_IncTick
                0x080020e8                HAL_GetTick
                0x080020f4                HAL_GetTickPrio
                0x08002100                HAL_SetTickFreq
                0x08002120                HAL_GetTickFreq
                0x0800212c                HAL_Delay
                0x08002154                HAL_SuspendTick
                0x08002162                HAL_ResumeTick
                0x08002170                HAL_GetHalVersion
                0x08002178                HAL_GetREVID
                0x08002184                HAL_GetDEVID
                0x08002194                HAL_DBGMCU_EnableDBGSleepMode
                0x080021a4                HAL_DBGMCU_DisableDBGSleepMode
                0x080021b4                HAL_DBGMCU_EnableDBGStopMode
                0x080021c4                HAL_DBGMCU_DisableDBGStopMode
                0x080021d4                HAL_DBGMCU_EnableDBGStandbyMode
                0x080021e4                HAL_DBGMCU_DisableDBGStandbyMode
                0x080021f4                HAL_EnableCompensationCell
                0x08002204                HAL_DisableCompensationCell
                0x08002214                HAL_GetUIDw0
                0x08002220                HAL_GetUIDw1
                0x0800222c                HAL_GetUIDw2
 .text          0x08002238      0x62c build/stm32f4_HAL/stm32f4xx_hal_dma.o
                0x08002264                HAL_DMA_Init
                0x08002360                HAL_DMA_DeInit
                0x080023b4                HAL_DMA_Start
                0x08002408                HAL_DMA_Start_IT
                0x0800247c                HAL_DMA_Abort
                0x08002504                HAL_DMA_Abort_IT
                0x08002528                HAL_DMA_PollForTransfer
                0x08002636                HAL_DMA_IRQHandler
                0x080027b0                HAL_DMA_RegisterCallback
                0x080027f8                HAL_DMA_UnRegisterCallback
                0x0800285a                HAL_DMA_GetState
                0x08002860                HAL_DMA_GetError
 .text          0x08002864      0x9c4 build/stm32f4_HAL/stm32f4xx_hal_adc.o
                0x08002866                HAL_ADC_Init
                0x080029b4                HAL_ADC_MspDeInit
                0x080029b6                HAL_ADC_DeInit
                0x080029ea                HAL_ADC_Start
                0x08002ad4                HAL_ADC_Stop
                0x08002b0a                HAL_ADC_PollForConversion
                0x08002ba8                HAL_ADC_PollForEvent
                0x08002c0e                HAL_ADC_Start_IT
                0x08002d04                HAL_ADC_Stop_IT
                0x08002d4c                HAL_ADC_Start_DMA
                0x08002e70                HAL_ADC_Stop_DMA
                0x08002eca                HAL_ADC_GetValue
                0x08002ed0                HAL_ADC_ConvCpltCallback
                0x08002ed2                HAL_ADC_ConvHalfCpltCallback
                0x08002ede                HAL_ADC_LevelOutOfWindowCallback
                0x08002ee0                HAL_ADC_ErrorCallback
                0x08002ee2                HAL_ADC_IRQHandler
                0x0800308c                HAL_ADC_ConfigChannel
                0x080031c0                HAL_ADC_AnalogWDGConfig
                0x08003220                HAL_ADC_GetState
                0x08003224                HAL_ADC_GetError
 .text          0x08003228      0x6b0 build/stm32f4_HAL/stm32f4xx_hal_adc_ex.o
                0x08003298                HAL_ADCEx_InjectedStart
                0x0800334c                HAL_ADCEx_InjectedStart_IT
                0x08003408                HAL_ADCEx_InjectedStop
                0x08003462                HAL_ADCEx_InjectedPollForConversion
                0x080034ea                HAL_ADCEx_InjectedStop_IT
                0x0800354c                HAL_ADCEx_InjectedGetValue
                0x0800357e                HAL_ADCEx_MultiModeStart_DMA
                0x08003678                HAL_ADCEx_MultiModeStop_DMA
                0x080036d8                HAL_ADCEx_MultiModeGetValue
                0x080036e4                HAL_ADCEx_InjectedConvCpltCallback
                0x080036e6                HAL_ADCEx_InjectedConfigChannel
                0x08003888                HAL_ADCEx_MultiModeConfigChannel
 .text          0x080038d8      0x33c build/stm32f4_HAL/stm32f4xx_hal_gpio.o
                0x080038d8                HAL_GPIO_Init
                0x08003a94                HAL_GPIO_DeInit
                0x08003bac                HAL_GPIO_ReadPin
                0x08003bb8                HAL_GPIO_WritePin
                0x08003bc2                HAL_GPIO_TogglePin
                0x08003bd0                HAL_GPIO_LockPin
                0x08003bfa                HAL_GPIO_EXTI_Callback
                0x08003bfc                HAL_GPIO_EXTI_IRQHandler
 .text          0x08003c14      0x220 build/stm32f4_HAL/stm32f4xx_ll_gpio.o
                0x08003c34                LL_GPIO_DeInit
                0x08003ce0                LL_GPIO_Init
                0x08003e1c                LL_GPIO_StructInit
 .text          0x08003e34      0x21c build/stm32f4_HAL/stm32f4xx_ll_usart.o
                0x08003e34                LL_USART_DeInit
                0x08003ef4                LL_USART_Init
                0x08003ff0                LL_USART_StructInit
                0x08004008                LL_USART_ClockInit
                0x08004042                LL_USART_ClockStructInit
 .text          0x08004050      0x22c build/stm32f4_HAL/stm32f4xx_ll_dma.o
                0x08004050                LL_DMA_DeInit
                0x080041d4                LL_DMA_Init
                0x08004258                LL_DMA_StructInit
 .text          0x0800427c      0x60c build/stm32f4_HAL/stm32f4xx_ll_rcc.o
                0x0800428c                LL_RCC_DeInit
                0x0800433c                LL_RCC_GetCECClockFreq
                0x08004368                RCC_GetHCLKClockFreq
                0x08004380                RCC_GetPCLK1ClockFreq
                0x08004398                RCC_GetPCLK2ClockFreq
                0x080043b0                RCC_PLL_GetFreqDomain_SYS
                0x080043f8                RCC_GetSystemClockFreq
                0x08004428                LL_RCC_GetSystemClocksFreq
                0x0800444a                LL_RCC_GetFMPI2CClockFreq
                0x0800449c                RCC_PLL_GetFreqDomain_48M
                0x080044d8                RCC_PLL_GetFreqDomain_I2S
                0x08004514                RCC_PLL_GetFreqDomain_SPDIFRX
                0x08004518                RCC_PLL_GetFreqDomain_SAI
                0x0800451c                RCC_PLLSAI_GetFreqDomain_SAI
                0x0800456c                RCC_PLLSAI_GetFreqDomain_48M
                0x080045b0                LL_RCC_GetSDIOClockFreq
                0x080045f8                LL_RCC_GetUSBClockFreq
                0x0800462c                RCC_PLLI2S_GetFreqDomain_SAI
                0x0800467c                LL_RCC_GetSAIClockFreq
                0x08004734                RCC_PLLI2S_GetFreqDomain_SPDIFRX
                0x08004778                LL_RCC_GetSPDIFRXClockFreq
                0x080047ac                RCC_PLLI2S_GetFreqDomain_I2S
                0x080047f0                LL_RCC_GetI2SClockFreq
 .text          0x08004888     0x3208 build/stm32f4_HAL/stm32f4xx_hal_i2c.o
                0x08004cac                HAL_I2C_MspInit
                0x08004cae                HAL_I2C_Init
                0x08004dfc                HAL_I2C_MspDeInit
                0x08004dfe                HAL_I2C_DeInit
                0x08004e30                HAL_I2C_Master_Transmit
                0x08004fe0                HAL_I2C_Master_Receive
                0x080052c0                HAL_I2C_Slave_Transmit
                0x08005420                HAL_I2C_Slave_Receive
                0x0800559c                HAL_I2C_Master_Transmit_IT
                0x0800564c                HAL_I2C_Master_Receive_IT
                0x08005704                HAL_I2C_Slave_Transmit_IT
                0x08005774                HAL_I2C_Slave_Receive_IT
                0x080057e4                HAL_I2C_Master_Transmit_DMA
                0x08005910                HAL_I2C_Master_Receive_DMA
                0x08005a38                HAL_I2C_Slave_Transmit_DMA
                0x08005af8                HAL_I2C_Slave_Receive_DMA
                0x08005bb8                HAL_I2C_Mem_Write
                0x08005cd8                HAL_I2C_Mem_Read
                0x08005ee8                HAL_I2C_Mem_Write_IT
                0x08005fa4                HAL_I2C_Mem_Read_IT
                0x08006070                HAL_I2C_Mem_Write_DMA
                0x080061c4                HAL_I2C_Mem_Read_DMA
                0x08006350                HAL_I2C_IsDeviceReady
                0x080064b0                HAL_I2C_Master_Seq_Transmit_IT
                0x08006580                HAL_I2C_Master_Seq_Transmit_DMA
                0x080066f8                HAL_I2C_Master_Seq_Receive_IT
                0x08006804                HAL_I2C_Master_Seq_Receive_DMA
                0x080069d0                HAL_I2C_Slave_Seq_Transmit_IT
                0x08006a46                HAL_I2C_Slave_Seq_Transmit_DMA
                0x08006b84                HAL_I2C_Slave_Seq_Receive_IT
                0x08006bfa                HAL_I2C_Slave_Seq_Receive_DMA
                0x08006d38                HAL_I2C_EnableListen_IT
                0x08006d6e                HAL_I2C_DisableListen_IT
                0x08006dac                HAL_I2C_MasterTxCpltCallback
                0x08006dae                HAL_I2C_MasterRxCpltCallback
                0x08006db0                HAL_I2C_SlaveTxCpltCallback
                0x08006db2                HAL_I2C_SlaveRxCpltCallback
                0x08006db4                HAL_I2C_AddrCallback
                0x08006db6                HAL_I2C_ListenCpltCallback
                0x08006db8                HAL_I2C_MemTxCpltCallback
                0x08006dba                HAL_I2C_MemRxCpltCallback
                0x08006dbc                HAL_I2C_ErrorCallback
                0x08006f0a                HAL_I2C_AbortCpltCallback
                0x080070dc                HAL_I2C_Master_Abort_IT
                0x08007128                HAL_I2C_EV_IRQHandler
                0x08007950                HAL_I2C_ER_IRQHandler
                0x08007a80                HAL_I2C_GetState
                0x08007a86                HAL_I2C_GetMode
                0x08007a8c                HAL_I2C_GetError
 .text          0x08007a90       0x7c build/stm32f4_HAL/stm32f4xx_hal_i2c_ex.o
                0x08007a90                HAL_I2CEx_ConfigAnalogFilter
                0x08007ace                HAL_I2CEx_ConfigDigitalFilter
 .text          0x08007b0c     0x1db4 build/stm32f4_HAL/stm32f4xx_hal_tim.o
                0x08007c28                HAL_TIM_Base_MspInit
                0x08007c2a                HAL_TIM_Base_MspDeInit
                0x08007c2c                HAL_TIM_Base_DeInit
                0x08007c66                HAL_TIM_Base_Start
                0x08007c8a                HAL_TIM_Base_Stop
                0x08007cb8                HAL_TIM_Base_Start_IT
                0x08007cd8                HAL_TIM_Base_Stop_IT
                0x08007d02                HAL_TIM_Base_Start_DMA
                0x08007d6c                HAL_TIM_Base_Stop_DMA
                0x08007da8                HAL_TIM_OC_MspInit
                0x08007daa                HAL_TIM_OC_MspDeInit
                0x08007dac                HAL_TIM_OC_DeInit
                0x08007de8                HAL_TIM_PWM_MspDeInit
                0x08007dea                HAL_TIM_PWM_DeInit
                0x08007e24                HAL_TIM_IC_MspInit
                0x08007e26                HAL_TIM_IC_MspDeInit
                0x08007e28                HAL_TIM_IC_DeInit
                0x08007e62                HAL_TIM_OnePulse_MspInit
                0x08007e64                HAL_TIM_OnePulse_MspDeInit
                0x08007e66                HAL_TIM_OnePulse_DeInit
                0x08007ea0                HAL_TIM_OnePulse_Start
                0x08007ee0                HAL_TIM_OnePulse_Stop
                0x08007f48                HAL_TIM_OnePulse_Start_IT
                0x08007f98                HAL_TIM_OnePulse_Stop_IT
                0x08008010                HAL_TIM_Encoder_MspInit
                0x08008012                HAL_TIM_Encoder_MspDeInit
                0x08008014                HAL_TIM_Encoder_DeInit
                0x0800804e                HAL_TIM_Encoder_Start
                0x08008092                HAL_TIM_Encoder_Stop
                0x080080da                HAL_TIM_Encoder_Start_IT
                0x08008148                HAL_TIM_Encoder_Stop_IT
                0x080081bc                HAL_TIM_Encoder_Start_DMA
                0x08008300                HAL_TIM_Encoder_Stop_DMA
                0x08008392                HAL_TIM_DMABurst_WriteStart
                0x08008470                HAL_TIM_DMABurst_WriteStop
                0x080084d4                HAL_TIM_DMABurst_ReadStart
                0x080085b8                HAL_TIM_DMABurst_ReadStop
                0x080085bc                HAL_TIM_GenerateEvent
                0x080085e0                HAL_TIM_ConfigTI1Input
                0x080085f0                HAL_TIM_ReadCapturedValue
                0x0800861c                HAL_TIM_PeriodElapsedCallback
                0x0800862e                HAL_TIM_PeriodElapsedHalfCpltCallback
                0x08008640                HAL_TIM_OC_DelayElapsedCallback
                0x08008642                HAL_TIM_IC_CaptureCallback
                0x08008644                TIM_DMACaptureCplt
                0x08008680                HAL_TIM_IC_CaptureHalfCpltCallback
                0x08008682                TIM_DMACaptureHalfCplt
                0x080086be                HAL_TIM_PWM_PulseFinishedCallback
                0x080086c0                TIM_DMADelayPulseCplt
                0x080086fc                HAL_TIM_PWM_PulseFinishedHalfCpltCallback
                0x080086fe                TIM_DMADelayPulseHalfCplt
                0x0800873a                HAL_TIM_TriggerCallback
                0x0800873c                HAL_TIM_IRQHandler
                0x08008890                HAL_TIM_TriggerHalfCpltCallback
                0x080088a2                HAL_TIM_ErrorCallback
                0x080088a4                TIM_DMAError
                0x080088b4                HAL_TIM_Base_GetState
                0x080088ba                HAL_TIM_OC_GetState
                0x080088c0                HAL_TIM_PWM_GetState
                0x080088c6                HAL_TIM_IC_GetState
                0x080088cc                HAL_TIM_OnePulse_GetState
                0x080088d2                HAL_TIM_Encoder_GetState
                0x080088d8                TIM_Base_SetConfig
                0x080089a4                HAL_TIM_Base_Init
                0x080089d8                HAL_TIM_OC_Init
                0x08008a0c                HAL_TIM_PWM_Init
                0x08008a40                HAL_TIM_IC_Init
                0x08008a74                HAL_TIM_OnePulse_Init
                0x08008aba                HAL_TIM_Encoder_Init
                0x08008b4e                TIM_OC2_SetConfig
                0x08008bbc                HAL_TIM_OC_ConfigChannel
                0x08008c0e                HAL_TIM_PWM_ConfigChannel
                0x08008cc0                TIM_TI1_SetConfig
                0x08008d34                HAL_TIM_IC_ConfigChannel
                0x08008e46                HAL_TIM_OnePulse_ConfigChannel
                0x08008f4c                TIM_ETR_SetConfig
                0x08008f60                HAL_TIM_ConfigOCrefClear
                0x08009024                HAL_TIM_ConfigClockSource
                0x080091ec                HAL_TIM_SlaveConfigSynchro_IT
                0x0800923a                HAL_TIM_SlaveConfigSynchro
                0x08009288                TIM_CCxChannelCmd
                0x080092a4                HAL_TIM_OC_Start
                0x080092e0                HAL_TIM_PWM_Start
                0x080092e4                HAL_TIM_OC_Stop
                0x0800933c                HAL_TIM_OC_Start_IT
                0x080093a8                HAL_TIM_PWM_Start_IT
                0x080093ac                HAL_TIM_OC_Stop_IT
                0x08009438                HAL_TIM_PWM_Stop_IT
                0x0800943c                HAL_TIM_OC_Start_DMA
                0x08009548                HAL_TIM_PWM_Start_DMA
                0x0800954c                HAL_TIM_OC_Stop_DMA
                0x080095f8                HAL_TIM_PWM_Stop_DMA
                0x080095fc                HAL_TIM_PWM_Stop
                0x0800965c                HAL_TIM_IC_Start
                0x0800967c                HAL_TIM_IC_Stop
                0x080096a6                HAL_TIM_IC_Start_IT
                0x080096f8                HAL_TIM_IC_Stop_IT
                0x08009754                HAL_TIM_IC_Start_DMA
                0x08009844                HAL_TIM_IC_Stop_DMA
 .text          0x080098c0      0x800 build/stm32f4_HAL/stm32f4xx_hal_tim_ex.o
                0x080098dc                HAL_TIMEx_HallSensor_MspInit
                0x080098de                HAL_TIMEx_HallSensor_Init
                0x0800998c                HAL_TIMEx_HallSensor_MspDeInit
                0x0800998e                HAL_TIMEx_HallSensor_DeInit
                0x080099c8                HAL_TIMEx_HallSensor_Start
                0x080099ee                HAL_TIMEx_HallSensor_Stop
                0x08009a1e                HAL_TIMEx_HallSensor_Start_IT
                0x08009a4c                HAL_TIMEx_HallSensor_Stop_IT
                0x08009a84                HAL_TIMEx_HallSensor_Start_DMA
                0x08009b04                HAL_TIMEx_HallSensor_Stop_DMA
                0x08009b44                HAL_TIMEx_OCN_Start
                0x08009b6c                HAL_TIMEx_OCN_Stop
                0x08009bb2                HAL_TIMEx_OCN_Start_IT
                0x08009c04                HAL_TIMEx_OCN_Stop_IT
                0x08009c7e                HAL_TIMEx_OCN_Start_DMA
                0x08009d4c                HAL_TIMEx_OCN_Stop_DMA
                0x08009dd0                HAL_TIMEx_PWMN_Start
                0x08009dd4                HAL_TIMEx_PWMN_Stop
                0x08009dd8                HAL_TIMEx_PWMN_Start_IT
                0x08009ddc                HAL_TIMEx_PWMN_Stop_IT
                0x08009de0                HAL_TIMEx_PWMN_Start_DMA
                0x08009de4                HAL_TIMEx_PWMN_Stop_DMA
                0x08009de8                HAL_TIMEx_OnePulseN_Start
                0x08009dfe                HAL_TIMEx_OnePulseN_Stop
                0x08009e02                HAL_TIMEx_OnePulseN_Start_IT
                0x08009e28                HAL_TIMEx_OnePulseN_Stop_IT
                0x08009e7e                HAL_TIMEx_ConfigCommutEvent
                0x08009ed8                HAL_TIMEx_ConfigCommutEvent_IT
                0x08009f32                HAL_TIMEx_ConfigCommutEvent_DMA
                0x08009fa8                HAL_TIMEx_MasterConfigSynchronization
                0x0800a028                HAL_TIMEx_ConfigBreakDeadTime
                0x0800a07a                HAL_TIMEx_RemapConfig
                0x0800a094                HAL_TIMEx_CommutCallback
                0x0800a096                TIMEx_DMACommutationCplt
                0x0800a0a6                HAL_TIMEx_CommutHalfCpltCallback
                0x0800a0a8                TIMEx_DMACommutationHalfCplt
                0x0800a0b8                HAL_TIMEx_BreakCallback
                0x0800a0ba                HAL_TIMEx_HallSensor_GetState
 .text          0x0800a0c0        0x0 build/stm32f4_HAL/stm32f4xx_hal_rtc.o
 .text          0x0800a0c0      0x6b4 build/stm32f4_HAL/stm32f4xx_hal_rcc.o
                0x0800a40c                HAL_RCC_MCOConfig
                0x0800a4a4                HAL_RCC_EnableCSS
                0x0800a4b0                HAL_RCC_DisableCSS
                0x0800a518                HAL_RCC_ClockConfig
                0x0800a64c                HAL_RCC_GetHCLKFreq
                0x0800a658                HAL_RCC_GetPCLK1Freq
                0x0800a678                HAL_RCC_GetPCLK2Freq
                0x0800a71c                HAL_RCC_GetClockConfig
                0x0800a758                HAL_RCC_CSSCallback
                0x0800a75a                HAL_RCC_NMI_IRQHandler
 .text          0x0800a774      0xdb8 build/stm32f4_HAL/stm32f4xx_hal_rcc_ex.o
                0x0800a774                HAL_RCCEx_PeriphCLKConfig
                0x0800ab7c                HAL_RCCEx_GetPeriphCLKConfig
                0x0800ac78                HAL_RCCEx_GetPeriphCLKFreq
                0x0800ae20                HAL_RCCEx_SelectLSEMode
                0x0800ae38                HAL_RCCEx_EnablePLLI2S
                0x0800aeac                HAL_RCCEx_DisablePLLI2S
                0x0800aee0                HAL_RCCEx_EnablePLLSAI
                0x0800af50                HAL_RCCEx_DisablePLLSAI
                0x0800af84                HAL_RCC_GetSysClockFreq
                0x0800b014                HAL_RCC_DeInit
                0x0800b168                HAL_RCC_OscConfig
                0x0800b4a0                HAL_RCC_GetOscConfig
 .text          0x0800b52c      0x1ac build/stm32f4_HAL/stm32f4xx_hal_pwr.o
                0x0800b52c                HAL_PWR_DeInit
                0x0800b544                HAL_PWR_EnableBkUpAccess
                0x0800b550                HAL_PWR_DisableBkUpAccess
                0x0800b55c                HAL_PWR_ConfigPVD
                0x0800b5cc                HAL_PWR_EnablePVD
                0x0800b5d8                HAL_PWR_DisablePVD
                0x0800b5e4                HAL_PWR_EnableWakeUpPin
                0x0800b5f4                HAL_PWR_DisableWakeUpPin
                0x0800b604                HAL_PWR_EnterSLEEPMode
                0x0800b624                HAL_PWR_EnterSTOPMode
                0x0800b65c                HAL_PWR_EnterSTANDBYMode
                0x0800b67c                HAL_PWR_PVDCallback
                0x0800b67e                HAL_PWR_PVD_IRQHandler
                0x0800b698                HAL_PWR_EnableSleepOnExit
                0x0800b6a8                HAL_PWR_DisableSleepOnExit
                0x0800b6b8                HAL_PWR_EnableSEVOnPend
                0x0800b6c8                HAL_PWR_DisableSEVOnPend
 .text          0x0800b6d8      0x294 build/stm32f4_HAL/stm32f4xx_hal_pwr_ex.o
                0x0800b6d8                HAL_PWREx_EnableBkUpReg
                0x0800b70c                HAL_PWREx_DisableBkUpReg
                0x0800b744                HAL_PWREx_EnableFlashPowerDown
                0x0800b750                HAL_PWREx_DisableFlashPowerDown
                0x0800b75c                HAL_PWREx_GetVoltageRange
                0x0800b76c                HAL_PWREx_ControlVoltageScaling
                0x0800b81c                HAL_PWREx_EnableOverDrive
                0x0800b890                HAL_PWREx_DisableOverDrive
                0x0800b904                HAL_PWREx_EnterUnderDriveSTOPMode
 .text          0x0800b96c      0x2bc build/stm32f4_HAL/stm32f4xx_hal_cortex.o
                0x0800b96c                HAL_NVIC_SetPriorityGrouping
                0x0800b990                HAL_NVIC_SetPriority
                0x0800b9f4                HAL_NVIC_EnableIRQ
                0x0800ba10                HAL_NVIC_DisableIRQ
                0x0800ba34                HAL_NVIC_SystemReset
                0x0800ba58                HAL_SYSTICK_Config
                0x0800ba80                HAL_MPU_Disable
                0x0800ba9c                HAL_MPU_Enable
                0x0800babc                HAL_MPU_ConfigRegion
                0x0800bb20                HAL_NVIC_GetPriorityGrouping
                0x0800bb30                HAL_NVIC_GetPriority
                0x0800bb88                HAL_NVIC_SetPendingIRQ
                0x0800bba4                HAL_NVIC_GetPendingIRQ
                0x0800bbc8                HAL_NVIC_ClearPendingIRQ
                0x0800bbe4                HAL_NVIC_GetActive
                0x0800bc08                HAL_SYSTICK_CLKSourceConfig
                0x0800bc1e                HAL_SYSTICK_Callback
                0x0800bc20                HAL_SYSTICK_IRQHandler
 .text          0x0800bc28     0x1824 build/stm32f4_HAL/stm32f4xx_hal_spi.o
                0x0800bdcc                HAL_SPI_MspInit
                0x0800bdce                HAL_SPI_Init
                0x0800be52                HAL_SPI_MspDeInit
                0x0800be54                HAL_SPI_DeInit
                0x0800be80                HAL_SPI_Transmit
                0x0800bffa                HAL_SPI_TransmitReceive
                0x0800c27e                HAL_SPI_Receive
                0x0800c43c                HAL_SPI_Transmit_IT
                0x0800c4e4                HAL_SPI_TransmitReceive_IT
                0x0800c5b0                HAL_SPI_Receive_IT
                0x0800c678                HAL_SPI_Transmit_DMA
                0x0800c750                HAL_SPI_TransmitReceive_DMA
                0x0800c878                HAL_SPI_Receive_DMA
                0x0800c97c                HAL_SPI_Abort
                0x0800caa4                HAL_SPI_DMAPause
                0x0800cac4                HAL_SPI_DMAResume
                0x0800cae4                HAL_SPI_DMAStop
                0x0800cb2a                HAL_SPI_TxCpltCallback
                0x0800cb2c                HAL_SPI_RxCpltCallback
                0x0800cb2e                HAL_SPI_TxRxCpltCallback
                0x0800cb30                HAL_SPI_TxHalfCpltCallback
                0x0800cb3c                HAL_SPI_RxHalfCpltCallback
                0x0800cb48                HAL_SPI_TxRxHalfCpltCallback
                0x0800cb54                HAL_SPI_ErrorCallback
                0x0800d116                HAL_SPI_IRQHandler
                0x0800d220                HAL_SPI_AbortCpltCallback
                0x0800d222                HAL_SPI_Abort_IT
                0x0800d440                HAL_SPI_GetState
                0x0800d446                HAL_SPI_GetError
 .text          0x0800d44c        0x0 build/FreeRTOS/croutine.o
 .text          0x0800d44c      0x264 build/FreeRTOS/event_groups.o
                0x0800d44c                xEventGroupCreateStatic
                0x0800d464                xEventGroupCreate
                0x0800d480                xEventGroupWaitBits
                0x0800d536                xEventGroupClearBits
                0x0800d550                vEventGroupClearBitsCallback
                0x0800d554                xEventGroupClearBitsFromISR
                0x0800d564                xEventGroupGetBitsFromISR
                0x0800d580                xEventGroupSetBits
                0x0800d5dc                xEventGroupSync
                0x0800d666                vEventGroupSetBitsCallback
                0x0800d66a                vEventGroupDelete
                0x0800d694                xEventGroupSetBitsFromISR
                0x0800d6a4                uxEventGroupGetNumber
                0x0800d6aa                vEventGroupSetNumber
 .text          0x0800d6b0       0x82 build/FreeRTOS/list.o
                0x0800d6b0                vListInitialise
                0x0800d6c6                vListInitialiseItem
                0x0800d6cc                vListInsertEnd
                0x0800d6e4                vListInsert
                0x0800d712                uxListRemove
 .text          0x0800d732      0x8f2 build/FreeRTOS/queue.o
                0x0800d84e                xQueueGenericReset
                0x0800d8b8                xQueueGenericCreateStatic
                0x0800d8e4                xQueueGenericCreate
                0x0800d91e                xQueueGetMutexHolder
                0x0800d938                xQueueGetMutexHolderFromISR
                0x0800d944                xQueueCreateCountingSemaphoreStatic
                0x0800d95e                xQueueCreateCountingSemaphore
                0x0800d970                xQueueGenericSend
                0x0800da74                xQueueCreateMutexStatic
                0x0800da9e                xQueueGiveMutexRecursive
                0x0800dac6                xQueueCreateMutex
                0x0800daea                xQueueGenericSendFromISR
                0x0800db54                xQueueGiveFromISR
                0x0800dbb0                xQueueReceive
                0x0800dc9e                xQueueSemaphoreTake
                0x0800ddc4                xQueueTakeMutexRecursive
                0x0800ddf4                xQueuePeek
                0x0800dee2                xQueueReceiveFromISR
                0x0800df4a                xQueuePeekFromISR
                0x0800df7a                uxQueueMessagesWaiting
                0x0800df90                uxQueueSpacesAvailable
                0x0800dfaa                uxQueueMessagesWaitingFromISR
                0x0800dfae                vQueueDelete
                0x0800dfba                uxQueueGetQueueNumber
                0x0800dfbe                vQueueSetQueueNumber
                0x0800dfc2                ucQueueGetQueueType
                0x0800dfc8                xQueueIsQueueEmptyFromISR
                0x0800dfd2                xQueueIsQueueFullFromISR
                0x0800dfde                vQueueWaitForMessageRestricted
 .text          0x0800e024     0x12c0 build/FreeRTOS/tasks.o
                0x0800e2e4                xTaskCreateStatic
                0x0800e318                xTaskCreate
                0x0800e374                vTaskDelete
                0x0800e3f8                eTaskGetState
                0x0800e460                uxTaskPriorityGet
                0x0800e480                uxTaskPriorityGetFromISR
                0x0800e4a8                vTaskPrioritySet
                0x0800e558                vTaskResume
                0x0800e5dc                xTaskResumeFromISR
                0x0800e664                vTaskStartScheduler
                0x0800e6e0                vTaskEndScheduler
                0x0800e700                vTaskSuspendAll
                0x0800e714                xTaskGetTickCount
                0x0800e720                xTaskGetTickCountFromISR
                0x0800e72c                uxTaskGetNumberOfTasks
                0x0800e738                pcTaskGetName
                0x0800e748                xTaskIncrementTick
                0x0800e828                xTaskResumeAll
                0x0800e8ec                vTaskDelayUntil
                0x0800e93c                vTaskDelay
                0x0800e96a                xTaskCatchUpTicks
                0x0800e988                vTaskSwitchContext
                0x0800e9ec                vTaskSuspend
                0x0800ea7c                vTaskPlaceOnEventList
                0x0800ea9c                vTaskPlaceOnUnorderedEventList
                0x0800eac4                vTaskPlaceOnEventListRestricted
                0x0800eaec                xTaskRemoveFromEventList
                0x0800eb54                vTaskRemoveFromUnorderedEventList
                0x0800eba8                vTaskSetTimeOutState
                0x0800ebcc                vTaskInternalSetTimeOutState
                0x0800ebe0                xTaskCheckForTimeOut
                0x0800ec30                vTaskMissedYield
                0x0800ec40                uxTaskGetTaskNumber
                0x0800ec46                vTaskSetTaskNumber
                0x0800ec4c                vTaskGetInfo
                0x0800ed22                uxTaskGetSystemState
                0x0800edbc                uxTaskGetStackHighWaterMark
                0x0800eddc                xTaskGetCurrentTaskHandle
                0x0800ede8                xTaskGetSchedulerState
                0x0800ee08                xTaskPriorityInherit
                0x0800ee88                xTaskPriorityDisinherit
                0x0800eee4                vTaskPriorityDisinheritAfterTimeout
                0x0800ef54                uxTaskResetEventItemValue
                0x0800ef6c                pvTaskIncrementMutexHeldCount
                0x0800ef84                ulTaskNotifyTake
                0x0800eff0                xTaskNotifyWait
                0x0800f084                xTaskGenericNotify
                0x0800f134                xTaskGenericNotifyFromISR
                0x0800f1f4                vTaskNotifyGiveFromISR
                0x0800f284                xTaskNotifyStateClear
                0x0800f2b0                ulTaskNotifyValueClear
 .text          0x0800f2e4      0x4a8 build/FreeRTOS/timers.o
                0x0800f360                xTimerCreateTimerTask
                0x0800f3b0                xTimerCreate
                0x0800f3f6                xTimerCreateStatic
                0x0800f436                xTimerGenericCommand
                0x0800f694                xTimerGetTimerDaemonTaskHandle
                0x0800f6a0                xTimerGetPeriod
                0x0800f6a4                vTimerSetReloadMode
                0x0800f6ca                uxTimerGetReloadMode
                0x0800f6e6                xTimerGetExpiryTime
                0x0800f6ea                pcTimerGetName
                0x0800f6ee                xTimerIsTimerActive
                0x0800f70a                pvTimerGetTimerID
                0x0800f720                vTimerSetTimerID
                0x0800f734                xTimerPendFunctionCallFromISR
                0x0800f75c                xTimerPendFunctionCall
                0x0800f784                uxTimerGetTimerNumber
                0x0800f788                vTimerSetTimerNumber
 .text          0x0800f78c      0x52a build/FreeRTOS/stream_buffer.o
                0x0800f82c                xStreamBufferGenericCreate
                0x0800f868                xStreamBufferGenericCreateStatic
                0x0800f8a8                vStreamBufferDelete
                0x0800f8ba                xStreamBufferReset
                0x0800f900                xStreamBufferSetTriggerLevel
                0x0800f914                xStreamBufferSpacesAvailable
                0x0800f928                xStreamBufferBytesAvailable
                0x0800f92a                xStreamBufferSend
                0x0800fa08                xStreamBufferSendFromISR
                0x0800faa0                xStreamBufferReceive
                0x0800fb54                xStreamBufferNextMessageLengthBytes
                0x0800fb82                xStreamBufferReceiveFromISR
                0x0800fc12                xStreamBufferIsEmpty
                0x0800fc1e                xStreamBufferIsFull
                0x0800fc36                xStreamBufferSendCompletedFromISR
                0x0800fc6e                xStreamBufferReceiveCompletedFromISR
                0x0800fca6                uxStreamBufferGetStreamBufferNumber
                0x0800fcaa                vStreamBufferSetStreamBufferNumber
                0x0800fcae                ucStreamBufferGetStreamBufferType
 *fill*         0x0800fcb6        0x2 
 .text          0x0800fcb8     0x1140 build/FreeRTOS/cmsis_os2.o
                0x0800fcf6                SysTick_Handler
                0x0800fd10                osKernelInitialize
                0x0800fd3c                osKernelGetInfo
                0x0800fd68                osKernelGetState
                0x0800fd88                osKernelStart
                0x0800fdc8                osKernelLock
                0x0800fdf4                osKernelUnlock
                0x0800fe2c                osKernelRestoreLock
                0x0800fe70                osKernelGetTickCount
                0x0800fe88                osKernelGetTickFreq
                0x0800fe8e                osKernelGetSysTimerCount
                0x0800fece                osKernelGetSysTimerFreq
                0x0800fed8                osThreadNew
                0x0800ff6c                osThreadGetName
                0x0800ff86                osThreadGetId
                0x0800ff8a                osThreadGetState
                0x0800ffb4                osThreadGetStackSpace
                0x0800ffce                osThreadSetPriority
                0x0800fffc                osThreadGetPriority
                0x08010018                osThreadYield
                0x0801003c                osThreadSuspend
                0x08010060                osThreadResume
                0x08010084                osThreadExit
                0x0801008e                osThreadTerminate
                0x080100c2                osThreadGetCount
                0x080100d6                osThreadEnumerate
                0x08010140                osThreadFlagsSet
                0x080101be                osThreadFlagsClear
                0x0801020e                osThreadFlagsGet
                0x0801023c                osThreadFlagsWait
                0x080102d6                osDelay
                0x080102f4                osDelayUntil
                0x08010324                osTimerNew
                0x0801039c                osTimerGetName
                0x080103b6                osTimerStart
                0x080103ec                osTimerStop
                0x0801042e                osTimerIsRunning
                0x08010448                osTimerDelete
                0x0801048e                osEventFlagsNew
                0x080104ba                osEventFlagsSet
                0x08010514                osEventFlagsClear
                0x0801055a                osEventFlagsGet
                0x0801057c                osEventFlagsWait
                0x080105e0                osEventFlagsDelete
                0x08010604                osMutexNew
                0x0801065c                osMutexAcquire
                0x080106a2                osMutexRelease
                0x080106e2                osMutexGetOwner
                0x080106fe                osMutexDelete
                0x08010724                osSemaphoreNew
                0x080107b2                osSemaphoreAcquire
                0x08010814                osSemaphoreRelease
                0x0801086c                osSemaphoreGetCount
                0x0801088e                osSemaphoreDelete
                0x080108b2                osMessageQueueNew
                0x08010916                osMessageQueuePut
                0x08010984                osMessageQueueGet
                0x080109ee                osMessageQueueGetCapacity
                0x080109f4                osMessageQueueGetMsgSize
                0x080109fa                osMessageQueueGetCount
                0x080109fe                osMessageQueueGetSpace
                0x08010a34                osMessageQueueReset
                0x08010a5a                osMessageQueueDelete
                0x08010a5e                osMemoryPoolNew
                0x08010b4c                osMemoryPoolGetName
                0x08010b62                osMemoryPoolAlloc
                0x08010c18                osMemoryPoolFree
                0x08010cd4                osMemoryPoolGetCapacity
                0x08010cec                osMemoryPoolGetBlockSize
                0x08010d04                osMemoryPoolGetCount
                0x08010d34                osMemoryPoolGetSpace
                0x08010d64                osMemoryPoolDelete
                0x08010dc0                vApplicationGetIdleTaskMemory
                0x08010ddc                vApplicationGetTimerTaskMemory
 .text          0x08010df8        0x2 build/FreeRTOS/clib_arm.o
                0x08010df8                software_init_hook
 *fill*         0x08010dfa        0x2 
 .text          0x08010dfc       0xd0 build/FreeRTOS/os_systick.o
                0x08010dfc                OS_Tick_Setup
                0x08010e3c                OS_Tick_Enable
                0x08010e64                OS_Tick_Disable
                0x08010e90                OS_Tick_AcknowledgeIRQ
                0x08010e98                OS_Tick_GetIRQn
                0x08010e9e                OS_Tick_GetClock
                0x08010ea8                OS_Tick_GetInterval
                0x08010eb2                OS_Tick_GetCount
                0x08010ebe                OS_Tick_GetOverflow
 .text          0x08010ecc       0x8c build/FreeRTOS/heap_useNewlib.o
                0x08010ecc                sbrk
                0x08010f1c                _sbrk
                0x08010f20                __malloc_lock
                0x08010f24                __malloc_unlock
                0x08010f28                __env_lock
                0x08010f2c                __env_unlock
                0x08010f30                pvPortMalloc
                0x08010f34                vPortFree
                0x08010f38                xPortGetFreeHeapSize
                0x08010f54                vPortInitialiseBlocks
 *fill*         0x08010f58        0x8 
 .text          0x08010f60      0x1ec build/FreeRTOS/port.o
                0x08010fb0                pxPortInitialiseStack
                0x08010fdc                SVC_Handler
                0x08011004                vPortEndScheduler
                0x08011006                vPortEnterCritical
                0x08011024                vPortExitCritical
                0x08011038                PendSV_Handler
                0x080110a4                xPortSysTickHandler
                0x080110d4                vPortSetupTimerInterrupt
                0x080110f8                xPortStartScheduler
 .text          0x0801114c        0x0 c:/mchatoolchainwindows/toolchain/gcc-arm-none-eabi/bin/../lib/gcc/arm-none-eabi/11.2.1/thumb/v7e-m+fp/hard\libm.a(lib_a-s_fmax.o)
 .text          0x0801114c        0x0 c:/mchatoolchainwindows/toolchain/gcc-arm-none-eabi/bin/../lib/gcc/arm-none-eabi/11.2.1/thumb/v7e-m+fp/hard\libm.a(lib_a-s_fmin.o)
 .text          0x0801114c        0x0 c:/mchatoolchainwindows/toolchain/gcc-arm-none-eabi/bin/../lib/gcc/arm-none-eabi/11.2.1/thumb/v7e-m+fp/hard\libm.a(lib_a-s_fpclassify.o)
 .text          0x0801114c        0x0 c:/mchatoolchainwindows/toolchain/gcc-arm-none-eabi/bin/../lib/gcc/arm-none-eabi/11.2.1/thumb/v7e-m+fp/hard\libm.a(lib_a-sf_sin.o)
 .text          0x0801114c        0x0 c:/mchatoolchainwindows/toolchain/gcc-arm-none-eabi/bin/../lib/gcc/arm-none-eabi/11.2.1/thumb/v7e-m+fp/hard\libm.a(lib_a-w_atan2.o)
 .text          0x0801114c        0x0 c:/mchatoolchainwindows/toolchain/gcc-arm-none-eabi/bin/../lib/gcc/arm-none-eabi/11.2.1/thumb/v7e-m+fp/hard\libm.a(lib_a-w_sqrt.o)
 .text          0x0801114c        0x0 c:/mchatoolchainwindows/toolchain/gcc-arm-none-eabi/bin/../lib/gcc/arm-none-eabi/11.2.1/thumb/v7e-m+fp/hard\libm.a(lib_a-e_atan2.o)
 .text          0x0801114c        0x0 c:/mchatoolchainwindows/toolchain/gcc-arm-none-eabi/bin/../lib/gcc/arm-none-eabi/11.2.1/thumb/v7e-m+fp/hard\libm.a(lib_a-ef_rem_pio2.o)
 .text          0x0801114c        0x0 c:/mchatoolchainwindows/toolchain/gcc-arm-none-eabi/bin/../lib/gcc/arm-none-eabi/11.2.1/thumb/v7e-m+fp/hard\libm.a(lib_a-e_sqrt.o)
 .text          0x0801114c        0x0 c:/mchatoolchainwindows/toolchain/gcc-arm-none-eabi/bin/../lib/gcc/arm-none-eabi/11.2.1/thumb/v7e-m+fp/hard\libm.a(lib_a-kf_cos.o)
 .text          0x0801114c        0x0 c:/mchatoolchainwindows/toolchain/gcc-arm-none-eabi/bin/../lib/gcc/arm-none-eabi/11.2.1/thumb/v7e-m+fp/hard\libm.a(lib_a-kf_rem_pio2.o)
 .text          0x0801114c        0x0 c:/mchatoolchainwindows/toolchain/gcc-arm-none-eabi/bin/../lib/gcc/arm-none-eabi/11.2.1/thumb/v7e-m+fp/hard\libm.a(lib_a-kf_sin.o)
 .text          0x0801114c        0x0 c:/mchatoolchainwindows/toolchain/gcc-arm-none-eabi/bin/../lib/gcc/arm-none-eabi/11.2.1/thumb/v7e-m+fp/hard\libm.a(lib_a-s_atan.o)
 .text          0x0801114c        0x0 c:/mchatoolchainwindows/toolchain/gcc-arm-none-eabi/bin/../lib/gcc/arm-none-eabi/11.2.1/thumb/v7e-m+fp/hard\libm.a(lib_a-s_fabs.o)
 .text          0x0801114c        0x0 c:/mchatoolchainwindows/toolchain/gcc-arm-none-eabi/bin/../lib/gcc/arm-none-eabi/11.2.1/thumb/v7e-m+fp/hard\libm.a(lib_a-sf_fabs.o)
 .text          0x0801114c        0x0 c:/mchatoolchainwindows/toolchain/gcc-arm-none-eabi/bin/../lib/gcc/arm-none-eabi/11.2.1/thumb/v7e-m+fp/hard\libm.a(lib_a-sf_floor.o)
 .text          0x0801114c        0x0 c:/mchatoolchainwindows/toolchain/gcc-arm-none-eabi/bin/../lib/gcc/arm-none-eabi/11.2.1/thumb/v7e-m+fp/hard\libm.a(lib_a-sf_scalbn.o)
 .text          0x0801114c      0x254 c:/mchatoolchainwindows/toolchain/gcc-arm-none-eabi/bin/../lib/gcc/arm-none-eabi/11.2.1/thumb/v7e-m+fp/hard\libgcc.a(_arm_muldf3.o)
 .text          0x080113a0      0x378 c:/mchatoolchainwindows/toolchain/gcc-arm-none-eabi/bin/../lib/gcc/arm-none-eabi/11.2.1/thumb/v7e-m+fp/hard\libgcc.a(_arm_addsubdf3.o)
                0x080113a0                __aeabi_drsub
                0x080113a8                __aeabi_dsub
                0x080113a8                __subdf3
                0x080113ac                __aeabi_dadd
                0x080113ac                __adddf3
                0x08011624                __floatunsidf
                0x08011624                __aeabi_ui2d
                0x08011644                __floatsidf
                0x08011644                __aeabi_i2d
                0x08011668                __aeabi_f2d
                0x08011668                __extendsfdf2
                0x080116ac                __floatundidf
                0x080116ac                __aeabi_ul2d
                0x080116bc                __floatdidf
                0x080116bc                __aeabi_l2d
 .text          0x08011718      0x424 c:/mchatoolchainwindows/toolchain/gcc-arm-none-eabi/bin/../lib/gcc/arm-none-eabi/11.2.1/thumb/v7e-m+fp/hard\libgcc.a(_arm_muldivdf3.o)
                0x08011718                __aeabi_dmul
                0x08011718                __muldf3
                0x0801196c                __divdf3
                0x0801196c                __aeabi_ddiv
 .text          0x08011b3c      0x110 c:/mchatoolchainwindows/toolchain/gcc-arm-none-eabi/bin/../lib/gcc/arm-none-eabi/11.2.1/thumb/v7e-m+fp/hard\libgcc.a(_arm_cmpdf2.o)
                0x08011b3c                __gtdf2
                0x08011b3c                __gedf2
                0x08011b44                __ltdf2
                0x08011b44                __ledf2
                0x08011b4c                __nedf2
                0x08011b4c                __eqdf2
                0x08011b4c                __cmpdf2
                0x08011bc8                __aeabi_cdrcmple
                0x08011bd8                __aeabi_cdcmpeq
                0x08011bd8                __aeabi_cdcmple
                0x08011be8                __aeabi_dcmpeq
                0x08011bfc                __aeabi_dcmplt
                0x08011c10                __aeabi_dcmple
                0x08011c24                __aeabi_dcmpge
                0x08011c38                __aeabi_dcmpgt
 .text          0x08011c4c       0x2c c:/mchatoolchainwindows/toolchain/gcc-arm-none-eabi/bin/../lib/gcc/arm-none-eabi/11.2.1/thumb/v7e-m+fp/hard\libgcc.a(_arm_unorddf2.o)
                0x08011c4c                __unorddf2
                0x08011c4c                __aeabi_dcmpun
 .text          0x08011c78       0xa0 c:/mchatoolchainwindows/toolchain/gcc-arm-none-eabi/bin/../lib/gcc/arm-none-eabi/11.2.1/thumb/v7e-m+fp/hard\libgcc.a(_arm_truncdfsf2.o)
                0x08011c78                __truncdfsf2
                0x08011c78                __aeabi_d2f
 .text          0x08011d18       0xa0 c:/mchatoolchainwindows/toolchain/gcc-arm-none-eabi/bin/../lib/gcc/arm-none-eabi/11.2.1/thumb/v7e-m+fp/hard\libgcc.a(_aeabi_ldivmod.o)
                0x08011d18                __aeabi_ldivmod
 .text          0x08011db8       0x30 c:/mchatoolchainwindows/toolchain/gcc-arm-none-eabi/bin/../lib/gcc/arm-none-eabi/11.2.1/thumb/v7e-m+fp/hard\libgcc.a(_aeabi_uldivmod.o)
                0x08011db8                __aeabi_uldivmod
 .text          0x08011de8        0x0 c:/mchatoolchainwindows/toolchain/gcc-arm-none-eabi/bin/../lib/gcc/arm-none-eabi/11.2.1/thumb/v7e-m+fp/hard\libgcc.a(_udivmoddi4.o)
 .text          0x08011de8        0x4 c:/mchatoolchainwindows/toolchain/gcc-arm-none-eabi/bin/../lib/gcc/arm-none-eabi/11.2.1/thumb/v7e-m+fp/hard\libgcc.a(_dvmd_tls.o)
                0x08011de8                __aeabi_idiv0
                0x08011de8                __aeabi_ldiv0
 .text          0x08011dec        0x0 c:/mchatoolchainwindows/toolchain/gcc-arm-none-eabi/bin/../lib/gcc/arm-none-eabi/11.2.1/thumb/v7e-m+fp/hard\libc_nano.a(lib_a-atof.o)
 .text          0x08011dec        0x0 c:/mchatoolchainwindows/toolchain/gcc-arm-none-eabi/bin/../lib/gcc/arm-none-eabi/11.2.1/thumb/v7e-m+fp/hard\libc_nano.a(lib_a-atoi.o)
 .text          0x08011dec        0x0 c:/mchatoolchainwindows/toolchain/gcc-arm-none-eabi/bin/../lib/gcc/arm-none-eabi/11.2.1/thumb/v7e-m+fp/hard\libc_nano.a(lib_a-ctype_.o)
 .text          0x08011dec        0x0 c:/mchatoolchainwindows/toolchain/gcc-arm-none-eabi/bin/../lib/gcc/arm-none-eabi/11.2.1/thumb/v7e-m+fp/hard\libc_nano.a(lib_a-errno.o)
 .text          0x08011dec        0x0 c:/mchatoolchainwindows/toolchain/gcc-arm-none-eabi/bin/../lib/gcc/arm-none-eabi/11.2.1/thumb/v7e-m+fp/hard\libc_nano.a(lib_a-exit.o)
 .text          0x08011dec        0x0 c:/mchatoolchainwindows/toolchain/gcc-arm-none-eabi/bin/../lib/gcc/arm-none-eabi/11.2.1/thumb/v7e-m+fp/hard\libc_nano.a(lib_a-getchar.o)
 .text          0x08011dec        0x0 c:/mchatoolchainwindows/toolchain/gcc-arm-none-eabi/bin/../lib/gcc/arm-none-eabi/11.2.1/thumb/v7e-m+fp/hard\libc_nano.a(lib_a-getc.o)
 .text          0x08011dec        0x0 c:/mchatoolchainwindows/toolchain/gcc-arm-none-eabi/bin/../lib/gcc/arm-none-eabi/11.2.1/thumb/v7e-m+fp/hard\libc_nano.a(lib_a-impure.o)
 .text          0x08011dec        0x0 c:/mchatoolchainwindows/toolchain/gcc-arm-none-eabi/bin/../lib/gcc/arm-none-eabi/11.2.1/thumb/v7e-m+fp/hard\libc_nano.a(lib_a-init.o)
 .text          0x08011dec        0x0 c:/mchatoolchainwindows/toolchain/gcc-arm-none-eabi/bin/../lib/gcc/arm-none-eabi/11.2.1/thumb/v7e-m+fp/hard\libc_nano.a(lib_a-malloc.o)
 .text          0x08011dec        0x0 c:/mchatoolchainwindows/toolchain/gcc-arm-none-eabi/bin/../lib/gcc/arm-none-eabi/11.2.1/thumb/v7e-m+fp/hard\libc_nano.a(lib_a-memcpy-stub.o)
 .text          0x08011dec        0x0 c:/mchatoolchainwindows/toolchain/gcc-arm-none-eabi/bin/../lib/gcc/arm-none-eabi/11.2.1/thumb/v7e-m+fp/hard\libc_nano.a(lib_a-memset.o)
 .text          0x08011dec        0x0 c:/mchatoolchainwindows/toolchain/gcc-arm-none-eabi/bin/../lib/gcc/arm-none-eabi/11.2.1/thumb/v7e-m+fp/hard\libc_nano.a(lib_a-mstats.o)
 .text          0x08011dec        0x0 c:/mchatoolchainwindows/toolchain/gcc-arm-none-eabi/bin/../lib/gcc/arm-none-eabi/11.2.1/thumb/v7e-m+fp/hard\libc_nano.a(lib_a-nano-freer.o)
 .text          0x08011dec        0x0 c:/mchatoolchainwindows/toolchain/gcc-arm-none-eabi/bin/../lib/gcc/arm-none-eabi/11.2.1/thumb/v7e-m+fp/hard\libc_nano.a(lib_a-nano-mallinfor.o)
 .text          0x08011dec        0x0 c:/mchatoolchainwindows/toolchain/gcc-arm-none-eabi/bin/../lib/gcc/arm-none-eabi/11.2.1/thumb/v7e-m+fp/hard\libc_nano.a(lib_a-nano-mallocr.o)
 .text          0x08011dec        0x0 c:/mchatoolchainwindows/toolchain/gcc-arm-none-eabi/bin/../lib/gcc/arm-none-eabi/11.2.1/thumb/v7e-m+fp/hard\libc_nano.a(lib_a-nano-malloptr.o)
 .text          0x08011dec        0x0 c:/mchatoolchainwindows/toolchain/gcc-arm-none-eabi/bin/../lib/gcc/arm-none-eabi/11.2.1/thumb/v7e-m+fp/hard\libc_nano.a(lib_a-nano-mallstatsr.o)
 .text          0x08011dec        0x0 c:/mchatoolchainwindows/toolchain/gcc-arm-none-eabi/bin/../lib/gcc/arm-none-eabi/11.2.1/thumb/v7e-m+fp/hard\libc_nano.a(lib_a-nano-vfprintf_float.o)
 .text          0x08011dec        0x0 c:/mchatoolchainwindows/toolchain/gcc-arm-none-eabi/bin/../lib/gcc/arm-none-eabi/11.2.1/thumb/v7e-m+fp/hard\libc_nano.a(lib_a-nano-vfprintf_i.o)
 .text          0x08011dec        0x0 c:/mchatoolchainwindows/toolchain/gcc-arm-none-eabi/bin/../lib/gcc/arm-none-eabi/11.2.1/thumb/v7e-m+fp/hard\libc_nano.a(lib_a-nano-vfscanf_float.o)
 .text          0x08011dec        0x0 c:/mchatoolchainwindows/toolchain/gcc-arm-none-eabi/bin/../lib/gcc/arm-none-eabi/11.2.1/thumb/v7e-m+fp/hard\libc_nano.a(lib_a-printf.o)
 .text          0x08011dec        0x0 c:/mchatoolchainwindows/toolchain/gcc-arm-none-eabi/bin/../lib/gcc/arm-none-eabi/11.2.1/thumb/v7e-m+fp/hard\libc_nano.a(lib_a-reent.o)
 .text          0x08011dec        0x0 c:/mchatoolchainwindows/toolchain/gcc-arm-none-eabi/bin/../lib/gcc/arm-none-eabi/11.2.1/thumb/v7e-m+fp/hard\libc_nano.a(lib_a-rget.o)
 .text          0x08011dec        0x0 c:/mchatoolchainwindows/toolchain/gcc-arm-none-eabi/bin/../lib/gcc/arm-none-eabi/11.2.1/thumb/v7e-m+fp/hard\libc_nano.a(lib_a-sbrkr.o)
 .text          0x08011dec        0x0 c:/mchatoolchainwindows/toolchain/gcc-arm-none-eabi/bin/../lib/gcc/arm-none-eabi/11.2.1/thumb/v7e-m+fp/hard\libc_nano.a(lib_a-setvbuf.o)
 .text          0x08011dec        0x0 c:/mchatoolchainwindows/toolchain/gcc-arm-none-eabi/bin/../lib/gcc/arm-none-eabi/11.2.1/thumb/v7e-m+fp/hard\libc_nano.a(lib_a-sf_nan.o)
 .text          0x08011dec        0x0 c:/mchatoolchainwindows/toolchain/gcc-arm-none-eabi/bin/../lib/gcc/arm-none-eabi/11.2.1/thumb/v7e-m+fp/hard\libc_nano.a(lib_a-sprintf.o)
 .text          0x08011dec       0x14 c:/mchatoolchainwindows/toolchain/gcc-arm-none-eabi/bin/../lib/gcc/arm-none-eabi/11.2.1/thumb/v7e-m+fp/hard\libc_nano.a(lib_a-strcmp.o)
                0x08011dec                strcmp
 .text          0x08011e00       0x10 c:/mchatoolchainwindows/toolchain/gcc-arm-none-eabi/bin/../lib/gcc/arm-none-eabi/11.2.1/thumb/v7e-m+fp/hard\libc_nano.a(lib_a-strlen.o)
                0x08011e00                strlen
 .text          0x08011e10        0x0 c:/mchatoolchainwindows/toolchain/gcc-arm-none-eabi/bin/../lib/gcc/arm-none-eabi/11.2.1/thumb/v7e-m+fp/hard\libc_nano.a(lib_a-strtod.o)
 .text          0x08011e10        0x0 c:/mchatoolchainwindows/toolchain/gcc-arm-none-eabi/bin/../lib/gcc/arm-none-eabi/11.2.1/thumb/v7e-m+fp/hard\libc_nano.a(lib_a-strtol.o)
 .text          0x08011e10        0x0 c:/mchatoolchainwindows/toolchain/gcc-arm-none-eabi/bin/../lib/gcc/arm-none-eabi/11.2.1/thumb/v7e-m+fp/hard\libc_nano.a(lib_a-vprintf.o)
 .text          0x08011e10        0x0 c:/mchatoolchainwindows/toolchain/gcc-arm-none-eabi/bin/../lib/gcc/arm-none-eabi/11.2.1/thumb/v7e-m+fp/hard\libc_nano.a(lib_a-dtoa.o)
 .text          0x08011e10        0x0 c:/mchatoolchainwindows/toolchain/gcc-arm-none-eabi/bin/../lib/gcc/arm-none-eabi/11.2.1/thumb/v7e-m+fp/hard\libc_nano.a(lib_a-fflush.o)
 .text          0x08011e10        0x0 c:/mchatoolchainwindows/toolchain/gcc-arm-none-eabi/bin/../lib/gcc/arm-none-eabi/11.2.1/thumb/v7e-m+fp/hard\libc_nano.a(lib_a-findfp.o)
 .text          0x08011e10        0x0 c:/mchatoolchainwindows/toolchain/gcc-arm-none-eabi/bin/../lib/gcc/arm-none-eabi/11.2.1/thumb/v7e-m+fp/hard\libc_nano.a(lib_a-fprintf.o)
 .text          0x08011e10        0x0 c:/mchatoolchainwindows/toolchain/gcc-arm-none-eabi/bin/../lib/gcc/arm-none-eabi/11.2.1/thumb/v7e-m+fp/hard\libc_nano.a(lib_a-fwalk.o)
 .text          0x08011e10        0x0 c:/mchatoolchainwindows/toolchain/gcc-arm-none-eabi/bin/../lib/gcc/arm-none-eabi/11.2.1/thumb/v7e-m+fp/hard\libc_nano.a(lib_a-gdtoa-gethex.o)
 .text          0x08011e10        0x0 c:/mchatoolchainwindows/toolchain/gcc-arm-none-eabi/bin/../lib/gcc/arm-none-eabi/11.2.1/thumb/v7e-m+fp/hard\libc_nano.a(lib_a-gdtoa-hexnan.o)
 .text          0x08011e10        0x0 c:/mchatoolchainwindows/toolchain/gcc-arm-none-eabi/bin/../lib/gcc/arm-none-eabi/11.2.1/thumb/v7e-m+fp/hard\libc_nano.a(lib_a-lnumeric.o)
 .text          0x08011e10        0x0 c:/mchatoolchainwindows/toolchain/gcc-arm-none-eabi/bin/../lib/gcc/arm-none-eabi/11.2.1/thumb/v7e-m+fp/hard\libc_nano.a(lib_a-localeconv.o)
 .text          0x08011e10        0x0 c:/mchatoolchainwindows/toolchain/gcc-arm-none-eabi/bin/../lib/gcc/arm-none-eabi/11.2.1/thumb/v7e-m+fp/hard\libc_nano.a(lib_a-locale.o)
 .text          0x08011e10        0x0 c:/mchatoolchainwindows/toolchain/gcc-arm-none-eabi/bin/../lib/gcc/arm-none-eabi/11.2.1/thumb/v7e-m+fp/hard\libc_nano.a(lib_a-makebuf.o)
 .text          0x08011e10        0x0 c:/mchatoolchainwindows/toolchain/gcc-arm-none-eabi/bin/../lib/gcc/arm-none-eabi/11.2.1/thumb/v7e-m+fp/hard\libc_nano.a(lib_a-mbtowc_r.o)
 .text          0x08011e10       0xa0 c:/mchatoolchainwindows/toolchain/gcc-arm-none-eabi/bin/../lib/gcc/arm-none-eabi/11.2.1/thumb/v7e-m+fp/hard\libc_nano.a(lib_a-memchr.o)
                0x08011e10                memchr
 .text          0x08011eb0        0x0 c:/mchatoolchainwindows/toolchain/gcc-arm-none-eabi/bin/../lib/gcc/arm-none-eabi/11.2.1/thumb/v7e-m+fp/hard\libc_nano.a(lib_a-mprec.o)
 .text          0x08011eb0        0x0 c:/mchatoolchainwindows/toolchain/gcc-arm-none-eabi/bin/../lib/gcc/arm-none-eabi/11.2.1/thumb/v7e-m+fp/hard\libc_nano.a(lib_a-nano-callocr.o)
 .text          0x08011eb0        0x0 c:/mchatoolchainwindows/toolchain/gcc-arm-none-eabi/bin/../lib/gcc/arm-none-eabi/11.2.1/thumb/v7e-m+fp/hard\libc_nano.a(lib_a-nano-svfprintf.o)
 .text          0x08011eb0        0x0 c:/mchatoolchainwindows/toolchain/gcc-arm-none-eabi/bin/../lib/gcc/arm-none-eabi/11.2.1/thumb/v7e-m+fp/hard\libc_nano.a(lib_a-nano-vfprintf.o)
 .text          0x08011eb0        0x0 c:/mchatoolchainwindows/toolchain/gcc-arm-none-eabi/bin/../lib/gcc/arm-none-eabi/11.2.1/thumb/v7e-m+fp/hard\libc_nano.a(lib_a-refill.o)
 .text          0x08011eb0        0x0 c:/mchatoolchainwindows/toolchain/gcc-arm-none-eabi/bin/../lib/gcc/arm-none-eabi/11.2.1/thumb/v7e-m+fp/hard\libc_nano.a(lib_a-s_nan.o)
 .text          0x08011eb0        0x0 c:/mchatoolchainwindows/toolchain/gcc-arm-none-eabi/bin/../lib/gcc/arm-none-eabi/11.2.1/thumb/v7e-m+fp/hard\libc_nano.a(lib_a-stdio.o)
 .text          0x08011eb0        0x0 c:/mchatoolchainwindows/toolchain/gcc-arm-none-eabi/bin/../lib/gcc/arm-none-eabi/11.2.1/thumb/v7e-m+fp/hard\libc_nano.a(lib_a-strncmp.o)
 .text          0x08011eb0        0x0 c:/mchatoolchainwindows/toolchain/gcc-arm-none-eabi/bin/../lib/gcc/arm-none-eabi/11.2.1/thumb/v7e-m+fp/hard\libc_nano.a(lib_a-wbuf.o)
 .text          0x08011eb0        0x0 c:/mchatoolchainwindows/toolchain/gcc-arm-none-eabi/bin/../lib/gcc/arm-none-eabi/11.2.1/thumb/v7e-m+fp/hard\libc_nano.a(lib_a-wctomb_r.o)
 .text          0x08011eb0        0x0 c:/mchatoolchainwindows/toolchain/gcc-arm-none-eabi/bin/../lib/gcc/arm-none-eabi/11.2.1/thumb/v7e-m+fp/hard\libc_nano.a(lib_a-writer.o)
 .text          0x08011eb0        0x0 c:/mchatoolchainwindows/toolchain/gcc-arm-none-eabi/bin/../lib/gcc/arm-none-eabi/11.2.1/thumb/v7e-m+fp/hard\libc_nano.a(lib_a-wsetup.o)
 .text          0x08011eb0        0x0 c:/mchatoolchainwindows/toolchain/gcc-arm-none-eabi/bin/../lib/gcc/arm-none-eabi/11.2.1/thumb/v7e-m+fp/hard\libc_nano.a(lib_a-assert.o)
 .text          0x08011eb0        0x0 c:/mchatoolchainwindows/toolchain/gcc-arm-none-eabi/bin/../lib/gcc/arm-none-eabi/11.2.1/thumb/v7e-m+fp/hard\libc_nano.a(lib_a-closer.o)
 .text          0x08011eb0        0x0 c:/mchatoolchainwindows/toolchain/gcc-arm-none-eabi/bin/../lib/gcc/arm-none-eabi/11.2.1/thumb/v7e-m+fp/hard\libc_nano.a(lib_a-fstatr.o)
 .text          0x08011eb0        0x0 c:/mchatoolchainwindows/toolchain/gcc-arm-none-eabi/bin/../lib/gcc/arm-none-eabi/11.2.1/thumb/v7e-m+fp/hard\libc_nano.a(lib_a-fvwrite.o)
 .text          0x08011eb0        0x0 c:/mchatoolchainwindows/toolchain/gcc-arm-none-eabi/bin/../lib/gcc/arm-none-eabi/11.2.1/thumb/v7e-m+fp/hard\libc_nano.a(lib_a-isattyr.o)
 .text          0x08011eb0        0x0 c:/mchatoolchainwindows/toolchain/gcc-arm-none-eabi/bin/../lib/gcc/arm-none-eabi/11.2.1/thumb/v7e-m+fp/hard\libc_nano.a(lib_a-lseekr.o)
 .text          0x08011eb0        0x0 c:/mchatoolchainwindows/toolchain/gcc-arm-none-eabi/bin/../lib/gcc/arm-none-eabi/11.2.1/thumb/v7e-m+fp/hard\libc_nano.a(lib_a-memmove.o)
 .text          0x08011eb0        0x0 c:/mchatoolchainwindows/toolchain/gcc-arm-none-eabi/bin/../lib/gcc/arm-none-eabi/11.2.1/thumb/v7e-m+fp/hard\libc_nano.a(lib_a-nano-reallocr.o)
 .text          0x08011eb0        0x0 c:/mchatoolchainwindows/toolchain/gcc-arm-none-eabi/bin/../lib/gcc/arm-none-eabi/11.2.1/thumb/v7e-m+fp/hard\libc_nano.a(lib_a-readr.o)
 .text          0x08011eb0        0x0 c:/mchatoolchainwindows/toolchain/gcc-arm-none-eabi/bin/../lib/gcc/arm-none-eabi/11.2.1/thumb/v7e-m+fp/hard\libc_nano.a(lib_a-abort.o)
 .text          0x08011eb0        0x0 c:/mchatoolchainwindows/toolchain/gcc-arm-none-eabi/bin/../lib/gcc/arm-none-eabi/11.2.1/thumb/v7e-m+fp/hard\libc_nano.a(lib_a-nano-msizer.o)
 .text          0x08011eb0        0x0 c:/mchatoolchainwindows/toolchain/gcc-arm-none-eabi/bin/../lib/gcc/arm-none-eabi/11.2.1/thumb/v7e-m+fp/hard\libc_nano.a(lib_a-signal.o)
 .text          0x08011eb0        0x0 c:/mchatoolchainwindows/toolchain/gcc-arm-none-eabi/bin/../lib/gcc/arm-none-eabi/11.2.1/thumb/v7e-m+fp/hard\libc_nano.a(lib_a-signalr.o)
 .text          0x08011eb0       0x50 c:/mchatoolchainwindows/toolchain/gcc-arm-none-eabi/bin/../lib/gcc/arm-none-eabi/11.2.1/thumb/v7e-m+fp/hard\libgcc.a(_arm_fixdfsi.o)
                0x08011eb0                __aeabi_d2iz
                0x08011eb0                __fixdfsi
 .text          0x08011f00       0x40 c:/mchatoolchainwindows/toolchain/gcc-arm-none-eabi/bin/../lib/gcc/arm-none-eabi/11.2.1/thumb/v7e-m+fp/hard\libgcc.a(_arm_fixunsdfsi.o)
                0x08011f00                __aeabi_d2uiz
                0x08011f00                __fixunsdfsi
 .text          0x08011f40        0x0 c:/mchatoolchainwindows/toolchain/gcc-arm-none-eabi/bin/../lib/gcc/arm-none-eabi/11.2.1/thumb/v7e-m+fp/hard\libgcc.a(_fixdfdi.o)
 .text          0x08011f40        0x0 c:/mchatoolchainwindows/toolchain/gcc-arm-none-eabi/bin/../lib/gcc/arm-none-eabi/11.2.1/thumb/v7e-m+fp/hard\libgcc.a(_fixunsdfdi.o)
 .text          0x08011f40        0x0 c:/mchatoolchainwindows/toolchain/gcc-arm-none-eabi/bin/../lib/gcc/arm-none-eabi/11.2.1/thumb/v7e-m+fp/hard\libnosys.a(close.o)
 .text          0x08011f40        0x0 c:/mchatoolchainwindows/toolchain/gcc-arm-none-eabi/bin/../lib/gcc/arm-none-eabi/11.2.1/thumb/v7e-m+fp/hard\libnosys.a(fstat.o)
 .text          0x08011f40        0x0 c:/mchatoolchainwindows/toolchain/gcc-arm-none-eabi/bin/../lib/gcc/arm-none-eabi/11.2.1/thumb/v7e-m+fp/hard\libnosys.a(getpid.o)
 .text          0x08011f40        0x0 c:/mchatoolchainwindows/toolchain/gcc-arm-none-eabi/bin/../lib/gcc/arm-none-eabi/11.2.1/thumb/v7e-m+fp/hard\libnosys.a(isatty.o)
 .text          0x08011f40        0x0 c:/mchatoolchainwindows/toolchain/gcc-arm-none-eabi/bin/../lib/gcc/arm-none-eabi/11.2.1/thumb/v7e-m+fp/hard\libnosys.a(kill.o)
 .text          0x08011f40        0x0 c:/mchatoolchainwindows/toolchain/gcc-arm-none-eabi/bin/../lib/gcc/arm-none-eabi/11.2.1/thumb/v7e-m+fp/hard\libnosys.a(lseek.o)
 .text          0x08011f40        0x0 c:/mchatoolchainwindows/toolchain/gcc-arm-none-eabi/bin/../lib/gcc/arm-none-eabi/11.2.1/thumb/v7e-m+fp/hard\libnosys.a(_exit.o)
 .text          0x08011f40        0x0 c:/mchatoolchainwindows/toolchain/gcc-arm-none-eabi/bin/../lib/gcc/arm-none-eabi/11.2.1/thumb/v7e-m+fp/hard/crtend.o
 .text          0x08011f40        0x0 c:/mchatoolchainwindows/toolchain/gcc-arm-none-eabi/bin/../lib/gcc/arm-none-eabi/11.2.1/thumb/v7e-m+fp/hard/crtn.o
 *(.text*)
 .text.deregister_tm_clones
                0x08011f40       0x1c c:/mchatoolchainwindows/toolchain/gcc-arm-none-eabi/bin/../lib/gcc/arm-none-eabi/11.2.1/thumb/v7e-m+fp/hard/crtbegin.o
 .text.register_tm_clones
                0x08011f5c       0x24 c:/mchatoolchainwindows/toolchain/gcc-arm-none-eabi/bin/../lib/gcc/arm-none-eabi/11.2.1/thumb/v7e-m+fp/hard/crtbegin.o
 .text.__do_global_dtors_aux
                0x08011f80       0x28 c:/mchatoolchainwindows/toolchain/gcc-arm-none-eabi/bin/../lib/gcc/arm-none-eabi/11.2.1/thumb/v7e-m+fp/hard/crtbegin.o
 .text.frame_dummy
                0x08011fa8       0x24 c:/mchatoolchainwindows/toolchain/gcc-arm-none-eabi/bin/../lib/gcc/arm-none-eabi/11.2.1/thumb/v7e-m+fp/hard/crtbegin.o
 .text.startup  0x08011fcc       0xa8 build/main.o
                0x08011fcc                main
 .text.Reset_Handler
                0x08012074       0x50 build/startup_stm32f446xx.o
                0x08012074                Reset_Handler
 .text.Default_Handler
                0x080120c4        0x2 build/startup_stm32f446xx.o
                0x080120c4                RTC_Alarm_IRQHandler
                0x080120c4                EXTI2_IRQHandler
                0x080120c4                TIM8_CC_IRQHandler
                0x080120c4                SPI4_IRQHandler
                0x080120c4                TIM1_CC_IRQHandler
                0x080120c4                DMA2_Stream5_IRQHandler
                0x080120c4                DMA1_Stream5_IRQHandler
                0x080120c4                PVD_IRQHandler
                0x080120c4                SDIO_IRQHandler
                0x080120c4                TAMP_STAMP_IRQHandler
                0x080120c4                CAN2_RX1_IRQHandler
                0x080120c4                EXTI3_IRQHandler
                0x080120c4                TIM8_TRG_COM_TIM14_IRQHandler
                0x080120c4                TIM1_UP_TIM10_IRQHandler
                0x080120c4                TIM8_UP_TIM13_IRQHandler
                0x080120c4                I2C3_ER_IRQHandler
                0x080120c4                FMPI2C1_Event_IRQHandler
                0x080120c4                EXTI0_IRQHandler
                0x080120c4                I2C2_EV_IRQHandler
                0x080120c4                DMA1_Stream2_IRQHandler
                0x080120c4                CAN1_RX0_IRQHandler
                0x080120c4                FPU_IRQHandler
                0x080120c4                OTG_HS_WKUP_IRQHandler
                0x080120c4                CAN2_SCE_IRQHandler
                0x080120c4                DMA2_Stream2_IRQHandler
                0x080120c4                SPI1_IRQHandler
                0x080120c4                TIM6_DAC_IRQHandler
                0x080120c4                TIM1_BRK_TIM9_IRQHandler
                0x080120c4                DCMI_IRQHandler
                0x080120c4                CAN2_RX0_IRQHandler
                0x080120c4                DMA2_Stream3_IRQHandler
                0x080120c4                SAI2_IRQHandler
                0x080120c4                USART6_IRQHandler
                0x080120c4                USART3_IRQHandler
                0x080120c4                CAN1_RX1_IRQHandler
                0x080120c4                UART5_IRQHandler
                0x080120c4                DMA2_Stream0_IRQHandler
                0x080120c4                TIM4_IRQHandler
                0x080120c4                QUADSPI_IRQHandler
                0x080120c4                I2C1_EV_IRQHandler
                0x080120c4                DMA1_Stream6_IRQHandler
                0x080120c4                DMA1_Stream1_IRQHandler
                0x080120c4                UART4_IRQHandler
                0x080120c4                TIM3_IRQHandler
                0x080120c4                RCC_IRQHandler
                0x080120c4                TIM8_BRK_TIM12_IRQHandler
                0x080120c4                Default_Handler
                0x080120c4                CEC_IRQHandler
                0x080120c4                EXTI15_10_IRQHandler
                0x080120c4                ADC_IRQHandler
                0x080120c4                DMA1_Stream7_IRQHandler
                0x080120c4                TIM7_IRQHandler
                0x080120c4                CAN2_TX_IRQHandler
                0x080120c4                TIM5_IRQHandler
                0x080120c4                DMA2_Stream7_IRQHandler
                0x080120c4                I2C3_EV_IRQHandler
                0x080120c4                EXTI9_5_IRQHandler
                0x080120c4                RTC_WKUP_IRQHandler
                0x080120c4                SPDIF_RX_IRQHandler
                0x080120c4                SPI2_IRQHandler
                0x080120c4                OTG_HS_EP1_IN_IRQHandler
                0x080120c4                DMA1_Stream0_IRQHandler
                0x080120c4                CAN1_TX_IRQHandler
                0x080120c4                EXTI4_IRQHandler
                0x080120c4                OTG_HS_EP1_OUT_IRQHandler
                0x080120c4                WWDG_IRQHandler
                0x080120c4                TIM2_IRQHandler
                0x080120c4                OTG_FS_WKUP_IRQHandler
                0x080120c4                TIM1_TRG_COM_TIM11_IRQHandler
                0x080120c4                OTG_HS_IRQHandler
                0x080120c4                EXTI1_IRQHandler
                0x080120c4                I2C2_ER_IRQHandler
                0x080120c4                DMA2_Stream1_IRQHandler
                0x080120c4                CAN1_SCE_IRQHandler
                0x080120c4                FLASH_IRQHandler
                0x080120c4                DMA2_Stream4_IRQHandler
                0x080120c4                OTG_FS_IRQHandler
                0x080120c4                SPI3_IRQHandler
                0x080120c4                DMA1_Stream4_IRQHandler
                0x080120c4                I2C1_ER_IRQHandler
                0x080120c4                FMC_IRQHandler
                0x080120c4                DMA2_Stream6_IRQHandler
                0x080120c4                SAI1_IRQHandler
                0x080120c4                DMA1_Stream3_IRQHandler
                0x080120c4                FMPI2C1_Error_IRQHandler
 *fill*         0x080120c6        0x2 
 .text.fmax     0x080120c8       0x50 c:/mchatoolchainwindows/toolchain/gcc-arm-none-eabi/bin/../lib/gcc/arm-none-eabi/11.2.1/thumb/v7e-m+fp/hard\libm.a(lib_a-s_fmax.o)
                0x080120c8                fmax
 .text.fmin     0x08012118       0x50 c:/mchatoolchainwindows/toolchain/gcc-arm-none-eabi/bin/../lib/gcc/arm-none-eabi/11.2.1/thumb/v7e-m+fp/hard\libm.a(lib_a-s_fmin.o)
                0x08012118                fmin
 .text.__fpclassifyd
                0x08012168       0x54 c:/mchatoolchainwindows/toolchain/gcc-arm-none-eabi/bin/../lib/gcc/arm-none-eabi/11.2.1/thumb/v7e-m+fp/hard\libm.a(lib_a-s_fpclassify.o)
                0x08012168                __fpclassifyd
 .text.sinf     0x080121bc       0x74 c:/mchatoolchainwindows/toolchain/gcc-arm-none-eabi/bin/../lib/gcc/arm-none-eabi/11.2.1/thumb/v7e-m+fp/hard\libm.a(lib_a-sf_sin.o)
                0x080121bc                sinf
 .text.atan2    0x08012230        0x4 c:/mchatoolchainwindows/toolchain/gcc-arm-none-eabi/bin/../lib/gcc/arm-none-eabi/11.2.1/thumb/v7e-m+fp/hard\libm.a(lib_a-w_atan2.o)
                0x08012230                atan2
 .text.sqrt     0x08012234       0x68 c:/mchatoolchainwindows/toolchain/gcc-arm-none-eabi/bin/../lib/gcc/arm-none-eabi/11.2.1/thumb/v7e-m+fp/hard\libm.a(lib_a-w_sqrt.o)
                0x08012234                sqrt
 *fill*         0x0801229c        0x4 
 .text.__ieee754_atan2
                0x080122a0      0x1b4 c:/mchatoolchainwindows/toolchain/gcc-arm-none-eabi/bin/../lib/gcc/arm-none-eabi/11.2.1/thumb/v7e-m+fp/hard\libm.a(lib_a-e_atan2.o)
                0x080122a0                __ieee754_atan2
 .text.__ieee754_rem_pio2f
                0x08012454      0x260 c:/mchatoolchainwindows/toolchain/gcc-arm-none-eabi/bin/../lib/gcc/arm-none-eabi/11.2.1/thumb/v7e-m+fp/hard\libm.a(lib_a-ef_rem_pio2.o)
                0x08012454                __ieee754_rem_pio2f
 .text.__ieee754_sqrt
                0x080126b4      0x194 c:/mchatoolchainwindows/toolchain/gcc-arm-none-eabi/bin/../lib/gcc/arm-none-eabi/11.2.1/thumb/v7e-m+fp/hard\libm.a(lib_a-e_sqrt.o)
                0x080126b4                __ieee754_sqrt
 .text.__kernel_cosf
                0x08012848      0x104 c:/mchatoolchainwindows/toolchain/gcc-arm-none-eabi/bin/../lib/gcc/arm-none-eabi/11.2.1/thumb/v7e-m+fp/hard\libm.a(lib_a-kf_cos.o)
                0x08012848                __kernel_cosf
 .text.__kernel_rem_pio2f
                0x0801294c      0x664 c:/mchatoolchainwindows/toolchain/gcc-arm-none-eabi/bin/../lib/gcc/arm-none-eabi/11.2.1/thumb/v7e-m+fp/hard\libm.a(lib_a-kf_rem_pio2.o)
                0x0801294c                __kernel_rem_pio2f
 .text.__kernel_sinf
                0x08012fb0       0x90 c:/mchatoolchainwindows/toolchain/gcc-arm-none-eabi/bin/../lib/gcc/arm-none-eabi/11.2.1/thumb/v7e-m+fp/hard\libm.a(lib_a-kf_sin.o)
                0x08012fb0                __kernel_sinf
 .text.atan     0x08013040      0x340 c:/mchatoolchainwindows/toolchain/gcc-arm-none-eabi/bin/../lib/gcc/arm-none-eabi/11.2.1/thumb/v7e-m+fp/hard\libm.a(lib_a-s_atan.o)
                0x08013040                atan
 .text.fabs     0x08013380       0x14 c:/mchatoolchainwindows/toolchain/gcc-arm-none-eabi/bin/../lib/gcc/arm-none-eabi/11.2.1/thumb/v7e-m+fp/hard\libm.a(lib_a-s_fabs.o)
                0x08013380                fabs
 .text.fabsf    0x08013394       0x10 c:/mchatoolchainwindows/toolchain/gcc-arm-none-eabi/bin/../lib/gcc/arm-none-eabi/11.2.1/thumb/v7e-m+fp/hard\libm.a(lib_a-sf_fabs.o)
                0x08013394                fabsf
 .text.floorf   0x080133a4       0x90 c:/mchatoolchainwindows/toolchain/gcc-arm-none-eabi/bin/../lib/gcc/arm-none-eabi/11.2.1/thumb/v7e-m+fp/hard\libm.a(lib_a-sf_floor.o)
                0x080133a4                floorf
 .text.scalbnf  0x08013434       0xdc c:/mchatoolchainwindows/toolchain/gcc-arm-none-eabi/bin/../lib/gcc/arm-none-eabi/11.2.1/thumb/v7e-m+fp/hard\libm.a(lib_a-sf_scalbn.o)
                0x08013434                scalbnf
 .text.__udivmoddi4
                0x08013510      0x2c8 c:/mchatoolchainwindows/toolchain/gcc-arm-none-eabi/bin/../lib/gcc/arm-none-eabi/11.2.1/thumb/v7e-m+fp/hard\libgcc.a(_udivmoddi4.o)
                0x08013510                __udivmoddi4
 .text.atof     0x080137d8        0x6 c:/mchatoolchainwindows/toolchain/gcc-arm-none-eabi/bin/../lib/gcc/arm-none-eabi/11.2.1/thumb/v7e-m+fp/hard\libc_nano.a(lib_a-atof.o)
                0x080137d8                atof
 .text.atoi     0x080137de        0x8 c:/mchatoolchainwindows/toolchain/gcc-arm-none-eabi/bin/../lib/gcc/arm-none-eabi/11.2.1/thumb/v7e-m+fp/hard\libc_nano.a(lib_a-atoi.o)
                0x080137de                atoi
 .text._atoi_r  0x080137e6        0x8 c:/mchatoolchainwindows/toolchain/gcc-arm-none-eabi/bin/../lib/gcc/arm-none-eabi/11.2.1/thumb/v7e-m+fp/hard\libc_nano.a(lib_a-atoi.o)
                0x080137e6                _atoi_r
 *fill*         0x080137ee        0x2 
 .text.__errno  0x080137f0        0xc c:/mchatoolchainwindows/toolchain/gcc-arm-none-eabi/bin/../lib/gcc/arm-none-eabi/11.2.1/thumb/v7e-m+fp/hard\libc_nano.a(lib_a-errno.o)
                0x080137f0                __errno
 .text.exit     0x080137fc       0x28 c:/mchatoolchainwindows/toolchain/gcc-arm-none-eabi/bin/../lib/gcc/arm-none-eabi/11.2.1/thumb/v7e-m+fp/hard\libc_nano.a(lib_a-exit.o)
                0x080137fc                exit
 .text._getchar_r
                0x08013824       0x1a c:/mchatoolchainwindows/toolchain/gcc-arm-none-eabi/bin/../lib/gcc/arm-none-eabi/11.2.1/thumb/v7e-m+fp/hard\libc_nano.a(lib_a-getchar.o)
                0x08013824                _getchar_r
 *fill*         0x0801383e        0x2 
 .text.getchar  0x08013840       0x24 c:/mchatoolchainwindows/toolchain/gcc-arm-none-eabi/bin/../lib/gcc/arm-none-eabi/11.2.1/thumb/v7e-m+fp/hard\libc_nano.a(lib_a-getchar.o)
                0x08013840                getchar
 .text._getc_r  0x08013864       0x58 c:/mchatoolchainwindows/toolchain/gcc-arm-none-eabi/bin/../lib/gcc/arm-none-eabi/11.2.1/thumb/v7e-m+fp/hard\libc_nano.a(lib_a-getc.o)
                0x08013864                _getc_r
 .text.getc     0x080138bc       0x60 c:/mchatoolchainwindows/toolchain/gcc-arm-none-eabi/bin/../lib/gcc/arm-none-eabi/11.2.1/thumb/v7e-m+fp/hard\libc_nano.a(lib_a-getc.o)
                0x080138bc                getc
 .text.__libc_init_array
                0x0801391c       0x48 c:/mchatoolchainwindows/toolchain/gcc-arm-none-eabi/bin/../lib/gcc/arm-none-eabi/11.2.1/thumb/v7e-m+fp/hard\libc_nano.a(lib_a-init.o)
                0x0801391c                __libc_init_array
 .text.malloc   0x08013964       0x10 c:/mchatoolchainwindows/toolchain/gcc-arm-none-eabi/bin/../lib/gcc/arm-none-eabi/11.2.1/thumb/v7e-m+fp/hard\libc_nano.a(lib_a-malloc.o)
                0x08013964                malloc
 .text.free     0x08013974       0x10 c:/mchatoolchainwindows/toolchain/gcc-arm-none-eabi/bin/../lib/gcc/arm-none-eabi/11.2.1/thumb/v7e-m+fp/hard\libc_nano.a(lib_a-malloc.o)
                0x08013974                free
 .text.memcpy   0x08013984       0x1c c:/mchatoolchainwindows/toolchain/gcc-arm-none-eabi/bin/../lib/gcc/arm-none-eabi/11.2.1/thumb/v7e-m+fp/hard\libc_nano.a(lib_a-memcpy-stub.o)
                0x08013984                memcpy
 .text.memset   0x080139a0       0x10 c:/mchatoolchainwindows/toolchain/gcc-arm-none-eabi/bin/../lib/gcc/arm-none-eabi/11.2.1/thumb/v7e-m+fp/hard\libc_nano.a(lib_a-memset.o)
                0x080139a0                memset
 .text.mallinfo
                0x080139b0       0x14 c:/mchatoolchainwindows/toolchain/gcc-arm-none-eabi/bin/../lib/gcc/arm-none-eabi/11.2.1/thumb/v7e-m+fp/hard\libc_nano.a(lib_a-mstats.o)
                0x080139b0                mallinfo
 .text.malloc_stats
                0x080139c4        0xc c:/mchatoolchainwindows/toolchain/gcc-arm-none-eabi/bin/../lib/gcc/arm-none-eabi/11.2.1/thumb/v7e-m+fp/hard\libc_nano.a(lib_a-mstats.o)
                0x080139c4                malloc_stats
 .text.mallopt  0x080139d0       0x10 c:/mchatoolchainwindows/toolchain/gcc-arm-none-eabi/bin/../lib/gcc/arm-none-eabi/11.2.1/thumb/v7e-m+fp/hard\libc_nano.a(lib_a-mstats.o)
                0x080139d0                mallopt
 .text._mstats_r
                0x080139e0       0x2c c:/mchatoolchainwindows/toolchain/gcc-arm-none-eabi/bin/../lib/gcc/arm-none-eabi/11.2.1/thumb/v7e-m+fp/hard\libc_nano.a(lib_a-mstats.o)
                0x080139e0                _mstats_r
 .text.mstats   0x08013a0c       0x10 c:/mchatoolchainwindows/toolchain/gcc-arm-none-eabi/bin/../lib/gcc/arm-none-eabi/11.2.1/thumb/v7e-m+fp/hard\libc_nano.a(lib_a-mstats.o)
                0x08013a0c                mstats
 .text._free_r  0x08013a1c       0x98 c:/mchatoolchainwindows/toolchain/gcc-arm-none-eabi/bin/../lib/gcc/arm-none-eabi/11.2.1/thumb/v7e-m+fp/hard\libc_nano.a(lib_a-nano-freer.o)
                0x08013a1c                _free_r
 .text._mallinfo_r
                0x08013ab4       0x68 c:/mchatoolchainwindows/toolchain/gcc-arm-none-eabi/bin/../lib/gcc/arm-none-eabi/11.2.1/thumb/v7e-m+fp/hard\libc_nano.a(lib_a-nano-mallinfor.o)
                0x08013ab4                _mallinfo_r
 .text.sbrk_aligned
                0x08013b1c       0x40 c:/mchatoolchainwindows/toolchain/gcc-arm-none-eabi/bin/../lib/gcc/arm-none-eabi/11.2.1/thumb/v7e-m+fp/hard\libc_nano.a(lib_a-nano-mallocr.o)
 .text._malloc_r
                0x08013b5c       0xe8 c:/mchatoolchainwindows/toolchain/gcc-arm-none-eabi/bin/../lib/gcc/arm-none-eabi/11.2.1/thumb/v7e-m+fp/hard\libc_nano.a(lib_a-nano-mallocr.o)
                0x08013b5c                _malloc_r
 .text._mallopt_r
                0x08013c44        0x4 c:/mchatoolchainwindows/toolchain/gcc-arm-none-eabi/bin/../lib/gcc/arm-none-eabi/11.2.1/thumb/v7e-m+fp/hard\libc_nano.a(lib_a-nano-malloptr.o)
                0x08013c44                _mallopt_r
 .text._malloc_stats_r
                0x08013c48       0x50 c:/mchatoolchainwindows/toolchain/gcc-arm-none-eabi/bin/../lib/gcc/arm-none-eabi/11.2.1/thumb/v7e-m+fp/hard\libc_nano.a(lib_a-nano-mallstatsr.o)
                0x08013c48                _malloc_stats_r
 .text.__cvt    0x08013c98       0xc4 c:/mchatoolchainwindows/toolchain/gcc-arm-none-eabi/bin/../lib/gcc/arm-none-eabi/11.2.1/thumb/v7e-m+fp/hard\libc_nano.a(lib_a-nano-vfprintf_float.o)
                0x08013c98                __cvt
 .text.__exponent
                0x08013d5c       0x7c c:/mchatoolchainwindows/toolchain/gcc-arm-none-eabi/bin/../lib/gcc/arm-none-eabi/11.2.1/thumb/v7e-m+fp/hard\libc_nano.a(lib_a-nano-vfprintf_float.o)
                0x08013d5c                __exponent
 .text._printf_float
                0x08013dd8      0x46c c:/mchatoolchainwindows/toolchain/gcc-arm-none-eabi/bin/../lib/gcc/arm-none-eabi/11.2.1/thumb/v7e-m+fp/hard\libc_nano.a(lib_a-nano-vfprintf_float.o)
                0x08013dd8                _printf_float
 .text._printf_common
                0x08014244       0xda c:/mchatoolchainwindows/toolchain/gcc-arm-none-eabi/bin/../lib/gcc/arm-none-eabi/11.2.1/thumb/v7e-m+fp/hard\libc_nano.a(lib_a-nano-vfprintf_i.o)
                0x08014244                _printf_common
 *fill*         0x0801431e        0x2 
 .text._printf_i
                0x08014320      0x244 c:/mchatoolchainwindows/toolchain/gcc-arm-none-eabi/bin/../lib/gcc/arm-none-eabi/11.2.1/thumb/v7e-m+fp/hard\libc_nano.a(lib_a-nano-vfprintf_i.o)
                0x08014320                _printf_i
 .text._scanf_float
                0x08014564      0x424 c:/mchatoolchainwindows/toolchain/gcc-arm-none-eabi/bin/../lib/gcc/arm-none-eabi/11.2.1/thumb/v7e-m+fp/hard\libc_nano.a(lib_a-nano-vfscanf_float.o)
                0x08014564                _scanf_float
 .text._printf_r
                0x08014988       0x28 c:/mchatoolchainwindows/toolchain/gcc-arm-none-eabi/bin/../lib/gcc/arm-none-eabi/11.2.1/thumb/v7e-m+fp/hard\libc_nano.a(lib_a-printf.o)
                0x08014988                _iprintf_r
                0x08014988                _printf_r
 .text.printf   0x080149b0       0x30 c:/mchatoolchainwindows/toolchain/gcc-arm-none-eabi/bin/../lib/gcc/arm-none-eabi/11.2.1/thumb/v7e-m+fp/hard\libc_nano.a(lib_a-printf.o)
                0x080149b0                iprintf
                0x080149b0                printf
 .text.cleanup_glue
                0x080149e0       0x1a c:/mchatoolchainwindows/toolchain/gcc-arm-none-eabi/bin/../lib/gcc/arm-none-eabi/11.2.1/thumb/v7e-m+fp/hard\libc_nano.a(lib_a-reent.o)
                0x080149e0                cleanup_glue
 *fill*         0x080149fa        0x2 
 .text._reclaim_reent
                0x080149fc       0xb8 c:/mchatoolchainwindows/toolchain/gcc-arm-none-eabi/bin/../lib/gcc/arm-none-eabi/11.2.1/thumb/v7e-m+fp/hard\libc_nano.a(lib_a-reent.o)
                0x080149fc                _reclaim_reent
 .text.__srget_r