Archive member included to satisfy reference by file (symbol)

c:/mchatoolchainwindows/toolchain/gcc-arm-none-eabi/bin/../lib/gcc/arm-none-eabi/11.2.1/thumb/v7e-m+fp/hard\libm.a(lib_a-s_fmax.o)
                              build/mod_dcm_driver.o (fmax)
c:/mchatoolchainwindows/toolchain/gcc-arm-none-eabi/bin/../lib/gcc/arm-none-eabi/11.2.1/thumb/v7e-m+fp/hard\libm.a(lib_a-s_fmin.o)
                              build/mod_dcm_driver.o (fmin)
c:/mchatoolchainwindows/toolchain/gcc-arm-none-eabi/bin/../lib/gcc/arm-none-eabi/11.2.1/thumb/v7e-m+fp/hard\libm.a(lib_a-s_fpclassify.o)
                              c:/mchatoolchainwindows/toolchain/gcc-arm-none-eabi/bin/../lib/gcc/arm-none-eabi/11.2.1/thumb/v7e-m+fp/hard\libm.a(lib_a-s_fmax.o) (__fpclassifyd)
c:/mchatoolchainwindows/toolchain/gcc-arm-none-eabi/bin/../lib/gcc/arm-none-eabi/11.2.1/thumb/v7e-m+fp/hard\libm.a(lib_a-sf_sin.o)
                              build/mod_data_logger.o (sinf)
c:/mchatoolchainwindows/toolchain/gcc-arm-none-eabi/bin/../lib/gcc/arm-none-eabi/11.2.1/thumb/v7e-m+fp/hard\libm.a(lib_a-w_atan2.o)
                              build/mod_mpu6050.o (atan2)
c:/mchatoolchainwindows/toolchain/gcc-arm-none-eabi/bin/../lib/gcc/arm-none-eabi/11.2.1/thumb/v7e-m+fp/hard\libm.a(lib_a-w_sqrt.o)
                              build/mod_mpu6050.o (sqrt)
c:/mchatoolchainwindows/toolchain/gcc-arm-none-eabi/bin/../lib/gcc/arm-none-eabi/11.2.1/thumb/v7e-m+fp/hard\libm.a(lib_a-e_atan2.o)
                              c:/mchatoolchainwindows/toolchain/gcc-arm-none-eabi/bin/../lib/gcc/arm-none-eabi/11.2.1/thumb/v7e-m+fp/hard\libm.a(lib_a-w_atan2.o) (__ieee754_atan2)
c:/mchatoolchainwindows/toolchain/gcc-arm-none-eabi/bin/../lib/gcc/arm-none-eabi/11.2.1/thumb/v7e-m+fp/hard\libm.a(lib_a-ef_rem_pio2.o)
                              c:/mchatoolchainwindows/toolchain/gcc-arm-none-eabi/bin/../lib/gcc/arm-none-eabi/11.2.1/thumb/v7e-m+fp/hard\libm.a(lib_a-sf_sin.o) (__ieee754_rem_pio2f)
c:/mchatoolchainwindows/toolchain/gcc-arm-none-eabi/bin/../lib/gcc/arm-none-eabi/11.2.1/thumb/v7e-m+fp/hard\libm.a(lib_a-e_sqrt.o)
                              c:/mchatoolchainwindows/toolchain/gcc-arm-none-eabi/bin/../lib/gcc/arm-none-eabi/11.2.1/thumb/v7e-m+fp/hard\libm.a(lib_a-w_sqrt.o) (__ieee754_sqrt)
c:/mchatoolchainwindows/toolchain/gcc-arm-none-eabi/bin/../lib/gcc/arm-none-eabi/11.2.1/thumb/v7e-m+fp/hard\libm.a(lib_a-kf_cos.o)
                              c:/mchatoolchainwindows/toolchain/gcc-arm-none-eabi/bin/../lib/gcc/arm-none-eabi/11.2.1/thumb/v7e-m+fp/hard\libm.a(lib_a-sf_sin.o) (__kernel_cosf)
c:/mchatoolchainwindows/toolchain/gcc-arm-none-eabi/bin/../lib/gcc/arm-none-eabi/11.2.1/thumb/v7e-m+fp/hard\libm.a(lib_a-kf_rem_pio2.o)
                              c:/mchatoolchainwindows/toolchain/gcc-arm-none-eabi/bin/../lib/gcc/arm-none-eabi/11.2.1/thumb/v7e-m+fp/hard\libm.a(lib_a-ef_rem_pio2.o) (__kernel_rem_pio2f)
c:/mchatoolchainwindows/toolchain/gcc-arm-none-eabi/bin/../lib/gcc/arm-none-eabi/11.2.1/thumb/v7e-m+fp/hard\libm.a(lib_a-kf_sin.o)
                              c:/mchatoolchainwindows/toolchain/gcc-arm-none-eabi/bin/../lib/gcc/arm-none-eabi/11.2.1/thumb/v7e-m+fp/hard\libm.a(lib_a-sf_sin.o) (__kernel_sinf)
c:/mchatoolchainwindows/toolchain/gcc-arm-none-eabi/bin/../lib/gcc/arm-none-eabi/11.2.1/thumb/v7e-m+fp/hard\libm.a(lib_a-s_atan.o)
                              c:/mchatoolchainwindows/toolchain/gcc-arm-none-eabi/bin/../lib/gcc/arm-none-eabi/11.2.1/thumb/v7e-m+fp/hard\libm.a(lib_a-e_atan2.o) (atan)
c:/mchatoolchainwindows/toolchain/gcc-arm-none-eabi/bin/../lib/gcc/arm-none-eabi/11.2.1/thumb/v7e-m+fp/hard\libm.a(lib_a-s_fabs.o)
                              c:/mchatoolchainwindows/toolchain/gcc-arm-none-eabi/bin/../lib/gcc/arm-none-eabi/11.2.1/thumb/v7e-m+fp/hard\libm.a(lib_a-e_atan2.o) (fabs)
c:/mchatoolchainwindows/toolchain/gcc-arm-none-eabi/bin/../lib/gcc/arm-none-eabi/11.2.1/thumb/v7e-m+fp/hard\libm.a(lib_a-sf_fabs.o)
                              c:/mchatoolchainwindows/toolchain/gcc-arm-none-eabi/bin/../lib/gcc/arm-none-eabi/11.2.1/thumb/v7e-m+fp/hard\libm.a(lib_a-ef_rem_pio2.o) (fabsf)
c:/mchatoolchainwindows/toolchain/gcc-arm-none-eabi/bin/../lib/gcc/arm-none-eabi/11.2.1/thumb/v7e-m+fp/hard\libm.a(lib_a-sf_floor.o)
                              c:/mchatoolchainwindows/toolchain/gcc-arm-none-eabi/bin/../lib/gcc/arm-none-eabi/11.2.1/thumb/v7e-m+fp/hard\libm.a(lib_a-kf_rem_pio2.o) (floorf)
c:/mchatoolchainwindows/toolchain/gcc-arm-none-eabi/bin/../lib/gcc/arm-none-eabi/11.2.1/thumb/v7e-m+fp/hard\libm.a(lib_a-sf_scalbn.o)
                              c:/mchatoolchainwindows/toolchain/gcc-arm-none-eabi/bin/../lib/gcc/arm-none-eabi/11.2.1/thumb/v7e-m+fp/hard\libm.a(lib_a-kf_rem_pio2.o) (scalbnf)
../libraries/STM32Cube_F4_FW/Drivers/CMSIS/Lib/GCC/libarm_cortexM4lf_math.a(arm_mat_mult_f32.o)
                              build/mod_LQR_control.o (arm_mat_mult_f32)
../libraries/STM32Cube_F4_FW/Drivers/CMSIS/Lib/GCC/libarm_cortexM4lf_math.a(arm_mat_init_f32.o)
[...]
Memory Configuration

Name             Origin             Length             Attributes
FLASH            0x08000000         0x00080000         xr
RAM              0x20000000         0x00020000         xrw
*default*        0x00000000         0xffffffff

Linker script and memory map

LOAD c:/mchatoolchainwindows/toolchain/gcc-arm-none-eabi/bin/../lib/gcc/arm-none-eabi/11.2.1/thumb/v7e-m+fp/hard/crti.o
LOAD c:/mchatoolchainwindows/toolchain/gcc-arm-none-eabi/bin/../lib/gcc/arm-none-eabi/11.2.1/thumb/v7e-m+fp/hard/crtbegin.o
LOAD c:/mchatoolchainwindows/toolchain/gcc-arm-none-eabi/bin/../lib/gcc/arm-none-eabi/11.2.1/thumb/v7e-m+fp/hard/crt0.o
LOAD build/cmd_line_buffer.o
LOAD build/cmd_parser.o
LOAD build/heartbeat_task.o
LOAD build/stm32f4xx_hal_msp.o
LOAD build/mod_dcm_driver.o
LOAD build/mod_mpu6050.o
LOAD build/mod_observer.o
LOAD build/mod_PID_control.o
LOAD build/mod_LQR_control.o
LOAD build/mod_MPC_control.o
LOAD build/mod_manager.o
LOAD build/mod_data_logger.o
LOAD build/mod_adc.o
LOAD build/mod_enc.o
LOAD build/main.o
LOAD build/stm32f4xx_it.o
LOAD build/system_stm32f4xx.o
LOAD build/uart.o
LOAD build/uart_bt.o
LOAD build/cmd_task.o
LOAD build/startup_stm32f446xx.o
LOAD build/stm32f4_HAL/stm32f4xx_hal.o
LOAD build/stm32f4_HAL/stm32f4xx_hal_dma.o
LOAD build/stm32f4_HAL/stm32f4xx_hal_adc.o
LOAD build/stm32f4_HAL/stm32f4xx_hal_adc_ex.o
LOAD build/stm32f4_HAL/stm32f4xx_hal_gpio.o
LOAD build/stm32f4_HAL/stm32f4xx_ll_gpio.o
LOAD build/stm32f4_HAL/stm32f4xx_ll_usart.o
LOAD build/stm32f4_HAL/stm32f4xx_ll_dma.o
LOAD build/stm32f4_HAL/stm32f4xx_ll_rcc.o
LOAD build/stm32f4_HAL/stm32f4xx_hal_i2c.o
LOAD build/stm32f4_HAL/stm32f4xx_hal_i2c_ex.o
LOAD build/stm32f4_HAL/stm32f4xx_hal_tim.o
LOAD build/stm32f4_HAL/stm32f4xx_hal_tim_ex.o
LOAD build/stm32f4_HAL/stm32f4xx_hal_rtc.o
LOAD build/stm32f4_HAL/stm32f4xx_hal_rcc.o
LOAD build/stm32f4_HAL/stm32f4xx_hal_rcc_ex.o
LOAD build/stm32f4_HAL/stm32f4xx_hal_pwr.o
LOAD build/stm32f4_HAL/stm32f4xx_hal_pwr_ex.o
LOAD build/stm32f4_HAL/stm32f4xx_hal_cortex.o
LOAD build/stm32f4_HAL/stm32f4xx_hal_spi.o
LOAD build/FreeRTOS/croutine.o
LOAD build/FreeRTOS/event_groups.o
LOAD build/FreeRTOS/list.o
LOAD build/FreeRTOS/queue.o
LOAD build/FreeRTOS/tasks.o
LOAD build/FreeRTOS/timers.o
LOAD build/FreeRTOS/stream_buffer.o
LOAD build/FreeRTOS/cmsis_os2.o
LOAD build/FreeRTOS/clib_arm.o
LOAD build/FreeRTOS/os_systick.o
LOAD build/FreeRTOS/heap_useNewlib.o
LOAD build/FreeRTOS/port.o
LOAD c:/mchatoolchainwindows/toolchain/gcc-arm-none-eabi/bin/../lib/gcc/arm-none-eabi/11.2.1/thumb/v7e-m+fp/hard\libm.a
LOAD ../libraries/STM32Cube_F4_FW/Drivers/CMSIS/Lib/GCC/libarm_cortexM4lf_math.a
START GROUP
LOAD c:/mchatoolchainwindows/toolchain/gcc-arm-none-eabi/bin/../lib/gcc/arm-none-eabi/11.2.1/thumb/v7e-m+fp/hard\libgcc.a
LOAD c:/mchatoolchainwindows/toolchain/gcc-arm-none-eabi/bin/../lib/gcc/arm-none-eabi/11.2.1/thumb/v7e-m+fp/hard\libc_nano.a
END GROUP
START GROUP
LOAD c:/mchatoolchainwindows/toolchain/gcc-arm-none-eabi/bin/../lib/gcc/arm-none-eabi/11.2.1/thumb/v7e-m+fp/hard\libgcc.a
LOAD c:/mchatoolchainwindows/toolchain/gcc-arm-none-eabi/bin/../lib/gcc/arm-none-eabi/11.2.1/thumb/v7e-m+fp/hard\libc_nano.a
LOAD c:/mchatoolchainwindows/toolchain/gcc-arm-none-eabi/bin/../lib/gcc/arm-none-eabi/11.2.1/thumb/v7e-m+fp/hard\libnosys.a
END GROUP
START GROUP
LOAD c:/mchatoolchainwindows/toolchain/gcc-arm-none-eabi/bin/../lib/gcc/arm-none-eabi/11.2.1/thumb/v7e-m+fp/hard\libgcc.a
LOAD c:/mchatoolchainwindows/toolchain/gcc-arm-none-eabi/bin/../lib/gcc/arm-none-eabi/11.2.1/thumb/v7e-m+fp/hard\libc_nano.a
LOAD c:/mchatoolchainwindows/toolchain/gcc-arm-none-eabi/bin/../lib/gcc/arm-none-eabi/11.2.1/thumb/v7e-m+fp/hard\libnosys.a
END GROUP
LOAD c:/mchatoolchainwindows/toolchain/gcc-arm-none-eabi/bin/../lib/gcc/arm-none-eabi/11.2.1/thumb/v7e-m+fp/hard/crtend.o
LOAD c:/mchatoolchainwindows/toolchain/gcc-arm-none-eabi/bin/../lib/gcc/arm-none-eabi/11.2.1/thumb/v7e-m+fp/hard/crtn.o
                0x20020000                _estack = 0x20020000
                0x00008000                _Min_Heap_Size = 0x8000
                0x00002000                _Min_Stack_Size = 0x2000

.isr_vector     0x08000000      0x1c4
                0x08000000                . = ALIGN (0x4)
 *(.isr_vector)
 .isr_vector    0x08000000      0x1c4 build/startup_stm32f446xx.o
                0x08000000                g_pfnVectors
                0x080001c4                . = ALIGN (0x4)

.text           0x080001d0    0x19788
                0x080001d0                . = ALIGN (0x4)
 *(.text)
 .text          0x080001d0        0x0 c:/mchatoolchainwindows/toolchain/gcc-arm-none-eabi/bin/../lib/gcc/arm-none-eabi/11.2.1/thumb/v7e-m+fp/hard/crti.o
 .text          0x080001d0        0x0 c:/mchatoolchainwindows/toolchain/gcc-arm-none-eabi/bin/../lib/gcc/arm-none-eabi/11.2.1/thumb/v7e-m+fp/hard/crtbegin.o
 .text          0x080001d0       0x7c c:/mchatoolchainwindows/toolchain/gcc-arm-none-eabi/bin/../lib/gcc/arm-none-eabi/11.2.1/thumb/v7e-m+fp/hard/crt0.o
                0x080001d0                _stack_init
                0x080001d8                _start
                0x080001d8                _mainCRTStartup
 .text          0x0800024c      0x104 build/cmd_line_buffer.o
                0x0800024c                clb_init
                0x08000256                clb_is_empty
                0x08000260                clb_is_full
                0x0800026e                clb_delc
                0x08000278                clb_is_cmd_ready
                0x08000290                clb_putc
                0x080002b0                clb_consume_char
                0x080002d8                clb_consume_str
                0x080002f2                clb_gets_at
                0x0800030a                clb_gets
                0x08000310                clb_process
 .text          0x08000350      0x4d0 build/cmd_parser.o
                0x08000778                cmd_parse
 .text          0x08000820      0x130 build/heartbeat_task.o
                0x0800088c                heartbeat_task_start
                0x080008ac                heartbeat_task_init
                0x08000914                heartbeat_task_stop
                0x08000930                heartbeat_task_is_running
                0x0800093c                heartbeat_task_deinit
 .text          0x08000950      0x198 build/stm32f4xx_hal_msp.o
                0x08000950                HAL_TIM_PWM_MspInit
                0x08000a20                HAL_ADC_MspInit
                0x08000adc                DMA2_Stream0_IRQHandler
 .text          0x08000ae8      0x4e8 build/mod_dcm_driver.o
                0x08000ae8                left_forward
                0x08000b0c                left_reverse
                0x08000b30                left_halt
                0x08000b54                right_forward
                0x08000b78                right_reverse
                0x08000b9c                right_halt
                0x08000bc0                mod_dcm_set_PWM
                0x08000cdc                mod_dcm_set_voltage
                0x08000d28                mod_dcm_set_voltageLeft
                0x08000df4                mod_dcm_set_voltage_log
                0x08000df8                mod_dcm_set_voltageRight
                0x08000ecc                mod_dcm_configure_hardware
 .text          0x08000fd0      0x4f4 build/mod_mpu6050.o
                0x08000fd0                mod_mpu_update_pitch
                0x0800104c                mod_mpu_update_rps
                0x08001070                mod_mpu_update_kalman
                0x080012fc                mod_mpu_get_states
                0x08001310                mod_mpu_read_raw_accel
                0x08001358                mod_mpu_read_raw_gyro
                0x080013a0                mod_mpu_update
                0x08001420                mod_mpu_configure_hardware
 .text          0x080014c4        0x0 build/mod_observer.o
 *fill*         0x080014c4        0x4 
 .text          0x080014c8       0xd0 build/mod_PID_control.o
                0x080014c8                mod_PID_compute_control
                0x08001508                mod_PID_run
 .text          0x08001598       0xe8 build/mod_LQR_control.o
                0x08001598                mod_LQR_init
                0x080015f8                mod_LQR_set_states
                0x08001610                mod_LQR_set_x1
                0x0800161c                mod_LQR_set_x2
                0x08001628                mod_LQR_set_x3
                0x08001634                mod_LQR_set_x4
                0x08001640                mod_LQR_update
                0x08001674                mod_LQR_get_control
 .text          0x08001680        0x0 build/mod_MPC_control.o
 .text          0x08001680      0x180 build/mod_manager.o
                0x08001680                mod_manager_task
                0x0800168c                mod_manager_PID
                0x080016b4                mod_manager_LQR
                0x08001754                mod_manager_MPC
                0x08001760                mod_manager_init
                0x080017a0                mod_manager_start
                0x080017e4                mod_manager_stop
 .text          0x08001800      0x3c8 build/mod_data_logger.o
                0x08001800                log_imu
                0x08001802                mod_log_task
                0x0800180c                mod_log_init
                0x08001834                mod_log_start
                0x08001888                mod_log_stop
                0x080018a0                log_inertia
                0x08001958                log_motor
                0x08001aac                log_motor_freewheel
 .text          0x08001bc8      0x12c build/mod_adc.o
                0x08001bc8                mod_adc_update_readings
                0x08001c0c                mod_adc_get_voltageA
                0x08001c38                mod_adc_get_voltageB
                0x08001c64                mod_adc_configure_hardware
                0x08001cf0                HAL_ADC_ConvCpltCallback
 .text          0x08001cf4      0x1c0 build/mod_enc.o
                0x08001cf4                mod_enc_get_countA
                0x08001d00                mod_enc_get_countB
                0x08001d0c                mod_enc_reset_countA
                0x08001d18                mod_enc_reset_countB
                0x08001d24                mod_enc_configure_hardware
                0x08001dd4                handle_encoderA_interrupt
                0x08001e24                EXTI4_IRQHandler
                0x08001e34                EXTI9_5_IRQHandler
                0x08001e44                handle_encoderB_interrupt
                0x08001e94                EXTI0_IRQHandler
                0x08001ea4                EXTI1_IRQHandler
 .text          0x08001eb4        0x0 build/main.o
 .text          0x08001eb4        0xc build/stm32f4xx_it.o
                0x08001eb4                NMI_Handler
                0x08001eb6                HardFault_Handler
                0x08001eb8                MemManage_Handler
                0x08001eba                BusFault_Handler
                0x08001ebc                UsageFault_Handler
                0x08001ebe                DebugMon_Handler
 .text          0x08001ec0       0xb8 build/system_stm32f4xx.o
                0x08001ec0                SystemInit
                0x08001f0c                SystemCoreClockUpdate
 .text          0x08001f78      0x47c build/uart.o
                0x08001f78                uart_init
                0x08002248                __wrap_printf
                0x08002280                __io_putchar
                0x080022b0                __io_getchar
                0x080022cc                _write
                0x080022ea                _read
                0x080022fe                _uart_rxne_isr
                0x08002328                _uart_txe_isr
                0x08002360                _uart_error
                0x080023b8                USART2_IRQHandler
 .text          0x080023f4      0x400 build/uart_bt.o
                0x080023f4                uart_bt_init
                0x080026cc                __wrap_printf_bt
                0x08002704                _uart_bt_rxne_isr
                0x0800272c                _uart_bt_txe_isr
                0x08002764                _uart_bt_error
                0x080027bc                USART1_IRQHandler
 .text          0x080027f4       0x44 build/cmd_task.o
                0x0800280c                cmd_task_init
 .text          0x08002838       0x14 build/startup_stm32f446xx.o
 .text          0x0800284c      0x210 build/stm32f4_HAL/stm32f4xx_hal.o
                0x0800284c                HAL_MspInit
                0x0800284e                HAL_MspDeInit
                0x08002850                HAL_DeInit
                0x0800287c                HAL_InitTick
                0x080028c0                HAL_Init
                0x080028f4                HAL_IncTick
                0x0800290c                HAL_GetTick
                0x08002918                HAL_GetTickPrio
                0x08002924                HAL_SetTickFreq
                0x08002944                HAL_GetTickFreq
                0x08002950                HAL_Delay
                0x08002978                HAL_SuspendTick
                0x08002986                HAL_ResumeTick
                0x08002994                HAL_GetHalVersion
                0x0800299c                HAL_GetREVID
                0x080029a8                HAL_GetDEVID
                0x080029b8                HAL_DBGMCU_EnableDBGSleepMode
                0x080029c8                HAL_DBGMCU_DisableDBGSleepMode
                0x080029d8                HAL_DBGMCU_EnableDBGStopMode
                0x080029e8                HAL_DBGMCU_DisableDBGStopMode
                0x080029f8                HAL_DBGMCU_EnableDBGStandbyMode
                0x08002a08                HAL_DBGMCU_DisableDBGStandbyMode
                0x08002a18                HAL_EnableCompensationCell
                0x08002a28                HAL_DisableCompensationCell
                0x08002a38                HAL_GetUIDw0
                0x08002a44                HAL_GetUIDw1
                0x08002a50                HAL_GetUIDw2
 .text          0x08002a5c      0x62c build/stm32f4_HAL/stm32f4xx_hal_dma.o
                0x08002a88                HAL_DMA_Init
                0x08002b84                HAL_DMA_DeInit
                0x08002bd8                HAL_DMA_Start
                0x08002c2c                HAL_DMA_Start_IT
                0x08002ca0                HAL_DMA_Abort
                0x08002d28                HAL_DMA_Abort_IT
                0x08002d4c                HAL_DMA_PollForTransfer
                0x08002e5a                HAL_DMA_IRQHandler
                0x08002fd4                HAL_DMA_RegisterCallback
                0x0800301c                HAL_DMA_UnRegisterCallback
                0x0800307e                HAL_DMA_GetState
                0x08003084                HAL_DMA_GetError
 .text          0x08003088      0x9c4 build/stm32f4_HAL/stm32f4xx_hal_adc.o
                0x0800308a                HAL_ADC_Init
                0x080031d8                HAL_ADC_MspDeInit
                0x080031da                HAL_ADC_DeInit
                0x0800320e                HAL_ADC_Start
                0x080032f8                HAL_ADC_Stop
                0x0800332e                HAL_ADC_PollForConversion
                0x080033cc                HAL_ADC_PollForEvent
                0x08003432                HAL_ADC_Start_IT
                0x08003528                HAL_ADC_Stop_IT
                0x08003570                HAL_ADC_Start_DMA
                0x08003694                HAL_ADC_Stop_DMA
                0x080036ee                HAL_ADC_GetValue
                0x080036f6                HAL_ADC_ConvHalfCpltCallback
                0x08003702                HAL_ADC_LevelOutOfWindowCallback
                0x08003704                HAL_ADC_ErrorCallback
                0x08003706                HAL_ADC_IRQHandler
                0x080038b0                HAL_ADC_ConfigChannel
                0x080039e4                HAL_ADC_AnalogWDGConfig
                0x08003a44                HAL_ADC_GetState
                0x08003a48                HAL_ADC_GetError
 .text          0x08003a4c      0x6b0 build/stm32f4_HAL/stm32f4xx_hal_adc_ex.o
                0x08003abc                HAL_ADCEx_InjectedStart
                0x08003b70                HAL_ADCEx_InjectedStart_IT
                0x08003c2c                HAL_ADCEx_InjectedStop
                0x08003c86                HAL_ADCEx_InjectedPollForConversion
                0x08003d0e                HAL_ADCEx_InjectedStop_IT
                0x08003d70                HAL_ADCEx_InjectedGetValue
                0x08003da2                HAL_ADCEx_MultiModeStart_DMA
                0x08003e9c                HAL_ADCEx_MultiModeStop_DMA
                0x08003efc                HAL_ADCEx_MultiModeGetValue
                0x08003f08                HAL_ADCEx_InjectedConvCpltCallback
                0x08003f0a                HAL_ADCEx_InjectedConfigChannel
                0x080040ac                HAL_ADCEx_MultiModeConfigChannel
 .text          0x080040fc      0x33c build/stm32f4_HAL/stm32f4xx_hal_gpio.o
                0x080040fc                HAL_GPIO_Init
                0x080042b8                HAL_GPIO_DeInit
                0x080043d0                HAL_GPIO_ReadPin
                0x080043dc                HAL_GPIO_WritePin
                0x080043e6                HAL_GPIO_TogglePin
                0x080043f4                HAL_GPIO_LockPin
                0x0800441e                HAL_GPIO_EXTI_Callback
                0x08004420                HAL_GPIO_EXTI_IRQHandler
 .text          0x08004438      0x220 build/stm32f4_HAL/stm32f4xx_ll_gpio.o
                0x08004458                LL_GPIO_DeInit
                0x08004504                LL_GPIO_Init
                0x08004640                LL_GPIO_StructInit
 .text          0x08004658      0x21c build/stm32f4_HAL/stm32f4xx_ll_usart.o
                0x08004658                LL_USART_DeInit
                0x08004718                LL_USART_Init
                0x08004814                LL_USART_StructInit
                0x0800482c                LL_USART_ClockInit
                0x08004866                LL_USART_ClockStructInit
 .text          0x08004874      0x22c build/stm32f4_HAL/stm32f4xx_ll_dma.o
                0x08004874                LL_DMA_DeInit
                0x080049f8                LL_DMA_Init
                0x08004a7c                LL_DMA_StructInit
 .text          0x08004aa0      0x60c build/stm32f4_HAL/stm32f4xx_ll_rcc.o
                0x08004ab0                LL_RCC_DeInit
                0x08004b60                LL_RCC_GetCECClockFreq
                0x08004b8c                RCC_GetHCLKClockFreq
                0x08004ba4                RCC_GetPCLK1ClockFreq
                0x08004bbc                RCC_GetPCLK2ClockFreq
                0x08004bd4                RCC_PLL_GetFreqDomain_SYS
                0x08004c1c                RCC_GetSystemClockFreq
                0x08004c4c                LL_RCC_GetSystemClocksFreq
                0x08004c6e                LL_RCC_GetFMPI2CClockFreq
                0x08004cc0                RCC_PLL_GetFreqDomain_48M
                0x08004cfc                RCC_PLL_GetFreqDomain_I2S
                0x08004d38                RCC_PLL_GetFreqDomain_SPDIFRX
                0x08004d3c                RCC_PLL_GetFreqDomain_SAI
                0x08004d40                RCC_PLLSAI_GetFreqDomain_SAI
                0x08004d90                RCC_PLLSAI_GetFreqDomain_48M
                0x08004dd4                LL_RCC_GetSDIOClockFreq
                0x08004e1c                LL_RCC_GetUSBClockFreq
                0x08004e50                RCC_PLLI2S_GetFreqDomain_SAI
                0x08004ea0                LL_RCC_GetSAIClockFreq
                0x08004f58                RCC_PLLI2S_GetFreqDomain_SPDIFRX
                0x08004f9c                LL_RCC_GetSPDIFRXClockFreq
                0x08004fd0                RCC_PLLI2S_GetFreqDomain_I2S
                0x08005014                LL_RCC_GetI2SClockFreq
 .text          0x080050ac     0x3208 build/stm32f4_HAL/stm32f4xx_hal_i2c.o
                0x080054d0                HAL_I2C_MspInit
                0x080054d2                HAL_I2C_Init
                0x08005620                HAL_I2C_MspDeInit
                0x08005622                HAL_I2C_DeInit
                0x08005654                HAL_I2C_Master_Transmit
                0x08005804                HAL_I2C_Master_Receive
                0x08005ae4                HAL_I2C_Slave_Transmit
                0x08005c44                HAL_I2C_Slave_Receive
                0x08005dc0                HAL_I2C_Master_Transmit_IT
                0x08005e70                HAL_I2C_Master_Receive_IT
                0x08005f28                HAL_I2C_Slave_Transmit_IT
                0x08005f98                HAL_I2C_Slave_Receive_IT
                0x08006008                HAL_I2C_Master_Transmit_DMA
                0x08006134                HAL_I2C_Master_Receive_DMA
                0x0800625c                HAL_I2C_Slave_Transmit_DMA
                0x0800631c                HAL_I2C_Slave_Receive_DMA
                0x080063dc                HAL_I2C_Mem_Write
                0x080064fc                HAL_I2C_Mem_Read
                0x0800670c                HAL_I2C_Mem_Write_IT
                0x080067c8                HAL_I2C_Mem_Read_IT
                0x08006894                HAL_I2C_Mem_Write_DMA
                0x080069e8                HAL_I2C_Mem_Read_DMA
                0x08006b74                HAL_I2C_IsDeviceReady
                0x08006cd4                HAL_I2C_Master_Seq_Transmit_IT
                0x08006da4                HAL_I2C_Master_Seq_Transmit_DMA
                0x08006f1c                HAL_I2C_Master_Seq_Receive_IT
                0x08007028                HAL_I2C_Master_Seq_Receive_DMA
                0x080071f4                HAL_I2C_Slave_Seq_Transmit_IT
                0x0800726a                HAL_I2C_Slave_Seq_Transmit_DMA
                0x080073a8                HAL_I2C_Slave_Seq_Receive_IT
                0x0800741e                HAL_I2C_Slave_Seq_Receive_DMA
                0x0800755c                HAL_I2C_EnableListen_IT
                0x08007592                HAL_I2C_DisableListen_IT
                0x080075d0                HAL_I2C_MasterTxCpltCallback
                0x080075d2                HAL_I2C_MasterRxCpltCallback
                0x080075d4                HAL_I2C_SlaveTxCpltCallback
                0x080075d6                HAL_I2C_SlaveRxCpltCallback
                0x080075d8                HAL_I2C_AddrCallback
                0x080075da                HAL_I2C_ListenCpltCallback
                0x080075dc                HAL_I2C_MemTxCpltCallback
                0x080075de                HAL_I2C_MemRxCpltCallback
                0x080075e0                HAL_I2C_ErrorCallback
                0x0800772e                HAL_I2C_AbortCpltCallback
                0x08007900                HAL_I2C_Master_Abort_IT
                0x0800794c                HAL_I2C_EV_IRQHandler
                0x08008174                HAL_I2C_ER_IRQHandler
                0x080082a4                HAL_I2C_GetState
                0x080082aa                HAL_I2C_GetMode
                0x080082b0                HAL_I2C_GetError
 .text          0x080082b4       0x7c build/stm32f4_HAL/stm32f4xx_hal_i2c_ex.o
                0x080082b4                HAL_I2CEx_ConfigAnalogFilter
                0x080082f2                HAL_I2CEx_ConfigDigitalFilter
 .text          0x08008330     0x1db4 build/stm32f4_HAL/stm32f4xx_hal_tim.o
                0x0800844c                HAL_TIM_Base_MspInit
                0x0800844e                HAL_TIM_Base_MspDeInit
                0x08008450                HAL_TIM_Base_DeInit
                0x0800848a                HAL_TIM_Base_Start
                0x080084ae                HAL_TIM_Base_Stop
                0x080084dc                HAL_TIM_Base_Start_IT
                0x080084fc                HAL_TIM_Base_Stop_IT
                0x08008526                HAL_TIM_Base_Start_DMA
                0x08008590                HAL_TIM_Base_Stop_DMA
                0x080085cc                HAL_TIM_OC_MspInit
                0x080085ce                HAL_TIM_OC_MspDeInit
                0x080085d0                HAL_TIM_OC_DeInit
                0x0800860c                HAL_TIM_PWM_MspDeInit
                0x0800860e                HAL_TIM_PWM_DeInit
                0x08008648                HAL_TIM_IC_MspInit
                0x0800864a                HAL_TIM_IC_MspDeInit
                0x0800864c                HAL_TIM_IC_DeInit
                0x08008686                HAL_TIM_OnePulse_MspInit
                0x08008688                HAL_TIM_OnePulse_MspDeInit
                0x0800868a                HAL_TIM_OnePulse_DeInit
                0x080086c4                HAL_TIM_OnePulse_Start
                0x08008704                HAL_TIM_OnePulse_Stop
                0x0800876c                HAL_TIM_OnePulse_Start_IT
                0x080087bc                HAL_TIM_OnePulse_Stop_IT
                0x08008834                HAL_TIM_Encoder_MspInit
                0x08008836                HAL_TIM_Encoder_MspDeInit
                0x08008838                HAL_TIM_Encoder_DeInit
                0x08008872                HAL_TIM_Encoder_Start
                0x080088b6                HAL_TIM_Encoder_Stop
                0x080088fe                HAL_TIM_Encoder_Start_IT
                0x0800896c                HAL_TIM_Encoder_Stop_IT
                0x080089e0                HAL_TIM_Encoder_Start_DMA
                0x08008b24                HAL_TIM_Encoder_Stop_DMA
                0x08008bb6                HAL_TIM_DMABurst_WriteStart
                0x08008c94                HAL_TIM_DMABurst_WriteStop
                0x08008cf8                HAL_TIM_DMABurst_ReadStart
                0x08008ddc                HAL_TIM_DMABurst_ReadStop
                0x08008de0                HAL_TIM_GenerateEvent
                0x08008e04                HAL_TIM_ConfigTI1Input
                0x08008e14                HAL_TIM_ReadCapturedValue
                0x08008e40                HAL_TIM_PeriodElapsedCallback
                0x08008e52                HAL_TIM_PeriodElapsedHalfCpltCallback
                0x08008e64                HAL_TIM_OC_DelayElapsedCallback
                0x08008e66                HAL_TIM_IC_CaptureCallback
                0x08008e68                TIM_DMACaptureCplt
                0x08008ea4                HAL_TIM_IC_CaptureHalfCpltCallback
                0x08008ea6                TIM_DMACaptureHalfCplt
                0x08008ee2                HAL_TIM_PWM_PulseFinishedCallback
                0x08008ee4                TIM_DMADelayPulseCplt
                0x08008f20                HAL_TIM_PWM_PulseFinishedHalfCpltCallback
                0x08008f22                TIM_DMADelayPulseHalfCplt
                0x08008f5e                HAL_TIM_TriggerCallback
                0x08008f60                HAL_TIM_IRQHandler
                0x080090b4                HAL_TIM_TriggerHalfCpltCallback
                0x080090c6                HAL_TIM_ErrorCallback
                0x080090c8                TIM_DMAError
                0x080090d8                HAL_TIM_Base_GetState
                0x080090de                HAL_TIM_OC_GetState
                0x080090e4                HAL_TIM_PWM_GetState
                0x080090ea                HAL_TIM_IC_GetState
                0x080090f0                HAL_TIM_OnePulse_GetState
                0x080090f6                HAL_TIM_Encoder_GetState
                0x080090fc                TIM_Base_SetConfig
                0x080091c8                HAL_TIM_Base_Init
                0x080091fc                HAL_TIM_OC_Init
                0x08009230                HAL_TIM_PWM_Init
                0x08009264                HAL_TIM_IC_Init
                0x08009298                HAL_TIM_OnePulse_Init
                0x080092de                HAL_TIM_Encoder_Init
                0x08009372                TIM_OC2_SetConfig
                0x080093e0                HAL_TIM_OC_ConfigChannel
                0x08009432                HAL_TIM_PWM_ConfigChannel
                0x080094e4                TIM_TI1_SetConfig
                0x08009558                HAL_TIM_IC_ConfigChannel
                0x0800966a                HAL_TIM_OnePulse_ConfigChannel
                0x08009770                TIM_ETR_SetConfig
                0x08009784                HAL_TIM_ConfigOCrefClear
                0x08009848                HAL_TIM_ConfigClockSource
                0x08009a10                HAL_TIM_SlaveConfigSynchro_IT
                0x08009a5e                HAL_TIM_SlaveConfigSynchro
                0x08009aac                TIM_CCxChannelCmd
                0x08009ac8                HAL_TIM_OC_Start
                0x08009b04                HAL_TIM_PWM_Start
                0x08009b08                HAL_TIM_OC_Stop
                0x08009b60                HAL_TIM_OC_Start_IT
                0x08009bcc                HAL_TIM_PWM_Start_IT
                0x08009bd0                HAL_TIM_OC_Stop_IT
                0x08009c5c                HAL_TIM_PWM_Stop_IT
                0x08009c60                HAL_TIM_OC_Start_DMA
                0x08009d6c                HAL_TIM_PWM_Start_DMA
                0x08009d70                HAL_TIM_OC_Stop_DMA
                0x08009e1c                HAL_TIM_PWM_Stop_DMA
                0x08009e20                HAL_TIM_PWM_Stop
                0x08009e80                HAL_TIM_IC_Start
                0x08009ea0                HAL_TIM_IC_Stop
                0x08009eca                HAL_TIM_IC_Start_IT
                0x08009f1c                HAL_TIM_IC_Stop_IT
                0x08009f78                HAL_TIM_IC_Start_DMA
                0x0800a068                HAL_TIM_IC_Stop_DMA
 .text          0x0800a0e4      0x800 build/stm32f4_HAL/stm32f4xx_hal_tim_ex.o
                0x0800a100                HAL_TIMEx_HallSensor_MspInit
                0x0800a102                HAL_TIMEx_HallSensor_Init
                0x0800a1b0                HAL_TIMEx_HallSensor_MspDeInit
                0x0800a1b2                HAL_TIMEx_HallSensor_DeInit
                0x0800a1ec                HAL_TIMEx_HallSensor_Start
                0x0800a212                HAL_TIMEx_HallSensor_Stop
                0x0800a242                HAL_TIMEx_HallSensor_Start_IT
                0x0800a270                HAL_TIMEx_HallSensor_Stop_IT
                0x0800a2a8                HAL_TIMEx_HallSensor_Start_DMA
                0x0800a328                HAL_TIMEx_HallSensor_Stop_DMA
                0x0800a368                HAL_TIMEx_OCN_Start
                0x0800a390                HAL_TIMEx_OCN_Stop
                0x0800a3d6                HAL_TIMEx_OCN_Start_IT
                0x0800a428                HAL_TIMEx_OCN_Stop_IT
                0x0800a4a2                HAL_TIMEx_OCN_Start_DMA
                0x0800a570                HAL_TIMEx_OCN_Stop_DMA
                0x0800a5f4                HAL_TIMEx_PWMN_Start
                0x0800a5f8                HAL_TIMEx_PWMN_Stop
                0x0800a5fc                HAL_TIMEx_PWMN_Start_IT
                0x0800a600                HAL_TIMEx_PWMN_Stop_IT
                0x0800a604                HAL_TIMEx_PWMN_Start_DMA
                0x0800a608                HAL_TIMEx_PWMN_Stop_DMA
                0x0800a60c                HAL_TIMEx_OnePulseN_Start
                0x0800a622                HAL_TIMEx_OnePulseN_Stop
                0x0800a626                HAL_TIMEx_OnePulseN_Start_IT
                0x0800a64c                HAL_TIMEx_OnePulseN_Stop_IT
                0x0800a6a2                HAL_TIMEx_ConfigCommutEvent
                0x0800a6fc                HAL_TIMEx_ConfigCommutEvent_IT
                0x0800a756                HAL_TIMEx_ConfigCommutEvent_DMA
                0x0800a7cc                HAL_TIMEx_MasterConfigSynchronization
                0x0800a84c                HAL_TIMEx_ConfigBreakDeadTime
                0x0800a89e                HAL_TIMEx_RemapConfig
                0x0800a8b8                HAL_TIMEx_CommutCallback
                0x0800a8ba                TIMEx_DMACommutationCplt
                0x0800a8ca                HAL_TIMEx_CommutHalfCpltCallback
                0x0800a8cc                TIMEx_DMACommutationHalfCplt
                0x0800a8dc                HAL_TIMEx_BreakCallback
                0x0800a8de                HAL_TIMEx_HallSensor_GetState
 .text          0x0800a8e4        0x0 build/stm32f4_HAL/stm32f4xx_hal_rtc.o
 .text          0x0800a8e4      0x6b4 build/stm32f4_HAL/stm32f4xx_hal_rcc.o
                0x0800ac30                HAL_RCC_MCOConfig
                0x0800acc8                HAL_RCC_EnableCSS
                0x0800acd4                HAL_RCC_DisableCSS
                0x0800ad3c                HAL_RCC_ClockConfig
                0x0800ae70                HAL_RCC_GetHCLKFreq
                0x0800ae7c                HAL_RCC_GetPCLK1Freq
                0x0800ae9c                HAL_RCC_GetPCLK2Freq
                0x0800af40                HAL_RCC_GetClockConfig
                0x0800af7c                HAL_RCC_CSSCallback
                0x0800af7e                HAL_RCC_NMI_IRQHandler
 .text          0x0800af98      0xdb8 build/stm32f4_HAL/stm32f4xx_hal_rcc_ex.o
                0x0800af98                HAL_RCCEx_PeriphCLKConfig
                0x0800b3a0                HAL_RCCEx_GetPeriphCLKConfig
                0x0800b49c                HAL_RCCEx_GetPeriphCLKFreq
                0x0800b644                HAL_RCCEx_SelectLSEMode
                0x0800b65c                HAL_RCCEx_EnablePLLI2S
                0x0800b6d0                HAL_RCCEx_DisablePLLI2S
                0x0800b704                HAL_RCCEx_EnablePLLSAI
                0x0800b774                HAL_RCCEx_DisablePLLSAI
                0x0800b7a8                HAL_RCC_GetSysClockFreq
                0x0800b838                HAL_RCC_DeInit
                0x0800b98c                HAL_RCC_OscConfig
                0x0800bcc4                HAL_RCC_GetOscConfig
 .text          0x0800bd50      0x1ac build/stm32f4_HAL/stm32f4xx_hal_pwr.o
                0x0800bd50                HAL_PWR_DeInit
                0x0800bd68                HAL_PWR_EnableBkUpAccess
                0x0800bd74                HAL_PWR_DisableBkUpAccess
                0x0800bd80                HAL_PWR_ConfigPVD
                0x0800bdf0                HAL_PWR_EnablePVD
                0x0800bdfc                HAL_PWR_DisablePVD
                0x0800be08                HAL_PWR_EnableWakeUpPin
                0x0800be18                HAL_PWR_DisableWakeUpPin
                0x0800be28                HAL_PWR_EnterSLEEPMode
                0x0800be48                HAL_PWR_EnterSTOPMode
                0x0800be80                HAL_PWR_EnterSTANDBYMode
                0x0800bea0                HAL_PWR_PVDCallback
                0x0800bea2                HAL_PWR_PVD_IRQHandler
                0x0800bebc                HAL_PWR_EnableSleepOnExit
                0x0800becc                HAL_PWR_DisableSleepOnExit
                0x0800bedc                HAL_PWR_EnableSEVOnPend
                0x0800beec                HAL_PWR_DisableSEVOnPend
 .text          0x0800befc      0x294 build/stm32f4_HAL/stm32f4xx_hal_pwr_ex.o
                0x0800befc                HAL_PWREx_EnableBkUpReg
                0x0800bf30                HAL_PWREx_DisableBkUpReg
                0x0800bf68                HAL_PWREx_EnableFlashPowerDown
                0x0800bf74                HAL_PWREx_DisableFlashPowerDown
                0x0800bf80                HAL_PWREx_GetVoltageRange
                0x0800bf90                HAL_PWREx_ControlVoltageScaling
                0x0800c040                HAL_PWREx_EnableOverDrive
                0x0800c0b4                HAL_PWREx_DisableOverDrive
                0x0800c128                HAL_PWREx_EnterUnderDriveSTOPMode
 .text          0x0800c190      0x2bc build/stm32f4_HAL/stm32f4xx_hal_cortex.o
                0x0800c190                HAL_NVIC_SetPriorityGrouping
                0x0800c1b4                HAL_NVIC_SetPriority
                0x0800c218                HAL_NVIC_EnableIRQ
                0x0800c234                HAL_NVIC_DisableIRQ
                0x0800c258                HAL_NVIC_SystemReset
                0x0800c27c                HAL_SYSTICK_Config
                0x0800c2a4                HAL_MPU_Disable
                0x0800c2c0                HAL_MPU_Enable
                0x0800c2e0                HAL_MPU_ConfigRegion
                0x0800c344                HAL_NVIC_GetPriorityGrouping
                0x0800c354                HAL_NVIC_GetPriority
                0x0800c3ac                HAL_NVIC_SetPendingIRQ
                0x0800c3c8                HAL_NVIC_GetPendingIRQ
                0x0800c3ec                HAL_NVIC_ClearPendingIRQ
                0x0800c408                HAL_NVIC_GetActive
                0x0800c42c                HAL_SYSTICK_CLKSourceConfig
                0x0800c442                HAL_SYSTICK_Callback
                0x0800c444                HAL_SYSTICK_IRQHandler
 .text          0x0800c44c     0x1824 build/stm32f4_HAL/stm32f4xx_hal_spi.o
                0x0800c5f0                HAL_SPI_MspInit
                0x0800c5f2                HAL_SPI_Init
                0x0800c676                HAL_SPI_MspDeInit
                0x0800c678                HAL_SPI_DeInit
                0x0800c6a4                HAL_SPI_Transmit
                0x0800c81e                HAL_SPI_TransmitReceive
                0x0800caa2                HAL_SPI_Receive
                0x0800cc60                HAL_SPI_Transmit_IT
                0x0800cd08                HAL_SPI_TransmitReceive_IT
                0x0800cdd4                HAL_SPI_Receive_IT
                0x0800ce9c                HAL_SPI_Transmit_DMA
                0x0800cf74                HAL_SPI_TransmitReceive_DMA
                0x0800d09c                HAL_SPI_Receive_DMA
                0x0800d1a0                HAL_SPI_Abort
                0x0800d2c8                HAL_SPI_DMAPause
                0x0800d2e8                HAL_SPI_DMAResume
                0x0800d308                HAL_SPI_DMAStop
                0x0800d34e                HAL_SPI_TxCpltCallback
                0x0800d350                HAL_SPI_RxCpltCallback
                0x0800d352                HAL_SPI_TxRxCpltCallback
                0x0800d354                HAL_SPI_TxHalfCpltCallback
                0x0800d360                HAL_SPI_RxHalfCpltCallback
                0x0800d36c                HAL_SPI_TxRxHalfCpltCallback
                0x0800d378                HAL_SPI_ErrorCallback
                0x0800d93a                HAL_SPI_IRQHandler
                0x0800da44                HAL_SPI_AbortCpltCallback
                0x0800da46                HAL_SPI_Abort_IT
                0x0800dc64                HAL_SPI_GetState
                0x0800dc6a                HAL_SPI_GetError
 .text          0x0800dc70        0x0 build/FreeRTOS/croutine.o
 .text          0x0800dc70      0x264 build/FreeRTOS/event_groups.o
                0x0800dc70                xEventGroupCreateStatic
                0x0800dc88                xEventGroupCreate
                0x0800dca4                xEventGroupWaitBits
                0x0800dd5a                xEventGroupClearBits
                0x0800dd74                vEventGroupClearBitsCallback
                0x0800dd78                xEventGroupClearBitsFromISR
                0x0800dd88                xEventGroupGetBitsFromISR
                0x0800dda4                xEventGroupSetBits
                0x0800de00                xEventGroupSync
                0x0800de8a                vEventGroupSetBitsCallback
                0x0800de8e                vEventGroupDelete
                0x0800deb8                xEventGroupSetBitsFromISR
                0x0800dec8                uxEventGroupGetNumber
                0x0800dece                vEventGroupSetNumber
 .text          0x0800ded4       0x82 build/FreeRTOS/list.o
                0x0800ded4                vListInitialise
                0x0800deea                vListInitialiseItem
                0x0800def0                vListInsertEnd
                0x0800df08                vListInsert
                0x0800df36                uxListRemove
 .text          0x0800df56      0x8f2 build/FreeRTOS/queue.o
                0x0800e072                xQueueGenericReset
                0x0800e0dc                xQueueGenericCreateStatic
                0x0800e108                xQueueGenericCreate
                0x0800e142                xQueueGetMutexHolder
                0x0800e15c                xQueueGetMutexHolderFromISR
                0x0800e168                xQueueCreateCountingSemaphoreStatic
                0x0800e182                xQueueCreateCountingSemaphore
                0x0800e194                xQueueGenericSend
                0x0800e298                xQueueCreateMutexStatic
                0x0800e2c2                xQueueGiveMutexRecursive
                0x0800e2ea                xQueueCreateMutex
                0x0800e30e                xQueueGenericSendFromISR
                0x0800e378                xQueueGiveFromISR
                0x0800e3d4                xQueueReceive
                0x0800e4c2                xQueueSemaphoreTake
                0x0800e5e8                xQueueTakeMutexRecursive
                0x0800e618                xQueuePeek
                0x0800e706                xQueueReceiveFromISR
                0x0800e76e                xQueuePeekFromISR
                0x0800e79e                uxQueueMessagesWaiting
                0x0800e7b4                uxQueueSpacesAvailable
                0x0800e7ce                uxQueueMessagesWaitingFromISR
                0x0800e7d2                vQueueDelete
                0x0800e7de                uxQueueGetQueueNumber
                0x0800e7e2                vQueueSetQueueNumber
                0x0800e7e6                ucQueueGetQueueType
                0x0800e7ec                xQueueIsQueueEmptyFromISR
                0x0800e7f6                xQueueIsQueueFullFromISR
                0x0800e802                vQueueWaitForMessageRestricted
 .text          0x0800e848     0x12c0 build/FreeRTOS/tasks.o
                0x0800eb08                xTaskCreateStatic
                0x0800eb3c                xTaskCreate
                0x0800eb98                vTaskDelete
                0x0800ec1c                eTaskGetState
                0x0800ec84                uxTaskPriorityGet
                0x0800eca4                uxTaskPriorityGetFromISR
                0x0800eccc                vTaskPrioritySet
                0x0800ed7c                vTaskResume
                0x0800ee00                xTaskResumeFromISR
                0x0800ee88                vTaskStartScheduler
                0x0800ef04                vTaskEndScheduler
                0x0800ef24                vTaskSuspendAll
                0x0800ef38                xTaskGetTickCount
                0x0800ef44                xTaskGetTickCountFromISR
                0x0800ef50                uxTaskGetNumberOfTasks
                0x0800ef5c                pcTaskGetName
                0x0800ef6c                xTaskIncrementTick
                0x0800f04c                xTaskResumeAll
                0x0800f110                vTaskDelayUntil
                0x0800f160                vTaskDelay
                0x0800f18e                xTaskCatchUpTicks
                0x0800f1ac                vTaskSwitchContext
                0x0800f210                vTaskSuspend
                0x0800f2a0                vTaskPlaceOnEventList
                0x0800f2c0                vTaskPlaceOnUnorderedEventList
                0x0800f2e8                vTaskPlaceOnEventListRestricted
                0x0800f310                xTaskRemoveFromEventList
                0x0800f378                vTaskRemoveFromUnorderedEventList
                0x0800f3cc                vTaskSetTimeOutState
                0x0800f3f0                vTaskInternalSetTimeOutState
                0x0800f404                xTaskCheckForTimeOut
                0x0800f454                vTaskMissedYield
                0x0800f464                uxTaskGetTaskNumber
                0x0800f46a                vTaskSetTaskNumber
                0x0800f470                vTaskGetInfo
                0x0800f546                uxTaskGetSystemState
                0x0800f5e0                uxTaskGetStackHighWaterMark
                0x0800f600                xTaskGetCurrentTaskHandle
                0x0800f60c                xTaskGetSchedulerState
                0x0800f62c                xTaskPriorityInherit
                0x0800f6ac                xTaskPriorityDisinherit
                0x0800f708                vTaskPriorityDisinheritAfterTimeout
                0x0800f778                uxTaskResetEventItemValue
                0x0800f790                pvTaskIncrementMutexHeldCount
                0x0800f7a8                ulTaskNotifyTake
                0x0800f814                xTaskNotifyWait
                0x0800f8a8                xTaskGenericNotify
                0x0800f958                xTaskGenericNotifyFromISR
                0x0800fa18                vTaskNotifyGiveFromISR
                0x0800faa8                xTaskNotifyStateClear
                0x0800fad4                ulTaskNotifyValueClear
 .text          0x0800fb08      0x4a8 build/FreeRTOS/timers.o
                0x0800fb84                xTimerCreateTimerTask
                0x0800fbd4                xTimerCreate
                0x0800fc1a                xTimerCreateStatic
                0x0800fc5a                xTimerGenericCommand
                0x0800feb8                xTimerGetTimerDaemonTaskHandle
                0x0800fec4                xTimerGetPeriod
                0x0800fec8                vTimerSetReloadMode
                0x0800feee                uxTimerGetReloadMode
                0x0800ff0a                xTimerGetExpiryTime
                0x0800ff0e                pcTimerGetName
                0x0800ff12                xTimerIsTimerActive
                0x0800ff2e                pvTimerGetTimerID
                0x0800ff44                vTimerSetTimerID
                0x0800ff58                xTimerPendFunctionCallFromISR
                0x0800ff80                xTimerPendFunctionCall
                0x0800ffa8                uxTimerGetTimerNumber
                0x0800ffac                vTimerSetTimerNumber
 .text          0x0800ffb0      0x52a build/FreeRTOS/stream_buffer.o
                0x08010050                xStreamBufferGenericCreate
                0x0801008c                xStreamBufferGenericCreateStatic
                0x080100cc                vStreamBufferDelete
                0x080100de                xStreamBufferReset
                0x08010124                xStreamBufferSetTriggerLevel
                0x08010138                xStreamBufferSpacesAvailable
                0x0801014c                xStreamBufferBytesAvailable
                0x0801014e                xStreamBufferSend
                0x0801022c                xStreamBufferSendFromISR
                0x080102c4                xStreamBufferReceive
                0x08010378                xStreamBufferNextMessageLengthBytes
                0x080103a6                xStreamBufferReceiveFromISR
                0x08010436                xStreamBufferIsEmpty
                0x08010442                xStreamBufferIsFull
                0x0801045a                xStreamBufferSendCompletedFromISR
                0x08010492                xStreamBufferReceiveCompletedFromISR
                0x080104ca                uxStreamBufferGetStreamBufferNumber
                0x080104ce                vStreamBufferSetStreamBufferNumber
                0x080104d2                ucStreamBufferGetStreamBufferType
 *fill*         0x080104da        0x2 
 .text          0x080104dc     0x1140 build/FreeRTOS/cmsis_os2.o
                0x0801051a                SysTick_Handler
                0x08010534                osKernelInitialize
                0x08010560                osKernelGetInfo
                0x0801058c                osKernelGetState
                0x080105ac                osKernelStart
                0x080105ec                osKernelLock
                0x08010618                osKernelUnlock
                0x08010650                osKernelRestoreLock
                0x08010694                osKernelGetTickCount
                0x080106ac                osKernelGetTickFreq
                0x080106b2                osKernelGetSysTimerCount
                0x080106f2                osKernelGetSysTimerFreq
                0x080106fc                osThreadNew
                0x08010790                osThreadGetName
                0x080107aa                osThreadGetId
                0x080107ae                osThreadGetState
                0x080107d8                osThreadGetStackSpace
                0x080107f2                osThreadSetPriority
                0x08010820                osThreadGetPriority
                0x0801083c                osThreadYield
                0x08010860                osThreadSuspend
                0x08010884                osThreadResume
                0x080108a8                osThreadExit
                0x080108b2                osThreadTerminate
                0x080108e6                osThreadGetCount
                0x080108fa                osThreadEnumerate
                0x08010964                osThreadFlagsSet
                0x080109e2                osThreadFlagsClear
                0x08010a32                osThreadFlagsGet
                0x08010a60                osThreadFlagsWait
                0x08010afa                osDelay
                0x08010b18                osDelayUntil
                0x08010b48                osTimerNew
                0x08010bc0                osTimerGetName
                0x08010bda                osTimerStart
                0x08010c10                osTimerStop
                0x08010c52                osTimerIsRunning
                0x08010c6c                osTimerDelete
                0x08010cb2                osEventFlagsNew
                0x08010cde                osEventFlagsSet
                0x08010d38                osEventFlagsClear
                0x08010d7e                osEventFlagsGet
                0x08010da0                osEventFlagsWait
                0x08010e04                osEventFlagsDelete
                0x08010e28                osMutexNew
                0x08010e80                osMutexAcquire
                0x08010ec6                osMutexRelease
                0x08010f06                osMutexGetOwner
                0x08010f22                osMutexDelete
                0x08010f48                osSemaphoreNew
                0x08010fd6                osSemaphoreAcquire
                0x08011038                osSemaphoreRelease
                0x08011090                osSemaphoreGetCount
                0x080110b2                osSemaphoreDelete
                0x080110d6                osMessageQueueNew
                0x0801113a                osMessageQueuePut
                0x080111a8                osMessageQueueGet
                0x08011212                osMessageQueueGetCapacity
                0x08011218                osMessageQueueGetMsgSize
                0x0801121e                osMessageQueueGetCount
                0x08011222                osMessageQueueGetSpace
                0x08011258                osMessageQueueReset
                0x0801127e                osMessageQueueDelete
                0x08011282                osMemoryPoolNew
                0x08011370                osMemoryPoolGetName
                0x08011386                osMemoryPoolAlloc
                0x0801143c                osMemoryPoolFree
                0x080114f8                osMemoryPoolGetCapacity
                0x08011510                osMemoryPoolGetBlockSize
                0x08011528                osMemoryPoolGetCount
                0x08011558                osMemoryPoolGetSpace
                0x08011588                osMemoryPoolDelete
                0x080115e4                vApplicationGetIdleTaskMemory
                0x08011600                vApplicationGetTimerTaskMemory
 .text          0x0801161c        0x2 build/FreeRTOS/clib_arm.o
                0x0801161c                software_init_hook
 *fill*         0x0801161e        0x2 
 .text          0x08011620       0xd0 build/FreeRTOS/os_systick.o
                0x08011620                OS_Tick_Setup
                0x08011660                OS_Tick_Enable
                0x08011688                OS_Tick_Disable
                0x080116b4                OS_Tick_AcknowledgeIRQ
                0x080116bc                OS_Tick_GetIRQn
                0x080116c2                OS_Tick_GetClock
                0x080116cc                OS_Tick_GetInterval
                0x080116d6                OS_Tick_GetCount
                0x080116e2                OS_Tick_GetOverflow
 .text          0x080116f0       0x8c build/FreeRTOS/heap_useNewlib.o
                0x080116f0                sbrk
                0x08011740                _sbrk
                0x08011744                __malloc_lock
                0x08011748                __malloc_unlock
                0x0801174c                __env_lock
                0x08011750                __env_unlock
                0x08011754                pvPortMalloc
                0x08011758                vPortFree
                0x0801175c                xPortGetFreeHeapSize
                0x08011778                vPortInitialiseBlocks
 *fill*         0x0801177c        0x4 
 .text          0x08011780      0x1ec build/FreeRTOS/port.o
                0x080117d0                pxPortInitialiseStack
                0x080117fc                SVC_Handler
                0x08011824                vPortEndScheduler
                0x08011826                vPortEnterCritical
                0x08011844                vPortExitCritical
                0x08011858                PendSV_Handler
                0x080118c4                xPortSysTickHandler
                0x080118f4                vPortSetupTimerInterrupt
                0x08011918                xPortStartScheduler
 .text          0x0801196c        0x0 c:/mchatoolchainwindows/toolchain/gcc-arm-none-eabi/bin/../lib/gcc/arm-none-eabi/11.2.1/thumb/v7e-m+fp/hard\libm.a(lib_a-s_fmax.o)
 .text          0x0801196c        0x0 c:/mchatoolchainwindows/toolchain/gcc-arm-none-eabi/bin/../lib/gcc/arm-none-eabi/11.2.1/thumb/v7e-m+fp/hard\libm.a(lib_a-s_fmin.o)
 .text          0x0801196c        0x0 c:/mchatoolchainwindows/toolchain/gcc-arm-none-eabi/bin/../lib/gcc/arm-none-eabi/11.2.1/thumb/v7e-m+fp/hard\libm.a(lib_a-s_fpclassify.o)
 .text          0x0801196c        0x0 c:/mchatoolchainwindows/toolchain/gcc-arm-none-eabi/bin/../lib/gcc/arm-none-eabi/11.2.1/thumb/v7e-m+fp/hard\libm.a(lib_a-sf_sin.o)
 .text          0x0801196c        0x0 c:/mchatoolchainwindows/toolchain/gcc-arm-none-eabi/bin/../lib/gcc/arm-none-eabi/11.2.1/thumb/v7e-m+fp/hard\libm.a(lib_a-w_atan2.o)
 .text          0x0801196c        0x0 c:/mchatoolchainwindows/toolchain/gcc-arm-none-eabi/bin/../lib/gcc/arm-none-eabi/11.2.1/thumb/v7e-m+fp/hard\libm.a(lib_a-w_sqrt.o)
 .text          0x0801196c        0x0 c:/mchatoolchainwindows/toolchain/gcc-arm-none-eabi/bin/../lib/gcc/arm-none-eabi/11.2.1/thumb/v7e-m+fp/hard\libm.a(lib_a-e_atan2.o)
 .text          0x0801196c        0x0 c:/mchatoolchainwindows/toolchain/gcc-arm-none-eabi/bin/../lib/gcc/arm-none-eabi/11.2.1/thumb/v7e-m+fp/hard\libm.a(lib_a-ef_rem_pio2.o)
 .text          0x0801196c        0x0 c:/mchatoolchainwindows/toolchain/gcc-arm-none-eabi/bin/../lib/gcc/arm-none-eabi/11.2.1/thumb/v7e-m+fp/hard\libm.a(lib_a-e_sqrt.o)
 .text          0x0801196c        0x0 c:/mchatoolchainwindows/toolchain/gcc-arm-none-eabi/bin/../lib/gcc/arm-none-eabi/11.2.1/thumb/v7e-m+fp/hard\libm.a(lib_a-kf_cos.o)
 .text          0x0801196c        0x0 c:/mchatoolchainwindows/toolchain/gcc-arm-none-eabi/bin/../lib/gcc/arm-none-eabi/11.2.1/thumb/v7e-m+fp/hard\libm.a(lib_a-kf_rem_pio2.o)
 .text          0x0801196c        0x0 c:/mchatoolchainwindows/toolchain/gcc-arm-none-eabi/bin/../lib/gcc/arm-none-eabi/11.2.1/thumb/v7e-m+fp/hard\libm.a(lib_a-kf_sin.o)
 .text          0x0801196c        0x0 c:/mchatoolchainwindows/toolchain/gcc-arm-none-eabi/bin/../lib/gcc/arm-none-eabi/11.2.1/thumb/v7e-m+fp/hard\libm.a(lib_a-s_atan.o)
 .text          0x0801196c        0x0 c:/mchatoolchainwindows/toolchain/gcc-arm-none-eabi/bin/../lib/gcc/arm-none-eabi/11.2.1/thumb/v7e-m+fp/hard\libm.a(lib_a-s_fabs.o)
 .text          0x0801196c        0x0 c:/mchatoolchainwindows/toolchain/gcc-arm-none-eabi/bin/../lib/gcc/arm-none-eabi/11.2.1/thumb/v7e-m+fp/hard\libm.a(lib_a-sf_fabs.o)
 .text          0x0801196c        0x0 c:/mchatoolchainwindows/toolchain/gcc-arm-none-eabi/bin/../lib/gcc/arm-none-eabi/11.2.1/thumb/v7e-m+fp/hard\libm.a(lib_a-sf_floor.o)
 .text          0x0801196c        0x0 c:/mchatoolchainwindows/toolchain/gcc-arm-none-eabi/bin/../lib/gcc/arm-none-eabi/11.2.1/thumb/v7e-m+fp/hard\libm.a(lib_a-sf_scalbn.o)
 .text          0x0801196c        0x0 ../libraries/STM32Cube_F4_FW/Drivers/CMSIS/Lib/GCC/libarm_cortexM4lf_math.a(arm_mat_mult_f32.o)
 .text          0x0801196c        0x0 ../libraries/STM32Cube_F4_FW/Drivers/CMSIS/Lib/GCC/libarm_cortexM4lf_math.a(arm_mat_init_f32.o)
 .text          0x0801196c      0x254 c:/mchatoolchainwindows/toolchain/gcc-arm-none-eabi/bin/../lib/gcc/arm-none-eabi/11.2.1/thumb/v7e-m+fp/hard\libgcc.a(_arm_muldf3.o)
 .text          0x08011bc0      0x378 c:/mchatoolchainwindows/toolchain/gcc-arm-none-eabi/bin/../lib/gcc/arm-none-eabi/11.2.1/thumb/v7e-m+fp/hard\libgcc.a(_arm_addsubdf3.o)
                0x08011bc0                __aeabi_drsub
                0x08011bc8                __aeabi_dsub
                0x08011bc8                __subdf3
                0x08011bcc                __aeabi_dadd
                0x08011bcc                __adddf3
                0x08011e44                __floatunsidf
                0x08011e44                __aeabi_ui2d
                0x08011e64                __floatsidf
                0x08011e64                __aeabi_i2d
                0x08011e88                __aeabi_f2d
                0x08011e88                __extendsfdf2
                0x08011ecc                __floatundidf
                0x08011ecc                __aeabi_ul2d
                0x08011edc                __floatdidf
                0x08011edc                __aeabi_l2d
 .text          0x08011f38      0x424 c:/mchatoolchainwindows/toolchain/gcc-arm-none-eabi/bin/../lib/gcc/arm-none-eabi/11.2.1/thumb/v7e-m+fp/hard\libgcc.a(_arm_muldivdf3.o)
                0x08011f38                __aeabi_dmul
                0x08011f38                __muldf3
                0x0801218c                __divdf3
                0x0801218c                __aeabi_ddiv
 .text          0x0801235c      0x110 c:/mchatoolchainwindows/toolchain/gcc-arm-none-eabi/bin/../lib/gcc/arm-none-eabi/11.2.1/thumb/v7e-m+fp/hard\libgcc.a(_arm_cmpdf2.o)
                0x0801235c                __gtdf2
                0x0801235c                __gedf2
                0x08012364                __ltdf2
                0x08012364                __ledf2
                0x0801236c                __nedf2
                0x0801236c                __eqdf2
                0x0801236c                __cmpdf2
                0x080123e8                __aeabi_cdrcmple
                0x080123f8                __aeabi_cdcmpeq
                0x080123f8                __aeabi_cdcmple
                0x08012408                __aeabi_dcmpeq
                0x0801241c                __aeabi_dcmplt
                0x08012430                __aeabi_dcmple
                0x08012444                __aeabi_dcmpge
                0x08012458                __aeabi_dcmpgt
 .text          0x0801246c       0x2c c:/mchatoolchainwindows/toolchain/gcc-arm-none-eabi/bin/../lib/gcc/arm-none-eabi/11.2.1/thumb/v7e-m+fp/hard\libgcc.a(_arm_unorddf2.o)
                0x0801246c                __unorddf2
                0x0801246c                __aeabi_dcmpun
 .text          0x08012498       0xa0 c:/mchatoolchainwindows/toolchain/gcc-arm-none-eabi/bin/../lib/gcc/arm-none-eabi/11.2.1/thumb/v7e-m+fp/hard\libgcc.a(_arm_truncdfsf2.o)
                0x08012498                __truncdfsf2
                0x08012498                __aeabi_d2f
 .text          0x08012538       0xa0 c:/mchatoolchainwindows/toolchain/gcc-arm-none-eabi/bin/../lib/gcc/arm-none-eabi/11.2.1/thumb/v7e-m+fp/hard\libgcc.a(_aeabi_ldivmod.o)
                0x08012538                __aeabi_ldivmod
 .text          0x080125d8       0x30 c:/mchatoolchainwindows/toolchain/gcc-arm-none-eabi/bin/../lib/gcc/arm-none-eabi/11.2.1/thumb/v7e-m+fp/hard\libgcc.a(_aeabi_uldivmod.o)
                0x080125d8                __aeabi_uldivmod
 .text          0x08012608        0x0 c:/mchatoolchainwindows/toolchain/gcc-arm-none-eabi/bin/../lib/gcc/arm-none-eabi/11.2.1/thumb/v7e-m+fp/hard\libgcc.a(_udivmoddi4.o)
 .text          0x08012608        0x4 c:/mchatoolchainwindows/toolchain/gcc-arm-none-eabi/bin/../lib/gcc/arm-none-eabi/11.2.1/thumb/v7e-m+fp/hard\libgcc.a(_dvmd_tls.o)
                0x08012608                __aeabi_idiv0
                0x08012608                __aeabi_ldiv0
 .text          0x0801260c        0x0 c:/mchatoolchainwindows/toolchain/gcc-arm-none-eabi/bin/../lib/gcc/arm-none-eabi/11.2.1/thumb/v7e-m+fp/hard\libc_nano.a(lib_a-atof.o)
 .text          0x0801260c        0x0 c:/mchatoolchainwindows/toolchain/gcc-arm-none-eabi/bin/../lib/gcc/arm-none-eabi/11.2.1/thumb/v7e-m+fp/hard\libc_nano.a(lib_a-atoi.o)
 .text          0x0801260c        0x0 c:/mchatoolchainwindows/toolchain/gcc-arm-none-eabi/bin/../lib/gcc/arm-none-eabi/11.2.1/thumb/v7e-m+fp/hard\libc_nano.a(lib_a-ctype_.o)
 .text          0x0801260c        0x0 c:/mchatoolchainwindows/toolchain/gcc-arm-none-eabi/bin/../lib/gcc/arm-none-eabi/11.2.1/thumb/v7e-m+fp/hard\libc_nano.a(lib_a-errno.o)
 .text          0x0801260c        0x0 c:/mchatoolchainwindows/toolchain/gcc-arm-none-eabi/bin/../lib/gcc/arm-none-eabi/11.2.1/thumb/v7e-m+fp/hard\libc_nano.a(lib_a-exit.o)
 .text          0x0801260c        0x0 c:/mchatoolchainwindows/toolchain/gcc-arm-none-eabi/bin/../lib/gcc/arm-none-eabi/11.2.1/thumb/v7e-m+fp/hard\libc_nano.a(lib_a-getchar.o)
 .text          0x0801260c        0x0 c:/mchatoolchainwindows/toolchain/gcc-arm-none-eabi/bin/../lib/gcc/arm-none-eabi/11.2.1/thumb/v7e-m+fp/hard\libc_nano.a(lib_a-getc.o)
 .text          0x0801260c        0x0 c:/mchatoolchainwindows/toolchain/gcc-arm-none-eabi/bin/../lib/gcc/arm-none-eabi/11.2.1/thumb/v7e-m+fp/hard\libc_nano.a(lib_a-impure.o)
 .text          0x0801260c        0x0 c:/mchatoolchainwindows/toolchain/gcc-arm-none-eabi/bin/../lib/gcc/arm-none-eabi/11.2.1/thumb/v7e-m+fp/hard\libc_nano.a(lib_a-init.o)
 .text          0x0801260c        0x0 c:/mchatoolchainwindows/toolchain/gcc-arm-none-eabi/bin/../lib/gcc/arm-none-eabi/11.2.1/thumb/v7e-m+fp/hard\libc_nano.a(lib_a-malloc.o)
 .text          0x0801260c        0x0 c:/mchatoolchainwindows/toolchain/gcc-arm-none-eabi/bin/../lib/gcc/arm-none-eabi/11.2.1/thumb/v7e-m+fp/hard\libc_nano.a(lib_a-memcpy-stub.o)
 .text          0x0801260c        0x0 c:/mchatoolchainwindows/toolchain/gcc-arm-none-eabi/bin/../lib/gcc/arm-none-eabi/11.2.1/thumb/v7e-m+fp/hard\libc_nano.a(lib_a-memset.o)
 .text          0x0801260c        0x0 c:/mchatoolchainwindows/toolchain/gcc-arm-none-eabi/bin/../lib/gcc/arm-none-eabi/11.2.1/thumb/v7e-m+fp/hard\libc_nano.a(lib_a-mstats.o)
 .text          0x0801260c        0x0 c:/mchatoolchainwindows/toolchain/gcc-arm-none-eabi/bin/../lib/gcc/arm-none-eabi/11.2.1/thumb/v7e-m+fp/hard\libc_nano.a(lib_a-nano-freer.o)
 .text          0x0801260c        0x0 c:/mchatoolchainwindows/toolchain/gcc-arm-none-eabi/bin/../lib/gcc/arm-none-eabi/11.2.1/thumb/v7e-m+fp/hard\libc_nano.a(lib_a-nano-mallinfor.o)
 .text          0x0801260c        0x0 c:/mchatoolchainwindows/toolchain/gcc-arm-none-eabi/bin/../lib/gcc/arm-none-eabi/11.2.1/thumb/v7e-m+fp/hard\libc_nano.a(lib_a-nano-mallocr.o)
 .text          0x0801260c        0x0 c:/mchatoolchainwindows/toolchain/gcc-arm-none-eabi/bin/../lib/gcc/arm-none-eabi/11.2.1/thumb/v7e-m+fp/hard\libc_nano.a(lib_a-nano-malloptr.o)
 .text          0x0801260c        0x0 c:/mchatoolchainwindows/toolchain/gcc-arm-none-eabi/bin/../lib/gcc/arm-none-eabi/11.2.1/thumb/v7e-m+fp/hard\libc_nano.a(lib_a-nano-mallstatsr.o)
 .text          0x0801260c        0x0 c:/mchatoolchainwindows/toolchain/gcc-arm-none-eabi/bin/../lib/gcc/arm-none-eabi/11.2.1/thumb/v7e-m+fp/hard\libc_nano.a(lib_a-nano-vfprintf_float.o)
 .text          0x0801260c        0x0 c:/mchatoolchainwindows/toolchain/gcc-arm-none-eabi/bin/../lib/gcc/arm-none-eabi/11.2.1/thumb/v7e-m+fp/hard\libc_nano.a(lib_a-nano-vfprintf_i.o)
 .text          0x0801260c        0x0 c:/mchatoolchainwindows/toolchain/gcc-arm-none-eabi/bin/../lib/gcc/arm-none-eabi/11.2.1/thumb/v7e-m+fp/hard\libc_nano.a(lib_a-nano-vfscanf_float.o)
 .text          0x0801260c        0x0 c:/mchatoolchainwindows/toolchain/gcc-arm-none-eabi/bin/../lib/gcc/arm-none-eabi/11.2.1/thumb/v7e-m+fp/hard\libc_nano.a(lib_a-printf.o)
 .text          0x0801260c        0x0 c:/mchatoolchainwindows/toolchain/gcc-arm-none-eabi/bin/../lib/gcc/arm-none-eabi/11.2.1/thumb/v7e-m+fp/hard\libc_nano.a(lib_a-reent.o)
 .text          0x0801260c        0x0 c:/mchatoolchainwindows/toolchain/gcc-arm-none-eabi/bin/../lib/gcc/arm-none-eabi/11.2.1/thumb/v7e-m+fp/hard\libc_nano.a(lib_a-rget.o)
 .text          0x0801260c        0x0 c:/mchatoolchainwindows/toolchain/gcc-arm-none-eabi/bin/../lib/gcc/arm-none-eabi/11.2.1/thumb/v7e-m+fp/hard\libc_nano.a(lib_a-sbrkr.o)
 .text          0x0801260c        0x0 c:/mchatoolchainwindows/toolchain/gcc-arm-none-eabi/bin/../lib/gcc/arm-none-eabi/11.2.1/thumb/v7e-m+fp/hard\libc_nano.a(lib_a-setvbuf.o)
 .text          0x0801260c        0x0 c:/mchatoolchainwindows/toolchain/gcc-arm-none-eabi/bin/../lib/gcc/arm-none-eabi/11.2.1/thumb/v7e-m+fp/hard\libc_nano.a(lib_a-sf_nan.o)
 .text          0x0801260c        0x0 c:/mchatoolchainwindows/toolchain/gcc-arm-none-eabi/bin/../lib/gcc/arm-none-eabi/11.2.1/thumb/v7e-m+fp/hard\libc_nano.a(lib_a-sprintf.o)
 .text          0x0801260c       0x14 c:/mchatoolchainwindows/toolchain/gcc-arm-none-eabi/bin/../lib/gcc/arm-none-eabi/11.2.1/thumb/v7e-m+fp/hard\libc_nano.a(lib_a-strcmp.o)
                0x0801260c                strcmp
 .text          0x08012620       0x10 c:/mchatoolchainwindows/toolchain/gcc-arm-none-eabi/bin/../lib/gcc/arm-none-eabi/11.2.1/thumb/v7e-m+fp/hard\libc_nano.a(lib_a-strlen.o)
                0x08012620                strlen
 .text          0x08012630        0x0 c:/mchatoolchainwindows/toolchain/gcc-arm-none-eabi/bin/../lib/gcc/arm-none-eabi/11.2.1/thumb/v7e-m+fp/hard\libc_nano.a(lib_a-strtod.o)
 .text          0x08012630        0x0 c:/mchatoolchainwindows/toolchain/gcc-arm-none-eabi/bin/../lib/gcc/arm-none-eabi/11.2.1/thumb/v7e-m+fp/hard\libc_nano.a(lib_a-strtol.o)
 .text          0x08012630        0x0 c:/mchatoolchainwindows/toolchain/gcc-arm-none-eabi/bin/../lib/gcc/arm-none-eabi/11.2.1/thumb/v7e-m+fp/hard\libc_nano.a(lib_a-vprintf.o)
 .text          0x08012630        0x0 c:/mchatoolchainwindows/toolchain/gcc-arm-none-eabi/bin/../lib/gcc/arm-none-eabi/11.2.1/thumb/v7e-m+fp/hard\libc_nano.a(lib_a-dtoa.o)
 .text          0x08012630        0x0 c:/mchatoolchainwindows/toolchain/gcc-arm-none-eabi/bin/../lib/gcc/arm-none-eabi/11.2.1/thumb/v7e-m+fp/hard\libc_nano.a(lib_a-fflush.o)
 .text          0x08012630        0x0 c:/mchatoolchainwindows/toolchain/gcc-arm-none-eabi/bin/../lib/gcc/arm-none-eabi/11.2.1/thumb/v7e-m+fp/hard\libc_nano.a(lib_a-findfp.o)
 .text          0x08012630        0x0 c:/mchatoolchainwindows/toolchain/gcc-arm-none-eabi/bin/../lib/gcc/arm-none-eabi/11.2.1/thumb/v7e-m+fp/hard\libc_nano.a(lib_a-fprintf.o)
 .text          0x08012630        0x0 c:/mchatoolchainwindows/toolchain/gcc-arm-none-eabi/bin/../lib/gcc/arm-none-eabi/11.2.1/thumb/v7e-m+fp/hard\libc_nano.a(lib_a-fwalk.o)
 .text          0x08012630        0x0 c:/mchatoolchainwindows/toolchain/gcc-arm-none-eabi/bin/../lib/gcc/arm-none-eabi/11.2.1/thumb/v7e-m+fp/hard\libc_nano.a(lib_a-gdtoa-gethex.o)
 .text          0x08012630        0x0 c:/mchatoolchainwindows/toolchain/gcc-arm-none-eabi/bin/../lib/gcc/arm-none-eabi/11.2.1/thumb/v7e-m+fp/hard\libc_nano.a(lib_a-gdtoa-hexnan.o)
 .text          0x08012630        0x0 c:/mchatoolchainwindows/toolchain/gcc-arm-none-eabi/bin/../lib/gcc/arm-none-eabi/11.2.1/thumb/v7e-m+fp/hard\libc_nano.a(lib_a-lnumeric.o)
 .text          0x08012630        0x0 c:/mchatoolchainwindows/toolchain/gcc-arm-none-eabi/bin/../lib/gcc/arm-none-eabi/11.2.1/thumb/v7e-m+fp/hard\libc_nano.a(lib_a-localeconv.o)
 .text          0x08012630        0x0 c:/mchatoolchainwindows/toolchain/gcc-arm-none-eabi/bin/../lib/gcc/arm-none-eabi/11.2.1/thumb/v7e-m+fp/hard\libc_nano.a(lib_a-locale.o)
 .text          0x08012630        0x0 c:/mchatoolchainwindows/toolchain/gcc-arm-none-eabi/bin/../lib/gcc/arm-none-eabi/11.2.1/thumb/v7e-m+fp/hard\libc_nano.a(lib_a-makebuf.o)
 .text          0x08012630        0x0 c:/mchatoolchainwindows/toolchain/gcc-arm-none-eabi/bin/../lib/gcc/arm-none-eabi/11.2.1/thumb/v7e-m+fp/hard\libc_nano.a(lib_a-mbtowc_r.o)
 .text          0x08012630       0xa0 c:/mchatoolchainwindows/toolchain/gcc-arm-none-eabi/bin/../lib/gcc/arm-none-eabi/11.2.1/thumb/v7e-m+fp/hard\libc_nano.a(lib_a-memchr.o)
                0x08012630                memchr
 .text          0x080126d0        0x0 c:/mchatoolchainwindows/toolchain/gcc-arm-none-eabi/bin/../lib/gcc/arm-none-eabi/11.2.1/thumb/v7e-m+fp/hard\libc_nano.a(lib_a-mprec.o)
 .text          0x080126d0        0x0 c:/mchatoolchainwindows/toolchain/gcc-arm-none-eabi/bin/../lib/gcc/arm-none-eabi/11.2.1/thumb/v7e-m+fp/hard\libc_nano.a(lib_a-nano-callocr.o)
 .text          0x080126d0        0x0 c:/mchatoolchainwindows/toolchain/gcc-arm-none-eabi/bin/../lib/gcc/arm-none-eabi/11.2.1/thumb/v7e-m+fp/hard\libc_nano.a(lib_a-nano-svfprintf.o)
 .text          0x080126d0        0x0 c:/mchatoolchainwindows/toolchain/gcc-arm-none-eabi/bin/../lib/gcc/arm-none-eabi/11.2.1/thumb/v7e-m+fp/hard\libc_nano.a(lib_a-nano-vfprintf.o)
 .text          0x080126d0        0x0 c:/mchatoolchainwindows/toolchain/gcc-arm-none-eabi/bin/../lib/gcc/arm-none-eabi/11.2.1/thumb/v7e-m+fp/hard\libc_nano.a(lib_a-refill.o)
 .text          0x080126d0        0x0 c:/mchatoolchainwindows/toolchain/gcc-arm-none-eabi/bin/../lib/gcc/arm-none-eabi/11.2.1/thumb/v7e-m+fp/hard\libc_nano.a(lib_a-s_nan.o)
 .text          0x080126d0        0x0 c:/mchatoolchainwindows/toolchain/gcc-arm-none-eabi/bin/../lib/gcc/arm-none-eabi/11.2.1/thumb/v7e-m+fp/hard\libc_nano.a(lib_a-stdio.o)
 .text          0x080126d0        0x0 c:/mchatoolchainwindows/toolchain/gcc-arm-none-eabi/bin/../lib/gcc/arm-none-eabi/11.2.1/thumb/v7e-m+fp/hard\libc_nano.a(lib_a-strncmp.o)
 .text          0x080126d0        0x0 c:/mchatoolchainwindows/toolchain/gcc-arm-none-eabi/bin/../lib/gcc/arm-none-eabi/11.2.1/thumb/v7e-m+fp/hard\libc_nano.a(lib_a-wbuf.o)
 .text          0x080126d0        0x0 c:/mchatoolchainwindows/toolchain/gcc-arm-none-eabi/bin/../lib/gcc/arm-none-eabi/11.2.1/thumb/v7e-m+fp/hard\libc_nano.a(lib_a-wctomb_r.o)
 .text          0x080126d0        0x0 c:/mchatoolchainwindows/toolchain/gcc-arm-none-eabi/bin/../lib/gcc/arm-none-eabi/11.2.1/thumb/v7e-m+fp/hard\libc_nano.a(lib_a-writer.o)
 .text          0x080126d0        0x0 c:/mchatoolchainwindows/toolchain/gcc-arm-none-eabi/bin/../lib/gcc/arm-none-eabi/11.2.1/thumb/v7e-m+fp/hard\libc_nano.a(lib_a-wsetup.o)
 .text          0x080126d0        0x0 c:/mchatoolchainwindows/toolchain/gcc-arm-none-eabi/bin/../lib/gcc/arm-none-eabi/11.2.1/thumb/v7e-m+fp/hard\libc_nano.a(lib_a-assert.o)
 .text          0x080126d0        0x0 c:/mchatoolchainwindows/toolchain/gcc-arm-none-eabi/bin/../lib/gcc/arm-none-eabi/11.2.1/thumb/v7e-m+fp/hard\libc_nano.a(lib_a-closer.o)
 .text          0x080126d0        0x0 c:/mchatoolchainwindows/toolchain/gcc-arm-none-eabi/bin/../lib/gcc/arm-none-eabi/11.2.1/thumb/v7e-m+fp/hard\libc_nano.a(lib_a-fstatr.o)
 .text          0x080126d0        0x0 c:/mchatoolchainwindows/toolchain/gcc-arm-none-eabi/bin/../lib/gcc/arm-none-eabi/11.2.1/thumb/v7e-m+fp/hard\libc_nano.a(lib_a-fvwrite.o)
 .text          0x080126d0        0x0 c:/mchatoolchainwindows/toolchain/gcc-arm-none-eabi/bin/../lib/gcc/arm-none-eabi/11.2.1/thumb/v7e-m+fp/hard\libc_nano.a(lib_a-isattyr.o)
 .text          0x080126d0        0x0 c:/mchatoolchainwindows/toolchain/gcc-arm-none-eabi/bin/../lib/gcc/arm-none-eabi/11.2.1/thumb/v7e-m+fp/hard\libc_nano.a(lib_a-lseekr.o)
 .text          0x080126d0        0x0 c:/mchatoolchainwindows/toolchain/gcc-arm-none-eabi/bin/../lib/gcc/arm-none-eabi/11.2.1/thumb/v7e-m+fp/hard\libc_nano.a(lib_a-memmove.o)
 .text          0x080126d0        0x0 c:/mchatoolchainwindows/toolchain/gcc-arm-none-eabi/bin/../lib/gcc/arm-none-eabi/11.2.1/thumb/v7e-m+fp/hard\libc_nano.a(lib_a-nano-reallocr.o)
 .text          0x080126d0        0x0 c:/mchatoolchainwindows/toolchain/gcc-arm-none-eabi/bin/../lib/gcc/arm-none-eabi/11.2.1/thumb/v7e-m+fp/hard\libc_nano.a(lib_a-readr.o)
 .text          0x080126d0        0x0 c:/mchatoolchainwindows/toolchain/gcc-arm-none-eabi/bin/../lib/gcc/arm-none-eabi/11.2.1/thumb/v7e-m+fp/hard\libc_nano.a(lib_a-abort.o)
 .text          0x080126d0        0x0 c:/mchatoolchainwindows/toolchain/gcc-arm-none-eabi/bin/../lib/gcc/arm-none-eabi/11.2.1/thumb/v7e-m+fp/hard\libc_nano.a(lib_a-nano-msizer.o)
 .text          0x080126d0        0x0 c:/mchatoolchainwindows/toolchain/gcc-arm-none-eabi/bin/../lib/gcc/arm-none-eabi/11.2.1/thumb/v7e-m+fp/hard\libc_nano.a(lib_a-signal.o)
 .text          0x080126d0        0x0 c:/mchatoolchainwindows/toolchain/gcc-arm-none-eabi/bin/../lib/gcc/arm-none-eabi/11.2.1/thumb/v7e-m+fp/hard\libc_nano.a(lib_a-signalr.o)
 .text          0x080126d0       0x50 c:/mchatoolchainwindows/toolchain/gcc-arm-none-eabi/bin/../lib/gcc/arm-none-eabi/11.2.1/thumb/v7e-m+fp/hard\libgcc.a(_arm_fixdfsi.o)
                0x080126d0                __aeabi_d2iz
                0x080126d0                __fixdfsi
 .text          0x08012720       0x40 c:/mchatoolchainwindows/toolchain/gcc-arm-none-eabi/bin/../lib/gcc/arm-none-eabi/11.2.1/thumb/v7e-m+fp/hard\libgcc.a(_arm_fixunsdfsi.o)
                0x08012720                __aeabi_d2uiz
                0x08012720                __fixunsdfsi
 .text          0x08012760        0x0 c:/mchatoolchainwindows/toolchain/gcc-arm-none-eabi/bin/../lib/gcc/arm-none-eabi/11.2.1/thumb/v7e-m+fp/hard\libgcc.a(_fixdfdi.o)
 .text          0x08012760        0x0 c:/mchatoolchainwindows/toolchain/gcc-arm-none-eabi/bin/../lib/gcc/arm-none-eabi/11.2.1/thumb/v7e-m+fp/hard\libgcc.a(_fixunsdfdi.o)
 .text          0x08012760        0x0 c:/mchatoolchainwindows/toolchain/gcc-arm-none-eabi/bin/../lib/gcc/arm-none-eabi/11.2.1/thumb/v7e-m+fp/hard\libnosys.a(close.o)
 .text          0x08012760        0x0 c:/mchatoolchainwindows/toolchain/gcc-arm-none-eabi/bin/../lib/gcc/arm-none-eabi/11.2.1/thumb/v7e-m+fp/hard\libnosys.a(fstat.o)
 .text          0x08012760        0x0 c:/mchatoolchainwindows/toolchain/gcc-arm-none-eabi/bin/../lib/gcc/arm-none-eabi/11.2.1/thumb/v7e-m+fp/hard\libnosys.a(getpid.o)
 .text          0x08012760        0x0 c:/mchatoolchainwindows/toolchain/gcc-arm-none-eabi/bin/../lib/gcc/arm-none-eabi/11.2.1/thumb/v7e-m+fp/hard\libnosys.a(isatty.o)
 .text          0x08012760        0x0 c:/mchatoolchainwindows/toolchain/gcc-arm-none-eabi/bin/../lib/gcc/arm-none-eabi/11.2.1/thumb/v7e-m+fp/hard\libnosys.a(kill.o)
 .text          0x08012760        0x0 c:/mchatoolchainwindows/toolchain/gcc-arm-none-eabi/bin/../lib/gcc/arm-none-eabi/11.2.1/thumb/v7e-m+fp/hard\libnosys.a(lseek.o)
 .text          0x08012760        0x0 c:/mchatoolchainwindows/toolchain/gcc-arm-none-eabi/bin/../lib/gcc/arm-none-eabi/11.2.1/thumb/v7e-m+fp/hard\libnosys.a(_exit.o)
 .text          0x08012760        0x0 c:/mchatoolchainwindows/toolchain/gcc-arm-none-eabi/bin/../lib/gcc/arm-none-eabi/11.2.1/thumb/v7e-m+fp/hard/crtend.o
 .text          0x08012760        0x0 c:/mchatoolchainwindows/toolchain/gcc-arm-none-eabi/bin/../lib/gcc/arm-none-eabi/11.2.1/thumb/v7e-m+fp/hard/crtn.o
 *(.text*)
 .text.deregister_tm_clones
                0x08012760       0x1c c:/mchatoolchainwindows/toolchain/gcc-arm-none-eabi/bin/../lib/gcc/arm-none-eabi/11.2.1/thumb/v7e-m+fp/hard/crtbegin.o
 .text.register_tm_clones
                0x0801277c       0x24 c:/mchatoolchainwindows/toolchain/gcc-arm-none-eabi/bin/../lib/gcc/arm-none-eabi/11.2.1/thumb/v7e-m+fp/hard/crtbegin.o
 .text.__do_global_dtors_aux
                0x080127a0       0x28 c:/mchatoolchainwindows/toolchain/gcc-arm-none-eabi/bin/../lib/gcc/arm-none-eabi/11.2.1/thumb/v7e-m+fp/hard/crtbegin.o
 .text.frame_dummy
                0x080127c8       0x24 c:/mchatoolchainwindows/toolchain/gcc-arm-none-eabi/bin/../lib/gcc/arm-none-eabi/11.2.1/thumb/v7e-m+fp/hard/crtbegin.o
 .text.startup  0x080127ec       0xa8 build/main.o
                0x080127ec                main
 .text.Reset_Handler
                0x08012894       0x50 build/startup_stm32f446xx.o
                0x08012894                Reset_Handler
 .text.Default_Handler
                0x080128e4        0x2 build/startup_stm32f446xx.o
                0x080128e4                RTC_Alarm_IRQHandler
                0x080128e4                EXTI2_IRQHandler
                0x080128e4                TIM8_CC_IRQHandler
                0x080128e4                SPI4_IRQHandler
                0x080128e4                TIM1_CC_IRQHandler
                0x080128e4                DMA2_Stream5_IRQHandler
                0x080128e4                DMA1_Stream5_IRQHandler
                0x080128e4                PVD_IRQHandler
                0x080128e4                SDIO_IRQHandler
                0x080128e4                TAMP_STAMP_IRQHandler
                0x080128e4                CAN2_RX1_IRQHandler
                0x080128e4                EXTI3_IRQHandler
                0x080128e4                TIM8_TRG_COM_TIM14_IRQHandler
                0x080128e4                TIM1_UP_TIM10_IRQHandler
                0x080128e4                TIM8_UP_TIM13_IRQHandler
                0x080128e4                I2C3_ER_IRQHandler
                0x080128e4                FMPI2C1_Event_IRQHandler
                0x080128e4                I2C2_EV_IRQHandler
                0x080128e4                DMA1_Stream2_IRQHandler
                0x080128e4                CAN1_RX0_IRQHandler
                0x080128e4                FPU_IRQHandler
                0x080128e4                OTG_HS_WKUP_IRQHandler
                0x080128e4                CAN2_SCE_IRQHandler
                0x080128e4                DMA2_Stream2_IRQHandler
                0x080128e4                SPI1_IRQHandler
                0x080128e4                TIM6_DAC_IRQHandler
                0x080128e4                TIM1_BRK_TIM9_IRQHandler
                0x080128e4                DCMI_IRQHandler
                0x080128e4                CAN2_RX0_IRQHandler
                0x080128e4                DMA2_Stream3_IRQHandler
                0x080128e4                SAI2_IRQHandler
                0x080128e4                USART6_IRQHandler
                0x080128e4                USART3_IRQHandler
                0x080128e4                CAN1_RX1_IRQHandler
                0x080128e4                UART5_IRQHandler
                0x080128e4                TIM4_IRQHandler
                0x080128e4                QUADSPI_IRQHandler
                0x080128e4                I2C1_EV_IRQHandler
                0x080128e4                DMA1_Stream6_IRQHandler
                0x080128e4                DMA1_Stream1_IRQHandler
                0x080128e4                UART4_IRQHandler
                0x080128e4                TIM3_IRQHandler
                0x080128e4                RCC_IRQHandler
                0x080128e4                TIM8_BRK_TIM12_IRQHandler
                0x080128e4                Default_Handler
                0x080128e4                CEC_IRQHandler
                0x080128e4                EXTI15_10_IRQHandler
                0x080128e4                ADC_IRQHandler
                0x080128e4                DMA1_Stream7_IRQHandler
                0x080128e4                TIM7_IRQHandler
                0x080128e4                CAN2_TX_IRQHandler
                0x080128e4                TIM5_IRQHandler
                0x080128e4                DMA2_Stream7_IRQHandler
                0x080128e4                I2C3_EV_IRQHandler
                0x080128e4                RTC_WKUP_IRQHandler
                0x080128e4                SPDIF_RX_IRQHandler
                0x080128e4                SPI2_IRQHandler
                0x080128e4                OTG_HS_EP1_IN_IRQHandler
                0x080128e4                DMA1_Stream0_IRQHandler
                0x080128e4                CAN1_TX_IRQHandler
                0x080128e4                OTG_HS_EP1_OUT_IRQHandler
                0x080128e4                WWDG_IRQHandler
                0x080128e4                TIM2_IRQHandler
                0x080128e4                OTG_FS_WKUP_IRQHandler
                0x080128e4                TIM1_TRG_COM_TIM11_IRQHandler
                0x080128e4                OTG_HS_IRQHandler
                0x080128e4                I2C2_ER_IRQHandler
                0x080128e4                DMA2_Stream1_IRQHandler
                0x080128e4                CAN1_SCE_IRQHandler
                0x080128e4                FLASH_IRQHandler
                0x080128e4                DMA2_Stream4_IRQHandler
                0x080128e4                OTG_FS_IRQHandler
                0x080128e4                SPI3_IRQHandler
                0x080128e4                DMA1_Stream4_IRQHandler
                0x080128e4                I2C1_ER_IRQHandler
                0x080128e4                FMC_IRQHandler
                0x080128e4                DMA2_Stream6_IRQHandler
                0x080128e4                SAI1_IRQHandler
                0x080128e4                DMA1_Stream3_IRQHandler
                0x080128e4                FMPI2C1_Error_IRQHandler
 *fill*         0x080128e6        0x2 
 .text.fmax     0x080128e8       0x50 c:/mchatoolchainwindows/toolchain/gcc-arm-none-eabi/bin/../lib/gcc/arm-none-eabi/11.2.1/thumb/v7e-m+fp/hard\libm.a(lib_a-s_fmax.o)
                0x080128e8                fmax
 .text.fmin     0x08012938       0x50 c:/mchatoolchainwindows/toolchain/gcc-arm-none-eabi/bin/../lib/gcc/arm-none-eabi/11.2.1/thumb/v7e-m+fp/hard\libm.a(lib_a-s_fmin.o)
                0x08012938                fmin
 .text.__fpclassifyd
                0x08012988       0x54 c:/mchatoolchainwindows/toolchain/gcc-arm-none-eabi/bin/../lib/gcc/arm-none-eabi/11.2.1/thumb/v7e-m+fp/hard\libm.a(lib_a-s_fpclassify.o)
                0x08012988                __fpclassifyd
 .text.sinf     0x080129dc       0x74 c:/mchatoolchainwindows/toolchain/gcc-arm-none-eabi/bin/../lib/gcc/arm-none-eabi/11.2.1/thumb/v7e-m+fp/hard\libm.a(lib_a-sf_sin.o)
                0x080129dc                sinf
 .text.atan2    0x08012a50        0x4 c:/mchatoolchainwindows/toolchain/gcc-arm-none-eabi/bin/../lib/gcc/arm-none-eabi/11.2.1/thumb/v7e-m+fp/hard\libm.a(lib_a-w_atan2.o)
                0x08012a50                atan2
 .text.sqrt     0x08012a54       0x68 c:/mchatoolchainwindows/toolchain/gcc-arm-none-eabi/bin/../lib/gcc/arm-none-eabi/11.2.1/thumb/v7e-m+fp/hard\libm.a(lib_a-w_sqrt.o)
                0x08012a54                sqrt
 *fill*         0x08012abc        0x4 
 .text.__ieee754_atan2
                0x08012ac0      0x1b4 c:/mchatoolchainwindows/toolchain/gcc-arm-none-eabi/bin/../lib/gcc/arm-none-eabi/11.2.1/thumb/v7e-m+fp/hard\libm.a(lib_a-e_atan2.o)
                0x08012ac0                __ieee754_atan2
 .text.__ieee754_rem_pio2f
                0x08012c74      0x260 c:/mchatoolchainwindows/toolchain/gcc-arm-none-eabi/bin/../lib/gcc/arm-none-eabi/11.2.1/thumb/v7e-m+fp/hard\libm.a(lib_a-ef_rem_pio2.o)
                0x08012c74                __ieee754_rem_pio2f
 .text.__ieee754_sqrt
                0x08012ed4      0x194 c:/mchatoolchainwindows/toolchain/gcc-arm-none-eabi/bin/../lib/gcc/arm-none-eabi/11.2.1/thumb/v7e-m+fp/hard\libm.a(lib_a-e_sqrt.o)
                0x08012ed4                __ieee754_sqrt
 .text.__kernel_cosf
                0x08013068      0x104 c:/mchatoolchainwindows/toolchain/gcc-arm-none-eabi/bin/../lib/gcc/arm-none-eabi/11.2.1/thumb/v7e-m+fp/hard\libm.a(lib_a-kf_cos.o)
                0x08013068                __kernel_cosf
 .text.__kernel_rem_pio2f
                0x0801316c      0x664 c:/mchatoolchainwindows/toolchain/gcc-arm-none-eabi/bin/../lib/gcc/arm-none-eabi/11.2.1/thumb/v7e-m+fp/hard\libm.a(lib_a-kf_rem_pio2.o)
                0x0801316c                __kernel_rem_pio2f
 .text.__kernel_sinf
                0x080137d0       0x90 c:/mchatoolchainwindows/toolchain/gcc-arm-none-eabi/bin/../lib/gcc/arm-none-eabi/11.2.1/thumb/v7e-m+fp/hard\libm.a(lib_a-kf_sin.o)
                0x080137d0                __kernel_sinf
 .text.atan     0x08013860      0x340 c:/mchatoolchainwindows/toolchain/gcc-arm-none-eabi/bin/../lib/gcc/arm-none-eabi/11.2.1/thumb/v7e-m+fp/hard\libm.a(lib_a-s_atan.o)
                0x08013860                atan
 .text.fabs     0x08013ba0       0x14 c:/mchatoolchainwindows/toolchain/gcc-arm-none-eabi/bin/../lib/gcc/arm-none-eabi/11.2.1/thumb/v7e-m+fp/hard\libm.a(lib_a-s_fabs.o)
                0x08013ba0                fabs
 .text.fabsf    0x08013bb4       0x10 c:/mchatoolchainwindows/toolchain/gcc-arm-none-eabi/bin/../lib/gcc/arm-none-eabi/11.2.1/thumb/v7e-m+fp/hard\libm.a(lib_a-sf_fabs.o)
                0x08013bb4                fabsf
 .text.floorf   0x08013bc4       0x90 c:/mchatoolchainwindows/toolchain/gcc-arm-none-eabi/bin/../lib/gcc/arm-none-eabi/11.2.1/thumb/v7e-m+fp/hard\libm.a(lib_a-sf_floor.o)
                0x08013bc4                floorf
 .text.scalbnf  0x08013c54       0xdc c:/mchatoolchainwindows/toolchain/gcc-arm-none-eabi/bin/../lib/gcc/arm-none-eabi/11.2.1/thumb/v7e-m+fp/hard\libm.a(lib_a-sf_scalbn.o)
                0x08013c54                scalbnf
 .text.arm_mat_mult_f32
                0x08013d30      0x14c ../libraries/STM32Cube_F4_FW/Drivers/CMSIS/Lib/GCC/libarm_cortexM4lf_math.a(arm_mat_mult_f32.o)
                0x08013d30                arm_mat_mult_f32
 .text.arm_mat_init_f32
                0x08013e7c        0x8 ../libraries/STM32Cube_F4_FW/Drivers/CMSIS/Lib/GCC/libarm_cortexM4lf_math.a(arm_mat_init_f32.o)
                0x08013e7c                arm_mat_init_f32
 .text.__udivmoddi4
                0x08013e84      0x2c8 c:/mchatoolchainwindows/toolchain/gcc-arm-none-eabi/bin/../lib/gcc/arm-none-eabi/11.2.1/thumb/v7e-m+fp/hard\libgcc.a(_udivmoddi4.o)
                0x08013e84                __udivmoddi4
 .text.atof     0x0801414c        0x6 c:/mchatoolchainwindows/toolchain/gcc-arm-none-eabi/bin/../lib/gcc/arm-none-eabi/11.2.1/thumb/v7e-m+fp/hard\libc_nano.a(lib_a-atof.o)
                0x0801414c                atof
 .text.atoi     0x08014152        0x8 c:/mchatoolchainwindows/toolchain/gcc-arm-none-eabi/bin/../lib/gcc/arm-none-eabi/11.2.1/thumb/v7e-m+fp/hard\libc_nano.a(lib_a-atoi.o)
                0x08014152                atoi
 .text._atoi_r  0x0801415a        0x8 c:/mchatoolchainwindows/toolchain/gcc-arm-none-eabi/bin/../lib/gcc/arm-none-eabi/11.2.1/thumb/v7e-m+fp/hard\libc_nano.a(lib_a-atoi.o)
                0x0801415a                _atoi_r
 *fill*         0x08014162        0x2 
 .text.__errno  0x08014164        0xc c:/mchatoolchainwindows/toolchain/gcc-arm-none-eabi/bin/../lib/gcc/arm-none-eabi/11.2.1/thumb/v7e-m+fp/hard\libc_nano.a(lib_a-errno.o)
                0x08014164                __errno
 .text.exit     0x08014170       0x28 c:/mchatoolchainwindows/toolchain/gcc-arm-none-eabi/bin/../lib/gcc/arm-none-eabi/11.2.1/thumb/v7e-m+fp/hard\libc_nano.a(lib_a-exit.o)
                0x08014170                exit
 .text._getchar_r
                0x08014198       0x1a c:/mchatoolchainwindows/toolchain/gcc-arm-none-eabi/bin/../lib/gcc/arm-none-eabi/11.2.1/thumb/v7e-m+fp/hard\libc_nano.a(lib_a-getchar.o)
                0x08014198                _getchar_r
 *fill*         0x080141b2        0x2 
 .text.getchar  0x080141b4       0x24 c:/mchatoolchainwindows/toolchain/gcc-arm-none-eabi/bin/../lib/gcc/arm-none-eabi/11.2.1/thumb/v7e-m+fp/hard\libc_nano.a(lib_a-getchar.o)
                0x080141b4                getchar
 .text._getc_r  0x080141d8       0x58 c:/mchatoolchainwindows/toolchain/gcc-arm-none-eabi/bin/../lib/gcc/arm-none-eabi/11.2.1/thumb/v7e-m+fp/hard\libc_nano.a(lib_a-getc.o)
                0x080141d8                _getc_r
 .text.getc     0x08014230       0x60 c:/mchatoolchainwindows/toolchain/gcc-arm-none-eabi/bin/../lib/gcc/arm-none-eabi/11.2.1/thumb/v7e-m+fp/hard\libc_nano.a(lib_a-getc.o)
                0x08014230                getc
 .text.__libc_init_array
                0x08014290       0x48 c:/mchatoolchainwindows/toolchain/gcc-arm-none-eabi/bin/../lib/gcc/arm-none-eabi/11.2.1/thumb/v7e-m+fp/hard\libc_nano.a(lib_a-init.o)
                0x08014290                __libc_init_array
 .text.malloc   0x080142d8       0x10 c:/mchatoolchainwindows/toolchain/gcc-arm-none-eabi/bin/../lib/gcc/arm-none-eabi/11.2.1/thumb/v7e-m+fp/hard\libc_nano.a(lib_a-malloc.o)
                0x080142d8                malloc
 .text.free     0x080142e8       0x10 c:/mchatoolchainwindows/toolchain/gcc-arm-none-eabi/bin/../lib/gcc/arm-none-eabi/11.2.1/thumb/v7e-m+fp/hard\libc_nano.a(lib_a-malloc.o)
                0x080142e8                free
 .text.memcpy   0x080142f8       0x1c c:/mchatoolchainwindows/toolchain/gcc-arm-none-eabi/bin/../lib/gcc/arm-none-eabi/11.2.1/thumb/v7e-m+fp/hard\libc_nano.a(lib_a-memcpy-stub.o)
                0x080142f8                memcpy
 .text.memset   0x08014314       0x10 c:/mchatoolchainwindows/toolchain/gcc-arm-none-eabi/bin/../lib/gcc/arm-none-eabi/11.2.1/thumb/v7e-m+fp/hard\libc_nano.a(lib_a-memset.o)
                0x08014314                memset
 .text.mallinfo
                0x08014324       0x14 c:/mchatoolchainwindows/toolchain/gcc-arm-none-eabi/bin/../lib/gcc/arm-none-eabi/11.2.1/thumb/v7e-m+fp/hard\libc_nano.a(lib_a-mstats.o)
                0x08014324                mallinfo
 .text.malloc_stats
                0x08014338        0xc c:/mchatoolchainwindows/toolchain/gcc-arm-none-eabi/bin/../lib/gcc/arm-none-eabi/11.2.1/thumb/v7e-m+fp/hard\libc_nano.a(lib_a-mstats.o)
                0x08014338                malloc_stats
 .text.mallopt  0x08014344       0x10 c:/mchatoolchainwindows/toolchain/gcc-arm-none-eabi/bin/../lib/gcc/arm-none-eabi/11.2.1/thumb/v7e-m+fp/hard\libc_nano.a(lib_a-mstats.o)
                0x08014344                mallopt
 .text._mstats_r
                0x08014354       0x2c c:/mchatoolchainwindows/toolchain/gcc-arm-none-eabi/bin/../lib/gcc/arm-none-eabi/11.2.1/thumb/v7e-m+fp/hard\libc_nano.a(lib_a-mstats.o)
                0x08014354                _mstats_r
 .text.mstats   0x08014380       0x10 c:/mchatoolchainwindows/toolchain/gcc-arm-none-eabi/bin/../lib/gcc/arm-none-eabi/11.2.1/thumb/v7e-m+fp/hard\libc_nano.a(lib_a-mstats.o)
                0x08014380                mstats
 .text._free_r  0x08014390       0x98 c:/mchatoolchainwindows/toolchain/gcc-arm-none-eabi/bin/../lib/gcc/arm-none-eabi/11.2.1/thumb/v7e-m+fp/hard\libc_nano.a(lib_a-nano-freer.o)
                0x08014390                _free_r
 .text._mallinfo_r
                0x08014428       0x68 c:/mchatoolchainwindows/toolchain/gcc-arm-none-eabi/bin/../lib/gcc/arm-none-eabi/11.2.1/thumb/v7e-m+fp/hard\libc_nano.a(lib_a-nano-mallinfor.o)
                0x08014428                _mallinfo_r
 .text.sbrk_aligned
                0x08014490       0x40 c:/mchatoolchainwindows/toolchain/gcc-arm-none-eabi/bin/../lib/gcc/arm-none-eabi/11.2.1/thumb/v7e-m+fp/hard\libc_nano.a(lib_a-nano-mallocr.o)
 .text._malloc_r
                0x080144d0       0xe8 c:/mchatoolchainwindows/toolchain/gcc-arm-none-eabi/bin/../lib/gcc/arm-none-eabi/11.2.1/thumb/v7e-m+fp/hard\libc_nano.a(lib_a-nano-mallocr.o)
                0x080144d0                _malloc_r
 .text._mallopt_r
                0x080145b8        0x4 c:/mchatoolchainwindows/toolchain/gcc-arm-none-eabi/bin/../lib/gcc/arm-none-eabi/11.2.1/thumb/v7e-m+fp/hard\libc_nano.a(lib_a-nano-malloptr.o)
                0x080145b8                _mallopt_r
 .text._malloc_stats_r
                0x080145bc       0x50 c:/mchatoolchainwindows/toolchain/gcc-arm-none-eabi/bin/../lib/gcc/arm-none-eabi/11.2.1/thumb/v7e-m+fp/hard\libc_nano.a(lib_a-nano-mallstatsr.o)
                0x080145bc                _malloc_stats_r
 .text.__cvt    0x0801460c       0xc4 c:/mchatoolchainwindows/toolchain/gcc-arm-none-eabi/bin/../lib/gcc/arm-none-eabi/11.2.1/thumb/v7e-m+fp/hard\libc_nano.a(lib_a-nano-vfprintf_float.o)
                0x0801460c                __cvt
 .text.__exponent
                0x080146d0       0x7c c:/mchatoolchainwindows/toolchain/gcc-arm-none-eabi/bin/../lib/gcc/arm-none-eabi/11.2.1/thumb/v7e-m+fp/hard\libc_nano.a(lib_a-nano-vfprintf_float.o)
                0x080146d0                __exponent
 .text._printf_float
                0x0801474c      0x46c c:/mchatoolchainwindows/toolchain/gcc-arm-none-eabi/bin/../lib/gcc/arm-none-eabi/11.2.1/thumb/v7e-m+fp/hard\libc_nano.a(lib_a-nano-vfprintf_float.o)
                0x0801474c                _printf_float